Archive member included to satisfy reference by file (symbol)

c:/progra~2/gnuarm~1/102021~1.10/bin/../lib/gcc/arm-none-eabi/10.3.1/../../../../arm-none-eabi/lib/thumb/v7e-m/nofp\libg.a(lib_a-errno.o)
                              CMakeFiles/Robot_Joint_v2.0.elf.dir/Core/Src/syscalls.c.obj (__errno)
c:/progra~2/gnuarm~1/102021~1.10/bin/../lib/gcc/arm-none-eabi/10.3.1/../../../../arm-none-eabi/lib/thumb/v7e-m/nofp\libg.a(lib_a-exit.o)
                              c:/progra~2/gnuarm~1/102021~1.10/bin/../lib/gcc/arm-none-eabi/10.3.1/../../../../arm-none-eabi/lib/thumb/v7e-m/nofp/crt0.o (exit)
c:/progra~2/gnuarm~1/102021~1.10/bin/../lib/gcc/arm-none-eabi/10.3.1/../../../../arm-none-eabi/lib/thumb/v7e-m/nofp\libg.a(lib_a-impure.o)
                              c:/progra~2/gnuarm~1/102021~1.10/bin/../lib/gcc/arm-none-eabi/10.3.1/../../../../arm-none-eabi/lib/thumb/v7e-m/nofp\libg.a(lib_a-exit.o) (_global_impure_ptr)
c:/progra~2/gnuarm~1/102021~1.10/bin/../lib/gcc/arm-none-eabi/10.3.1/../../../../arm-none-eabi/lib/thumb/v7e-m/nofp\libg.a(lib_a-init.o)
                              c:/progra~2/gnuarm~1/102021~1.10/bin/../lib/gcc/arm-none-eabi/10.3.1/../../../../arm-none-eabi/lib/thumb/v7e-m/nofp/crt0.o (__libc_init_array)
c:/progra~2/gnuarm~1/102021~1.10/bin/../lib/gcc/arm-none-eabi/10.3.1/../../../../arm-none-eabi/lib/thumb/v7e-m/nofp\libg.a(lib_a-memset.o)
                              c:/progra~2/gnuarm~1/102021~1.10/bin/../lib/gcc/arm-none-eabi/10.3.1/../../../../arm-none-eabi/lib/thumb/v7e-m/nofp/crt0.o (memset)
c:/progra~2/gnuarm~1/102021~1.10/bin/../lib/gcc/arm-none-eabi/10.3.1/../../../../arm-none-eabi/lib/thumb/v7e-m/nofp\libg.a(lib_a-__call_atexit.o)
                              c:/progra~2/gnuarm~1/102021~1.10/bin/../lib/gcc/arm-none-eabi/10.3.1/../../../../arm-none-eabi/lib/thumb/v7e-m/nofp\libg.a(lib_a-exit.o) (__call_exitprocs)
c:/progra~2/gnuarm~1/102021~1.10/bin/../lib/gcc/arm-none-eabi/10.3.1/../../../../arm-none-eabi/lib/thumb/v7e-m/nofp\libg.a(lib_a-atexit.o)
                              c:/progra~2/gnuarm~1/102021~1.10/bin/../lib/gcc/arm-none-eabi/10.3.1/../../../../arm-none-eabi/lib/thumb/v7e-m/nofp\libg.a(lib_a-__call_atexit.o) (atexit)
c:/progra~2/gnuarm~1/102021~1.10/bin/../lib/gcc/arm-none-eabi/10.3.1/../../../../arm-none-eabi/lib/thumb/v7e-m/nofp\libg.a(lib_a-fini.o)
                              c:/progra~2/gnuarm~1/102021~1.10/bin/../lib/gcc/arm-none-eabi/10.3.1/../../../../arm-none-eabi/lib/thumb/v7e-m/nofp\libg.a(lib_a-__call_atexit.o) (__libc_fini_array)
c:/progra~2/gnuarm~1/102021~1.10/bin/../lib/gcc/arm-none-eabi/10.3.1/../../../../arm-none-eabi/lib/thumb/v7e-m/nofp\libg.a(lib_a-lock.o)
                              c:/progra~2/gnuarm~1/102021~1.10/bin/../lib/gcc/arm-none-eabi/10.3.1/../../../../arm-none-eabi/lib/thumb/v7e-m/nofp\libg.a(lib_a-__call_atexit.o) (__retarget_lock_acquire_recursive)
c:/progra~2/gnuarm~1/102021~1.10/bin/../lib/gcc/arm-none-eabi/10.3.1/../../../../arm-none-eabi/lib/thumb/v7e-m/nofp\libg.a(lib_a-__atexit.o)
                              c:/progra~2/gnuarm~1/102021~1.10/bin/../lib/gcc/arm-none-eabi/10.3.1/../../../../arm-none-eabi/lib/thumb/v7e-m/nofp\libg.a(lib_a-atexit.o) (__register_exitproc)

Discarded input sections

 .text          0x00000000        0x0 c:/progra~2/gnuarm~1/102021~1.10/bin/../lib/gcc/arm-none-eabi/10.3.1/thumb/v7e-m/nofp/crti.o
 .data          0x00000000        0x0 c:/progra~2/gnuarm~1/102021~1.10/bin/../lib/gcc/arm-none-eabi/10.3.1/thumb/v7e-m/nofp/crti.o
 .bss           0x00000000        0x0 c:/progra~2/gnuarm~1/102021~1.10/bin/../lib/gcc/arm-none-eabi/10.3.1/thumb/v7e-m/nofp/crti.o
 .data          0x00000000        0x4 c:/progra~2/gnuarm~1/102021~1.10/bin/../lib/gcc/arm-none-eabi/10.3.1/thumb/v7e-m/nofp/crtbegin.o
 .rodata        0x00000000       0x24 c:/progra~2/gnuarm~1/102021~1.10/bin/../lib/gcc/arm-none-eabi/10.3.1/thumb/v7e-m/nofp/crtbegin.o
 .text          0x00000000       0x7c c:/progra~2/gnuarm~1/102021~1.10/bin/../lib/gcc/arm-none-eabi/10.3.1/../../../../arm-none-eabi/lib/thumb/v7e-m/nofp/crt0.o
 .data          0x00000000        0x0 c:/progra~2/gnuarm~1/102021~1.10/bin/../lib/gcc/arm-none-eabi/10.3.1/../../../../arm-none-eabi/lib/thumb/v7e-m/nofp/crt0.o
 .bss           0x00000000        0x0 c:/progra~2/gnuarm~1/102021~1.10/bin/../lib/gcc/arm-none-eabi/10.3.1/../../../../arm-none-eabi/lib/thumb/v7e-m/nofp/crt0.o
 .ARM.extab     0x00000000        0x0 c:/progra~2/gnuarm~1/102021~1.10/bin/../lib/gcc/arm-none-eabi/10.3.1/../../../../arm-none-eabi/lib/thumb/v7e-m/nofp/crt0.o
 .ARM.exidx     0x00000000       0x10 c:/progra~2/gnuarm~1/102021~1.10/bin/../lib/gcc/arm-none-eabi/10.3.1/../../../../arm-none-eabi/lib/thumb/v7e-m/nofp/crt0.o
 .ARM.attributes
                0x00000000       0x1c c:/progra~2/gnuarm~1/102021~1.10/bin/../lib/gcc/arm-none-eabi/10.3.1/../../../../arm-none-eabi/lib/thumb/v7e-m/nofp/crt0.o
 .text          0x00000000        0x0 CMakeFiles/Robot_Joint_v2.0.elf.dir/Core/Src/fdcan.c.obj
[...]
Memory Configuration

Name             Origin             Length             Attributes
RAM              0x20000000         0x00008000         xrw
FLASH            0x08010000         0x00008000         xr
*default*        0x00000000         0xffffffff

Linker script and memory map

LOAD c:/progra~2/gnuarm~1/102021~1.10/bin/../lib/gcc/arm-none-eabi/10.3.1/thumb/v7e-m/nofp/crti.o
LOAD c:/progra~2/gnuarm~1/102021~1.10/bin/../lib/gcc/arm-none-eabi/10.3.1/thumb/v7e-m/nofp/crtbegin.o
LOAD c:/progra~2/gnuarm~1/102021~1.10/bin/../lib/gcc/arm-none-eabi/10.3.1/../../../../arm-none-eabi/lib/thumb/v7e-m/nofp/crt0.o
LOAD CMakeFiles/Robot_Joint_v2.0.elf.dir/Core/Src/fdcan.c.obj
LOAD CMakeFiles/Robot_Joint_v2.0.elf.dir/Core/Src/gpio.c.obj
LOAD CMakeFiles/Robot_Joint_v2.0.elf.dir/Core/Src/iwdg.c.obj
LOAD CMakeFiles/Robot_Joint_v2.0.elf.dir/Core/Src/main.c.obj
LOAD CMakeFiles/Robot_Joint_v2.0.elf.dir/Core/Src/spi.c.obj
LOAD CMakeFiles/Robot_Joint_v2.0.elf.dir/Core/Src/stm32g4xx_hal_msp.c.obj
LOAD CMakeFiles/Robot_Joint_v2.0.elf.dir/Core/Src/stm32g4xx_it.c.obj
LOAD CMakeFiles/Robot_Joint_v2.0.elf.dir/Core/Src/syscalls.c.obj
LOAD CMakeFiles/Robot_Joint_v2.0.elf.dir/Core/Src/sysmem.c.obj
LOAD CMakeFiles/Robot_Joint_v2.0.elf.dir/Core/Src/system_stm32g4xx.c.obj
LOAD CMakeFiles/Robot_Joint_v2.0.elf.dir/Core/Src/tim.c.obj
LOAD CMakeFiles/Robot_Joint_v2.0.elf.dir/Core/Startup/startup_stm32g431kbux.s.obj
LOAD CMakeFiles/Robot_Joint_v2.0.elf.dir/Core/User/Src/my_ams.c.obj
LOAD CMakeFiles/Robot_Joint_v2.0.elf.dir/Core/User/Src/my_fdcan.c.obj
LOAD CMakeFiles/Robot_Joint_v2.0.elf.dir/Core/User/Src/my_flash.c.obj
LOAD CMakeFiles/Robot_Joint_v2.0.elf.dir/Core/User/Src/my_time.c.obj
LOAD CMakeFiles/Robot_Joint_v2.0.elf.dir/Drivers/STM32G4xx_HAL_Driver/Src/stm32g4xx_hal.c.obj
LOAD CMakeFiles/Robot_Joint_v2.0.elf.dir/Drivers/STM32G4xx_HAL_Driver/Src/stm32g4xx_hal_cortex.c.obj
LOAD CMakeFiles/Robot_Joint_v2.0.elf.dir/Drivers/STM32G4xx_HAL_Driver/Src/stm32g4xx_hal_dma.c.obj
LOAD CMakeFiles/Robot_Joint_v2.0.elf.dir/Drivers/STM32G4xx_HAL_Driver/Src/stm32g4xx_hal_dma_ex.c.obj
LOAD CMakeFiles/Robot_Joint_v2.0.elf.dir/Drivers/STM32G4xx_HAL_Driver/Src/stm32g4xx_hal_exti.c.obj
LOAD CMakeFiles/Robot_Joint_v2.0.elf.dir/Drivers/STM32G4xx_HAL_Driver/Src/stm32g4xx_hal_fdcan.c.obj
LOAD CMakeFiles/Robot_Joint_v2.0.elf.dir/Drivers/STM32G4xx_HAL_Driver/Src/stm32g4xx_hal_flash.c.obj
LOAD CMakeFiles/Robot_Joint_v2.0.elf.dir/Drivers/STM32G4xx_HAL_Driver/Src/stm32g4xx_hal_flash_ex.c.obj
LOAD CMakeFiles/Robot_Joint_v2.0.elf.dir/Drivers/STM32G4xx_HAL_Driver/Src/stm32g4xx_hal_flash_ramfunc.c.obj
LOAD CMakeFiles/Robot_Joint_v2.0.elf.dir/Drivers/STM32G4xx_HAL_Driver/Src/stm32g4xx_hal_gpio.c.obj
LOAD CMakeFiles/Robot_Joint_v2.0.elf.dir/Drivers/STM32G4xx_HAL_Driver/Src/stm32g4xx_hal_iwdg.c.obj
LOAD CMakeFiles/Robot_Joint_v2.0.elf.dir/Drivers/STM32G4xx_HAL_Driver/Src/stm32g4xx_hal_pwr.c.obj
LOAD CMakeFiles/Robot_Joint_v2.0.elf.dir/Drivers/STM32G4xx_HAL_Driver/Src/stm32g4xx_hal_pwr_ex.c.obj
LOAD CMakeFiles/Robot_Joint_v2.0.elf.dir/Drivers/STM32G4xx_HAL_Driver/Src/stm32g4xx_hal_rcc.c.obj
LOAD CMakeFiles/Robot_Joint_v2.0.elf.dir/Drivers/STM32G4xx_HAL_Driver/Src/stm32g4xx_hal_rcc_ex.c.obj
LOAD CMakeFiles/Robot_Joint_v2.0.elf.dir/Drivers/STM32G4xx_HAL_Driver/Src/stm32g4xx_hal_spi.c.obj
LOAD CMakeFiles/Robot_Joint_v2.0.elf.dir/Drivers/STM32G4xx_HAL_Driver/Src/stm32g4xx_hal_spi_ex.c.obj
LOAD CMakeFiles/Robot_Joint_v2.0.elf.dir/Drivers/STM32G4xx_HAL_Driver/Src/stm32g4xx_hal_tim.c.obj
LOAD CMakeFiles/Robot_Joint_v2.0.elf.dir/Drivers/STM32G4xx_HAL_Driver/Src/stm32g4xx_hal_tim_ex.c.obj
START GROUP
LOAD c:/progra~2/gnuarm~1/102021~1.10/bin/../lib/gcc/arm-none-eabi/10.3.1/thumb/v7e-m/nofp\libgcc.a
LOAD c:/progra~2/gnuarm~1/102021~1.10/bin/../lib/gcc/arm-none-eabi/10.3.1/../../../../arm-none-eabi/lib/thumb/v7e-m/nofp\libg.a
LOAD c:/progra~2/gnuarm~1/102021~1.10/bin/../lib/gcc/arm-none-eabi/10.3.1/../../../../arm-none-eabi/lib/thumb/v7e-m/nofp\libc.a
END GROUP
LOAD c:/progra~2/gnuarm~1/102021~1.10/bin/../lib/gcc/arm-none-eabi/10.3.1/thumb/v7e-m/nofp/crtend.o
LOAD c:/progra~2/gnuarm~1/102021~1.10/bin/../lib/gcc/arm-none-eabi/10.3.1/thumb/v7e-m/nofp/crtn.o
                0x20008000                _estack = (ORIGIN (RAM) + LENGTH (RAM))
                0x00000200                _Min_Heap_Size = 0x200
                0x00000400                _Min_Stack_Size = 0x400

.isr_vector     0x08010000      0x1d8
                0x08010000                . = ALIGN (0x4)
 *(.isr_vector)
 .isr_vector    0x08010000      0x1d8 CMakeFiles/Robot_Joint_v2.0.elf.dir/Core/Startup/startup_stm32g431kbux.s.obj
                0x08010000                g_pfnVectors
                0x080101d8                . = ALIGN (0x4)

.text           0x080101d8     0x32e4
                0x080101d8                . = ALIGN (0x4)
 *(.text)
 .text          0x080101d8       0x40 c:/progra~2/gnuarm~1/102021~1.10/bin/../lib/gcc/arm-none-eabi/10.3.1/thumb/v7e-m/nofp/crtbegin.o
 *(.text*)
 .text.MX_FDCAN1_Init
                0x08010218       0x54 CMakeFiles/Robot_Joint_v2.0.elf.dir/Core/Src/fdcan.c.obj
                0x08010218                MX_FDCAN1_Init
 .text.HAL_FDCAN_MspInit
                0x0801026c       0xb0 CMakeFiles/Robot_Joint_v2.0.elf.dir/Core/Src/fdcan.c.obj
                0x0801026c                HAL_FDCAN_MspInit
 .text.MX_GPIO_Init
                0x0801031c       0x50 CMakeFiles/Robot_Joint_v2.0.elf.dir/Core/Src/gpio.c.obj
                0x0801031c                MX_GPIO_Init
 .text.MX_IWDG_Init
                0x0801036c       0x2c CMakeFiles/Robot_Joint_v2.0.elf.dir/Core/Src/iwdg.c.obj
                0x0801036c                MX_IWDG_Init
 .text.Error_Handler
                0x08010398        0x4 CMakeFiles/Robot_Joint_v2.0.elf.dir/Core/Src/main.c.obj
                0x08010398                Error_Handler
 .text.SystemClock_Config
                0x0801039c       0x74 CMakeFiles/Robot_Joint_v2.0.elf.dir/Core/Src/main.c.obj
                0x0801039c                SystemClock_Config
 .text.main     0x08010410       0xc8 CMakeFiles/Robot_Joint_v2.0.elf.dir/Core/Src/main.c.obj
                0x08010410                main
 .text.MX_SPI1_Init
                0x080104d8       0x4c CMakeFiles/Robot_Joint_v2.0.elf.dir/Core/Src/spi.c.obj
                0x080104d8                MX_SPI1_Init
 .text.HAL_SPI_MspInit
                0x08010524       0x64 CMakeFiles/Robot_Joint_v2.0.elf.dir/Core/Src/spi.c.obj
                0x08010524                HAL_SPI_MspInit
 .text.HAL_MspInit
                0x08010588       0x38 CMakeFiles/Robot_Joint_v2.0.elf.dir/Core/Src/stm32g4xx_hal_msp.c.obj
                0x08010588                HAL_MspInit
 .text.NMI_Handler
                0x080105c0        0x2 CMakeFiles/Robot_Joint_v2.0.elf.dir/Core/Src/stm32g4xx_it.c.obj
                0x080105c0                NMI_Handler
 *fill*         0x080105c2        0x2 
 .text.HardFault_Handler
                0x080105c4       0x48 CMakeFiles/Robot_Joint_v2.0.elf.dir/Core/Src/stm32g4xx_it.c.obj
                0x080105c4                HardFault_Handler
 .text.MemManage_Handler
                0x0801060c        0x2 CMakeFiles/Robot_Joint_v2.0.elf.dir/Core/Src/stm32g4xx_it.c.obj
                0x0801060c                MemManage_Handler
 .text.BusFault_Handler
                0x0801060e        0x2 CMakeFiles/Robot_Joint_v2.0.elf.dir/Core/Src/stm32g4xx_it.c.obj
                0x0801060e                BusFault_Handler
 .text.UsageFault_Handler
                0x08010610        0x2 CMakeFiles/Robot_Joint_v2.0.elf.dir/Core/Src/stm32g4xx_it.c.obj
                0x08010610                UsageFault_Handler
 .text.SVC_Handler
                0x08010612        0x2 CMakeFiles/Robot_Joint_v2.0.elf.dir/Core/Src/stm32g4xx_it.c.obj
                0x08010612                SVC_Handler
 .text.DebugMon_Handler
                0x08010614        0x2 CMakeFiles/Robot_Joint_v2.0.elf.dir/Core/Src/stm32g4xx_it.c.obj
                0x08010614                DebugMon_Handler
 .text.PendSV_Handler
                0x08010616        0x2 CMakeFiles/Robot_Joint_v2.0.elf.dir/Core/Src/stm32g4xx_it.c.obj
                0x08010616                PendSV_Handler
 .text.SysTick_Handler
                0x08010618        0x8 CMakeFiles/Robot_Joint_v2.0.elf.dir/Core/Src/stm32g4xx_it.c.obj
                0x08010618                SysTick_Handler
 .text.FDCAN1_IT0_IRQHandler
                0x08010620       0x10 CMakeFiles/Robot_Joint_v2.0.elf.dir/Core/Src/stm32g4xx_it.c.obj
                0x08010620                FDCAN1_IT0_IRQHandler
 .text.FDCAN1_IT1_IRQHandler
                0x08010630       0x10 CMakeFiles/Robot_Joint_v2.0.elf.dir/Core/Src/stm32g4xx_it.c.obj
                0x08010630                FDCAN1_IT1_IRQHandler
 .text.TIM7_IRQHandler
                0x08010640       0x10 CMakeFiles/Robot_Joint_v2.0.elf.dir/Core/Src/stm32g4xx_it.c.obj
                0x08010640                TIM7_IRQHandler
 .text.SystemInit
                0x08010650        0x2 CMakeFiles/Robot_Joint_v2.0.elf.dir/Core/Src/system_stm32g4xx.c.obj
                0x08010650                SystemInit
 *fill*         0x08010652        0x2 
 .text.MX_TIM7_Init
                0x08010654       0x50 CMakeFiles/Robot_Joint_v2.0.elf.dir/Core/Src/tim.c.obj
                0x08010654                MX_TIM7_Init
 .text.HAL_TIM_Base_MspInit
                0x080106a4       0x40 CMakeFiles/Robot_Joint_v2.0.elf.dir/Core/Src/tim.c.obj
                0x080106a4                HAL_TIM_Base_MspInit
 .text.Reset_Handler
                0x080106e4       0x50 CMakeFiles/Robot_Joint_v2.0.elf.dir/Core/Startup/startup_stm32g431kbux.s.obj
                0x080106e4                Reset_Handler
 .text.Default_Handler
                0x08010734        0x2 CMakeFiles/Robot_Joint_v2.0.elf.dir/Core/Startup/startup_stm32g431kbux.s.obj
                0x08010734                RTC_Alarm_IRQHandler
                0x08010734                EXTI2_IRQHandler
                0x08010734                TIM8_TRG_COM_IRQHandler
                0x08010734                TIM8_CC_IRQHandler
                0x08010734                TIM1_CC_IRQHandler
                0x08010734                USB_HP_IRQHandler
                0x08010734                CORDIC_IRQHandler
                0x08010734                EXTI3_IRQHandler
                0x08010734                I2C3_ER_IRQHandler
                0x08010734                EXTI0_IRQHandler
                0x08010734                I2C2_EV_IRQHandler
                0x08010734                FPU_IRQHandler
                0x08010734                TIM1_UP_TIM16_IRQHandler
                0x08010734                ADC1_2_IRQHandler
                0x08010734                SPI1_IRQHandler
                0x08010734                TIM6_DAC_IRQHandler
                0x08010734                TIM8_UP_IRQHandler
                0x08010734                DMA2_Channel2_IRQHandler
                0x08010734                DMA1_Channel4_IRQHandler
                0x08010734                USART3_IRQHandler
                0x08010734                TIM4_IRQHandler
                0x08010734                DMA2_Channel1_IRQHandler
                0x08010734                I2C1_EV_IRQHandler
                0x08010734                DMA1_Channel6_IRQHandler
                0x08010734                UART4_IRQHandler
                0x08010734                DMA2_Channel4_IRQHandler
                0x08010734                TIM3_IRQHandler
                0x08010734                RCC_IRQHandler
                0x08010734                DMA1_Channel1_IRQHandler
                0x08010734                Default_Handler
                0x08010734                RTC_TAMP_LSECSS_IRQHandler
                0x08010734                FMAC_IRQHandler
                0x08010734                EXTI15_10_IRQHandler
                0x08010734                UCPD1_IRQHandler
                0x08010734                I2C3_EV_IRQHandler
                0x08010734                EXTI9_5_IRQHandler
                0x08010734                RTC_WKUP_IRQHandler
                0x08010734                PVD_PVM_IRQHandler
                0x08010734                SPI2_IRQHandler
                0x08010734                DMA2_Channel5_IRQHandler
                0x08010734                CRS_IRQHandler
                0x08010734                DMA1_Channel5_IRQHandler
                0x08010734                USB_LP_IRQHandler
                0x08010734                EXTI4_IRQHandler
                0x08010734                RNG_IRQHandler
                0x08010734                TIM1_TRG_COM_TIM17_IRQHandler
                0x08010734                DMA1_Channel3_IRQHandler
                0x08010734                WWDG_IRQHandler
                0x08010734                LPUART1_IRQHandler
                0x08010734                DMA2_Channel6_IRQHandler
                0x08010734                TIM2_IRQHandler
                0x08010734                COMP1_2_3_IRQHandler
                0x08010734                EXTI1_IRQHandler
                0x08010734                USART2_IRQHandler
                0x08010734                I2C2_ER_IRQHandler
                0x08010734                DMA1_Channel2_IRQHandler
                0x08010734                TIM8_BRK_IRQHandler
                0x08010734                FLASH_IRQHandler
                0x08010734                USART1_IRQHandler
                0x08010734                SPI3_IRQHandler
                0x08010734                I2C1_ER_IRQHandler
                0x08010734                LPTIM1_IRQHandler
                0x08010734                DMAMUX_OVR_IRQHandler
                0x08010734                USBWakeUp_IRQHandler
                0x08010734                SAI1_IRQHandler
                0x08010734                DMA2_Channel3_IRQHandler
                0x08010734                COMP4_IRQHandler
                0x08010734                TIM1_BRK_TIM15_IRQHandler
 *fill*         0x08010736        0x2 
 .text.TransReceive16
                0x08010738       0x34 CMakeFiles/Robot_Joint_v2.0.elf.dir/Core/User/Src/my_ams.c.obj
                0x08010738                TransReceive16
 .text.EvenCheck
                0x0801076c       0x1a CMakeFiles/Robot_Joint_v2.0.elf.dir/Core/User/Src/my_ams.c.obj
                0x0801076c                EvenCheck
 *fill*         0x08010786        0x2 
 .text.ReadAmsSensor
                0x08010788       0x64 CMakeFiles/Robot_Joint_v2.0.elf.dir/Core/User/Src/my_ams.c.obj
                0x08010788                ReadAmsSensor
 .text.SendDataProcess
                0x080107ec       0x4c CMakeFiles/Robot_Joint_v2.0.elf.dir/Core/User/Src/my_ams.c.obj
                0x080107ec                SendDataProcess
 .text.ReviseDirection
                0x08010838       0x1c CMakeFiles/Robot_Joint_v2.0.elf.dir/Core/User/Src/my_fdcan.c.obj
 .text.CanFilterInit
                0x08010854       0x40 CMakeFiles/Robot_Joint_v2.0.elf.dir/Core/User/Src/my_fdcan.c.obj
 .text.ReceiveAnalyse
                0x08010894       0x88 CMakeFiles/Robot_Joint_v2.0.elf.dir/Core/User/Src/my_fdcan.c.obj
 .text.GetFDcanData
                0x0801091c       0x60 CMakeFiles/Robot_Joint_v2.0.elf.dir/Core/User/Src/my_fdcan.c.obj
 .text.CanInit  0x0801097c       0x24 CMakeFiles/Robot_Joint_v2.0.elf.dir/Core/User/Src/my_fdcan.c.obj
                0x0801097c                CanInit
 .text.CanSendMsg
                0x080109a0       0x48 CMakeFiles/Robot_Joint_v2.0.elf.dir/Core/User/Src/my_fdcan.c.obj
                0x080109a0                CanSendMsg
 .text.SendAngleState
                0x080109e8       0x48 CMakeFiles/Robot_Joint_v2.0.elf.dir/Core/User/Src/my_fdcan.c.obj
                0x080109e8                SendAngleState
 .text.HAL_FDCAN_RxFifo0Callback
                0x08010a30       0x64 CMakeFiles/Robot_Joint_v2.0.elf.dir/Core/User/Src/my_fdcan.c.obj
                0x08010a30                HAL_FDCAN_RxFifo0Callback
 .text.HAL_FDCAN_ErrorCallback
                0x08010a94        0x8 CMakeFiles/Robot_Joint_v2.0.elf.dir/Core/User/Src/my_fdcan.c.obj
                0x08010a94                HAL_FDCAN_ErrorCallback
 .text.ReadFlashWord
                0x08010a9c        0x4 CMakeFiles/Robot_Joint_v2.0.elf.dir/Core/User/Src/my_flash.c.obj
 .text.ReadFlashSpecifyLen
                0x08010aa0       0x20 CMakeFiles/Robot_Joint_v2.0.elf.dir/Core/User/Src/my_flash.c.obj
                0x08010aa0                ReadFlashSpecifyLen
 .text.WriteFlashData
                0x08010ac0       0x9c CMakeFiles/Robot_Joint_v2.0.elf.dir/Core/User/Src/my_flash.c.obj
                0x08010ac0                WriteFlashData
 .text.WriteFlashDefault
                0x08010b5c       0xb0 CMakeFiles/Robot_Joint_v2.0.elf.dir/Core/User/Src/my_flash.c.obj
                0x08010b5c                WriteFlashDefault
 .text.InitFlash
                0x08010c0c       0x68 CMakeFiles/Robot_Joint_v2.0.elf.dir/Core/User/Src/my_flash.c.obj
                0x08010c0c                InitFlash
 .text.ReadChipId
                0x08010c74       0x10 CMakeFiles/Robot_Joint_v2.0.elf.dir/Core/User/Src/my_flash.c.obj
                0x08010c74                ReadChipId
 .text.UpgradeFlashExamine
                0x08010c84       0x34 CMakeFiles/Robot_Joint_v2.0.elf.dir/Core/User/Src/my_flash.c.obj
                0x08010c84                UpgradeFlashExamine
 .text.SoftTimerDec
                0x08010cb8       0x20 CMakeFiles/Robot_Joint_v2.0.elf.dir/Core/User/Src/my_time.c.obj
 .text.InitTimer
                0x08010cd8       0x30 CMakeFiles/Robot_Joint_v2.0.elf.dir/Core/User/Src/my_time.c.obj
                0x08010cd8                InitTimer
 .text.HAL_TIM_PeriodElapsedCallback
                0x08010d08       0x7c CMakeFiles/Robot_Joint_v2.0.elf.dir/Core/User/Src/my_time.c.obj
                0x08010d08                HAL_TIM_PeriodElapsedCallback
 .text.StartAutoTimer
                0x08010d84       0x2c CMakeFiles/Robot_Joint_v2.0.elf.dir/Core/User/Src/my_time.c.obj
                0x08010d84                StartAutoTimer
 .text.CheckTimer
                0x08010db0       0x34 CMakeFiles/Robot_Joint_v2.0.elf.dir/Core/User/Src/my_time.c.obj
                0x08010db0                CheckTimer
 .text.HAL_InitTick
                0x08010de4       0x50 CMakeFiles/Robot_Joint_v2.0.elf.dir/Drivers/STM32G4xx_HAL_Driver/Src/stm32g4xx_hal.c.obj
                0x08010de4                HAL_InitTick
 .text.HAL_Init
                0x08010e34       0x1e CMakeFiles/Robot_Joint_v2.0.elf.dir/Drivers/STM32G4xx_HAL_Driver/Src/stm32g4xx_hal.c.obj
                0x08010e34                HAL_Init
 *fill*         0x08010e52        0x2 
 .text.HAL_IncTick
                0x08010e54       0x18 CMakeFiles/Robot_Joint_v2.0.elf.dir/Drivers/STM32G4xx_HAL_Driver/Src/stm32g4xx_hal.c.obj
                0x08010e54                HAL_IncTick
 .text.HAL_GetTick
                0x08010e6c        0xc CMakeFiles/Robot_Joint_v2.0.elf.dir/Drivers/STM32G4xx_HAL_Driver/Src/stm32g4xx_hal.c.obj
                0x08010e6c                HAL_GetTick
 .text.HAL_Delay
                0x08010e78       0x28 CMakeFiles/Robot_Joint_v2.0.elf.dir/Drivers/STM32G4xx_HAL_Driver/Src/stm32g4xx_hal.c.obj
                0x08010e78                HAL_Delay
 .text.HAL_NVIC_SetPriorityGrouping
                0x08010ea0       0x24 CMakeFiles/Robot_Joint_v2.0.elf.dir/Drivers/STM32G4xx_HAL_Driver/Src/stm32g4xx_hal_cortex.c.obj
                0x08010ea0                HAL_NVIC_SetPriorityGrouping
 .text.HAL_NVIC_SetPriority
                0x08010ec4       0x70 CMakeFiles/Robot_Joint_v2.0.elf.dir/Drivers/STM32G4xx_HAL_Driver/Src/stm32g4xx_hal_cortex.c.obj
                0x08010ec4                HAL_NVIC_SetPriority
 .text.HAL_NVIC_EnableIRQ
                0x08010f34       0x1c CMakeFiles/Robot_Joint_v2.0.elf.dir/Drivers/STM32G4xx_HAL_Driver/Src/stm32g4xx_hal_cortex.c.obj
                0x08010f34                HAL_NVIC_EnableIRQ
 .text.HAL_SYSTICK_Config
                0x08010f50       0x28 CMakeFiles/Robot_Joint_v2.0.elf.dir/Drivers/STM32G4xx_HAL_Driver/Src/stm32g4xx_hal_cortex.c.obj
                0x08010f50                HAL_SYSTICK_Config
 .text.FDCAN_CalcultateRamBlockAddresses
                0x08010f78       0x64 CMakeFiles/Robot_Joint_v2.0.elf.dir/Drivers/STM32G4xx_HAL_Driver/Src/stm32g4xx_hal_fdcan.c.obj
 .text.FDCAN_CopyMessageToRAM
                0x08010fdc       0x88 CMakeFiles/Robot_Joint_v2.0.elf.dir/Drivers/STM32G4xx_HAL_Driver/Src/stm32g4xx_hal_fdcan.c.obj
 .text.HAL_FDCAN_Init
                0x08011064      0x1d4 CMakeFiles/Robot_Joint_v2.0.elf.dir/Drivers/STM32G4xx_HAL_Driver/Src/stm32g4xx_hal_fdcan.c.obj
                0x08011064                HAL_FDCAN_Init
 .text.HAL_FDCAN_ConfigFilter
                0x08011238       0x60 CMakeFiles/Robot_Joint_v2.0.elf.dir/Drivers/STM32G4xx_HAL_Driver/Src/stm32g4xx_hal_fdcan.c.obj
                0x08011238                HAL_FDCAN_ConfigFilter
 .text.HAL_FDCAN_Start
                0x08011298       0x2e CMakeFiles/Robot_Joint_v2.0.elf.dir/Drivers/STM32G4xx_HAL_Driver/Src/stm32g4xx_hal_fdcan.c.obj
                0x08011298                HAL_FDCAN_Start
 .text.HAL_FDCAN_AddMessageToTxFifoQ
                0x080112c6       0x52 CMakeFiles/Robot_Joint_v2.0.elf.dir/Drivers/STM32G4xx_HAL_Driver/Src/stm32g4xx_hal_fdcan.c.obj
                0x080112c6                HAL_FDCAN_AddMessageToTxFifoQ
 .text.HAL_FDCAN_GetRxMessage
                0x08011318      0x164 CMakeFiles/Robot_Joint_v2.0.elf.dir/Drivers/STM32G4xx_HAL_Driver/Src/stm32g4xx_hal_fdcan.c.obj
                0x08011318                HAL_FDCAN_GetRxMessage
 .text.HAL_FDCAN_ActivateNotification
                0x0801147c      0x106 CMakeFiles/Robot_Joint_v2.0.elf.dir/Drivers/STM32G4xx_HAL_Driver/Src/stm32g4xx_hal_fdcan.c.obj
                0x0801147c                HAL_FDCAN_ActivateNotification
 .text.HAL_FDCAN_TxEventFifoCallback
                0x08011582        0x2 CMakeFiles/Robot_Joint_v2.0.elf.dir/Drivers/STM32G4xx_HAL_Driver/Src/stm32g4xx_hal_fdcan.c.obj
                0x08011582                HAL_FDCAN_TxEventFifoCallback
 .text.HAL_FDCAN_RxFifo1Callback
                0x08011584        0x2 CMakeFiles/Robot_Joint_v2.0.elf.dir/Drivers/STM32G4xx_HAL_Driver/Src/stm32g4xx_hal_fdcan.c.obj
                0x08011584                HAL_FDCAN_RxFifo1Callback
 .text.HAL_FDCAN_TxFifoEmptyCallback
                0x08011586        0x2 CMakeFiles/Robot_Joint_v2.0.elf.dir/Drivers/STM32G4xx_HAL_Driver/Src/stm32g4xx_hal_fdcan.c.obj
                0x08011586                HAL_FDCAN_TxFifoEmptyCallback
 .text.HAL_FDCAN_TxBufferCompleteCallback
                0x08011588        0x2 CMakeFiles/Robot_Joint_v2.0.elf.dir/Drivers/STM32G4xx_HAL_Driver/Src/stm32g4xx_hal_fdcan.c.obj
                0x08011588                HAL_FDCAN_TxBufferCompleteCallback
 .text.HAL_FDCAN_TxBufferAbortCallback
                0x0801158a        0x2 CMakeFiles/Robot_Joint_v2.0.elf.dir/Drivers/STM32G4xx_HAL_Driver/Src/stm32g4xx_hal_fdcan.c.obj
                0x0801158a                HAL_FDCAN_TxBufferAbortCallback
 .text.HAL_FDCAN_TimestampWraparoundCallback
                0x0801158c        0x2 CMakeFiles/Robot_Joint_v2.0.elf.dir/Drivers/STM32G4xx_HAL_Driver/Src/stm32g4xx_hal_fdcan.c.obj
                0x0801158c                HAL_FDCAN_TimestampWraparoundCallback
 .text.HAL_FDCAN_TimeoutOccurredCallback
                0x0801158e        0x2 CMakeFiles/Robot_Joint_v2.0.elf.dir/Drivers/STM32G4xx_HAL_Driver/Src/stm32g4xx_hal_fdcan.c.obj
                0x0801158e                HAL_FDCAN_TimeoutOccurredCallback
 .text.HAL_FDCAN_HighPriorityMessageCallback
                0x08011590        0x2 CMakeFiles/Robot_Joint_v2.0.elf.dir/Drivers/STM32G4xx_HAL_Driver/Src/stm32g4xx_hal_fdcan.c.obj
                0x08011590                HAL_FDCAN_HighPriorityMessageCallback
 .text.HAL_FDCAN_ErrorStatusCallback
                0x08011592        0x2 CMakeFiles/Robot_Joint_v2.0.elf.dir/Drivers/STM32G4xx_HAL_Driver/Src/stm32g4xx_hal_fdcan.c.obj
                0x08011592                HAL_FDCAN_ErrorStatusCallback
 .text.HAL_FDCAN_IRQHandler
                0x08011594      0x188 CMakeFiles/Robot_Joint_v2.0.elf.dir/Drivers/STM32G4xx_HAL_Driver/Src/stm32g4xx_hal_fdcan.c.obj
                0x08011594                HAL_FDCAN_IRQHandler
 .text.HAL_FDCAN_GetError
                0x0801171c        0x4 CMakeFiles/Robot_Joint_v2.0.elf.dir/Drivers/STM32G4xx_HAL_Driver/Src/stm32g4xx_hal_fdcan.c.obj
                0x0801171c                HAL_FDCAN_GetError
 .text.FLASH_Program_DoubleWord
                0x08011720       0x1c CMakeFiles/Robot_Joint_v2.0.elf.dir/Drivers/STM32G4xx_HAL_Driver/Src/stm32g4xx_hal_flash.c.obj
 .text.FLASH_Program_Fast
                0x0801173c       0x2c CMakeFiles/Robot_Joint_v2.0.elf.dir/Drivers/STM32G4xx_HAL_Driver/Src/stm32g4xx_hal_flash.c.obj
 .text.HAL_FLASH_Unlock
                0x08011768       0x30 CMakeFiles/Robot_Joint_v2.0.elf.dir/Drivers/STM32G4xx_HAL_Driver/Src/stm32g4xx_hal_flash.c.obj
                0x08011768                HAL_FLASH_Unlock
 .text.HAL_FLASH_Lock
                0x08011798       0x1c CMakeFiles/Robot_Joint_v2.0.elf.dir/Drivers/STM32G4xx_HAL_Driver/Src/stm32g4xx_hal_flash.c.obj
                0x08011798                HAL_FLASH_Lock
 .text.FLASH_WaitForLastOperation
                0x080117b4       0x60 CMakeFiles/Robot_Joint_v2.0.elf.dir/Drivers/STM32G4xx_HAL_Driver/Src/stm32g4xx_hal_flash.c.obj
                0x080117b4                FLASH_WaitForLastOperation
 .text.HAL_FLASH_Program
                0x08011814       0xb0 CMakeFiles/Robot_Joint_v2.0.elf.dir/Drivers/STM32G4xx_HAL_Driver/Src/stm32g4xx_hal_flash.c.obj
                0x08011814                HAL_FLASH_Program
 .text.FLASH_MassErase
                0x080118c4       0x20 CMakeFiles/Robot_Joint_v2.0.elf.dir/Drivers/STM32G4xx_HAL_Driver/Src/stm32g4xx_hal_flash_ex.c.obj
 .text.FLASH_PageErase
                0x080118e4       0x28 CMakeFiles/Robot_Joint_v2.0.elf.dir/Drivers/STM32G4xx_HAL_Driver/Src/stm32g4xx_hal_flash_ex.c.obj
                0x080118e4                FLASH_PageErase
 .text.FLASH_FlushCaches
                0x0801190c       0x64 CMakeFiles/Robot_Joint_v2.0.elf.dir/Drivers/STM32G4xx_HAL_Driver/Src/stm32g4xx_hal_flash_ex.c.obj
                0x0801190c                FLASH_FlushCaches
 .text.HAL_FLASHEx_Erase
                0x08011970       0xec CMakeFiles/Robot_Joint_v2.0.elf.dir/Drivers/STM32G4xx_HAL_Driver/Src/stm32g4xx_hal_flash_ex.c.obj
                0x08011970                HAL_FLASHEx_Erase
 .text.HAL_GPIO_Init
                0x08011a5c      0x1dc CMakeFiles/Robot_Joint_v2.0.elf.dir/Drivers/STM32G4xx_HAL_Driver/Src/stm32g4xx_hal_gpio.c.obj
                0x08011a5c                HAL_GPIO_Init
 .text.HAL_GPIO_WritePin
                0x08011c38        0xa CMakeFiles/Robot_Joint_v2.0.elf.dir/Drivers/STM32G4xx_HAL_Driver/Src/stm32g4xx_hal_gpio.c.obj
                0x08011c38                HAL_GPIO_WritePin
 .text.HAL_GPIO_TogglePin
                0x08011c42       0x12 CMakeFiles/Robot_Joint_v2.0.elf.dir/Drivers/STM32G4xx_HAL_Driver/Src/stm32g4xx_hal_gpio.c.obj
                0x08011c42                HAL_GPIO_TogglePin
 .text.HAL_IWDG_Init
                0x08011c54       0x68 CMakeFiles/Robot_Joint_v2.0.elf.dir/Drivers/STM32G4xx_HAL_Driver/Src/stm32g4xx_hal_iwdg.c.obj
                0x08011c54                HAL_IWDG_Init
 .text.HAL_IWDG_Refresh
                0x08011cbc        0xc CMakeFiles/Robot_Joint_v2.0.elf.dir/Drivers/STM32G4xx_HAL_Driver/Src/stm32g4xx_hal_iwdg.c.obj
                0x08011cbc                HAL_IWDG_Refresh
 .text.HAL_PWREx_ControlVoltageScaling
                0x08011cc8      0x10c CMakeFiles/Robot_Joint_v2.0.elf.dir/Drivers/STM32G4xx_HAL_Driver/Src/stm32g4xx_hal_pwr_ex.c.obj
                0x08011cc8                HAL_PWREx_ControlVoltageScaling
 .text.HAL_PWREx_DisableUCPDDeadBattery
                0x08011dd4       0x10 CMakeFiles/Robot_Joint_v2.0.elf.dir/Drivers/STM32G4xx_HAL_Driver/Src/stm32g4xx_hal_pwr_ex.c.obj
                0x08011dd4                HAL_PWREx_DisableUCPDDeadBattery
 .text.RCC_GetSysClockFreqFromPLLSource
                0x08011de4       0x58 CMakeFiles/Robot_Joint_v2.0.elf.dir/Drivers/STM32G4xx_HAL_Driver/Src/stm32g4xx_hal_rcc.c.obj
 .text.HAL_RCC_OscConfig
                0x08011e3c      0x4e4 CMakeFiles/Robot_Joint_v2.0.elf.dir/Drivers/STM32G4xx_HAL_Driver/Src/stm32g4xx_hal_rcc.c.obj
                0x08011e3c                HAL_RCC_OscConfig
 .text.HAL_RCC_GetSysClockFreq
                0x08012320       0x88 CMakeFiles/Robot_Joint_v2.0.elf.dir/Drivers/STM32G4xx_HAL_Driver/Src/stm32g4xx_hal_rcc.c.obj
                0x08012320                HAL_RCC_GetSysClockFreq
 .text.HAL_RCC_ClockConfig
                0x080123a8      0x1f8 CMakeFiles/Robot_Joint_v2.0.elf.dir/Drivers/STM32G4xx_HAL_Driver/Src/stm32g4xx_hal_rcc.c.obj
                0x080123a8                HAL_RCC_ClockConfig
 .text.HAL_RCCEx_PeriphCLKConfig
                0x080125a0      0x2e4 CMakeFiles/Robot_Joint_v2.0.elf.dir/Drivers/STM32G4xx_HAL_Driver/Src/stm32g4xx_hal_rcc_ex.c.obj
                0x080125a0                HAL_RCCEx_PeriphCLKConfig
 .text.SPI_WaitFlagStateUntilTimeout
                0x08012884       0xd4 CMakeFiles/Robot_Joint_v2.0.elf.dir/Drivers/STM32G4xx_HAL_Driver/Src/stm32g4xx_hal_spi.c.obj
 .text.SPI_WaitFifoStateUntilTimeout
                0x08012958       0xf4 CMakeFiles/Robot_Joint_v2.0.elf.dir/Drivers/STM32G4xx_HAL_Driver/Src/stm32g4xx_hal_spi.c.obj
 .text.SPI_EndRxTxTransaction
                0x08012a4c       0x62 CMakeFiles/Robot_Joint_v2.0.elf.dir/Drivers/STM32G4xx_HAL_Driver/Src/stm32g4xx_hal_spi.c.obj
 .text.HAL_SPI_Init
                0x08012aae       0xe8 CMakeFiles/Robot_Joint_v2.0.elf.dir/Drivers/STM32G4xx_HAL_Driver/Src/stm32g4xx_hal_spi.c.obj
                0x08012aae                HAL_SPI_Init
 .text.HAL_SPI_TransmitReceive
                0x08012b96      0x2fe CMakeFiles/Robot_Joint_v2.0.elf.dir/Drivers/STM32G4xx_HAL_Driver/Src/stm32g4xx_hal_spi.c.obj
                0x08012b96                HAL_SPI_TransmitReceive
 .text.HAL_TIM_Base_Start_IT
                0x08012e94       0x84 CMakeFiles/Robot_Joint_v2.0.elf.dir/Drivers/STM32G4xx_HAL_Driver/Src/stm32g4xx_hal_tim.c.obj
                0x08012e94                HAL_TIM_Base_Start_IT
 .text.HAL_TIM_OC_DelayElapsedCallback
                0x08012f18        0x2 CMakeFiles/Robot_Joint_v2.0.elf.dir/Drivers/STM32G4xx_HAL_Driver/Src/stm32g4xx_hal_tim.c.obj
                0x08012f18                HAL_TIM_OC_DelayElapsedCallback
 .text.HAL_TIM_IC_CaptureCallback
                0x08012f1a        0x2 CMakeFiles/Robot_Joint_v2.0.elf.dir/Drivers/STM32G4xx_HAL_Driver/Src/stm32g4xx_hal_tim.c.obj
                0x08012f1a                HAL_TIM_IC_CaptureCallback
 .text.HAL_TIM_PWM_PulseFinishedCallback
                0x08012f1c        0x2 CMakeFiles/Robot_Joint_v2.0.elf.dir/Drivers/STM32G4xx_HAL_Driver/Src/stm32g4xx_hal_tim.c.obj
                0x08012f1c                HAL_TIM_PWM_PulseFinishedCallback
 .text.HAL_TIM_TriggerCallback
                0x08012f1e        0x2 CMakeFiles/Robot_Joint_v2.0.elf.dir/Drivers/STM32G4xx_HAL_Driver/Src/stm32g4xx_hal_tim.c.obj
                0x08012f1e                HAL_TIM_TriggerCallback
 .text.HAL_TIM_IRQHandler
                0x08012f20      0x1ea CMakeFiles/Robot_Joint_v2.0.elf.dir/Drivers/STM32G4xx_HAL_Driver/Src/stm32g4xx_hal_tim.c.obj
                0x08012f20                HAL_TIM_IRQHandler
 *fill*         0x0801310a        0x2 
 .text.TIM_Base_SetConfig
                0x0801310c       0xc8 CMakeFiles/Robot_Joint_v2.0.elf.dir/Drivers/STM32G4xx_HAL_Driver/Src/stm32g4xx_hal_tim.c.obj
                0x0801310c                TIM_Base_SetConfig
 .text.HAL_TIM_Base_Init
                0x080131d4       0x60 CMakeFiles/Robot_Joint_v2.0.elf.dir/Drivers/STM32G4xx_HAL_Driver/Src/stm32g4xx_hal_tim.c.obj
                0x080131d4                HAL_TIM_Base_Init
 .text.HAL_TIMEx_MasterConfigSynchronization
                0x08013234       0x94 CMakeFiles/Robot_Joint_v2.0.elf.dir/Drivers/STM32G4xx_HAL_Driver/Src/stm32g4xx_hal_tim_ex.c.obj
                0x08013234                HAL_TIMEx_MasterConfigSynchronization
 .text.HAL_TIMEx_CommutCallback
                0x080132c8        0x2 CMakeFiles/Robot_Joint_v2.0.elf.dir/Drivers/STM32G4xx_HAL_Driver/Src/stm32g4xx_hal_tim_ex.c.obj
                0x080132c8                HAL_TIMEx_CommutCallback
 .text.HAL_TIMEx_BreakCallback
                0x080132ca        0x2 CMakeFiles/Robot_Joint_v2.0.elf.dir/Drivers/STM32G4xx_HAL_Driver/Src/stm32g4xx_hal_tim_ex.c.obj
                0x080132ca                HAL_TIMEx_BreakCallback
 .text.HAL_TIMEx_Break2Callback
                0x080132cc        0x2 CMakeFiles/Robot_Joint_v2.0.elf.dir/Drivers/STM32G4xx_HAL_Driver/Src/stm32g4xx_hal_tim_ex.c.obj
                0x080132cc                HAL_TIMEx_Break2Callback
 .text.HAL_TIMEx_EncoderIndexCallback
                0x080132ce        0x2 CMakeFiles/Robot_Joint_v2.0.elf.dir/Drivers/STM32G4xx_HAL_Driver/Src/stm32g4xx_hal_tim_ex.c.obj
                0x080132ce                HAL_TIMEx_EncoderIndexCallback
 .text.HAL_TIMEx_DirectionChangeCallback
                0x080132d0        0x2 CMakeFiles/Robot_Joint_v2.0.elf.dir/Drivers/STM32G4xx_HAL_Driver/Src/stm32g4xx_hal_tim_ex.c.obj
                0x080132d0                HAL_TIMEx_DirectionChangeCallback
 .text.HAL_TIMEx_IndexErrorCallback
                0x080132d2        0x2 CMakeFiles/Robot_Joint_v2.0.elf.dir/Drivers/STM32G4xx_HAL_Driver/Src/stm32g4xx_hal_tim_ex.c.obj
                0x080132d2                HAL_TIMEx_IndexErrorCallback
 .text.HAL_TIMEx_TransitionErrorCallback
                0x080132d4        0x2 CMakeFiles/Robot_Joint_v2.0.elf.dir/Drivers/STM32G4xx_HAL_Driver/Src/stm32g4xx_hal_tim_ex.c.obj
                0x080132d4                HAL_TIMEx_TransitionErrorCallback
 *fill*         0x080132d6        0x2 
 .text.__libc_init_array
                0x080132d8       0x48 c:/progra~2/gnuarm~1/102021~1.10/bin/../lib/gcc/arm-none-eabi/10.3.1/../../../../arm-none-eabi/lib/thumb/v7e-m/nofp\libg.a(lib_a-init.o)
                0x080132d8                __libc_init_array
 .text.memset   0x08013320       0xa4 c:/progra~2/gnuarm~1/102021~1.10/bin/../lib/gcc/arm-none-eabi/10.3.1/../../../../arm-none-eabi/lib/thumb/v7e-m/nofp\libg.a(lib_a-memset.o)
                0x08013320                memset
 .text.startup.register_fini
                0x080133c4       0x14 c:/progra~2/gnuarm~1/102021~1.10/bin/../lib/gcc/arm-none-eabi/10.3.1/../../../../arm-none-eabi/lib/thumb/v7e-m/nofp\libg.a(lib_a-__call_atexit.o)
 .text.atexit   0x080133d8        0xc c:/progra~2/gnuarm~1/102021~1.10/bin/../lib/gcc/arm-none-eabi/10.3.1/../../../../arm-none-eabi/lib/thumb/v7e-m/nofp\libg.a(lib_a-atexit.o)
                0x080133d8                atexit
 .text.__libc_fini_array
                0x080133e4       0x2c c:/progra~2/gnuarm~1/102021~1.10/bin/../lib/gcc/arm-none-eabi/10.3.1/../../../../arm-none-eabi/lib/thumb/v7e-m/nofp\libg.a(lib_a-fini.o)
                0x080133e4                __libc_fini_array
 .text.__retarget_lock_acquire_recursive
                0x08013410        0x4 c:/progra~2/gnuarm~1/102021~1.10/bin/../lib/gcc/arm-none-eabi/10.3.1/../../../../arm-none-eabi/lib/thumb/v7e-m/nofp\libg.a(lib_a-lock.o)
                0x08013410                __retarget_lock_acquire_recursive
 .text.__retarget_lock_release_recursive
                0x08013414        0x4 c:/progra~2/gnuarm~1/102021~1.10/bin/../lib/gcc/arm-none-eabi/10.3.1/../../../../arm-none-eabi/lib/thumb/v7e-m/nofp\libg.a(lib_a-lock.o)
                0x08013414                __retarget_lock_release_recursive
 .text.__register_exitproc
                0x08013418       0x8c c:/progra~2/gnuarm~1/102021~1.10/bin/../lib/gcc/arm-none-eabi/10.3.1/../../../../arm-none-eabi/lib/thumb/v7e-m/nofp\libg.a(lib_a-__atexit.o)
                0x08013418                __register_exitproc
 *(.glue_7)
 .glue_7        0x080134a4        0x0 linker stubs
 *(.glue_7t)
 .glue_7t       0x080134a4        0x0 linker stubs
 *(.eh_frame)
 .eh_frame      0x080134a4        0x0 c:/progra~2/gnuarm~1/102021~1.10/bin/../lib/gcc/arm-none-eabi/10.3.1/thumb/v7e-m/nofp/crtbegin.o
 *(.init)
 .init          0x080134a4        0x4 c:/progra~2/gnuarm~1/102021~1.10/bin/../lib/gcc/arm-none-eabi/10.3.1/thumb/v7e-m/nofp/crti.o
                0x080134a4                _init
 .init          0x080134a8        0x8 c:/progra~2/gnuarm~1/102021~1.10/bin/../lib/gcc/arm-none-eabi/10.3.1/thumb/v7e-m/nofp/crtn.o
 *(.fini)
 .fini          0x080134b0        0x4 c:/progra~2/gnuarm~1/102021~1.10/bin/../lib/gcc/arm-none-eabi/10.3.1/thumb/v7e-m/nofp/crti.o
                0x080134b0                _fini
 .fini          0x080134b4        0x8 c:/progra~2/gnuarm~1/102021~1.10/bin/../lib/gcc/arm-none-eabi/10.3.1/thumb/v7e-m/nofp/crtn.o
                0x080134bc                . = ALIGN (0x4)
                0x080134bc                _etext = .

.vfp11_veneer   0x080134bc        0x0
 .vfp11_veneer  0x080134bc        0x0 linker stubs

.v4_bx          0x080134bc        0x0
 .v4_bx         0x080134bc        0x0 linker stubs

.iplt           0x080134bc        0x0
 .iplt          0x080134bc        0x0 c:/progra~2/gnuarm~1/102021~1.10/bin/../lib/gcc/arm-none-eabi/10.3.1/thumb/v7e-m/nofp/crtbegin.o

.rodata         0x080134bc       0x24
                0x080134bc                . = ALIGN (0x4)
 *(.rodata)
 *(.rodata*)
 .rodata.AHBPrescTable
                0x080134bc       0x10 CMakeFiles/Robot_Joint_v2.0.elf.dir/Core/Src/system_stm32g4xx.c.obj
                0x080134bc                AHBPrescTable
 .rodata.DLCtoBytes
                0x080134cc       0x10 CMakeFiles/Robot_Joint_v2.0.elf.dir/Drivers/STM32G4xx_HAL_Driver/Src/stm32g4xx_hal_fdcan.c.obj
 .rodata._global_impure_ptr
                0x080134dc        0x4 c:/progra~2/gnuarm~1/102021~1.10/bin/../lib/gcc/arm-none-eabi/10.3.1/../../../../arm-none-eabi/lib/thumb/v7e-m/nofp\libg.a(lib_a-impure.o)
                0x080134dc                _global_impure_ptr
                0x080134e0                . = ALIGN (0x4)

.rel.dyn        0x080134e0        0x0
 .rel.iplt      0x080134e0        0x0 c:/progra~2/gnuarm~1/102021~1.10/bin/../lib/gcc/arm-none-eabi/10.3.1/thumb/v7e-m/nofp/crtbegin.o

.ARM.extab      0x080134e0        0x0
                0x080134e0                . = ALIGN (0x4)
 *(.ARM.extab* .gnu.linkonce.armextab.*)
                0x080134e0                . = ALIGN (0x4)

.ARM            0x080134e0        0x0
                0x080134e0                . = ALIGN (0x4)
                0x080134e0                __exidx_start = .
 *(.ARM.exidx*)
                0x080134e0                __exidx_end = .
                0x080134e0                . = ALIGN (0x4)

.preinit_array  0x080134e0        0x0
                0x080134e0                . = ALIGN (0x4)
                0x080134e0                PROVIDE (__preinit_array_start = .)
 *(.preinit_array*)
                0x080134e0                PROVIDE (__preinit_array_end = .)
                0x080134e0                . = ALIGN (0x4)

.init_array     0x080134e0        0x8
                0x080134e0                . = ALIGN (0x4)
                0x080134e0                PROVIDE (__init_array_start = .)
 *(SORT_BY_NAME(.init_array.*))
 .init_array.00000
                0x080134e0        0x4 c:/progra~2/gnuarm~1/102021~1.10/bin/../lib/gcc/arm-none-eabi/10.3.1/../../../../arm-none-eabi/lib/thumb/v7e-m/nofp\libg.a(lib_a-__call_atexit.o)
 *(.init_array*)
 .init_array    0x080134e4        0x4 c:/progra~2/gnuarm~1/102021~1.10/bin/../lib/gcc/arm-none-eabi/10.3.1/thumb/v7e-m/nofp/crtbegin.o
                0x080134e8                PROVIDE (__init_array_end = .)
                0x080134e8                . = ALIGN (0x4)

.fini_array     0x080134e8        0x4
                0x080134e8                . = ALIGN (0x4)
                0x080134e8                PROVIDE (__fini_array_start = .)
 *(SORT_BY_NAME(.fini_array.*))
 *(.fini_array*)
 .fini_array    0x080134e8        0x4 c:/progra~2/gnuarm~1/102021~1.10/bin/../lib/gcc/arm-none-eabi/10.3.1/thumb/v7e-m/nofp/crtbegin.o
                0x080134ec                PROVIDE (__fini_array_end = .)
                0x080134ec                . = ALIGN (0x4)
                0x080134ec                _sidata = LOADADDR (.data)

.data           0x20000000      0x45c load address 0x080134ec
                0x20000000                . = ALIGN (0x4)
                0x20000000                _sdata = .
 *(.data)
 *(.data*)
 .data.SystemCoreClock
                0x20000000        0x4 CMakeFiles/Robot_Joint_v2.0.elf.dir/Core/Src/system_stm32g4xx.c.obj
                0x20000000                SystemCoreClock
 .data.uwTickFreq
                0x20000004        0x4 CMakeFiles/Robot_Joint_v2.0.elf.dir/Drivers/STM32G4xx_HAL_Driver/Src/stm32g4xx_hal.c.obj
                0x20000004                uwTickFreq
 .data.uwTickPrio
                0x20000008        0x4 CMakeFiles/Robot_Joint_v2.0.elf.dir/Drivers/STM32G4xx_HAL_Driver/Src/stm32g4xx_hal.c.obj
                0x20000008                uwTickPrio
 .data.pFlash   0x2000000c       0x20 CMakeFiles/Robot_Joint_v2.0.elf.dir/Drivers/STM32G4xx_HAL_Driver/Src/stm32g4xx_hal_flash.c.obj
                0x2000000c                pFlash
 *fill*         0x2000002c        0x4 
 .data.impure_data
                0x20000030      0x428 c:/progra~2/gnuarm~1/102021~1.10/bin/../lib/gcc/arm-none-eabi/10.3.1/../../../../arm-none-eabi/lib/thumb/v7e-m/nofp\libg.a(lib_a-impure.o)
 .data.__atexit_recursive_mutex
                0x20000458        0x4 c:/progra~2/gnuarm~1/102021~1.10/bin/../lib/gcc/arm-none-eabi/10.3.1/../../../../arm-none-eabi/lib/thumb/v7e-m/nofp\libg.a(lib_a-__call_atexit.o)
                0x20000458                __atexit_recursive_mutex
 *(.RamFunc)
 *(.RamFunc*)
                0x2000045c                . = ALIGN (0x4)
                0x2000045c                _edata = .

.igot.plt       0x2000045c        0x0 load address 0x08013948
 .igot.plt      0x2000045c        0x0 c:/progra~2/gnuarm~1/102021~1.10/bin/../lib/gcc/arm-none-eabi/10.3.1/thumb/v7e-m/nofp/crtbegin.o
                0x2000045c                . = ALIGN (0x4)

.bss            0x2000045c      0x1ec load address 0x08013948
                0x2000045c                _sbss = .
                0x2000045c                __bss_start__ = _sbss
 *(.bss)
 .bss           0x2000045c       0x1c c:/progra~2/gnuarm~1/102021~1.10/bin/../lib/gcc/arm-none-eabi/10.3.1/thumb/v7e-m/nofp/crtbegin.o
 *(.bss*)
 .bss.hfdcan1   0x20000478       0x64 CMakeFiles/Robot_Joint_v2.0.elf.dir/Core/Src/fdcan.c.obj
                0x20000478                hfdcan1
 .bss.hiwdg     0x200004dc       0x10 CMakeFiles/Robot_Joint_v2.0.elf.dir/Core/Src/iwdg.c.obj
                0x200004dc                hiwdg
 .bss.g_ChipId  0x200004ec        0x4 CMakeFiles/Robot_Joint_v2.0.elf.dir/Core/Src/main.c.obj
                0x200004ec                g_ChipId
 .bss.hspi1     0x200004f0       0x64 CMakeFiles/Robot_Joint_v2.0.elf.dir/Core/Src/spi.c.obj
                0x200004f0                hspi1
 .bss.htim7     0x20000554       0x4c CMakeFiles/Robot_Joint_v2.0.elf.dir/Core/Src/tim.c.obj
                0x20000554                htim7
 .bss.g_AmsDataprocessAngle
                0x200005a0        0x2 CMakeFiles/Robot_Joint_v2.0.elf.dir/Core/User/Src/my_ams.c.obj
                0x200005a0                g_AmsDataprocessAngle
 .bss.g_AmsError
                0x200005a2        0x2 CMakeFiles/Robot_Joint_v2.0.elf.dir/Core/User/Src/my_ams.c.obj
                0x200005a2                g_AmsError
 .bss.g_AmsOriginAngle
                0x200005a4        0x2 CMakeFiles/Robot_Joint_v2.0.elf.dir/Core/User/Src/my_ams.c.obj
                0x200005a4                g_AmsOriginAngle
 *fill*         0x200005a6        0x2 
 .bss.RXHeader  0x200005a8       0x28 CMakeFiles/Robot_Joint_v2.0.elf.dir/Core/User/Src/my_fdcan.c.obj
                0x200005a8                RXHeader
 .bss.TXHeader  0x200005d0       0x24 CMakeFiles/Robot_Joint_v2.0.elf.dir/Core/User/Src/my_fdcan.c.obj
                0x200005d0                TXHeader
 .bss.g_Turnoffdev
                0x200005f4        0x1 CMakeFiles/Robot_Joint_v2.0.elf.dir/Core/User/Src/my_fdcan.c.obj
                0x200005f4                g_Turnoffdev
 *fill*         0x200005f5        0x3 
 .bss.flash_param
                0x200005f8       0x10 CMakeFiles/Robot_Joint_v2.0.elf.dir/Core/User/Src/my_flash.c.obj
                0x200005f8                flash_param
 .bss.g_iRunTime
                0x20000608        0x4 CMakeFiles/Robot_Joint_v2.0.elf.dir/Core/User/Src/my_time.c.obj
                0x20000608                g_iRunTime
 .bss.g_iWdgTime
                0x2000060c        0x2 CMakeFiles/Robot_Joint_v2.0.elf.dir/Core/User/Src/my_time.c.obj
                0x2000060c                g_iWdgTime
 *fill*         0x2000060e        0x2 
 .bss.s_tTmr    0x20000610       0x30 CMakeFiles/Robot_Joint_v2.0.elf.dir/Core/User/Src/my_time.c.obj
 .bss.uwTick    0x20000640        0x4 CMakeFiles/Robot_Joint_v2.0.elf.dir/Drivers/STM32G4xx_HAL_Driver/Src/stm32g4xx_hal.c.obj
                0x20000640                uwTick
 .bss.__lock___atexit_recursive_mutex
                0x20000644        0x1 c:/progra~2/gnuarm~1/102021~1.10/bin/../lib/gcc/arm-none-eabi/10.3.1/../../../../arm-none-eabi/lib/thumb/v7e-m/nofp\libg.a(lib_a-lock.o)
                0x20000644                __lock___atexit_recursive_mutex
 *(COMMON)
                0x20000648                . = ALIGN (0x4)
 *fill*         0x20000645        0x3 
                0x20000648                _ebss = .
                0x20000648                __bss_end__ = _ebss

._user_heap_stack
                0x20000648      0x600 load address 0x08013948
                0x20000648                . = ALIGN (0x8)
                [!provide]                PROVIDE (end = .)
                0x20000648                PROVIDE (_end = .)
                0x20000848                . = (. + _Min_Heap_Size)
 *fill*         0x20000648      0x200 
                0x20000c48                . = (. + _Min_Stack_Size)
 *fill*         0x20000848      0x400 
                0x20000c48                . = ALIGN (0x8)

/DISCARD/
 libc.a(*)
 libm.a(*)
 libgcc.a(*)

.ARM.attributes
                0x00000000       0x2a
 *(.ARM.attributes)
 .ARM.attributes
                0x00000000       0x1e c:/progra~2/gnuarm~1/102021~1.10/bin/../lib/gcc/arm-none-eabi/10.3.1/thumb/v7e-m/nofp/crti.o
 .ARM.attributes
                0x0000001e       0x2e c:/progra~2/gnuarm~1/102021~1.10/bin/../lib/gcc/arm-none-eabi/10.3.1/thumb/v7e-m/nofp/crtbegin.o
 .ARM.attributes
                0x0000004c       0x2e CMakeFiles/Robot_Joint_v2.0.elf.dir/Core/Src/fdcan.c.obj
 .ARM.attributes
                0x0000007a       0x2e CMakeFiles/Robot_Joint_v2.0.elf.dir/Core/Src/gpio.c.obj
 .ARM.attributes
                0x000000a8       0x2e CMakeFiles/Robot_Joint_v2.0.elf.dir/Core/Src/iwdg.c.obj
 .ARM.attributes
                0x000000d6       0x2e CMakeFiles/Robot_Joint_v2.0.elf.dir/Core/Src/main.c.obj
 .ARM.attributes
                0x00000104       0x2e CMakeFiles/Robot_Joint_v2.0.elf.dir/Core/Src/spi.c.obj
 .ARM.attributes
                0x00000132       0x2e CMakeFiles/Robot_Joint_v2.0.elf.dir/Core/Src/stm32g4xx_hal_msp.c.obj
 .ARM.attributes
                0x00000160       0x2e CMakeFiles/Robot_Joint_v2.0.elf.dir/Core/Src/stm32g4xx_it.c.obj
 .ARM.attributes
                0x0000018e       0x2e CMakeFiles/Robot_Joint_v2.0.elf.dir/Core/Src/system_stm32g4xx.c.obj
 .ARM.attributes
                0x000001bc       0x2e CMakeFiles/Robot_Joint_v2.0.elf.dir/Core/Src/tim.c.obj
 .ARM.attributes
                0x000001ea       0x21 CMakeFiles/Robot_Joint_v2.0.elf.dir/Core/Startup/startup_stm32g431kbux.s.obj
 .ARM.attributes
                0x0000020b       0x2e CMakeFiles/Robot_Joint_v2.0.elf.dir/Core/User/Src/my_ams.c.obj
 .ARM.attributes
                0x00000239       0x2e CMakeFiles/Robot_Joint_v2.0.elf.dir/Core/User/Src/my_fdcan.c.obj
 .ARM.attributes
                0x00000267       0x2e CMakeFiles/Robot_Joint_v2.0.elf.dir/Core/User/Src/my_flash.c.obj
 .ARM.attributes
                0x00000295       0x2e CMakeFiles/Robot_Joint_v2.0.elf.dir/Core/User/Src/my_time.c.obj
 .ARM.attributes
                0x000002c3       0x2e CMakeFiles/Robot_Joint_v2.0.elf.dir/Drivers/STM32G4xx_HAL_Driver/Src/stm32g4xx_hal.c.obj
 .ARM.attributes
                0x000002f1       0x2e CMakeFiles/Robot_Joint_v2.0.elf.dir/Drivers/STM32G4xx_HAL_Driver/Src/stm32g4xx_hal_cortex.c.obj
 .ARM.attributes
                0x0000031f       0x2e CMakeFiles/Robot_Joint_v2.0.elf.dir/Drivers/STM32G4xx_HAL_Driver/Src/stm32g4xx_hal_fdcan.c.obj
 .ARM.attributes
                0x0000034d       0x2e CMakeFiles/Robot_Joint_v2.0.elf.dir/Drivers/STM32G4xx_HAL_Driver/Src/stm32g4xx_hal_flash.c.obj
 .ARM.attributes
                0x0000037b       0x2e CMakeFiles/Robot_Joint_v2.0.elf.dir/Drivers/STM32G4xx_HAL_Driver/Src/stm32g4xx_hal_flash_ex.c.obj
 .ARM.attributes
                0x000003a9       0x2e CMakeFiles/Robot_Joint_v2.0.elf.dir/Drivers/STM32G4xx_HAL_Driver/Src/stm32g4xx_hal_gpio.c.obj
 .ARM.attributes
                0x000003d7       0x2e CMakeFiles/Robot_Joint_v2.0.elf.dir/Drivers/STM32G4xx_HAL_Driver/Src/stm32g4xx_hal_iwdg.c.obj
 .ARM.attributes
                0x00000405       0x2e CMakeFiles/Robot_Joint_v2.0.elf.dir/Drivers/STM32G4xx_HAL_Driver/Src/stm32g4xx_hal_pwr_ex.c.obj
 .ARM.attributes
                0x00000433       0x2e CMakeFiles/Robot_Joint_v2.0.elf.dir/Drivers/STM32G4xx_HAL_Driver/Src/stm32g4xx_hal_rcc.c.obj
 .ARM.attributes
                0x00000461       0x2e CMakeFiles/Robot_Joint_v2.0.elf.dir/Drivers/STM32G4xx_HAL_Driver/Src/stm32g4xx_hal_rcc_ex.c.obj
 .ARM.attributes
                0x0000048f       0x2e CMakeFiles/Robot_Joint_v2.0.elf.dir/Drivers/STM32G4xx_HAL_Driver/Src/stm32g4xx_hal_spi.c.obj
 .ARM.attributes
                0x000004bd       0x2e CMakeFiles/Robot_Joint_v2.0.elf.dir/Drivers/STM32G4xx_HAL_Driver/Src/stm32g4xx_hal_tim.c.obj
 .ARM.attributes
                0x000004eb       0x2e CMakeFiles/Robot_Joint_v2.0.elf.dir/Drivers/STM32G4xx_HAL_Driver/Src/stm32g4xx_hal_tim_ex.c.obj
 .ARM.attributes
                0x00000519       0x2e c:/progra~2/gnuarm~1/102021~1.10/bin/../lib/gcc/arm-none-eabi/10.3.1/../../../../arm-none-eabi/lib/thumb/v7e-m/nofp\libg.a(lib_a-impure.o)
 .ARM.attributes
                0x00000547       0x2e c:/progra~2/gnuarm~1/102021~1.10/bin/../lib/gcc/arm-none-eabi/10.3.1/../../../../arm-none-eabi/lib/thumb/v7e-m/nofp\libg.a(lib_a-init.o)
 .ARM.attributes
                0x00000575       0x2e c:/progra~2/gnuarm~1/102021~1.10/bin/../lib/gcc/arm-none-eabi/10.3.1/../../../../arm-none-eabi/lib/thumb/v7e-m/nofp\libg.a(lib_a-memset.o)
 .ARM.attributes
                0x000005a3       0x2e c:/progra~2/gnuarm~1/102021~1.10/bin/../lib/gcc/arm-none-eabi/10.3.1/../../../../arm-none-eabi/lib/thumb/v7e-m/nofp\libg.a(lib_a-__call_atexit.o)
 .ARM.attributes
                0x000005d1       0x2e c:/progra~2/gnuarm~1/102021~1.10/bin/../lib/gcc/arm-none-eabi/10.3.1/../../../../arm-none-eabi/lib/thumb/v7e-m/nofp\libg.a(lib_a-atexit.o)
 .ARM.attributes
                0x000005ff       0x2e c:/progra~2/gnuarm~1/102021~1.10/bin/../lib/gcc/arm-none-eabi/10.3.1/../../../../arm-none-eabi/lib/thumb/v7e-m/nofp\libg.a(lib_a-fini.o)
 .ARM.attributes
                0x0000062d       0x2e c:/progra~2/gnuarm~1/102021~1.10/bin/../lib/gcc/arm-none-eabi/10.3.1/../../../../arm-none-eabi/lib/thumb/v7e-m/nofp\libg.a(lib_a-lock.o)
 .ARM.attributes
                0x0000065b       0x2e c:/progra~2/gnuarm~1/102021~1.10/bin/../lib/gcc/arm-none-eabi/10.3.1/../../../../arm-none-eabi/lib/thumb/v7e-m/nofp\libg.a(lib_a-__atexit.o)
 .ARM.attributes
                0x00000689       0x1e c:/progra~2/gnuarm~1/102021~1.10/bin/../lib/gcc/arm-none-eabi/10.3.1/thumb/v7e-m/nofp/crtn.o
OUTPUT(Robot_Joint_v2.0.elf elf32-littlearm)
LOAD linker stubs
LOAD c:/progra~2/gnuarm~1/102021~1.10/bin/../lib/gcc/arm-none-eabi/10.3.1/../../../../arm-none-eabi/lib/thumb/v7e-m/nofp\libc.a
LOAD c:/progra~2/gnuarm~1/102021~1.10/bin/../lib/gcc/arm-none-eabi/10.3.1/../../../../arm-none-eabi/lib/thumb/v7e-m/nofp\libm.a
LOAD c:/progra~2/gnuarm~1/102021~1.10/bin/../lib/gcc/arm-none-eabi/10.3.1/thumb/v7e-m/nofp\libgcc.a

.debug_info     0x00000000    0x18ade
 .debug_info    0x00000000      0xe59 CMakeFiles/Robot_Joint_v2.0.elf.dir/Core/Src/fdcan.c.obj
 .debug_info    0x00000e59      0x4b5 CMakeFiles/Robot_Joint_v2.0.elf.dir/Core/Src/gpio.c.obj
 .debug_info    0x0000130e      0x1f5 CMakeFiles/Robot_Joint_v2.0.elf.dir/Core/Src/iwdg.c.obj
 .debug_info    0x00001503      0xfc0 CMakeFiles/Robot_Joint_v2.0.elf.dir/Core/Src/main.c.obj
 .debug_info    0x000024c3      0xbb8 CMakeFiles/Robot_Joint_v2.0.elf.dir/Core/Src/spi.c.obj
 .debug_info    0x0000307b      0x345 CMakeFiles/Robot_Joint_v2.0.elf.dir/Core/Src/stm32g4xx_hal_msp.c.obj
 .debug_info    0x000033c0      0xf07 CMakeFiles/Robot_Joint_v2.0.elf.dir/Core/Src/stm32g4xx_it.c.obj
 .debug_info    0x000042c7      0x3f9 CMakeFiles/Robot_Joint_v2.0.elf.dir/Core/Src/system_stm32g4xx.c.obj
 .debug_info    0x000046c0      0xe08 CMakeFiles/Robot_Joint_v2.0.elf.dir/Core/Src/tim.c.obj
 .debug_info    0x000054c8       0x22 CMakeFiles/Robot_Joint_v2.0.elf.dir/Core/Startup/startup_stm32g431kbux.s.obj
 .debug_info    0x000054ea      0xac3 CMakeFiles/Robot_Joint_v2.0.elf.dir/Core/User/Src/my_ams.c.obj
 .debug_info    0x00005fad      0xfb0 CMakeFiles/Robot_Joint_v2.0.elf.dir/Core/User/Src/my_fdcan.c.obj
 .debug_info    0x00006f5d      0x693 CMakeFiles/Robot_Joint_v2.0.elf.dir/Core/User/Src/my_flash.c.obj
 .debug_info    0x000075f0      0xc91 CMakeFiles/Robot_Joint_v2.0.elf.dir/Core/User/Src/my_time.c.obj
 .debug_info    0x00008281      0xbb8 CMakeFiles/Robot_Joint_v2.0.elf.dir/Drivers/STM32G4xx_HAL_Driver/Src/stm32g4xx_hal.c.obj
 .debug_info    0x00008e39     0x108f CMakeFiles/Robot_Joint_v2.0.elf.dir/Drivers/STM32G4xx_HAL_Driver/Src/stm32g4xx_hal_cortex.c.obj
 .debug_info    0x00009ec8     0x1d4f CMakeFiles/Robot_Joint_v2.0.elf.dir/Drivers/STM32G4xx_HAL_Driver/Src/stm32g4xx_hal_fdcan.c.obj
 .debug_info    0x0000bc17      0x8e8 CMakeFiles/Robot_Joint_v2.0.elf.dir/Drivers/STM32G4xx_HAL_Driver/Src/stm32g4xx_hal_flash.c.obj
 .debug_info    0x0000c4ff      0xbe9 CMakeFiles/Robot_Joint_v2.0.elf.dir/Drivers/STM32G4xx_HAL_Driver/Src/stm32g4xx_hal_flash_ex.c.obj
 .debug_info    0x0000d0e8      0x865 CMakeFiles/Robot_Joint_v2.0.elf.dir/Drivers/STM32G4xx_HAL_Driver/Src/stm32g4xx_hal_gpio.c.obj
 .debug_info    0x0000d94d      0x22a CMakeFiles/Robot_Joint_v2.0.elf.dir/Drivers/STM32G4xx_HAL_Driver/Src/stm32g4xx_hal_iwdg.c.obj
 .debug_info    0x0000db77      0xa07 CMakeFiles/Robot_Joint_v2.0.elf.dir/Drivers/STM32G4xx_HAL_Driver/Src/stm32g4xx_hal_pwr_ex.c.obj
 .debug_info    0x0000e57e      0xe96 CMakeFiles/Robot_Joint_v2.0.elf.dir/Drivers/STM32G4xx_HAL_Driver/Src/stm32g4xx_hal_rcc.c.obj
 .debug_info    0x0000f414      0xecf CMakeFiles/Robot_Joint_v2.0.elf.dir/Drivers/STM32G4xx_HAL_Driver/Src/stm32g4xx_hal_rcc_ex.c.obj
 .debug_info    0x000102e3     0x21b4 CMakeFiles/Robot_Joint_v2.0.elf.dir/Drivers/STM32G4xx_HAL_Driver/Src/stm32g4xx_hal_spi.c.obj
 .debug_info    0x00012497     0x410f CMakeFiles/Robot_Joint_v2.0.elf.dir/Drivers/STM32G4xx_HAL_Driver/Src/stm32g4xx_hal_tim.c.obj
 .debug_info    0x000165a6     0x2538 CMakeFiles/Robot_Joint_v2.0.elf.dir/Drivers/STM32G4xx_HAL_Driver/Src/stm32g4xx_hal_tim_ex.c.obj

.debug_abbrev   0x00000000     0x36b6
 .debug_abbrev  0x00000000      0x1c5 CMakeFiles/Robot_Joint_v2.0.elf.dir/Core/Src/fdcan.c.obj
 .debug_abbrev  0x000001c5      0x14e CMakeFiles/Robot_Joint_v2.0.elf.dir/Core/Src/gpio.c.obj
 .debug_abbrev  0x00000313      0x13a CMakeFiles/Robot_Joint_v2.0.elf.dir/Core/Src/iwdg.c.obj
 .debug_abbrev  0x0000044d      0x259 CMakeFiles/Robot_Joint_v2.0.elf.dir/Core/Src/main.c.obj
 .debug_abbrev  0x000006a6      0x1da CMakeFiles/Robot_Joint_v2.0.elf.dir/Core/Src/spi.c.obj
 .debug_abbrev  0x00000880       0xd6 CMakeFiles/Robot_Joint_v2.0.elf.dir/Core/Src/stm32g4xx_hal_msp.c.obj
 .debug_abbrev  0x00000956      0x1f0 CMakeFiles/Robot_Joint_v2.0.elf.dir/Core/Src/stm32g4xx_it.c.obj
 .debug_abbrev  0x00000b46      0x119 CMakeFiles/Robot_Joint_v2.0.elf.dir/Core/Src/system_stm32g4xx.c.obj
 .debug_abbrev  0x00000c5f      0x20f CMakeFiles/Robot_Joint_v2.0.elf.dir/Core/Src/tim.c.obj
 .debug_abbrev  0x00000e6e       0x12 CMakeFiles/Robot_Joint_v2.0.elf.dir/Core/Startup/startup_stm32g431kbux.s.obj
 .debug_abbrev  0x00000e80      0x20b CMakeFiles/Robot_Joint_v2.0.elf.dir/Core/User/Src/my_ams.c.obj
 .debug_abbrev  0x0000108b      0x344 CMakeFiles/Robot_Joint_v2.0.elf.dir/Core/User/Src/my_fdcan.c.obj
 .debug_abbrev  0x000013cf      0x20e CMakeFiles/Robot_Joint_v2.0.elf.dir/Core/User/Src/my_flash.c.obj
 .debug_abbrev  0x000015dd      0x2a9 CMakeFiles/Robot_Joint_v2.0.elf.dir/Core/User/Src/my_time.c.obj
 .debug_abbrev  0x00001886      0x23e CMakeFiles/Robot_Joint_v2.0.elf.dir/Drivers/STM32G4xx_HAL_Driver/Src/stm32g4xx_hal.c.obj
 .debug_abbrev  0x00001ac4      0x361 CMakeFiles/Robot_Joint_v2.0.elf.dir/Drivers/STM32G4xx_HAL_Driver/Src/stm32g4xx_hal_cortex.c.obj
 .debug_abbrev  0x00001e25      0x1d8 CMakeFiles/Robot_Joint_v2.0.elf.dir/Drivers/STM32G4xx_HAL_Driver/Src/stm32g4xx_hal_fdcan.c.obj
 .debug_abbrev  0x00001ffd      0x301 CMakeFiles/Robot_Joint_v2.0.elf.dir/Drivers/STM32G4xx_HAL_Driver/Src/stm32g4xx_hal_flash.c.obj
 .debug_abbrev  0x000022fe      0x271 CMakeFiles/Robot_Joint_v2.0.elf.dir/Drivers/STM32G4xx_HAL_Driver/Src/stm32g4xx_hal_flash_ex.c.obj
 .debug_abbrev  0x0000256f      0x1e6 CMakeFiles/Robot_Joint_v2.0.elf.dir/Drivers/STM32G4xx_HAL_Driver/Src/stm32g4xx_hal_gpio.c.obj
 .debug_abbrev  0x00002755      0x15b CMakeFiles/Robot_Joint_v2.0.elf.dir/Drivers/STM32G4xx_HAL_Driver/Src/stm32g4xx_hal_iwdg.c.obj
 .debug_abbrev  0x000028b0      0x245 CMakeFiles/Robot_Joint_v2.0.elf.dir/Drivers/STM32G4xx_HAL_Driver/Src/stm32g4xx_hal_pwr_ex.c.obj
 .debug_abbrev  0x00002af5      0x26f CMakeFiles/Robot_Joint_v2.0.elf.dir/Drivers/STM32G4xx_HAL_Driver/Src/stm32g4xx_hal_rcc.c.obj
 .debug_abbrev  0x00002d64      0x243 CMakeFiles/Robot_Joint_v2.0.elf.dir/Drivers/STM32G4xx_HAL_Driver/Src/stm32g4xx_hal_rcc_ex.c.obj
 .debug_abbrev  0x00002fa7      0x233 CMakeFiles/Robot_Joint_v2.0.elf.dir/Drivers/STM32G4xx_HAL_Driver/Src/stm32g4xx_hal_spi.c.obj
 .debug_abbrev  0x000031da      0x263 CMakeFiles/Robot_Joint_v2.0.elf.dir/Drivers/STM32G4xx_HAL_Driver/Src/stm32g4xx_hal_tim.c.obj
 .debug_abbrev  0x0000343d      0x279 CMakeFiles/Robot_Joint_v2.0.elf.dir/Drivers/STM32G4xx_HAL_Driver/Src/stm32g4xx_hal_tim_ex.c.obj

.debug_loc      0x00000000    0x10576
 .debug_loc     0x00000000       0x9e CMakeFiles/Robot_Joint_v2.0.elf.dir/Core/Src/fdcan.c.obj
 .debug_loc     0x0000009e       0x84 CMakeFiles/Robot_Joint_v2.0.elf.dir/Core/Src/spi.c.obj
 .debug_loc     0x00000122       0x9d CMakeFiles/Robot_Joint_v2.0.elf.dir/Core/Src/system_stm32g4xx.c.obj
 .debug_loc     0x000001bf       0x67 CMakeFiles/Robot_Joint_v2.0.elf.dir/Core/Src/tim.c.obj
 .debug_loc     0x00000226      0x141 CMakeFiles/Robot_Joint_v2.0.elf.dir/Core/User/Src/my_ams.c.obj
 .debug_loc     0x00000367      0x401 CMakeFiles/Robot_Joint_v2.0.elf.dir/Core/User/Src/my_fdcan.c.obj
 .debug_loc     0x00000768      0x357 CMakeFiles/Robot_Joint_v2.0.elf.dir/Core/User/Src/my_flash.c.obj
 .debug_loc     0x00000abf      0x1a4 CMakeFiles/Robot_Joint_v2.0.elf.dir/Core/User/Src/my_time.c.obj
 .debug_loc     0x00000c63      0x1ef CMakeFiles/Robot_Joint_v2.0.elf.dir/Drivers/STM32G4xx_HAL_Driver/Src/stm32g4xx_hal.c.obj
 .debug_loc     0x00000e52      0x736 CMakeFiles/Robot_Joint_v2.0.elf.dir/Drivers/STM32G4xx_HAL_Driver/Src/stm32g4xx_hal_cortex.c.obj
 .debug_loc     0x00001588     0x165f CMakeFiles/Robot_Joint_v2.0.elf.dir/Drivers/STM32G4xx_HAL_Driver/Src/stm32g4xx_hal_fdcan.c.obj
 .debug_loc     0x00002be7      0x5fb CMakeFiles/Robot_Joint_v2.0.elf.dir/Drivers/STM32G4xx_HAL_Driver/Src/stm32g4xx_hal_flash.c.obj
 .debug_loc     0x000031e2      0x78d CMakeFiles/Robot_Joint_v2.0.elf.dir/Drivers/STM32G4xx_HAL_Driver/Src/stm32g4xx_hal_flash_ex.c.obj
 .debug_loc     0x0000396f      0x3b3 CMakeFiles/Robot_Joint_v2.0.elf.dir/Drivers/STM32G4xx_HAL_Driver/Src/stm32g4xx_hal_gpio.c.obj
 .debug_loc     0x00003d22       0x86 CMakeFiles/Robot_Joint_v2.0.elf.dir/Drivers/STM32G4xx_HAL_Driver/Src/stm32g4xx_hal_iwdg.c.obj
 .debug_loc     0x00003da8      0xa06 CMakeFiles/Robot_Joint_v2.0.elf.dir/Drivers/STM32G4xx_HAL_Driver/Src/stm32g4xx_hal_pwr_ex.c.obj
 .debug_loc     0x000047ae      0x84d CMakeFiles/Robot_Joint_v2.0.elf.dir/Drivers/STM32G4xx_HAL_Driver/Src/stm32g4xx_hal_rcc.c.obj
 .debug_loc     0x00004ffb     0x11a5 CMakeFiles/Robot_Joint_v2.0.elf.dir/Drivers/STM32G4xx_HAL_Driver/Src/stm32g4xx_hal_rcc_ex.c.obj
 .debug_loc     0x000061a0     0x1e0a CMakeFiles/Robot_Joint_v2.0.elf.dir/Drivers/STM32G4xx_HAL_Driver/Src/stm32g4xx_hal_spi.c.obj
 .debug_loc     0x00007faa     0x57f1 CMakeFiles/Robot_Joint_v2.0.elf.dir/Drivers/STM32G4xx_HAL_Driver/Src/stm32g4xx_hal_tim.c.obj
 .debug_loc     0x0000d79b     0x2ddb CMakeFiles/Robot_Joint_v2.0.elf.dir/Drivers/STM32G4xx_HAL_Driver/Src/stm32g4xx_hal_tim_ex.c.obj

.debug_aranges  0x00000000     0x1380
 .debug_aranges
                0x00000000       0x30 CMakeFiles/Robot_Joint_v2.0.elf.dir/Core/Src/fdcan.c.obj
 .debug_aranges
                0x00000030       0x20 CMakeFiles/Robot_Joint_v2.0.elf.dir/Core/Src/gpio.c.obj
 .debug_aranges
                0x00000050       0x20 CMakeFiles/Robot_Joint_v2.0.elf.dir/Core/Src/iwdg.c.obj
 .debug_aranges
                0x00000070       0x30 CMakeFiles/Robot_Joint_v2.0.elf.dir/Core/Src/main.c.obj
 .debug_aranges
                0x000000a0       0x30 CMakeFiles/Robot_Joint_v2.0.elf.dir/Core/Src/spi.c.obj
 .debug_aranges
                0x000000d0       0x20 CMakeFiles/Robot_Joint_v2.0.elf.dir/Core/Src/stm32g4xx_hal_msp.c.obj
 .debug_aranges
                0x000000f0       0x78 CMakeFiles/Robot_Joint_v2.0.elf.dir/Core/Src/stm32g4xx_it.c.obj
 .debug_aranges
                0x00000168       0x28 CMakeFiles/Robot_Joint_v2.0.elf.dir/Core/Src/system_stm32g4xx.c.obj
 .debug_aranges
                0x00000190       0x30 CMakeFiles/Robot_Joint_v2.0.elf.dir/Core/Src/tim.c.obj
 .debug_aranges
                0x000001c0       0x28 CMakeFiles/Robot_Joint_v2.0.elf.dir/Core/Startup/startup_stm32g431kbux.s.obj
 .debug_aranges
                0x000001e8       0x38 CMakeFiles/Robot_Joint_v2.0.elf.dir/Core/User/Src/my_ams.c.obj
 .debug_aranges
                0x00000220       0x60 CMakeFiles/Robot_Joint_v2.0.elf.dir/Core/User/Src/my_fdcan.c.obj
 .debug_aranges
                0x00000280       0x50 CMakeFiles/Robot_Joint_v2.0.elf.dir/Core/User/Src/my_flash.c.obj
 .debug_aranges
                0x000002d0       0x58 CMakeFiles/Robot_Joint_v2.0.elf.dir/Core/User/Src/my_time.c.obj
 .debug_aranges
                0x00000328      0x148 CMakeFiles/Robot_Joint_v2.0.elf.dir/Drivers/STM32G4xx_HAL_Driver/Src/stm32g4xx_hal.c.obj
 .debug_aranges
                0x00000470       0xb8 CMakeFiles/Robot_Joint_v2.0.elf.dir/Drivers/STM32G4xx_HAL_Driver/Src/stm32g4xx_hal_cortex.c.obj
 .debug_aranges
                0x00000528      0x208 CMakeFiles/Robot_Joint_v2.0.elf.dir/Drivers/STM32G4xx_HAL_Driver/Src/stm32g4xx_hal_fdcan.c.obj
 .debug_aranges
                0x00000730       0x88 CMakeFiles/Robot_Joint_v2.0.elf.dir/Drivers/STM32G4xx_HAL_Driver/Src/stm32g4xx_hal_flash.c.obj
 .debug_aranges
                0x000007b8       0xc8 CMakeFiles/Robot_Joint_v2.0.elf.dir/Drivers/STM32G4xx_HAL_Driver/Src/stm32g4xx_hal_flash_ex.c.obj
 .debug_aranges
                0x00000880       0x58 CMakeFiles/Robot_Joint_v2.0.elf.dir/Drivers/STM32G4xx_HAL_Driver/Src/stm32g4xx_hal_gpio.c.obj
 .debug_aranges
                0x000008d8       0x28 CMakeFiles/Robot_Joint_v2.0.elf.dir/Drivers/STM32G4xx_HAL_Driver/Src/stm32g4xx_hal_iwdg.c.obj
 .debug_aranges
                0x00000900      0x140 CMakeFiles/Robot_Joint_v2.0.elf.dir/Drivers/STM32G4xx_HAL_Driver/Src/stm32g4xx_hal_pwr_ex.c.obj
 .debug_aranges
                0x00000a40       0x98 CMakeFiles/Robot_Joint_v2.0.elf.dir/Drivers/STM32G4xx_HAL_Driver/Src/stm32g4xx_hal_rcc.c.obj
 .debug_aranges
                0x00000ad8       0xb0 CMakeFiles/Robot_Joint_v2.0.elf.dir/Drivers/STM32G4xx_HAL_Driver/Src/stm32g4xx_hal_rcc_ex.c.obj
 .debug_aranges
                0x00000b88      0x1d8 CMakeFiles/Robot_Joint_v2.0.elf.dir/Drivers/STM32G4xx_HAL_Driver/Src/stm32g4xx_hal_spi.c.obj
 .debug_aranges
                0x00000d60      0x3e0 CMakeFiles/Robot_Joint_v2.0.elf.dir/Drivers/STM32G4xx_HAL_Driver/Src/stm32g4xx_hal_tim.c.obj
 .debug_aranges
                0x00001140      0x240 CMakeFiles/Robot_Joint_v2.0.elf.dir/Drivers/STM32G4xx_HAL_Driver/Src/stm32g4xx_hal_tim_ex.c.obj

.debug_ranges   0x00000000     0x1298
 .debug_ranges  0x00000000       0x20 CMakeFiles/Robot_Joint_v2.0.elf.dir/Core/Src/fdcan.c.obj
 .debug_ranges  0x00000020       0x10 CMakeFiles/Robot_Joint_v2.0.elf.dir/Core/Src/gpio.c.obj
 .debug_ranges  0x00000030       0x10 CMakeFiles/Robot_Joint_v2.0.elf.dir/Core/Src/iwdg.c.obj
 .debug_ranges  0x00000040       0x20 CMakeFiles/Robot_Joint_v2.0.elf.dir/Core/Src/main.c.obj
 .debug_ranges  0x00000060       0x20 CMakeFiles/Robot_Joint_v2.0.elf.dir/Core/Src/spi.c.obj
 .debug_ranges  0x00000080       0x10 CMakeFiles/Robot_Joint_v2.0.elf.dir/Core/Src/stm32g4xx_hal_msp.c.obj
 .debug_ranges  0x00000090       0x68 CMakeFiles/Robot_Joint_v2.0.elf.dir/Core/Src/stm32g4xx_it.c.obj
 .debug_ranges  0x000000f8       0x18 CMakeFiles/Robot_Joint_v2.0.elf.dir/Core/Src/system_stm32g4xx.c.obj
 .debug_ranges  0x00000110       0x20 CMakeFiles/Robot_Joint_v2.0.elf.dir/Core/Src/tim.c.obj
 .debug_ranges  0x00000130       0x20 CMakeFiles/Robot_Joint_v2.0.elf.dir/Core/Startup/startup_stm32g431kbux.s.obj
 .debug_ranges  0x00000150       0x28 CMakeFiles/Robot_Joint_v2.0.elf.dir/Core/User/Src/my_ams.c.obj
 .debug_ranges  0x00000178       0x68 CMakeFiles/Robot_Joint_v2.0.elf.dir/Core/User/Src/my_fdcan.c.obj
 .debug_ranges  0x000001e0       0x58 CMakeFiles/Robot_Joint_v2.0.elf.dir/Core/User/Src/my_flash.c.obj
 .debug_ranges  0x00000238       0x48 CMakeFiles/Robot_Joint_v2.0.elf.dir/Core/User/Src/my_time.c.obj
 .debug_ranges  0x00000280      0x138 CMakeFiles/Robot_Joint_v2.0.elf.dir/Drivers/STM32G4xx_HAL_Driver/Src/stm32g4xx_hal.c.obj
 .debug_ranges  0x000003b8      0x108 CMakeFiles/Robot_Joint_v2.0.elf.dir/Drivers/STM32G4xx_HAL_Driver/Src/stm32g4xx_hal_cortex.c.obj
 .debug_ranges  0x000004c0      0x1f8 CMakeFiles/Robot_Joint_v2.0.elf.dir/Drivers/STM32G4xx_HAL_Driver/Src/stm32g4xx_hal_fdcan.c.obj
 .debug_ranges  0x000006b8       0x78 CMakeFiles/Robot_Joint_v2.0.elf.dir/Drivers/STM32G4xx_HAL_Driver/Src/stm32g4xx_hal_flash.c.obj
 .debug_ranges  0x00000730       0xb8 CMakeFiles/Robot_Joint_v2.0.elf.dir/Drivers/STM32G4xx_HAL_Driver/Src/stm32g4xx_hal_flash_ex.c.obj
 .debug_ranges  0x000007e8       0x48 CMakeFiles/Robot_Joint_v2.0.elf.dir/Drivers/STM32G4xx_HAL_Driver/Src/stm32g4xx_hal_gpio.c.obj
 .debug_ranges  0x00000830       0x18 CMakeFiles/Robot_Joint_v2.0.elf.dir/Drivers/STM32G4xx_HAL_Driver/Src/stm32g4xx_hal_iwdg.c.obj
 .debug_ranges  0x00000848      0x130 CMakeFiles/Robot_Joint_v2.0.elf.dir/Drivers/STM32G4xx_HAL_Driver/Src/stm32g4xx_hal_pwr_ex.c.obj
 .debug_ranges  0x00000978       0xa0 CMakeFiles/Robot_Joint_v2.0.elf.dir/Drivers/STM32G4xx_HAL_Driver/Src/stm32g4xx_hal_rcc.c.obj
 .debug_ranges  0x00000a18       0xb8 CMakeFiles/Robot_Joint_v2.0.elf.dir/Drivers/STM32G4xx_HAL_Driver/Src/stm32g4xx_hal_rcc_ex.c.obj
 .debug_ranges  0x00000ad0      0x1c8 CMakeFiles/Robot_Joint_v2.0.elf.dir/Drivers/STM32G4xx_HAL_Driver/Src/stm32g4xx_hal_spi.c.obj
 .debug_ranges  0x00000c98      0x3d0 CMakeFiles/Robot_Joint_v2.0.elf.dir/Drivers/STM32G4xx_HAL_Driver/Src/stm32g4xx_hal_tim.c.obj
 .debug_ranges  0x00001068      0x230 CMakeFiles/Robot_Joint_v2.0.elf.dir/Drivers/STM32G4xx_HAL_Driver/Src/stm32g4xx_hal_tim_ex.c.obj

.debug_line     0x00000000    0x14c2e
 .debug_line    0x00000000      0x42e CMakeFiles/Robot_Joint_v2.0.elf.dir/Core/Src/fdcan.c.obj
 .debug_line    0x0000042e      0x21c CMakeFiles/Robot_Joint_v2.0.elf.dir/Core/Src/gpio.c.obj
 .debug_line    0x0000064a      0x285 CMakeFiles/Robot_Joint_v2.0.elf.dir/Core/Src/iwdg.c.obj
 .debug_line    0x000008cf      0x51a CMakeFiles/Robot_Joint_v2.0.elf.dir/Core/Src/main.c.obj
 .debug_line    0x00000de9      0x38e CMakeFiles/Robot_Joint_v2.0.elf.dir/Core/Src/spi.c.obj
 .debug_line    0x00001177      0x208 CMakeFiles/Robot_Joint_v2.0.elf.dir/Core/Src/stm32g4xx_hal_msp.c.obj
 .debug_line    0x0000137f      0x3f0 CMakeFiles/Robot_Joint_v2.0.elf.dir/Core/Src/stm32g4xx_it.c.obj
 .debug_line    0x0000176f      0x252 CMakeFiles/Robot_Joint_v2.0.elf.dir/Core/Src/system_stm32g4xx.c.obj
 .debug_line    0x000019c1      0x357 CMakeFiles/Robot_Joint_v2.0.elf.dir/Core/Src/tim.c.obj
 .debug_line    0x00001d18       0xb8 CMakeFiles/Robot_Joint_v2.0.elf.dir/Core/Startup/startup_stm32g431kbux.s.obj
 .debug_line    0x00001dd0      0x3c5 CMakeFiles/Robot_Joint_v2.0.elf.dir/Core/User/Src/my_ams.c.obj
 .debug_line    0x00002195      0x6d0 CMakeFiles/Robot_Joint_v2.0.elf.dir/Core/User/Src/my_fdcan.c.obj
 .debug_line    0x00002865      0x5fd CMakeFiles/Robot_Joint_v2.0.elf.dir/Core/User/Src/my_flash.c.obj
 .debug_line    0x00002e62      0x673 CMakeFiles/Robot_Joint_v2.0.elf.dir/Core/User/Src/my_time.c.obj
 .debug_line    0x000034d5      0x76d CMakeFiles/Robot_Joint_v2.0.elf.dir/Drivers/STM32G4xx_HAL_Driver/Src/stm32g4xx_hal.c.obj
 .debug_line    0x00003c42      0x82c CMakeFiles/Robot_Joint_v2.0.elf.dir/Drivers/STM32G4xx_HAL_Driver/Src/stm32g4xx_hal_cortex.c.obj
 .debug_line    0x0000446e     0x1a3c CMakeFiles/Robot_Joint_v2.0.elf.dir/Drivers/STM32G4xx_HAL_Driver/Src/stm32g4xx_hal_fdcan.c.obj
 .debug_line    0x00005eaa      0x87c CMakeFiles/Robot_Joint_v2.0.elf.dir/Drivers/STM32G4xx_HAL_Driver/Src/stm32g4xx_hal_flash.c.obj
 .debug_line    0x00006726      0xbf1 CMakeFiles/Robot_Joint_v2.0.elf.dir/Drivers/STM32G4xx_HAL_Driver/Src/stm32g4xx_hal_flash_ex.c.obj
 .debug_line    0x00007317      0x6f0 CMakeFiles/Robot_Joint_v2.0.elf.dir/Drivers/STM32G4xx_HAL_Driver/Src/stm32g4xx_hal_gpio.c.obj
 .debug_line    0x00007a07      0x2ea CMakeFiles/Robot_Joint_v2.0.elf.dir/Drivers/STM32G4xx_HAL_Driver/Src/stm32g4xx_hal_iwdg.c.obj
 .debug_line    0x00007cf1      0xb0c CMakeFiles/Robot_Joint_v2.0.elf.dir/Drivers/STM32G4xx_HAL_Driver/Src/stm32g4xx_hal_pwr_ex.c.obj
 .debug_line    0x000087fd      0xe58 CMakeFiles/Robot_Joint_v2.0.elf.dir/Drivers/STM32G4xx_HAL_Driver/Src/stm32g4xx_hal_rcc.c.obj
 .debug_line    0x00009655     0x10ca CMakeFiles/Robot_Joint_v2.0.elf.dir/Drivers/STM32G4xx_HAL_Driver/Src/stm32g4xx_hal_rcc_ex.c.obj
 .debug_line    0x0000a71f     0x2b0f CMakeFiles/Robot_Joint_v2.0.elf.dir/Drivers/STM32G4xx_HAL_Driver/Src/stm32g4xx_hal_spi.c.obj
 .debug_line    0x0000d22e     0x53db CMakeFiles/Robot_Joint_v2.0.elf.dir/Drivers/STM32G4xx_HAL_Driver/Src/stm32g4xx_hal_tim.c.obj
 .debug_line    0x00012609     0x2625 CMakeFiles/Robot_Joint_v2.0.elf.dir/Drivers/STM32G4xx_HAL_Driver/Src/stm32g4xx_hal_tim_ex.c.obj

.debug_str      0x00000000     0x69bc
 .debug_str     0x00000000      0xd7e CMakeFiles/Robot_Joint_v2.0.elf.dir/Core/Src/fdcan.c.obj
                                0xdf7 (size before relaxing)
 .debug_str     0x00000d7e       0x7d CMakeFiles/Robot_Joint_v2.0.elf.dir/Core/Src/gpio.c.obj
                                0x418 (size before relaxing)
 .debug_str     0x00000dfb       0xa7 CMakeFiles/Robot_Joint_v2.0.elf.dir/Core/Src/iwdg.c.obj
                                0x2a6 (size before relaxing)
 .debug_str     0x00000ea2      0x8a2 CMakeFiles/Robot_Joint_v2.0.elf.dir/Core/Src/main.c.obj
                                0xbf5 (size before relaxing)
 .debug_str     0x00001744      0x24d CMakeFiles/Robot_Joint_v2.0.elf.dir/Core/Src/spi.c.obj
                                0x94a (size before relaxing)
 .debug_str     0x00001991       0x7c CMakeFiles/Robot_Joint_v2.0.elf.dir/Core/Src/stm32g4xx_hal_msp.c.obj
                                0x388 (size before relaxing)
 .debug_str     0x00001a0d      0x14a CMakeFiles/Robot_Joint_v2.0.elf.dir/Core/Src/stm32g4xx_it.c.obj
                                0xca3 (size before relaxing)
 .debug_str     0x00001b57       0xb6 CMakeFiles/Robot_Joint_v2.0.elf.dir/Core/Src/system_stm32g4xx.c.obj
                                0x3c7 (size before relaxing)
 .debug_str     0x00001c0d      0x113 CMakeFiles/Robot_Joint_v2.0.elf.dir/Core/Src/tim.c.obj
                                0xefb (size before relaxing)
 .debug_str     0x00001d20       0x65 CMakeFiles/Robot_Joint_v2.0.elf.dir/Core/Startup/startup_stm32g431kbux.s.obj
                                 0xa9 (size before relaxing)
 .debug_str     0x00001d85      0x13e CMakeFiles/Robot_Joint_v2.0.elf.dir/Core/User/Src/my_ams.c.obj
                                0x8a8 (size before relaxing)
 .debug_str     0x00001ec3      0x349 CMakeFiles/Robot_Joint_v2.0.elf.dir/Core/User/Src/my_fdcan.c.obj
                                0xa16 (size before relaxing)
 .debug_str     0x0000220c      0x1c0 CMakeFiles/Robot_Joint_v2.0.elf.dir/Core/User/Src/my_flash.c.obj
                                0x499 (size before relaxing)
 .debug_str     0x000023cc      0x132 CMakeFiles/Robot_Joint_v2.0.elf.dir/Core/User/Src/my_time.c.obj
                                0x9be (size before relaxing)
 .debug_str     0x000024fe      0x4a5 CMakeFiles/Robot_Joint_v2.0.elf.dir/Drivers/STM32G4xx_HAL_Driver/Src/stm32g4xx_hal.c.obj
                                0xcb6 (size before relaxing)
 .debug_str     0x000029a3      0x46b CMakeFiles/Robot_Joint_v2.0.elf.dir/Drivers/STM32G4xx_HAL_Driver/Src/stm32g4xx_hal_cortex.c.obj
                                0xc16 (size before relaxing)
 .debug_str     0x00002e0e      0xa29 CMakeFiles/Robot_Joint_v2.0.elf.dir/Drivers/STM32G4xx_HAL_Driver/Src/stm32g4xx_hal_fdcan.c.obj
                               0x1281 (size before relaxing)
 .debug_str     0x00003837      0x387 CMakeFiles/Robot_Joint_v2.0.elf.dir/Drivers/STM32G4xx_HAL_Driver/Src/stm32g4xx_hal_flash.c.obj
                                0x69b (size before relaxing)
 .debug_str     0x00003bbe      0x324 CMakeFiles/Robot_Joint_v2.0.elf.dir/Drivers/STM32G4xx_HAL_Driver/Src/stm32g4xx_hal_flash_ex.c.obj
                                0x7b9 (size before relaxing)
 .debug_str     0x00003ee2      0x140 CMakeFiles/Robot_Joint_v2.0.elf.dir/Drivers/STM32G4xx_HAL_Driver/Src/stm32g4xx_hal_gpio.c.obj
                                0x594 (size before relaxing)
 .debug_str     0x00004022       0x68 CMakeFiles/Robot_Joint_v2.0.elf.dir/Drivers/STM32G4xx_HAL_Driver/Src/stm32g4xx_hal_iwdg.c.obj
                                0x2e4 (size before relaxing)
 .debug_str     0x0000408a      0x51a CMakeFiles/Robot_Joint_v2.0.elf.dir/Drivers/STM32G4xx_HAL_Driver/Src/stm32g4xx_hal_pwr_ex.c.obj
                                0x836 (size before relaxing)
 .debug_str     0x000045a4      0x245 CMakeFiles/Robot_Joint_v2.0.elf.dir/Drivers/STM32G4xx_HAL_Driver/Src/stm32g4xx_hal_rcc.c.obj
                                0x883 (size before relaxing)
 .debug_str     0x000047e9      0x3a4 CMakeFiles/Robot_Joint_v2.0.elf.dir/Drivers/STM32G4xx_HAL_Driver/Src/stm32g4xx_hal_rcc_ex.c.obj
                                0xa6a (size before relaxing)
 .debug_str     0x00004b8d      0x58a CMakeFiles/Robot_Joint_v2.0.elf.dir/Drivers/STM32G4xx_HAL_Driver/Src/stm32g4xx_hal_spi.c.obj
                                0xd34 (size before relaxing)
 .debug_str     0x00005117      0xf61 CMakeFiles/Robot_Joint_v2.0.elf.dir/Drivers/STM32G4xx_HAL_Driver/Src/stm32g4xx_hal_tim.c.obj
                               0x18c3 (size before relaxing)
 .debug_str     0x00006078      0x944 CMakeFiles/Robot_Joint_v2.0.elf.dir/Drivers/STM32G4xx_HAL_Driver/Src/stm32g4xx_hal_tim_ex.c.obj
                               0x151b (size before relaxing)

.comment        0x00000000       0x49
 .comment       0x00000000       0x49 CMakeFiles/Robot_Joint_v2.0.elf.dir/Core/Src/fdcan.c.obj
                                 0x4a (size before relaxing)
 .comment       0x00000049       0x4a CMakeFiles/Robot_Joint_v2.0.elf.dir/Core/Src/gpio.c.obj
 .comment       0x00000049       0x4a CMakeFiles/Robot_Joint_v2.0.elf.dir/Core/Src/iwdg.c.obj
 .comment       0x00000049       0x4a CMakeFiles/Robot_Joint_v2.0.elf.dir/Core/Src/main.c.obj
 .comment       0x00000049       0x4a CMakeFiles/Robot_Joint_v2.0.elf.dir/Core/Src/spi.c.obj
 .comment       0x00000049       0x4a CMakeFiles/Robot_Joint_v2.0.elf.dir/Core/Src/stm32g4xx_hal_msp.c.obj
 .comment       0x00000049       0x4a CMakeFiles/Robot_Joint_v2.0.elf.dir/Core/Src/stm32g4xx_it.c.obj
 .comment       0x00000049       0x4a CMakeFiles/Robot_Joint_v2.0.elf.dir/Core/Src/system_stm32g4xx.c.obj
 .comment       0x00000049       0x4a CMakeFiles/Robot_Joint_v2.0.elf.dir/Core/Src/tim.c.obj
 .comment       0x00000049       0x4a CMakeFiles/Robot_Joint_v2.0.elf.dir/Core/User/Src/my_ams.c.obj
 .comment       0x00000049       0x4a CMakeFiles/Robot_Joint_v2.0.elf.dir/Core/User/Src/my_fdcan.c.obj
 .comment       0x00000049       0x4a CMakeFiles/Robot_Joint_v2.0.elf.dir/Core/User/Src/my_flash.c.obj
 .comment       0x00000049       0x4a CMakeFiles/Robot_Joint_v2.0.elf.dir/Core/User/Src/my_time.c.obj
 .comment       0x00000049       0x4a CMakeFiles/Robot_Joint_v2.0.elf.dir/Drivers/STM32G4xx_HAL_Driver/Src/stm32g4xx_hal.c.obj
 .comment       0x00000049       0x4a CMakeFiles/Robot_Joint_v2.0.elf.dir/Drivers/STM32G4xx_HAL_Driver/Src/stm32g4xx_hal_cortex.c.obj
 .comment       0x00000049       0x4a CMakeFiles/Robot_Joint_v2.0.elf.dir/Drivers/STM32G4xx_HAL_Driver/Src/stm32g4xx_hal_fdcan.c.obj
 .comment       0x00000049       0x4a CMakeFiles/Robot_Joint_v2.0.elf.dir/Drivers/STM32G4xx_HAL_Driver/Src/stm32g4xx_hal_flash.c.obj
 .comment       0x00000049       0x4a CMakeFiles/Robot_Joint_v2.0.elf.dir/Drivers/STM32G4xx_HAL_Driver/Src/stm32g4xx_hal_flash_ex.c.obj
 .comment       0x00000049       0x4a CMakeFiles/Robot_Joint_v2.0.elf.dir/Drivers/STM32G4xx_HAL_Driver/Src/stm32g4xx_hal_gpio.c.obj
 .comment       0x00000049       0x4a CMakeFiles/Robot_Joint_v2.0.elf.dir/Drivers/STM32G4xx_HAL_Driver/Src/stm32g4xx_hal_iwdg.c.obj
 .comment       0x00000049       0x4a CMakeFiles/Robot_Joint_v2.0.elf.dir/Drivers/STM32G4xx_HAL_Driver/Src/stm32g4xx_hal_pwr_ex.c.obj
 .comment       0x00000049       0x4a CMakeFiles/Robot_Joint_v2.0.elf.dir/Drivers/STM32G4xx_HAL_Driver/Src/stm32g4xx_hal_rcc.c.obj
 .comment       0x00000049       0x4a CMakeFiles/Robot_Joint_v2.0.elf.dir/Drivers/STM32G4xx_HAL_Driver/Src/stm32g4xx_hal_rcc_ex.c.obj
 .comment       0x00000049       0x4a CMakeFiles/Robot_Joint_v2.0.elf.dir/Drivers/STM32G4xx_HAL_Driver/Src/stm32g4xx_hal_spi.c.obj
 .comment       0x00000049       0x4a CMakeFiles/Robot_Joint_v2.0.elf.dir/Drivers/STM32G4xx_HAL_Driver/Src/stm32g4xx_hal_tim.c.obj
 .comment       0x00000049       0x4a CMakeFiles/Robot_Joint_v2.0.elf.dir/Drivers/STM32G4xx_HAL_Driver/Src/stm32g4xx_hal_tim_ex.c.obj

.debug_frame    0x00000000     0x31dc
 .debug_frame   0x00000000       0x60 CMakeFiles/Robot_Joint_v2.0.elf.dir/Core/Src/fdcan.c.obj
 .debug_frame   0x00000060       0x30 CMakeFiles/Robot_Joint_v2.0.elf.dir/Core/Src/gpio.c.obj
 .debug_frame   0x00000090       0x28 CMakeFiles/Robot_Joint_v2.0.elf.dir/Core/Src/iwdg.c.obj
 .debug_frame   0x000000b8       0x58 CMakeFiles/Robot_Joint_v2.0.elf.dir/Core/Src/main.c.obj
 .debug_frame   0x00000110       0x60 CMakeFiles/Robot_Joint_v2.0.elf.dir/Core/Src/spi.c.obj
 .debug_frame   0x00000170       0x2c CMakeFiles/Robot_Joint_v2.0.elf.dir/Core/Src/stm32g4xx_hal_msp.c.obj
 .debug_frame   0x0000019c       0xf8 CMakeFiles/Robot_Joint_v2.0.elf.dir/Core/Src/stm32g4xx_it.c.obj
 .debug_frame   0x00000294       0x30 CMakeFiles/Robot_Joint_v2.0.elf.dir/Core/Src/system_stm32g4xx.c.obj
 .debug_frame   0x000002c4       0x64 CMakeFiles/Robot_Joint_v2.0.elf.dir/Core/Src/tim.c.obj
 .debug_frame   0x00000328       0x68 CMakeFiles/Robot_Joint_v2.0.elf.dir/Core/User/Src/my_ams.c.obj
 .debug_frame   0x00000390      0x104 CMakeFiles/Robot_Joint_v2.0.elf.dir/Core/User/Src/my_fdcan.c.obj
 .debug_frame   0x00000494       0xd8 CMakeFiles/Robot_Joint_v2.0.elf.dir/Core/User/Src/my_flash.c.obj
 .debug_frame   0x0000056c       0x98 CMakeFiles/Robot_Joint_v2.0.elf.dir/Core/User/Src/my_time.c.obj
 .debug_frame   0x00000604      0x2a4 CMakeFiles/Robot_Joint_v2.0.elf.dir/Drivers/STM32G4xx_HAL_Driver/Src/stm32g4xx_hal.c.obj
 .debug_frame   0x000008a8      0x168 CMakeFiles/Robot_Joint_v2.0.elf.dir/Drivers/STM32G4xx_HAL_Driver/Src/stm32g4xx_hal_cortex.c.obj
 .debug_frame   0x00000a10      0x4a4 CMakeFiles/Robot_Joint_v2.0.elf.dir/Drivers/STM32G4xx_HAL_Driver/Src/stm32g4xx_hal_fdcan.c.obj
 .debug_frame   0x00000eb4      0x138 CMakeFiles/Robot_Joint_v2.0.elf.dir/Drivers/STM32G4xx_HAL_Driver/Src/stm32g4xx_hal_flash.c.obj
 .debug_frame   0x00000fec      0x1f0 CMakeFiles/Robot_Joint_v2.0.elf.dir/Drivers/STM32G4xx_HAL_Driver/Src/stm32g4xx_hal_flash_ex.c.obj
 .debug_frame   0x000011dc       0xd0 CMakeFiles/Robot_Joint_v2.0.elf.dir/Drivers/STM32G4xx_HAL_Driver/Src/stm32g4xx_hal_gpio.c.obj
 .debug_frame   0x000012ac       0x44 CMakeFiles/Robot_Joint_v2.0.elf.dir/Drivers/STM32G4xx_HAL_Driver/Src/stm32g4xx_hal_iwdg.c.obj
 .debug_frame   0x000012f0      0x268 CMakeFiles/Robot_Joint_v2.0.elf.dir/Drivers/STM32G4xx_HAL_Driver/Src/stm32g4xx_hal_pwr_ex.c.obj
 .debug_frame   0x00001558      0x198 CMakeFiles/Robot_Joint_v2.0.elf.dir/Drivers/STM32G4xx_HAL_Driver/Src/stm32g4xx_hal_rcc.c.obj
 .debug_frame   0x000016f0      0x1a0 CMakeFiles/Robot_Joint_v2.0.elf.dir/Drivers/STM32G4xx_HAL_Driver/Src/stm32g4xx_hal_rcc_ex.c.obj
 .debug_frame   0x00001890      0x600 CMakeFiles/Robot_Joint_v2.0.elf.dir/Drivers/STM32G4xx_HAL_Driver/Src/stm32g4xx_hal_spi.c.obj
 .debug_frame   0x00001e90      0xb50 CMakeFiles/Robot_Joint_v2.0.elf.dir/Drivers/STM32G4xx_HAL_Driver/Src/stm32g4xx_hal_tim.c.obj
 .debug_frame   0x000029e0      0x610 CMakeFiles/Robot_Joint_v2.0.elf.dir/Drivers/STM32G4xx_HAL_Driver/Src/stm32g4xx_hal_tim_ex.c.obj
 .debug_frame   0x00002ff0       0x2c c:/progra~2/gnuarm~1/102021~1.10/bin/../lib/gcc/arm-none-eabi/10.3.1/../../../../arm-none-eabi/lib/thumb/v7e-m/nofp\libg.a(lib_a-init.o)
 .debug_frame   0x0000301c       0x2c c:/progra~2/gnuarm~1/102021~1.10/bin/../lib/gcc/arm-none-eabi/10.3.1/../../../../arm-none-eabi/lib/thumb/v7e-m/nofp\libg.a(lib_a-memset.o)
 .debug_frame   0x00003048       0x5c c:/progra~2/gnuarm~1/102021~1.10/bin/../lib/gcc/arm-none-eabi/10.3.1/../../../../arm-none-eabi/lib/thumb/v7e-m/nofp\libg.a(lib_a-__call_atexit.o)
 .debug_frame   0x000030a4       0x20 c:/progra~2/gnuarm~1/102021~1.10/bin/../lib/gcc/arm-none-eabi/10.3.1/../../../../arm-none-eabi/lib/thumb/v7e-m/nofp\libg.a(lib_a-atexit.o)
 .debug_frame   0x000030c4       0x34 c:/progra~2/gnuarm~1/102021~1.10/bin/../lib/gcc/arm-none-eabi/10.3.1/../../../../arm-none-eabi/lib/thumb/v7e-m/nofp\libg.a(lib_a-fini.o)
 .debug_frame   0x000030f8       0xb0 c:/progra~2/gnuarm~1/102021~1.10/bin/../lib/gcc/arm-none-eabi/10.3.1/../../../../arm-none-eabi/lib/thumb/v7e-m/nofp\libg.a(lib_a-lock.o)
 .debug_frame   0x000031a8       0x34 c:/progra~2/gnuarm~1/102021~1.10/bin/../lib/gcc/arm-none-eabi/10.3.1/../../../../arm-none-eabi/lib/thumb/v7e-m/nofp\libg.a(lib_a-__atexit.o)
