Archive member included to satisfy reference by file (symbol)

c:/progra~2/gnuarm~1/102021~1.10/bin/../lib/gcc/arm-none-eabi/10.3.1/thumb/v7e-m/nofp\libgcc.a(_arm_addsubsf3.o)
                              CMakeFiles/Robot_Chassis_v2.0.elf.dir/Core/Src/main.c.obj (__aeabi_ui2f)
c:/progra~2/gnuarm~1/102021~1.10/bin/../lib/gcc/arm-none-eabi/10.3.1/../../../../arm-none-eabi/lib/thumb/v7e-m/nofp\libg.a(lib_a-errno.o)
                              CMakeFiles/Robot_Chassis_v2.0.elf.dir/Core/Src/syscalls.c.obj (__errno)
c:/progra~2/gnuarm~1/102021~1.10/bin/../lib/gcc/arm-none-eabi/10.3.1/../../../../arm-none-eabi/lib/thumb/v7e-m/nofp\libg.a(lib_a-exit.o)
                              c:/progra~2/gnuarm~1/102021~1.10/bin/../lib/gcc/arm-none-eabi/10.3.1/../../../../arm-none-eabi/lib/thumb/v7e-m/nofp/crt0.o (exit)
c:/progra~2/gnuarm~1/102021~1.10/bin/../lib/gcc/arm-none-eabi/10.3.1/../../../../arm-none-eabi/lib/thumb/v7e-m/nofp\libg.a(lib_a-impure.o)
                              c:/progra~2/gnuarm~1/102021~1.10/bin/../lib/gcc/arm-none-eabi/10.3.1/../../../../arm-none-eabi/lib/thumb/v7e-m/nofp\libg.a(lib_a-exit.o) (_global_impure_ptr)
c:/progra~2/gnuarm~1/102021~1.10/bin/../lib/gcc/arm-none-eabi/10.3.1/../../../../arm-none-eabi/lib/thumb/v7e-m/nofp\libg.a(lib_a-init.o)
                              c:/progra~2/gnuarm~1/102021~1.10/bin/../lib/gcc/arm-none-eabi/10.3.1/../../../../arm-none-eabi/lib/thumb/v7e-m/nofp/crt0.o (__libc_init_array)
c:/progra~2/gnuarm~1/102021~1.10/bin/../lib/gcc/arm-none-eabi/10.3.1/../../../../arm-none-eabi/lib/thumb/v7e-m/nofp\libg.a(lib_a-memset.o)
                              c:/progra~2/gnuarm~1/102021~1.10/bin/../lib/gcc/arm-none-eabi/10.3.1/../../../../arm-none-eabi/lib/thumb/v7e-m/nofp/crt0.o (memset)
c:/progra~2/gnuarm~1/102021~1.10/bin/../lib/gcc/arm-none-eabi/10.3.1/../../../../arm-none-eabi/lib/thumb/v7e-m/nofp\libg.a(lib_a-__call_atexit.o)
                              c:/progra~2/gnuarm~1/102021~1.10/bin/../lib/gcc/arm-none-eabi/10.3.1/../../../../arm-none-eabi/lib/thumb/v7e-m/nofp\libg.a(lib_a-exit.o) (__call_exitprocs)
c:/progra~2/gnuarm~1/102021~1.10/bin/../lib/gcc/arm-none-eabi/10.3.1/../../../../arm-none-eabi/lib/thumb/v7e-m/nofp\libg.a(lib_a-atexit.o)
                              c:/progra~2/gnuarm~1/102021~1.10/bin/../lib/gcc/arm-none-eabi/10.3.1/../../../../arm-none-eabi/lib/thumb/v7e-m/nofp\libg.a(lib_a-__call_atexit.o) (atexit)
c:/progra~2/gnuarm~1/102021~1.10/bin/../lib/gcc/arm-none-eabi/10.3.1/../../../../arm-none-eabi/lib/thumb/v7e-m/nofp\libg.a(lib_a-fini.o)
                              c:/progra~2/gnuarm~1/102021~1.10/bin/../lib/gcc/arm-none-eabi/10.3.1/../../../../arm-none-eabi/lib/thumb/v7e-m/nofp\libg.a(lib_a-__call_atexit.o) (__libc_fini_array)
c:/progra~2/gnuarm~1/102021~1.10/bin/../lib/gcc/arm-none-eabi/10.3.1/../../../../arm-none-eabi/lib/thumb/v7e-m/nofp\libg.a(lib_a-lock.o)
                              c:/progra~2/gnuarm~1/102021~1.10/bin/../lib/gcc/arm-none-eabi/10.3.1/../../../../arm-none-eabi/lib/thumb/v7e-m/nofp\libg.a(lib_a-__call_atexit.o) (__retarget_lock_acquire_recursive)
c:/progra~2/gnuarm~1/102021~1.10/bin/../lib/gcc/arm-none-eabi/10.3.1/../../../../arm-none-eabi/lib/thumb/v7e-m/nofp\libg.a(lib_a-__atexit.o)
                              c:/progra~2/gnuarm~1/102021~1.10/bin/../lib/gcc/arm-none-eabi/10.3.1/../../../../arm-none-eabi/lib/thumb/v7e-m/nofp\libg.a(lib_a-atexit.o) (__register_exitproc)

Discarded input sections

 .text          0x00000000        0x0 c:/progra~2/gnuarm~1/102021~1.10/bin/../lib/gcc/arm-none-eabi/10.3.1/thumb/v7e-m/nofp/crti.o
 .data          0x00000000        0x0 c:/progra~2/gnuarm~1/102021~1.10/bin/../lib/gcc/arm-none-eabi/10.3.1/thumb/v7e-m/nofp/crti.o
 .bss           0x00000000        0x0 c:/progra~2/gnuarm~1/102021~1.10/bin/../lib/gcc/arm-none-eabi/10.3.1/thumb/v7e-m/nofp/crti.o
 .data          0x00000000        0x4 c:/progra~2/gnuarm~1/102021~1.10/bin/../lib/gcc/arm-none-eabi/10.3.1/thumb/v7e-m/nofp/crtbegin.o
 .rodata        0x00000000       0x24 c:/progra~2/gnuarm~1/102021~1.10/bin/../lib/gcc/arm-none-eabi/10.3.1/thumb/v7e-m/nofp/crtbegin.o
 .text          0x00000000       0x7c c:/progra~2/gnuarm~1/102021~1.10/bin/../lib/gcc/arm-none-eabi/10.3.1/../../../../arm-none-eabi/lib/thumb/v7e-m/nofp/crt0.o
 .data          0x00000000        0x0 c:/progra~2/gnuarm~1/102021~1.10/bin/../lib/gcc/arm-none-eabi/10.3.1/../../../../arm-none-eabi/lib/thumb/v7e-m/nofp/crt0.o
 .bss           0x00000000        0x0 c:/progra~2/gnuarm~1/102021~1.10/bin/../lib/gcc/arm-none-eabi/10.3.1/../../../../arm-none-eabi/lib/thumb/v7e-m/nofp/crt0.o
 .ARM.extab     0x00000000        0x0 c:/progra~2/gnuarm~1/102021~1.10/bin/../lib/gcc/arm-none-eabi/10.3.1/../../../../arm-none-eabi/lib/thumb/v7e-m/nofp/crt0.o
 .ARM.exidx     0x00000000       0x10 c:/progra~2/gnuarm~1/102021~1.10/bin/../lib/gcc/arm-none-eabi/10.3.1/../../../../arm-none-eabi/lib/thumb/v7e-m/nofp/crt0.o
 .ARM.attributes
[...]
Memory Configuration

Name             Origin             Length             Attributes
RAM              0x20000000         0x00008000         xrw
FLASH            0x08000000         0x00018000         xr
*default*        0x00000000         0xffffffff

Linker script and memory map

LOAD c:/progra~2/gnuarm~1/102021~1.10/bin/../lib/gcc/arm-none-eabi/10.3.1/thumb/v7e-m/nofp/crti.o
LOAD c:/progra~2/gnuarm~1/102021~1.10/bin/../lib/gcc/arm-none-eabi/10.3.1/thumb/v7e-m/nofp/crtbegin.o
LOAD c:/progra~2/gnuarm~1/102021~1.10/bin/../lib/gcc/arm-none-eabi/10.3.1/../../../../arm-none-eabi/lib/thumb/v7e-m/nofp/crt0.o
LOAD CMakeFiles/Robot_Chassis_v2.0.elf.dir/Core/Src/fdcan.c.obj
LOAD CMakeFiles/Robot_Chassis_v2.0.elf.dir/Core/Src/gpio.c.obj
LOAD CMakeFiles/Robot_Chassis_v2.0.elf.dir/Core/Src/iwdg.c.obj
LOAD CMakeFiles/Robot_Chassis_v2.0.elf.dir/Core/Src/main.c.obj
LOAD CMakeFiles/Robot_Chassis_v2.0.elf.dir/Core/Src/stm32g4xx_hal_msp.c.obj
LOAD CMakeFiles/Robot_Chassis_v2.0.elf.dir/Core/Src/stm32g4xx_it.c.obj
LOAD CMakeFiles/Robot_Chassis_v2.0.elf.dir/Core/Src/syscalls.c.obj
LOAD CMakeFiles/Robot_Chassis_v2.0.elf.dir/Core/Src/sysmem.c.obj
LOAD CMakeFiles/Robot_Chassis_v2.0.elf.dir/Core/Src/system_stm32g4xx.c.obj
LOAD CMakeFiles/Robot_Chassis_v2.0.elf.dir/Core/Src/tim.c.obj
LOAD CMakeFiles/Robot_Chassis_v2.0.elf.dir/Core/Startup/startup_stm32g431cbtx.s.obj
LOAD CMakeFiles/Robot_Chassis_v2.0.elf.dir/Core/User/Src/my_agreement.c.obj
LOAD CMakeFiles/Robot_Chassis_v2.0.elf.dir/Core/User/Src/my_fdcan.c.obj
LOAD CMakeFiles/Robot_Chassis_v2.0.elf.dir/Core/User/Src/my_flash.c.obj
LOAD CMakeFiles/Robot_Chassis_v2.0.elf.dir/Core/User/Src/my_ringbuff.c.obj
LOAD CMakeFiles/Robot_Chassis_v2.0.elf.dir/Core/User/Src/my_time.c.obj
LOAD CMakeFiles/Robot_Chassis_v2.0.elf.dir/Core/User/Src/my_usbparse.c.obj
LOAD CMakeFiles/Robot_Chassis_v2.0.elf.dir/Core/User/Src/my_vofa.c.obj
LOAD CMakeFiles/Robot_Chassis_v2.0.elf.dir/Drivers/STM32G4xx_HAL_Driver/Src/stm32g4xx_hal.c.obj
LOAD CMakeFiles/Robot_Chassis_v2.0.elf.dir/Drivers/STM32G4xx_HAL_Driver/Src/stm32g4xx_hal_cortex.c.obj
LOAD CMakeFiles/Robot_Chassis_v2.0.elf.dir/Drivers/STM32G4xx_HAL_Driver/Src/stm32g4xx_hal_dma.c.obj
LOAD CMakeFiles/Robot_Chassis_v2.0.elf.dir/Drivers/STM32G4xx_HAL_Driver/Src/stm32g4xx_hal_dma_ex.c.obj
LOAD CMakeFiles/Robot_Chassis_v2.0.elf.dir/Drivers/STM32G4xx_HAL_Driver/Src/stm32g4xx_hal_exti.c.obj
LOAD CMakeFiles/Robot_Chassis_v2.0.elf.dir/Drivers/STM32G4xx_HAL_Driver/Src/stm32g4xx_hal_fdcan.c.obj
LOAD CMakeFiles/Robot_Chassis_v2.0.elf.dir/Drivers/STM32G4xx_HAL_Driver/Src/stm32g4xx_hal_flash.c.obj
LOAD CMakeFiles/Robot_Chassis_v2.0.elf.dir/Drivers/STM32G4xx_HAL_Driver/Src/stm32g4xx_hal_flash_ex.c.obj
LOAD CMakeFiles/Robot_Chassis_v2.0.elf.dir/Drivers/STM32G4xx_HAL_Driver/Src/stm32g4xx_hal_flash_ramfunc.c.obj
LOAD CMakeFiles/Robot_Chassis_v2.0.elf.dir/Drivers/STM32G4xx_HAL_Driver/Src/stm32g4xx_hal_gpio.c.obj
LOAD CMakeFiles/Robot_Chassis_v2.0.elf.dir/Drivers/STM32G4xx_HAL_Driver/Src/stm32g4xx_hal_iwdg.c.obj
LOAD CMakeFiles/Robot_Chassis_v2.0.elf.dir/Drivers/STM32G4xx_HAL_Driver/Src/stm32g4xx_hal_pcd.c.obj
LOAD CMakeFiles/Robot_Chassis_v2.0.elf.dir/Drivers/STM32G4xx_HAL_Driver/Src/stm32g4xx_hal_pcd_ex.c.obj
LOAD CMakeFiles/Robot_Chassis_v2.0.elf.dir/Drivers/STM32G4xx_HAL_Driver/Src/stm32g4xx_hal_pwr.c.obj
LOAD CMakeFiles/Robot_Chassis_v2.0.elf.dir/Drivers/STM32G4xx_HAL_Driver/Src/stm32g4xx_hal_pwr_ex.c.obj
LOAD CMakeFiles/Robot_Chassis_v2.0.elf.dir/Drivers/STM32G4xx_HAL_Driver/Src/stm32g4xx_hal_rcc.c.obj
LOAD CMakeFiles/Robot_Chassis_v2.0.elf.dir/Drivers/STM32G4xx_HAL_Driver/Src/stm32g4xx_hal_rcc_ex.c.obj
LOAD CMakeFiles/Robot_Chassis_v2.0.elf.dir/Drivers/STM32G4xx_HAL_Driver/Src/stm32g4xx_hal_tim.c.obj
LOAD CMakeFiles/Robot_Chassis_v2.0.elf.dir/Drivers/STM32G4xx_HAL_Driver/Src/stm32g4xx_hal_tim_ex.c.obj
LOAD CMakeFiles/Robot_Chassis_v2.0.elf.dir/Drivers/STM32G4xx_HAL_Driver/Src/stm32g4xx_ll_usb.c.obj
LOAD CMakeFiles/Robot_Chassis_v2.0.elf.dir/Middlewares/ST/STM32_USB_Device_Library/Class/CDC/Src/usbd_cdc.c.obj
LOAD CMakeFiles/Robot_Chassis_v2.0.elf.dir/Middlewares/ST/STM32_USB_Device_Library/Core/Src/usbd_core.c.obj
LOAD CMakeFiles/Robot_Chassis_v2.0.elf.dir/Middlewares/ST/STM32_USB_Device_Library/Core/Src/usbd_ctlreq.c.obj
LOAD CMakeFiles/Robot_Chassis_v2.0.elf.dir/Middlewares/ST/STM32_USB_Device_Library/Core/Src/usbd_ioreq.c.obj
LOAD CMakeFiles/Robot_Chassis_v2.0.elf.dir/USB_Device/App/usb_device.c.obj
LOAD CMakeFiles/Robot_Chassis_v2.0.elf.dir/USB_Device/App/usbd_cdc_if.c.obj
LOAD CMakeFiles/Robot_Chassis_v2.0.elf.dir/USB_Device/App/usbd_desc.c.obj
LOAD CMakeFiles/Robot_Chassis_v2.0.elf.dir/USB_Device/Target/usbd_conf.c.obj
START GROUP
LOAD c:/progra~2/gnuarm~1/102021~1.10/bin/../lib/gcc/arm-none-eabi/10.3.1/thumb/v7e-m/nofp\libgcc.a
LOAD c:/progra~2/gnuarm~1/102021~1.10/bin/../lib/gcc/arm-none-eabi/10.3.1/../../../../arm-none-eabi/lib/thumb/v7e-m/nofp\libg.a
LOAD c:/progra~2/gnuarm~1/102021~1.10/bin/../lib/gcc/arm-none-eabi/10.3.1/../../../../arm-none-eabi/lib/thumb/v7e-m/nofp\libc.a
END GROUP
LOAD c:/progra~2/gnuarm~1/102021~1.10/bin/../lib/gcc/arm-none-eabi/10.3.1/thumb/v7e-m/nofp/crtend.o
LOAD c:/progra~2/gnuarm~1/102021~1.10/bin/../lib/gcc/arm-none-eabi/10.3.1/thumb/v7e-m/nofp/crtn.o
                0x20008000                _estack = (ORIGIN (RAM) + LENGTH (RAM))
                0x00000200                _Min_Heap_Size = 0x200
                0x00000400                _Min_Stack_Size = 0x400

.isr_vector     0x08000000      0x1d8
                0x08000000                . = ALIGN (0x4)
 *(.isr_vector)
 .isr_vector    0x08000000      0x1d8 CMakeFiles/Robot_Chassis_v2.0.elf.dir/Core/Startup/startup_stm32g431cbtx.s.obj
                0x08000000                g_pfnVectors
                0x080001d8                . = ALIGN (0x4)

.text           0x080001d8     0x6960
                0x080001d8                . = ALIGN (0x4)
 *(.text)
 .text          0x080001d8       0x40 c:/progra~2/gnuarm~1/102021~1.10/bin/../lib/gcc/arm-none-eabi/10.3.1/thumb/v7e-m/nofp/crtbegin.o
 .text          0x08000218      0x21c c:/progra~2/gnuarm~1/102021~1.10/bin/../lib/gcc/arm-none-eabi/10.3.1/thumb/v7e-m/nofp\libgcc.a(_arm_addsubsf3.o)
                0x08000218                __aeabi_frsub
                0x08000220                __subsf3
                0x08000220                __aeabi_fsub
                0x08000224                __aeabi_fadd
                0x08000224                __addsf3
                0x08000384                __aeabi_ui2f
                0x08000384                __floatunsisf
                0x0800038c                __aeabi_i2f
                0x0800038c                __floatsisf
                0x080003a8                __aeabi_ul2f
                0x080003a8                __floatundisf
                0x080003b8                __aeabi_l2f
                0x080003b8                __floatdisf
 *(.text*)
 .text.MX_FDCAN1_Init
                0x08000434       0x54 CMakeFiles/Robot_Chassis_v2.0.elf.dir/Core/Src/fdcan.c.obj
                0x08000434                MX_FDCAN1_Init
 .text.HAL_FDCAN_MspInit
                0x08000488       0xb4 CMakeFiles/Robot_Chassis_v2.0.elf.dir/Core/Src/fdcan.c.obj
                0x08000488                HAL_FDCAN_MspInit
 .text.MX_GPIO_Init
                0x0800053c       0x8c CMakeFiles/Robot_Chassis_v2.0.elf.dir/Core/Src/gpio.c.obj
                0x0800053c                MX_GPIO_Init
 .text.MX_IWDG_Init
                0x080005c8       0x2c CMakeFiles/Robot_Chassis_v2.0.elf.dir/Core/Src/iwdg.c.obj
                0x080005c8                MX_IWDG_Init
 .text.UsbReset
                0x080005f4       0x64 CMakeFiles/Robot_Chassis_v2.0.elf.dir/Core/Src/main.c.obj
                0x080005f4                UsbReset
 .text.SendDatAconformity
                0x08000658       0xf4 CMakeFiles/Robot_Chassis_v2.0.elf.dir/Core/Src/main.c.obj
                0x08000658                SendDatAconformity
 .text.Error_Handler
                0x0800074c        0x4 CMakeFiles/Robot_Chassis_v2.0.elf.dir/Core/Src/main.c.obj
                0x0800074c                Error_Handler
 .text.SystemClock_Config
                0x08000750       0x74 CMakeFiles/Robot_Chassis_v2.0.elf.dir/Core/Src/main.c.obj
                0x08000750                SystemClock_Config
 .text.main     0x080007c4      0x100 CMakeFiles/Robot_Chassis_v2.0.elf.dir/Core/Src/main.c.obj
                0x080007c4                main
 .text.HAL_MspInit
                0x080008c4       0x38 CMakeFiles/Robot_Chassis_v2.0.elf.dir/Core/Src/stm32g4xx_hal_msp.c.obj
                0x080008c4                HAL_MspInit
 .text.NMI_Handler
                0x080008fc        0x2 CMakeFiles/Robot_Chassis_v2.0.elf.dir/Core/Src/stm32g4xx_it.c.obj
                0x080008fc                NMI_Handler
 .text.HardFault_Handler
                0x080008fe        0x2 CMakeFiles/Robot_Chassis_v2.0.elf.dir/Core/Src/stm32g4xx_it.c.obj
                0x080008fe                HardFault_Handler
 .text.MemManage_Handler
                0x08000900        0x2 CMakeFiles/Robot_Chassis_v2.0.elf.dir/Core/Src/stm32g4xx_it.c.obj
                0x08000900                MemManage_Handler
 .text.BusFault_Handler
                0x08000902        0x2 CMakeFiles/Robot_Chassis_v2.0.elf.dir/Core/Src/stm32g4xx_it.c.obj
                0x08000902                BusFault_Handler
 .text.UsageFault_Handler
                0x08000904        0x2 CMakeFiles/Robot_Chassis_v2.0.elf.dir/Core/Src/stm32g4xx_it.c.obj
                0x08000904                UsageFault_Handler
 .text.SVC_Handler
                0x08000906        0x2 CMakeFiles/Robot_Chassis_v2.0.elf.dir/Core/Src/stm32g4xx_it.c.obj
                0x08000906                SVC_Handler
 .text.DebugMon_Handler
                0x08000908        0x2 CMakeFiles/Robot_Chassis_v2.0.elf.dir/Core/Src/stm32g4xx_it.c.obj
                0x08000908                DebugMon_Handler
 .text.PendSV_Handler
                0x0800090a        0x2 CMakeFiles/Robot_Chassis_v2.0.elf.dir/Core/Src/stm32g4xx_it.c.obj
                0x0800090a                PendSV_Handler
 .text.SysTick_Handler
                0x0800090c        0x8 CMakeFiles/Robot_Chassis_v2.0.elf.dir/Core/Src/stm32g4xx_it.c.obj
                0x0800090c                SysTick_Handler
 .text.USB_LP_IRQHandler
                0x08000914       0x10 CMakeFiles/Robot_Chassis_v2.0.elf.dir/Core/Src/stm32g4xx_it.c.obj
                0x08000914                USB_LP_IRQHandler
 .text.FDCAN1_IT0_IRQHandler
                0x08000924       0x10 CMakeFiles/Robot_Chassis_v2.0.elf.dir/Core/Src/stm32g4xx_it.c.obj
                0x08000924                FDCAN1_IT0_IRQHandler
 .text.FDCAN1_IT1_IRQHandler
                0x08000934       0x10 CMakeFiles/Robot_Chassis_v2.0.elf.dir/Core/Src/stm32g4xx_it.c.obj
                0x08000934                FDCAN1_IT1_IRQHandler
 .text.TIM7_IRQHandler
                0x08000944       0x10 CMakeFiles/Robot_Chassis_v2.0.elf.dir/Core/Src/stm32g4xx_it.c.obj
                0x08000944                TIM7_IRQHandler
 .text.SystemInit
                0x08000954        0x2 CMakeFiles/Robot_Chassis_v2.0.elf.dir/Core/Src/system_stm32g4xx.c.obj
                0x08000954                SystemInit
 *fill*         0x08000956        0x2 
 .text.MX_TIM7_Init
                0x08000958       0x50 CMakeFiles/Robot_Chassis_v2.0.elf.dir/Core/Src/tim.c.obj
                0x08000958                MX_TIM7_Init
 .text.HAL_TIM_Base_MspInit
                0x080009a8       0x40 CMakeFiles/Robot_Chassis_v2.0.elf.dir/Core/Src/tim.c.obj
                0x080009a8                HAL_TIM_Base_MspInit
 .text.Reset_Handler
                0x080009e8       0x50 CMakeFiles/Robot_Chassis_v2.0.elf.dir/Core/Startup/startup_stm32g431cbtx.s.obj
                0x080009e8                Reset_Handler
 .text.Default_Handler
                0x08000a38        0x2 CMakeFiles/Robot_Chassis_v2.0.elf.dir/Core/Startup/startup_stm32g431cbtx.s.obj
                0x08000a38                RTC_Alarm_IRQHandler
                0x08000a38                EXTI2_IRQHandler
                0x08000a38                TIM8_TRG_COM_IRQHandler
                0x08000a38                TIM8_CC_IRQHandler
                0x08000a38                TIM1_CC_IRQHandler
                0x08000a38                USB_HP_IRQHandler
                0x08000a38                CORDIC_IRQHandler
                0x08000a38                EXTI3_IRQHandler
                0x08000a38                I2C3_ER_IRQHandler
                0x08000a38                EXTI0_IRQHandler
                0x08000a38                I2C2_EV_IRQHandler
                0x08000a38                FPU_IRQHandler
                0x08000a38                TIM1_UP_TIM16_IRQHandler
                0x08000a38                ADC1_2_IRQHandler
                0x08000a38                SPI1_IRQHandler
                0x08000a38                TIM6_DAC_IRQHandler
                0x08000a38                TIM8_UP_IRQHandler
                0x08000a38                DMA2_Channel2_IRQHandler
                0x08000a38                DMA1_Channel4_IRQHandler
                0x08000a38                USART3_IRQHandler
                0x08000a38                TIM4_IRQHandler
                0x08000a38                DMA2_Channel1_IRQHandler
                0x08000a38                I2C1_EV_IRQHandler
                0x08000a38                DMA1_Channel6_IRQHandler
                0x08000a38                UART4_IRQHandler
                0x08000a38                DMA2_Channel4_IRQHandler
                0x08000a38                TIM3_IRQHandler
                0x08000a38                RCC_IRQHandler
                0x08000a38                DMA1_Channel1_IRQHandler
                0x08000a38                Default_Handler
                0x08000a38                RTC_TAMP_LSECSS_IRQHandler
                0x08000a38                FMAC_IRQHandler
                0x08000a38                EXTI15_10_IRQHandler
                0x08000a38                UCPD1_IRQHandler
                0x08000a38                I2C3_EV_IRQHandler
                0x08000a38                EXTI9_5_IRQHandler
                0x08000a38                RTC_WKUP_IRQHandler
                0x08000a38                PVD_PVM_IRQHandler
                0x08000a38                SPI2_IRQHandler
                0x08000a38                DMA2_Channel5_IRQHandler
                0x08000a38                CRS_IRQHandler
                0x08000a38                DMA1_Channel5_IRQHandler
                0x08000a38                EXTI4_IRQHandler
                0x08000a38                RNG_IRQHandler
                0x08000a38                TIM1_TRG_COM_TIM17_IRQHandler
                0x08000a38                DMA1_Channel3_IRQHandler
                0x08000a38                WWDG_IRQHandler
                0x08000a38                LPUART1_IRQHandler
                0x08000a38                DMA2_Channel6_IRQHandler
                0x08000a38                TIM2_IRQHandler
                0x08000a38                COMP1_2_3_IRQHandler
                0x08000a38                EXTI1_IRQHandler
                0x08000a38                USART2_IRQHandler
                0x08000a38                I2C2_ER_IRQHandler
                0x08000a38                DMA1_Channel2_IRQHandler
                0x08000a38                TIM8_BRK_IRQHandler
                0x08000a38                FLASH_IRQHandler
                0x08000a38                USART1_IRQHandler
                0x08000a38                SPI3_IRQHandler
                0x08000a38                I2C1_ER_IRQHandler
                0x08000a38                LPTIM1_IRQHandler
                0x08000a38                DMAMUX_OVR_IRQHandler
                0x08000a38                USBWakeUp_IRQHandler
                0x08000a38                SAI1_IRQHandler
                0x08000a38                DMA2_Channel3_IRQHandler
                0x08000a38                COMP4_IRQHandler
                0x08000a38                TIM1_BRK_TIM15_IRQHandler
 *fill*         0x08000a3a        0x2 
 .text.GeneralFrameUPInit
                0x08000a3c       0xa8 CMakeFiles/Robot_Chassis_v2.0.elf.dir/Core/User/Src/my_agreement.c.obj
                0x08000a3c                GeneralFrameUPInit
 .text.DataEncapsula
                0x08000ae4       0x7c CMakeFiles/Robot_Chassis_v2.0.elf.dir/Core/User/Src/my_agreement.c.obj
                0x08000ae4                DataEncapsula
 .text.GetPackSize
                0x08000b60        0xa CMakeFiles/Robot_Chassis_v2.0.elf.dir/Core/User/Src/my_agreement.c.obj
                0x08000b60                GetPackSize
 .text.BootPack
                0x08000b6a       0x22 CMakeFiles/Robot_Chassis_v2.0.elf.dir/Core/User/Src/my_agreement.c.obj
                0x08000b6a                BootPack
 .text.Crc16Verify
                0x08000b8c       0x3c CMakeFiles/Robot_Chassis_v2.0.elf.dir/Core/User/Src/my_agreement.c.obj
                0x08000b8c                Crc16Verify
 .text.AgreementEncapsula
                0x08000bc8       0x7a CMakeFiles/Robot_Chassis_v2.0.elf.dir/Core/User/Src/my_agreement.c.obj
                0x08000bc8                AgreementEncapsula
 *fill*         0x08000c42        0x2 
 .text.AnalyseData
                0x08000c44      0x140 CMakeFiles/Robot_Chassis_v2.0.elf.dir/Core/User/Src/my_fdcan.c.obj
 .text.GetFdCanBoot
                0x08000d84       0x84 CMakeFiles/Robot_Chassis_v2.0.elf.dir/Core/User/Src/my_fdcan.c.obj
 .text.GetFDcanData
                0x08000e08      0x158 CMakeFiles/Robot_Chassis_v2.0.elf.dir/Core/User/Src/my_fdcan.c.obj
 .text.CanFilterInit
                0x08000f60       0x34 CMakeFiles/Robot_Chassis_v2.0.elf.dir/Core/User/Src/my_fdcan.c.obj
 .text.CanInit  0x08000f94       0x20 CMakeFiles/Robot_Chassis_v2.0.elf.dir/Core/User/Src/my_fdcan.c.obj
                0x08000f94                CanInit
 .text.CanSendMsg
                0x08000fb4       0x48 CMakeFiles/Robot_Chassis_v2.0.elf.dir/Core/User/Src/my_fdcan.c.obj
                0x08000fb4                CanSendMsg
 .text.HAL_FDCAN_RxFifo0Callback
                0x08000ffc       0x64 CMakeFiles/Robot_Chassis_v2.0.elf.dir/Core/User/Src/my_fdcan.c.obj
                0x08000ffc                HAL_FDCAN_RxFifo0Callback
 .text.FlashReadWord
                0x08001060        0x4 CMakeFiles/Robot_Chassis_v2.0.elf.dir/Core/User/Src/my_flash.c.obj
                0x08001060                FlashReadWord
 .text.FlashRead
                0x08001064       0x20 CMakeFiles/Robot_Chassis_v2.0.elf.dir/Core/User/Src/my_flash.c.obj
                0x08001064                FlashRead
 .text.RingBuffFull
                0x08001084       0x28 CMakeFiles/Robot_Chassis_v2.0.elf.dir/Core/User/Src/my_ringbuff.c.obj
 .text.RingBuffWriteOneByte
                0x080010ac       0x40 CMakeFiles/Robot_Chassis_v2.0.elf.dir/Core/User/Src/my_ringbuff.c.obj
 .text.RingBuffInit
                0x080010ec       0x12 CMakeFiles/Robot_Chassis_v2.0.elf.dir/Core/User/Src/my_ringbuff.c.obj
                0x080010ec                RingBuffInit
 .text.RingBuffEmpty
                0x080010fe       0x1a CMakeFiles/Robot_Chassis_v2.0.elf.dir/Core/User/Src/my_ringbuff.c.obj
                0x080010fe                RingBuffEmpty
 .text.RingBuffGetOneByte
                0x08001118       0x40 CMakeFiles/Robot_Chassis_v2.0.elf.dir/Core/User/Src/my_ringbuff.c.obj
 .text.RingBuffReadNByte
                0x08001158       0x4c CMakeFiles/Robot_Chassis_v2.0.elf.dir/Core/User/Src/my_ringbuff.c.obj
                0x08001158                RingBuffReadNByte
 .text.RingBuffGetNByte
                0x080011a4       0x2a CMakeFiles/Robot_Chassis_v2.0.elf.dir/Core/User/Src/my_ringbuff.c.obj
                0x080011a4                RingBuffGetNByte
 .text.RingBuffWriteNByte
                0x080011ce       0x2a CMakeFiles/Robot_Chassis_v2.0.elf.dir/Core/User/Src/my_ringbuff.c.obj
                0x080011ce                RingBuffWriteNByte
 .text.RingBuffGetLen
                0x080011f8       0x36 CMakeFiles/Robot_Chassis_v2.0.elf.dir/Core/User/Src/my_ringbuff.c.obj
                0x080011f8                RingBuffGetLen
 .text.RingBuffRemoveOneByte
                0x0800122e       0x28 CMakeFiles/Robot_Chassis_v2.0.elf.dir/Core/User/Src/my_ringbuff.c.obj
                0x0800122e                RingBuffRemoveOneByte
 .text.RingBuffRemoveNByte
                0x08001256       0x24 CMakeFiles/Robot_Chassis_v2.0.elf.dir/Core/User/Src/my_ringbuff.c.obj
                0x08001256                RingBuffRemoveNByte
 .text.RingBuffClear
                0x0800127a        0x8 CMakeFiles/Robot_Chassis_v2.0.elf.dir/Core/User/Src/my_ringbuff.c.obj
                0x0800127a                RingBuffClear
 .text.RingBuffGetIndexItem
                0x08001282       0x28 CMakeFiles/Robot_Chassis_v2.0.elf.dir/Core/User/Src/my_ringbuff.c.obj
                0x08001282                RingBuffGetIndexItem
 .text.RingBuffReWriteIndexItem
                0x080012aa       0x2e CMakeFiles/Robot_Chassis_v2.0.elf.dir/Core/User/Src/my_ringbuff.c.obj
                0x080012aa                RingBuffReWriteIndexItem
 .text.SoftTimerDec
                0x080012d8       0x20 CMakeFiles/Robot_Chassis_v2.0.elf.dir/Core/User/Src/my_time.c.obj
 .text.InitTimer
                0x080012f8       0x30 CMakeFiles/Robot_Chassis_v2.0.elf.dir/Core/User/Src/my_time.c.obj
                0x080012f8                InitTimer
 .text.HAL_TIM_PeriodElapsedCallback
                0x08001328       0x7c CMakeFiles/Robot_Chassis_v2.0.elf.dir/Core/User/Src/my_time.c.obj
                0x08001328                HAL_TIM_PeriodElapsedCallback
 .text.StartAutoTimer
                0x080013a4       0x2c CMakeFiles/Robot_Chassis_v2.0.elf.dir/Core/User/Src/my_time.c.obj
                0x080013a4                StartAutoTimer
 .text.CheckTimer
                0x080013d0       0x34 CMakeFiles/Robot_Chassis_v2.0.elf.dir/Core/User/Src/my_time.c.obj
                0x080013d0                CheckTimer
 .text.SetDaisySensorZero
                0x08001404       0x3c CMakeFiles/Robot_Chassis_v2.0.elf.dir/Core/User/Src/my_usbparse.c.obj
 .text.SetDaisySensorDirection
                0x08001440       0x3c CMakeFiles/Robot_Chassis_v2.0.elf.dir/Core/User/Src/my_usbparse.c.obj
 .text.SetDaisySensorFlash
                0x0800147c       0x3c CMakeFiles/Robot_Chassis_v2.0.elf.dir/Core/User/Src/my_usbparse.c.obj
 .text.SetDaisySensorUpgrade
                0x080014b8       0x3c CMakeFiles/Robot_Chassis_v2.0.elf.dir/Core/User/Src/my_usbparse.c.obj
 .text.SetDaisySensorUpgradeall
                0x080014f4       0x56 CMakeFiles/Robot_Chassis_v2.0.elf.dir/Core/User/Src/my_usbparse.c.obj
 *fill*         0x0800154a        0x2 
 .text.CanFlashMoveData
                0x0800154c      0x208 CMakeFiles/Robot_Chassis_v2.0.elf.dir/Core/User/Src/my_usbparse.c.obj
 .text.CanFlashMoveDataAll
                0x08001754      0x248 CMakeFiles/Robot_Chassis_v2.0.elf.dir/Core/User/Src/my_usbparse.c.obj
 .text.RingBuffMoveRight
                0x0800199c       0x4c CMakeFiles/Robot_Chassis_v2.0.elf.dir/Core/User/Src/my_usbparse.c.obj
                0x0800199c                RingBuffMoveRight
 .text.ChangeData
                0x080019e8       0x1c CMakeFiles/Robot_Chassis_v2.0.elf.dir/Core/User/Src/my_usbparse.c.obj
                0x080019e8                ChangeData
 .text.TurnOfAllDev
                0x08001a04       0x4a CMakeFiles/Robot_Chassis_v2.0.elf.dir/Core/User/Src/my_usbparse.c.obj
                0x08001a04                TurnOfAllDev
 .text.TurnOnAllDev
                0x08001a4e       0x4a CMakeFiles/Robot_Chassis_v2.0.elf.dir/Core/User/Src/my_usbparse.c.obj
                0x08001a4e                TurnOnAllDev
 .text.USBReceiveDataProcess
                0x08001a98       0xa0 CMakeFiles/Robot_Chassis_v2.0.elf.dir/Core/User/Src/my_usbparse.c.obj
                0x08001a98                USBReceiveDataProcess
 .text.ReceiveDisassembly
                0x08001b38       0xbc CMakeFiles/Robot_Chassis_v2.0.elf.dir/Core/User/Src/my_usbparse.c.obj
                0x08001b38                ReceiveDisassembly
 .text.BOARDUploadStart
                0x08001bf4       0x14 CMakeFiles/Robot_Chassis_v2.0.elf.dir/Core/User/Src/my_vofa.c.obj
                0x08001bf4                BOARDUploadStart
 .text.HAL_InitTick
                0x08001c08       0x50 CMakeFiles/Robot_Chassis_v2.0.elf.dir/Drivers/STM32G4xx_HAL_Driver/Src/stm32g4xx_hal.c.obj
                0x08001c08                HAL_InitTick
 .text.HAL_Init
                0x08001c58       0x1e CMakeFiles/Robot_Chassis_v2.0.elf.dir/Drivers/STM32G4xx_HAL_Driver/Src/stm32g4xx_hal.c.obj
                0x08001c58                HAL_Init
 *fill*         0x08001c76        0x2 
 .text.HAL_IncTick
                0x08001c78       0x18 CMakeFiles/Robot_Chassis_v2.0.elf.dir/Drivers/STM32G4xx_HAL_Driver/Src/stm32g4xx_hal.c.obj
                0x08001c78                HAL_IncTick
 .text.HAL_GetTick
                0x08001c90        0xc CMakeFiles/Robot_Chassis_v2.0.elf.dir/Drivers/STM32G4xx_HAL_Driver/Src/stm32g4xx_hal.c.obj
                0x08001c90                HAL_GetTick
 .text.HAL_Delay
                0x08001c9c       0x28 CMakeFiles/Robot_Chassis_v2.0.elf.dir/Drivers/STM32G4xx_HAL_Driver/Src/stm32g4xx_hal.c.obj
                0x08001c9c                HAL_Delay
 .text.HAL_NVIC_SetPriorityGrouping
                0x08001cc4       0x24 CMakeFiles/Robot_Chassis_v2.0.elf.dir/Drivers/STM32G4xx_HAL_Driver/Src/stm32g4xx_hal_cortex.c.obj
                0x08001cc4                HAL_NVIC_SetPriorityGrouping
 .text.HAL_NVIC_SetPriority
                0x08001ce8       0x70 CMakeFiles/Robot_Chassis_v2.0.elf.dir/Drivers/STM32G4xx_HAL_Driver/Src/stm32g4xx_hal_cortex.c.obj
                0x08001ce8                HAL_NVIC_SetPriority
 .text.HAL_NVIC_EnableIRQ
                0x08001d58       0x1c CMakeFiles/Robot_Chassis_v2.0.elf.dir/Drivers/STM32G4xx_HAL_Driver/Src/stm32g4xx_hal_cortex.c.obj
                0x08001d58                HAL_NVIC_EnableIRQ
 .text.HAL_SYSTICK_Config
                0x08001d74       0x28 CMakeFiles/Robot_Chassis_v2.0.elf.dir/Drivers/STM32G4xx_HAL_Driver/Src/stm32g4xx_hal_cortex.c.obj
                0x08001d74                HAL_SYSTICK_Config
 .text.FDCAN_CalcultateRamBlockAddresses
                0x08001d9c       0x64 CMakeFiles/Robot_Chassis_v2.0.elf.dir/Drivers/STM32G4xx_HAL_Driver/Src/stm32g4xx_hal_fdcan.c.obj
 .text.FDCAN_CopyMessageToRAM
                0x08001e00       0x88 CMakeFiles/Robot_Chassis_v2.0.elf.dir/Drivers/STM32G4xx_HAL_Driver/Src/stm32g4xx_hal_fdcan.c.obj
 .text.HAL_FDCAN_Init
                0x08001e88      0x1d4 CMakeFiles/Robot_Chassis_v2.0.elf.dir/Drivers/STM32G4xx_HAL_Driver/Src/stm32g4xx_hal_fdcan.c.obj
                0x08001e88                HAL_FDCAN_Init
 .text.HAL_FDCAN_ConfigFilter
                0x0800205c       0x60 CMakeFiles/Robot_Chassis_v2.0.elf.dir/Drivers/STM32G4xx_HAL_Driver/Src/stm32g4xx_hal_fdcan.c.obj
                0x0800205c                HAL_FDCAN_ConfigFilter
 .text.HAL_FDCAN_Start
                0x080020bc       0x2e CMakeFiles/Robot_Chassis_v2.0.elf.dir/Drivers/STM32G4xx_HAL_Driver/Src/stm32g4xx_hal_fdcan.c.obj
                0x080020bc                HAL_FDCAN_Start
 .text.HAL_FDCAN_AddMessageToTxFifoQ
                0x080020ea       0x52 CMakeFiles/Robot_Chassis_v2.0.elf.dir/Drivers/STM32G4xx_HAL_Driver/Src/stm32g4xx_hal_fdcan.c.obj
                0x080020ea                HAL_FDCAN_AddMessageToTxFifoQ
 .text.HAL_FDCAN_GetRxMessage
                0x0800213c      0x164 CMakeFiles/Robot_Chassis_v2.0.elf.dir/Drivers/STM32G4xx_HAL_Driver/Src/stm32g4xx_hal_fdcan.c.obj
                0x0800213c                HAL_FDCAN_GetRxMessage
 .text.HAL_FDCAN_ActivateNotification
                0x080022a0      0x106 CMakeFiles/Robot_Chassis_v2.0.elf.dir/Drivers/STM32G4xx_HAL_Driver/Src/stm32g4xx_hal_fdcan.c.obj
                0x080022a0                HAL_FDCAN_ActivateNotification
 .text.HAL_FDCAN_TxEventFifoCallback
                0x080023a6        0x2 CMakeFiles/Robot_Chassis_v2.0.elf.dir/Drivers/STM32G4xx_HAL_Driver/Src/stm32g4xx_hal_fdcan.c.obj
                0x080023a6                HAL_FDCAN_TxEventFifoCallback
 .text.HAL_FDCAN_RxFifo1Callback
                0x080023a8        0x2 CMakeFiles/Robot_Chassis_v2.0.elf.dir/Drivers/STM32G4xx_HAL_Driver/Src/stm32g4xx_hal_fdcan.c.obj
                0x080023a8                HAL_FDCAN_RxFifo1Callback
 .text.HAL_FDCAN_TxFifoEmptyCallback
                0x080023aa        0x2 CMakeFiles/Robot_Chassis_v2.0.elf.dir/Drivers/STM32G4xx_HAL_Driver/Src/stm32g4xx_hal_fdcan.c.obj
                0x080023aa                HAL_FDCAN_TxFifoEmptyCallback
 .text.HAL_FDCAN_TxBufferCompleteCallback
                0x080023ac        0x2 CMakeFiles/Robot_Chassis_v2.0.elf.dir/Drivers/STM32G4xx_HAL_Driver/Src/stm32g4xx_hal_fdcan.c.obj
                0x080023ac                HAL_FDCAN_TxBufferCompleteCallback
 .text.HAL_FDCAN_TxBufferAbortCallback
                0x080023ae        0x2 CMakeFiles/Robot_Chassis_v2.0.elf.dir/Drivers/STM32G4xx_HAL_Driver/Src/stm32g4xx_hal_fdcan.c.obj
                0x080023ae                HAL_FDCAN_TxBufferAbortCallback
 .text.HAL_FDCAN_TimestampWraparoundCallback
                0x080023b0        0x2 CMakeFiles/Robot_Chassis_v2.0.elf.dir/Drivers/STM32G4xx_HAL_Driver/Src/stm32g4xx_hal_fdcan.c.obj
                0x080023b0                HAL_FDCAN_TimestampWraparoundCallback
 .text.HAL_FDCAN_TimeoutOccurredCallback
                0x080023b2        0x2 CMakeFiles/Robot_Chassis_v2.0.elf.dir/Drivers/STM32G4xx_HAL_Driver/Src/stm32g4xx_hal_fdcan.c.obj
                0x080023b2                HAL_FDCAN_TimeoutOccurredCallback
 .text.HAL_FDCAN_HighPriorityMessageCallback
                0x080023b4        0x2 CMakeFiles/Robot_Chassis_v2.0.elf.dir/Drivers/STM32G4xx_HAL_Driver/Src/stm32g4xx_hal_fdcan.c.obj
                0x080023b4                HAL_FDCAN_HighPriorityMessageCallback
 .text.HAL_FDCAN_ErrorCallback
                0x080023b6        0x2 CMakeFiles/Robot_Chassis_v2.0.elf.dir/Drivers/STM32G4xx_HAL_Driver/Src/stm32g4xx_hal_fdcan.c.obj
                0x080023b6                HAL_FDCAN_ErrorCallback
 .text.HAL_FDCAN_ErrorStatusCallback
                0x080023b8        0x2 CMakeFiles/Robot_Chassis_v2.0.elf.dir/Drivers/STM32G4xx_HAL_Driver/Src/stm32g4xx_hal_fdcan.c.obj
                0x080023b8                HAL_FDCAN_ErrorStatusCallback
 .text.HAL_FDCAN_IRQHandler
                0x080023ba      0x188 CMakeFiles/Robot_Chassis_v2.0.elf.dir/Drivers/STM32G4xx_HAL_Driver/Src/stm32g4xx_hal_fdcan.c.obj
                0x080023ba                HAL_FDCAN_IRQHandler
 *fill*         0x08002542        0x2 
 .text.HAL_GPIO_Init
                0x08002544      0x1dc CMakeFiles/Robot_Chassis_v2.0.elf.dir/Drivers/STM32G4xx_HAL_Driver/Src/stm32g4xx_hal_gpio.c.obj
                0x08002544                HAL_GPIO_Init
 .text.HAL_GPIO_DeInit
                0x08002720      0x11c CMakeFiles/Robot_Chassis_v2.0.elf.dir/Drivers/STM32G4xx_HAL_Driver/Src/stm32g4xx_hal_gpio.c.obj
                0x08002720                HAL_GPIO_DeInit
 .text.HAL_GPIO_WritePin
                0x0800283c        0xa CMakeFiles/Robot_Chassis_v2.0.elf.dir/Drivers/STM32G4xx_HAL_Driver/Src/stm32g4xx_hal_gpio.c.obj
                0x0800283c                HAL_GPIO_WritePin
 .text.HAL_GPIO_TogglePin
                0x08002846       0x12 CMakeFiles/Robot_Chassis_v2.0.elf.dir/Drivers/STM32G4xx_HAL_Driver/Src/stm32g4xx_hal_gpio.c.obj
                0x08002846                HAL_GPIO_TogglePin
 .text.HAL_IWDG_Init
                0x08002858       0x68 CMakeFiles/Robot_Chassis_v2.0.elf.dir/Drivers/STM32G4xx_HAL_Driver/Src/stm32g4xx_hal_iwdg.c.obj
                0x08002858                HAL_IWDG_Init
 .text.HAL_IWDG_Refresh
                0x080028c0        0xc CMakeFiles/Robot_Chassis_v2.0.elf.dir/Drivers/STM32G4xx_HAL_Driver/Src/stm32g4xx_hal_iwdg.c.obj
                0x080028c0                HAL_IWDG_Refresh
 .text.HAL_PCD_EP_DB_Receive
                0x080028cc      0x118 CMakeFiles/Robot_Chassis_v2.0.elf.dir/Drivers/STM32G4xx_HAL_Driver/Src/stm32g4xx_hal_pcd.c.obj
 .text.HAL_PCD_Init
                0x080029e4       0xb6 CMakeFiles/Robot_Chassis_v2.0.elf.dir/Drivers/STM32G4xx_HAL_Driver/Src/stm32g4xx_hal_pcd.c.obj
                0x080029e4                HAL_PCD_Init
 .text.HAL_PCD_Start
                0x08002a9a       0x2a CMakeFiles/Robot_Chassis_v2.0.elf.dir/Drivers/STM32G4xx_HAL_Driver/Src/stm32g4xx_hal_pcd.c.obj
                0x08002a9a                HAL_PCD_Start
 .text.HAL_PCD_EP_DB_Transmit
                0x08002ac4      0x472 CMakeFiles/Robot_Chassis_v2.0.elf.dir/Drivers/STM32G4xx_HAL_Driver/Src/stm32g4xx_hal_pcd.c.obj
 .text.PCD_EP_ISR_Handler
                0x08002f36      0x4bc CMakeFiles/Robot_Chassis_v2.0.elf.dir/Drivers/STM32G4xx_HAL_Driver/Src/stm32g4xx_hal_pcd.c.obj
 .text.HAL_PCD_SetAddress
                0x080033f2       0x26 CMakeFiles/Robot_Chassis_v2.0.elf.dir/Drivers/STM32G4xx_HAL_Driver/Src/stm32g4xx_hal_pcd.c.obj
                0x080033f2                HAL_PCD_SetAddress
 .text.HAL_PCD_IRQHandler
                0x08003418      0x1b2 CMakeFiles/Robot_Chassis_v2.0.elf.dir/Drivers/STM32G4xx_HAL_Driver/Src/stm32g4xx_hal_pcd.c.obj
                0x08003418                HAL_PCD_IRQHandler
 .text.HAL_PCD_EP_Open
                0x080035ca       0x86 CMakeFiles/Robot_Chassis_v2.0.elf.dir/Drivers/STM32G4xx_HAL_Driver/Src/stm32g4xx_hal_pcd.c.obj
                0x080035ca                HAL_PCD_EP_Open
 .text.HAL_PCD_EP_Close
                0x08003650       0x6c CMakeFiles/Robot_Chassis_v2.0.elf.dir/Drivers/STM32G4xx_HAL_Driver/Src/stm32g4xx_hal_pcd.c.obj
                0x08003650                HAL_PCD_EP_Close
 .text.HAL_PCD_EP_Receive
                0x080036bc       0x3a CMakeFiles/Robot_Chassis_v2.0.elf.dir/Drivers/STM32G4xx_HAL_Driver/Src/stm32g4xx_hal_pcd.c.obj
                0x080036bc                HAL_PCD_EP_Receive
 .text.HAL_PCD_EP_GetRxCount
                0x080036f6       0x12 CMakeFiles/Robot_Chassis_v2.0.elf.dir/Drivers/STM32G4xx_HAL_Driver/Src/stm32g4xx_hal_pcd.c.obj
                0x080036f6                HAL_PCD_EP_GetRxCount
 .text.HAL_PCD_EP_Transmit
                0x08003708       0x4c CMakeFiles/Robot_Chassis_v2.0.elf.dir/Drivers/STM32G4xx_HAL_Driver/Src/stm32g4xx_hal_pcd.c.obj
                0x08003708                HAL_PCD_EP_Transmit
 .text.HAL_PCD_EP_SetStall
                0x08003754       0x72 CMakeFiles/Robot_Chassis_v2.0.elf.dir/Drivers/STM32G4xx_HAL_Driver/Src/stm32g4xx_hal_pcd.c.obj
                0x08003754                HAL_PCD_EP_SetStall
 .text.HAL_PCD_EP_ClrStall
                0x080037c6       0x7e CMakeFiles/Robot_Chassis_v2.0.elf.dir/Drivers/STM32G4xx_HAL_Driver/Src/stm32g4xx_hal_pcd.c.obj
                0x080037c6                HAL_PCD_EP_ClrStall
 .text.HAL_PCDEx_PMAConfig
                0x08003844       0x38 CMakeFiles/Robot_Chassis_v2.0.elf.dir/Drivers/STM32G4xx_HAL_Driver/Src/stm32g4xx_hal_pcd_ex.c.obj
                0x08003844                HAL_PCDEx_PMAConfig
 .text.HAL_PCDEx_ActivateLPM
                0x0800387c       0x2c CMakeFiles/Robot_Chassis_v2.0.elf.dir/Drivers/STM32G4xx_HAL_Driver/Src/stm32g4xx_hal_pcd_ex.c.obj
                0x0800387c                HAL_PCDEx_ActivateLPM
 .text.HAL_PWREx_ControlVoltageScaling
                0x080038a8      0x10c CMakeFiles/Robot_Chassis_v2.0.elf.dir/Drivers/STM32G4xx_HAL_Driver/Src/stm32g4xx_hal_pwr_ex.c.obj
                0x080038a8                HAL_PWREx_ControlVoltageScaling
 .text.HAL_PWREx_DisableUCPDDeadBattery
                0x080039b4       0x10 CMakeFiles/Robot_Chassis_v2.0.elf.dir/Drivers/STM32G4xx_HAL_Driver/Src/stm32g4xx_hal_pwr_ex.c.obj
                0x080039b4                HAL_PWREx_DisableUCPDDeadBattery
 .text.RCC_GetSysClockFreqFromPLLSource
                0x080039c4       0x58 CMakeFiles/Robot_Chassis_v2.0.elf.dir/Drivers/STM32G4xx_HAL_Driver/Src/stm32g4xx_hal_rcc.c.obj
 .text.HAL_RCC_OscConfig
                0x08003a1c      0x4e4 CMakeFiles/Robot_Chassis_v2.0.elf.dir/Drivers/STM32G4xx_HAL_Driver/Src/stm32g4xx_hal_rcc.c.obj
                0x08003a1c                HAL_RCC_OscConfig
 .text.HAL_RCC_GetSysClockFreq
                0x08003f00       0x88 CMakeFiles/Robot_Chassis_v2.0.elf.dir/Drivers/STM32G4xx_HAL_Driver/Src/stm32g4xx_hal_rcc.c.obj
                0x08003f00                HAL_RCC_GetSysClockFreq
 .text.HAL_RCC_ClockConfig
                0x08003f88      0x1f8 CMakeFiles/Robot_Chassis_v2.0.elf.dir/Drivers/STM32G4xx_HAL_Driver/Src/stm32g4xx_hal_rcc.c.obj
                0x08003f88                HAL_RCC_ClockConfig
 .text.HAL_RCCEx_PeriphCLKConfig
                0x08004180      0x2e4 CMakeFiles/Robot_Chassis_v2.0.elf.dir/Drivers/STM32G4xx_HAL_Driver/Src/stm32g4xx_hal_rcc_ex.c.obj
                0x08004180                HAL_RCCEx_PeriphCLKConfig
 .text.HAL_TIM_Base_Start_IT
                0x08004464       0x84 CMakeFiles/Robot_Chassis_v2.0.elf.dir/Drivers/STM32G4xx_HAL_Driver/Src/stm32g4xx_hal_tim.c.obj
                0x08004464                HAL_TIM_Base_Start_IT
 .text.HAL_TIM_OC_DelayElapsedCallback
                0x080044e8        0x2 CMakeFiles/Robot_Chassis_v2.0.elf.dir/Drivers/STM32G4xx_HAL_Driver/Src/stm32g4xx_hal_tim.c.obj
                0x080044e8                HAL_TIM_OC_DelayElapsedCallback
 .text.HAL_TIM_IC_CaptureCallback
                0x080044ea        0x2 CMakeFiles/Robot_Chassis_v2.0.elf.dir/Drivers/STM32G4xx_HAL_Driver/Src/stm32g4xx_hal_tim.c.obj
                0x080044ea                HAL_TIM_IC_CaptureCallback
 .text.HAL_TIM_PWM_PulseFinishedCallback
                0x080044ec        0x2 CMakeFiles/Robot_Chassis_v2.0.elf.dir/Drivers/STM32G4xx_HAL_Driver/Src/stm32g4xx_hal_tim.c.obj
                0x080044ec                HAL_TIM_PWM_PulseFinishedCallback
 .text.HAL_TIM_TriggerCallback
                0x080044ee        0x2 CMakeFiles/Robot_Chassis_v2.0.elf.dir/Drivers/STM32G4xx_HAL_Driver/Src/stm32g4xx_hal_tim.c.obj
                0x080044ee                HAL_TIM_TriggerCallback
 .text.HAL_TIM_IRQHandler
                0x080044f0      0x1ea CMakeFiles/Robot_Chassis_v2.0.elf.dir/Drivers/STM32G4xx_HAL_Driver/Src/stm32g4xx_hal_tim.c.obj
                0x080044f0                HAL_TIM_IRQHandler
 *fill*         0x080046da        0x2 
 .text.TIM_Base_SetConfig
                0x080046dc       0xc8 CMakeFiles/Robot_Chassis_v2.0.elf.dir/Drivers/STM32G4xx_HAL_Driver/Src/stm32g4xx_hal_tim.c.obj
                0x080046dc                TIM_Base_SetConfig
 .text.HAL_TIM_Base_Init
                0x080047a4       0x60 CMakeFiles/Robot_Chassis_v2.0.elf.dir/Drivers/STM32G4xx_HAL_Driver/Src/stm32g4xx_hal_tim.c.obj
                0x080047a4                HAL_TIM_Base_Init
 .text.HAL_TIMEx_MasterConfigSynchronization
                0x08004804       0x94 CMakeFiles/Robot_Chassis_v2.0.elf.dir/Drivers/STM32G4xx_HAL_Driver/Src/stm32g4xx_hal_tim_ex.c.obj
                0x08004804                HAL_TIMEx_MasterConfigSynchronization
 .text.HAL_TIMEx_CommutCallback
                0x08004898        0x2 CMakeFiles/Robot_Chassis_v2.0.elf.dir/Drivers/STM32G4xx_HAL_Driver/Src/stm32g4xx_hal_tim_ex.c.obj
                0x08004898                HAL_TIMEx_CommutCallback
 .text.HAL_TIMEx_BreakCallback
                0x0800489a        0x2 CMakeFiles/Robot_Chassis_v2.0.elf.dir/Drivers/STM32G4xx_HAL_Driver/Src/stm32g4xx_hal_tim_ex.c.obj
                0x0800489a                HAL_TIMEx_BreakCallback
 .text.HAL_TIMEx_Break2Callback
                0x0800489c        0x2 CMakeFiles/Robot_Chassis_v2.0.elf.dir/Drivers/STM32G4xx_HAL_Driver/Src/stm32g4xx_hal_tim_ex.c.obj
                0x0800489c                HAL_TIMEx_Break2Callback
 .text.HAL_TIMEx_EncoderIndexCallback
                0x0800489e        0x2 CMakeFiles/Robot_Chassis_v2.0.elf.dir/Drivers/STM32G4xx_HAL_Driver/Src/stm32g4xx_hal_tim_ex.c.obj
                0x0800489e                HAL_TIMEx_EncoderIndexCallback
 .text.HAL_TIMEx_DirectionChangeCallback
                0x080048a0        0x2 CMakeFiles/Robot_Chassis_v2.0.elf.dir/Drivers/STM32G4xx_HAL_Driver/Src/stm32g4xx_hal_tim_ex.c.obj
                0x080048a0                HAL_TIMEx_DirectionChangeCallback
 .text.HAL_TIMEx_IndexErrorCallback
                0x080048a2        0x2 CMakeFiles/Robot_Chassis_v2.0.elf.dir/Drivers/STM32G4xx_HAL_Driver/Src/stm32g4xx_hal_tim_ex.c.obj
                0x080048a2                HAL_TIMEx_IndexErrorCallback
 .text.HAL_TIMEx_TransitionErrorCallback
                0x080048a4        0x2 CMakeFiles/Robot_Chassis_v2.0.elf.dir/Drivers/STM32G4xx_HAL_Driver/Src/stm32g4xx_hal_tim_ex.c.obj
                0x080048a4                HAL_TIMEx_TransitionErrorCallback
 .text.USB_EnableGlobalInt
                0x080048a6       0x12 CMakeFiles/Robot_Chassis_v2.0.elf.dir/Drivers/STM32G4xx_HAL_Driver/Src/stm32g4xx_ll_usb.c.obj
                0x080048a6                USB_EnableGlobalInt
 .text.USB_DisableGlobalInt
                0x080048b8       0x14 CMakeFiles/Robot_Chassis_v2.0.elf.dir/Drivers/STM32G4xx_HAL_Driver/Src/stm32g4xx_ll_usb.c.obj
                0x080048b8                USB_DisableGlobalInt
 .text.USB_DevInit
                0x080048cc       0x22 CMakeFiles/Robot_Chassis_v2.0.elf.dir/Drivers/STM32G4xx_HAL_Driver/Src/stm32g4xx_ll_usb.c.obj
                0x080048cc                USB_DevInit
 .text.USB_ActivateEndpoint
                0x080048ee      0x51e CMakeFiles/Robot_Chassis_v2.0.elf.dir/Drivers/STM32G4xx_HAL_Driver/Src/stm32g4xx_ll_usb.c.obj
                0x080048ee                USB_ActivateEndpoint
 .text.USB_DeactivateEndpoint
                0x08004e0c      0x1d6 CMakeFiles/Robot_Chassis_v2.0.elf.dir/Drivers/STM32G4xx_HAL_Driver/Src/stm32g4xx_ll_usb.c.obj
                0x08004e0c                USB_DeactivateEndpoint
 .text.USB_EPSetStall
                0x08004fe2       0x4a CMakeFiles/Robot_Chassis_v2.0.elf.dir/Drivers/STM32G4xx_HAL_Driver/Src/stm32g4xx_ll_usb.c.obj
                0x08004fe2                USB_EPSetStall
 .text.USB_EPClearStall
                0x0800502c       0x9c CMakeFiles/Robot_Chassis_v2.0.elf.dir/Drivers/STM32G4xx_HAL_Driver/Src/stm32g4xx_ll_usb.c.obj
                0x0800502c                USB_EPClearStall
 .text.USB_SetDevAddress
                0x080050c8        0xc CMakeFiles/Robot_Chassis_v2.0.elf.dir/Drivers/STM32G4xx_HAL_Driver/Src/stm32g4xx_ll_usb.c.obj
                0x080050c8                USB_SetDevAddress
 .text.USB_DevConnect
                0x080050d4       0x16 CMakeFiles/Robot_Chassis_v2.0.elf.dir/Drivers/STM32G4xx_HAL_Driver/Src/stm32g4xx_ll_usb.c.obj
                0x080050d4                USB_DevConnect
 .text.USB_ReadInterrupts
                0x080050ea        0x8 CMakeFiles/Robot_Chassis_v2.0.elf.dir/Drivers/STM32G4xx_HAL_Driver/Src/stm32g4xx_ll_usb.c.obj
                0x080050ea                USB_ReadInterrupts
 .text.USB_WritePMA
                0x080050f2       0x26 CMakeFiles/Robot_Chassis_v2.0.elf.dir/Drivers/STM32G4xx_HAL_Driver/Src/stm32g4xx_ll_usb.c.obj
                0x080050f2                USB_WritePMA
 .text.USB_EPStartXfer
                0x08005118      0x584 CMakeFiles/Robot_Chassis_v2.0.elf.dir/Drivers/STM32G4xx_HAL_Driver/Src/stm32g4xx_ll_usb.c.obj
                0x08005118                USB_EPStartXfer
 .text.USB_ReadPMA
                0x0800569c       0x2e CMakeFiles/Robot_Chassis_v2.0.elf.dir/Drivers/STM32G4xx_HAL_Driver/Src/stm32g4xx_ll_usb.c.obj
                0x0800569c                USB_ReadPMA
 .text.USBD_CDC_EP0_RxReady
                0x080056ca       0x36 CMakeFiles/Robot_Chassis_v2.0.elf.dir/Middlewares/ST/STM32_USB_Device_Library/Class/CDC/Src/usbd_cdc.c.obj
 .text.USBD_CDC_GetFSCfgDesc
                0x08005700        0xc CMakeFiles/Robot_Chassis_v2.0.elf.dir/Middlewares/ST/STM32_USB_Device_Library/Class/CDC/Src/usbd_cdc.c.obj
 .text.USBD_CDC_GetHSCfgDesc
                0x0800570c        0xc CMakeFiles/Robot_Chassis_v2.0.elf.dir/Middlewares/ST/STM32_USB_Device_Library/Class/CDC/Src/usbd_cdc.c.obj
 .text.USBD_CDC_GetOtherSpeedCfgDesc
                0x08005718        0xc CMakeFiles/Robot_Chassis_v2.0.elf.dir/Middlewares/ST/STM32_USB_Device_Library/Class/CDC/Src/usbd_cdc.c.obj
 .text.USBD_CDC_GetDeviceQualifierDescriptor
                0x08005724        0xc CMakeFiles/Robot_Chassis_v2.0.elf.dir/Middlewares/ST/STM32_USB_Device_Library/Class/CDC/Src/usbd_cdc.c.obj
                0x08005724                USBD_CDC_GetDeviceQualifierDescriptor
 .text.USBD_CDC_DataOut
                0x08005730       0x2a CMakeFiles/Robot_Chassis_v2.0.elf.dir/Middlewares/ST/STM32_USB_Device_Library/Class/CDC/Src/usbd_cdc.c.obj
 .text.USBD_CDC_DataIn
                0x0800575a       0x6a CMakeFiles/Robot_Chassis_v2.0.elf.dir/Middlewares/ST/STM32_USB_Device_Library/Class/CDC/Src/usbd_cdc.c.obj
 .text.USBD_CDC_Setup
                0x080057c4       0xf4 CMakeFiles/Robot_Chassis_v2.0.elf.dir/Middlewares/ST/STM32_USB_Device_Library/Class/CDC/Src/usbd_cdc.c.obj
 .text.USBD_CDC_DeInit
                0x080058b8       0x48 CMakeFiles/Robot_Chassis_v2.0.elf.dir/Middlewares/ST/STM32_USB_Device_Library/Class/CDC/Src/usbd_cdc.c.obj
 .text.USBD_CDC_Init
                0x08005900       0xc2 CMakeFiles/Robot_Chassis_v2.0.elf.dir/Middlewares/ST/STM32_USB_Device_Library/Class/CDC/Src/usbd_cdc.c.obj
 .text.USBD_CDC_RegisterInterface
                0x080059c2        0xe CMakeFiles/Robot_Chassis_v2.0.elf.dir/Middlewares/ST/STM32_USB_Device_Library/Class/CDC/Src/usbd_cdc.c.obj
                0x080059c2                USBD_CDC_RegisterInterface
 .text.USBD_CDC_SetTxBuffer
                0x080059d0       0x16 CMakeFiles/Robot_Chassis_v2.0.elf.dir/Middlewares/ST/STM32_USB_Device_Library/Class/CDC/Src/usbd_cdc.c.obj
                0x080059d0                USBD_CDC_SetTxBuffer
 .text.USBD_CDC_SetRxBuffer
                0x080059e6       0x12 CMakeFiles/Robot_Chassis_v2.0.elf.dir/Middlewares/ST/STM32_USB_Device_Library/Class/CDC/Src/usbd_cdc.c.obj
                0x080059e6                USBD_CDC_SetRxBuffer
 .text.USBD_CDC_TransmitPacket
                0x080059f8       0x34 CMakeFiles/Robot_Chassis_v2.0.elf.dir/Middlewares/ST/STM32_USB_Device_Library/Class/CDC/Src/usbd_cdc.c.obj
                0x080059f8                USBD_CDC_TransmitPacket
 .text.USBD_CDC_ReceivePacket
                0x08005a2c       0x32 CMakeFiles/Robot_Chassis_v2.0.elf.dir/Middlewares/ST/STM32_USB_Device_Library/Class/CDC/Src/usbd_cdc.c.obj
                0x08005a2c                USBD_CDC_ReceivePacket
 .text.USBD_Init
                0x08005a5e       0x2e CMakeFiles/Robot_Chassis_v2.0.elf.dir/Middlewares/ST/STM32_USB_Device_Library/Core/Src/usbd_core.c.obj
                0x08005a5e                USBD_Init
 .text.USBD_RegisterClass
                0x08005a8c       0x2e CMakeFiles/Robot_Chassis_v2.0.elf.dir/Middlewares/ST/STM32_USB_Device_Library/Core/Src/usbd_core.c.obj
                0x08005a8c                USBD_RegisterClass
 .text.USBD_Start
                0x08005aba        0x8 CMakeFiles/Robot_Chassis_v2.0.elf.dir/Middlewares/ST/STM32_USB_Device_Library/Core/Src/usbd_core.c.obj
                0x08005aba                USBD_Start
 .text.USBD_SetClassConfig
                0x08005ac2       0x12 CMakeFiles/Robot_Chassis_v2.0.elf.dir/Middlewares/ST/STM32_USB_Device_Library/Core/Src/usbd_core.c.obj
                0x08005ac2                USBD_SetClassConfig
 .text.USBD_ClrClassConfig
                0x08005ad4       0x10 CMakeFiles/Robot_Chassis_v2.0.elf.dir/Middlewares/ST/STM32_USB_Device_Library/Core/Src/usbd_core.c.obj
                0x08005ad4                USBD_ClrClassConfig
 .text.USBD_LL_SetupStage
                0x08005ae4       0x58 CMakeFiles/Robot_Chassis_v2.0.elf.dir/Middlewares/ST/STM32_USB_Device_Library/Core/Src/usbd_core.c.obj
                0x08005ae4                USBD_LL_SetupStage
 .text.USBD_LL_DataOutStage
                0x08005b3c       0x78 CMakeFiles/Robot_Chassis_v2.0.elf.dir/Middlewares/ST/STM32_USB_Device_Library/Core/Src/usbd_core.c.obj
                0x08005b3c                USBD_LL_DataOutStage
 .text.USBD_LL_DataInStage
                0x08005bb4       0xbe CMakeFiles/Robot_Chassis_v2.0.elf.dir/Middlewares/ST/STM32_USB_Device_Library/Core/Src/usbd_core.c.obj
                0x08005bb4                USBD_LL_DataInStage
 .text.USBD_LL_Reset
                0x08005c72       0x5a CMakeFiles/Robot_Chassis_v2.0.elf.dir/Middlewares/ST/STM32_USB_Device_Library/Core/Src/usbd_core.c.obj
                0x08005c72                USBD_LL_Reset
 .text.USBD_LL_SetSpeed
                0x08005ccc        0x6 CMakeFiles/Robot_Chassis_v2.0.elf.dir/Middlewares/ST/STM32_USB_Device_Library/Core/Src/usbd_core.c.obj
                0x08005ccc                USBD_LL_SetSpeed
 .text.USBD_LL_Suspend
                0x08005cd2       0x14 CMakeFiles/Robot_Chassis_v2.0.elf.dir/Middlewares/ST/STM32_USB_Device_Library/Core/Src/usbd_core.c.obj
                0x08005cd2                USBD_LL_Suspend
 .text.USBD_LL_Resume
                0x08005ce6       0x1a CMakeFiles/Robot_Chassis_v2.0.elf.dir/Middlewares/ST/STM32_USB_Device_Library/Core/Src/usbd_core.c.obj
                0x08005ce6                USBD_LL_Resume
 .text.USBD_LL_SOF
                0x08005d00       0x28 CMakeFiles/Robot_Chassis_v2.0.elf.dir/Middlewares/ST/STM32_USB_Device_Library/Core/Src/usbd_core.c.obj
                0x08005d00                USBD_LL_SOF
 .text.USBD_GetLen
                0x08005d28       0x14 CMakeFiles/Robot_Chassis_v2.0.elf.dir/Middlewares/ST/STM32_USB_Device_Library/Core/Src/usbd_ctlreq.c.obj
 .text.USBD_SetFeature
                0x08005d3c       0x14 CMakeFiles/Robot_Chassis_v2.0.elf.dir/Middlewares/ST/STM32_USB_Device_Library/Core/Src/usbd_ctlreq.c.obj
 .text.USBD_ParseSetupRequest
                0x08005d50       0x28 CMakeFiles/Robot_Chassis_v2.0.elf.dir/Middlewares/ST/STM32_USB_Device_Library/Core/Src/usbd_ctlreq.c.obj
                0x08005d50                USBD_ParseSetupRequest
 .text.USBD_CtlError
                0x08005d78       0x14 CMakeFiles/Robot_Chassis_v2.0.elf.dir/Middlewares/ST/STM32_USB_Device_Library/Core/Src/usbd_ctlreq.c.obj
                0x08005d78                USBD_CtlError
 .text.USBD_GetDescriptor
                0x08005d8c      0x1ac CMakeFiles/Robot_Chassis_v2.0.elf.dir/Middlewares/ST/STM32_USB_Device_Library/Core/Src/usbd_ctlreq.c.obj
 .text.USBD_SetAddress
                0x08005f38       0x50 CMakeFiles/Robot_Chassis_v2.0.elf.dir/Middlewares/ST/STM32_USB_Device_Library/Core/Src/usbd_ctlreq.c.obj
 .text.USBD_SetConfig
                0x08005f88       0xc8 CMakeFiles/Robot_Chassis_v2.0.elf.dir/Middlewares/ST/STM32_USB_Device_Library/Core/Src/usbd_ctlreq.c.obj
 .text.USBD_GetConfig
                0x08006050       0x40 CMakeFiles/Robot_Chassis_v2.0.elf.dir/Middlewares/ST/STM32_USB_Device_Library/Core/Src/usbd_ctlreq.c.obj
 .text.USBD_GetStatus
                0x08006090       0x38 CMakeFiles/Robot_Chassis_v2.0.elf.dir/Middlewares/ST/STM32_USB_Device_Library/Core/Src/usbd_ctlreq.c.obj
 .text.USBD_ClrFeature
                0x080060c8       0x26 CMakeFiles/Robot_Chassis_v2.0.elf.dir/Middlewares/ST/STM32_USB_Device_Library/Core/Src/usbd_ctlreq.c.obj
 .text.USBD_StdDevReq
                0x080060ee       0x70 CMakeFiles/Robot_Chassis_v2.0.elf.dir/Middlewares/ST/STM32_USB_Device_Library/Core/Src/usbd_ctlreq.c.obj
                0x080060ee                USBD_StdDevReq
 .text.USBD_StdItfReq
                0x0800615e       0x68 CMakeFiles/Robot_Chassis_v2.0.elf.dir/Middlewares/ST/STM32_USB_Device_Library/Core/Src/usbd_ctlreq.c.obj
                0x0800615e                USBD_StdItfReq
 .text.USBD_StdEPReq
                0x080061c6      0x1ec CMakeFiles/Robot_Chassis_v2.0.elf.dir/Middlewares/ST/STM32_USB_Device_Library/Core/Src/usbd_ctlreq.c.obj
                0x080061c6                USBD_StdEPReq
 .text.USBD_GetString
                0x080063b2       0x3a CMakeFiles/Robot_Chassis_v2.0.elf.dir/Middlewares/ST/STM32_USB_Device_Library/Core/Src/usbd_ctlreq.c.obj
                0x080063b2                USBD_GetString
 .text.USBD_CtlSendData
                0x080063ec       0x1a CMakeFiles/Robot_Chassis_v2.0.elf.dir/Middlewares/ST/STM32_USB_Device_Library/Core/Src/usbd_ioreq.c.obj
                0x080063ec                USBD_CtlSendData
 .text.USBD_CtlContinueSendData
                0x08006406       0x10 CMakeFiles/Robot_Chassis_v2.0.elf.dir/Middlewares/ST/STM32_USB_Device_Library/Core/Src/usbd_ioreq.c.obj
                0x08006406                USBD_CtlContinueSendData
 .text.USBD_CtlPrepareRx
                0x08006416       0x1e CMakeFiles/Robot_Chassis_v2.0.elf.dir/Middlewares/ST/STM32_USB_Device_Library/Core/Src/usbd_ioreq.c.obj
                0x08006416                USBD_CtlPrepareRx
 .text.USBD_CtlContinueRx
                0x08006434       0x10 CMakeFiles/Robot_Chassis_v2.0.elf.dir/Middlewares/ST/STM32_USB_Device_Library/Core/Src/usbd_ioreq.c.obj
                0x08006434                USBD_CtlContinueRx
 .text.USBD_CtlSendStatus
                0x08006444       0x16 CMakeFiles/Robot_Chassis_v2.0.elf.dir/Middlewares/ST/STM32_USB_Device_Library/Core/Src/usbd_ioreq.c.obj
                0x08006444                USBD_CtlSendStatus
 .text.USBD_CtlReceiveStatus
                0x0800645a       0x16 CMakeFiles/Robot_Chassis_v2.0.elf.dir/Middlewares/ST/STM32_USB_Device_Library/Core/Src/usbd_ioreq.c.obj
                0x0800645a                USBD_CtlReceiveStatus
 .text.MX_USB_Device_Init
                0x08006470       0x54 CMakeFiles/Robot_Chassis_v2.0.elf.dir/USB_Device/App/usb_device.c.obj
                0x08006470                MX_USB_Device_Init
 .text.CDC_DeInit_FS
                0x080064c4        0x4 CMakeFiles/Robot_Chassis_v2.0.elf.dir/USB_Device/App/usbd_cdc_if.c.obj
 .text.CDC_Control_FS
                0x080064c8        0x4 CMakeFiles/Robot_Chassis_v2.0.elf.dir/USB_Device/App/usbd_cdc_if.c.obj
 .text.CDC_TransmitCplt_FS
                0x080064cc        0x4 CMakeFiles/Robot_Chassis_v2.0.elf.dir/USB_Device/App/usbd_cdc_if.c.obj
 .text.CDC_Receive_FS
                0x080064d0       0x2c CMakeFiles/Robot_Chassis_v2.0.elf.dir/USB_Device/App/usbd_cdc_if.c.obj
 .text.CDC_Init_FS
                0x080064fc       0x28 CMakeFiles/Robot_Chassis_v2.0.elf.dir/USB_Device/App/usbd_cdc_if.c.obj
 .text.CDC_Transmit_FS
                0x08006524       0x2c CMakeFiles/Robot_Chassis_v2.0.elf.dir/USB_Device/App/usbd_cdc_if.c.obj
                0x08006524                CDC_Transmit_FS
 .text.USBD_CDC_DeviceDescriptor
                0x08006550        0xc CMakeFiles/Robot_Chassis_v2.0.elf.dir/USB_Device/App/usbd_desc.c.obj
                0x08006550                USBD_CDC_DeviceDescriptor
 .text.USBD_CDC_LangIDStrDescriptor
                0x0800655c        0xc CMakeFiles/Robot_Chassis_v2.0.elf.dir/USB_Device/App/usbd_desc.c.obj
                0x0800655c                USBD_CDC_LangIDStrDescriptor
 .text.IntToUnicode
                0x08006568       0x46 CMakeFiles/Robot_Chassis_v2.0.elf.dir/USB_Device/App/usbd_desc.c.obj
 *fill*         0x080065ae        0x2 
 .text.Get_SerialNum
                0x080065b0       0x38 CMakeFiles/Robot_Chassis_v2.0.elf.dir/USB_Device/App/usbd_desc.c.obj
 .text.USBD_CDC_SerialStrDescriptor
                0x080065e8       0x14 CMakeFiles/Robot_Chassis_v2.0.elf.dir/USB_Device/App/usbd_desc.c.obj
                0x080065e8                USBD_CDC_SerialStrDescriptor
 .text.USBD_CDC_ProductStrDescriptor
                0x080065fc       0x24 CMakeFiles/Robot_Chassis_v2.0.elf.dir/USB_Device/App/usbd_desc.c.obj
                0x080065fc                USBD_CDC_ProductStrDescriptor
 .text.USBD_CDC_ManufacturerStrDescriptor
                0x08006620       0x1c CMakeFiles/Robot_Chassis_v2.0.elf.dir/USB_Device/App/usbd_desc.c.obj
                0x08006620                USBD_CDC_ManufacturerStrDescriptor
 .text.USBD_CDC_ConfigStrDescriptor
                0x0800663c       0x24 CMakeFiles/Robot_Chassis_v2.0.elf.dir/USB_Device/App/usbd_desc.c.obj
                0x0800663c                USBD_CDC_ConfigStrDescriptor
 .text.USBD_CDC_InterfaceStrDescriptor
                0x08006660       0x24 CMakeFiles/Robot_Chassis_v2.0.elf.dir/USB_Device/App/usbd_desc.c.obj
                0x08006660                USBD_CDC_InterfaceStrDescriptor
 .text.USBD_Get_USB_Status
                0x08006684       0x14 CMakeFiles/Robot_Chassis_v2.0.elf.dir/USB_Device/Target/usbd_conf.c.obj
 .text.SystemClockConfig_Resume
                0x08006698        0x8 CMakeFiles/Robot_Chassis_v2.0.elf.dir/USB_Device/Target/usbd_conf.c.obj
 .text.HAL_PCD_MspInit
                0x080066a0       0x60 CMakeFiles/Robot_Chassis_v2.0.elf.dir/USB_Device/Target/usbd_conf.c.obj
                0x080066a0                HAL_PCD_MspInit
 .text.HAL_PCD_SetupStageCallback
                0x08006700       0x10 CMakeFiles/Robot_Chassis_v2.0.elf.dir/USB_Device/Target/usbd_conf.c.obj
                0x08006700                HAL_PCD_SetupStageCallback
 .text.HAL_PCD_DataOutStageCallback
                0x08006710       0x18 CMakeFiles/Robot_Chassis_v2.0.elf.dir/USB_Device/Target/usbd_conf.c.obj
                0x08006710                HAL_PCD_DataOutStageCallback
 .text.HAL_PCD_DataInStageCallback
                0x08006728       0x16 CMakeFiles/Robot_Chassis_v2.0.elf.dir/USB_Device/Target/usbd_conf.c.obj
                0x08006728                HAL_PCD_DataInStageCallback
 .text.HAL_PCD_SOFCallback
                0x0800673e        0xc CMakeFiles/Robot_Chassis_v2.0.elf.dir/USB_Device/Target/usbd_conf.c.obj
                0x0800673e                HAL_PCD_SOFCallback
 .text.HAL_PCD_ResetCallback
                0x0800674a       0x24 CMakeFiles/Robot_Chassis_v2.0.elf.dir/USB_Device/Target/usbd_conf.c.obj
                0x0800674a                HAL_PCD_ResetCallback
 *fill*         0x0800676e        0x2 
 .text.HAL_PCD_SuspendCallback
                0x08006770       0x20 CMakeFiles/Robot_Chassis_v2.0.elf.dir/USB_Device/Target/usbd_conf.c.obj
                0x08006770                HAL_PCD_SuspendCallback
 .text.HAL_PCD_ResumeCallback
                0x08006790       0x28 CMakeFiles/Robot_Chassis_v2.0.elf.dir/USB_Device/Target/usbd_conf.c.obj
                0x08006790                HAL_PCD_ResumeCallback
 .text.USBD_LL_Init
                0x080067b8       0x88 CMakeFiles/Robot_Chassis_v2.0.elf.dir/USB_Device/Target/usbd_conf.c.obj
                0x080067b8                USBD_LL_Init
 .text.USBD_LL_Start
                0x08006840       0x10 CMakeFiles/Robot_Chassis_v2.0.elf.dir/USB_Device/Target/usbd_conf.c.obj
                0x08006840                USBD_LL_Start
 .text.USBD_LL_OpenEP
                0x08006850       0x16 CMakeFiles/Robot_Chassis_v2.0.elf.dir/USB_Device/Target/usbd_conf.c.obj
                0x08006850                USBD_LL_OpenEP
 .text.USBD_LL_CloseEP
                0x08006866       0x10 CMakeFiles/Robot_Chassis_v2.0.elf.dir/USB_Device/Target/usbd_conf.c.obj
                0x08006866                USBD_LL_CloseEP
 .text.USBD_LL_StallEP
                0x08006876       0x10 CMakeFiles/Robot_Chassis_v2.0.elf.dir/USB_Device/Target/usbd_conf.c.obj
                0x08006876                USBD_LL_StallEP
 .text.USBD_LL_ClearStallEP
                0x08006886       0x10 CMakeFiles/Robot_Chassis_v2.0.elf.dir/USB_Device/Target/usbd_conf.c.obj
                0x08006886                USBD_LL_ClearStallEP
 .text.USBD_LL_IsStallEP
                0x08006896       0x2c CMakeFiles/Robot_Chassis_v2.0.elf.dir/USB_Device/Target/usbd_conf.c.obj
                0x08006896                USBD_LL_IsStallEP
 .text.USBD_LL_SetUSBAddress
                0x080068c2       0x10 CMakeFiles/Robot_Chassis_v2.0.elf.dir/USB_Device/Target/usbd_conf.c.obj
                0x080068c2                USBD_LL_SetUSBAddress
 .text.USBD_LL_Transmit
                0x080068d2       0x10 CMakeFiles/Robot_Chassis_v2.0.elf.dir/USB_Device/Target/usbd_conf.c.obj
                0x080068d2                USBD_LL_Transmit
 .text.USBD_LL_PrepareReceive
                0x080068e2       0x10 CMakeFiles/Robot_Chassis_v2.0.elf.dir/USB_Device/Target/usbd_conf.c.obj
                0x080068e2                USBD_LL_PrepareReceive
 .text.USBD_LL_GetRxDataSize
                0x080068f2        0xc CMakeFiles/Robot_Chassis_v2.0.elf.dir/USB_Device/Target/usbd_conf.c.obj
                0x080068f2                USBD_LL_GetRxDataSize
 *fill*         0x080068fe        0x2 
 .text.HAL_PCDEx_LPM_Callback
                0x08006900       0x48 CMakeFiles/Robot_Chassis_v2.0.elf.dir/USB_Device/Target/usbd_conf.c.obj
                0x08006900                HAL_PCDEx_LPM_Callback
 .text.USBD_static_malloc
                0x08006948        0x8 CMakeFiles/Robot_Chassis_v2.0.elf.dir/USB_Device/Target/usbd_conf.c.obj
                0x08006948                USBD_static_malloc
 .text.USBD_static_free
                0x08006950        0x2 CMakeFiles/Robot_Chassis_v2.0.elf.dir/USB_Device/Target/usbd_conf.c.obj
                0x08006950                USBD_static_free
 *fill*         0x08006952        0x2 
 .text.__libc_init_array
                0x08006954       0x48 c:/progra~2/gnuarm~1/102021~1.10/bin/../lib/gcc/arm-none-eabi/10.3.1/../../../../arm-none-eabi/lib/thumb/v7e-m/nofp\libg.a(lib_a-init.o)
                0x08006954                __libc_init_array
 .text.memset   0x0800699c       0xa4 c:/progra~2/gnuarm~1/102021~1.10/bin/../lib/gcc/arm-none-eabi/10.3.1/../../../../arm-none-eabi/lib/thumb/v7e-m/nofp\libg.a(lib_a-memset.o)
                0x0800699c                memset
 .text.startup.register_fini
                0x08006a40       0x14 c:/progra~2/gnuarm~1/102021~1.10/bin/../lib/gcc/arm-none-eabi/10.3.1/../../../../arm-none-eabi/lib/thumb/v7e-m/nofp\libg.a(lib_a-__call_atexit.o)
 .text.atexit   0x08006a54        0xc c:/progra~2/gnuarm~1/102021~1.10/bin/../lib/gcc/arm-none-eabi/10.3.1/../../../../arm-none-eabi/lib/thumb/v7e-m/nofp\libg.a(lib_a-atexit.o)
                0x08006a54                atexit
 .text.__libc_fini_array
                0x08006a60       0x2c c:/progra~2/gnuarm~1/102021~1.10/bin/../lib/gcc/arm-none-eabi/10.3.1/../../../../arm-none-eabi/lib/thumb/v7e-m/nofp\libg.a(lib_a-fini.o)
                0x08006a60                __libc_fini_array
 .text.__retarget_lock_acquire_recursive
                0x08006a8c        0x4 c:/progra~2/gnuarm~1/102021~1.10/bin/../lib/gcc/arm-none-eabi/10.3.1/../../../../arm-none-eabi/lib/thumb/v7e-m/nofp\libg.a(lib_a-lock.o)
                0x08006a8c                __retarget_lock_acquire_recursive
 .text.__retarget_lock_release_recursive
                0x08006a90        0x4 c:/progra~2/gnuarm~1/102021~1.10/bin/../lib/gcc/arm-none-eabi/10.3.1/../../../../arm-none-eabi/lib/thumb/v7e-m/nofp\libg.a(lib_a-lock.o)
                0x08006a90                __retarget_lock_release_recursive
 .text.__register_exitproc
                0x08006a94       0x8c c:/progra~2/gnuarm~1/102021~1.10/bin/../lib/gcc/arm-none-eabi/10.3.1/../../../../arm-none-eabi/lib/thumb/v7e-m/nofp\libg.a(lib_a-__atexit.o)
                0x08006a94                __register_exitproc
 *(.glue_7)
 .glue_7        0x08006b20        0x0 linker stubs
 *(.glue_7t)
 .glue_7t       0x08006b20        0x0 linker stubs
 *(.eh_frame)
 .eh_frame      0x08006b20        0x0 c:/progra~2/gnuarm~1/102021~1.10/bin/../lib/gcc/arm-none-eabi/10.3.1/thumb/v7e-m/nofp/crtbegin.o
 *(.init)
 .init          0x08006b20        0x4 c:/progra~2/gnuarm~1/102021~1.10/bin/../lib/gcc/arm-none-eabi/10.3.1/thumb/v7e-m/nofp/crti.o
                0x08006b20                _init
 .init          0x08006b24        0x8 c:/progra~2/gnuarm~1/102021~1.10/bin/../lib/gcc/arm-none-eabi/10.3.1/thumb/v7e-m/nofp/crtn.o
 *(.fini)
 .fini          0x08006b2c        0x4 c:/progra~2/gnuarm~1/102021~1.10/bin/../lib/gcc/arm-none-eabi/10.3.1/thumb/v7e-m/nofp/crti.o
                0x08006b2c                _fini
 .fini          0x08006b30        0x8 c:/progra~2/gnuarm~1/102021~1.10/bin/../lib/gcc/arm-none-eabi/10.3.1/thumb/v7e-m/nofp/crtn.o
                0x08006b38                . = ALIGN (0x4)
                0x08006b38                _etext = .

.vfp11_veneer   0x08006b38        0x0
 .vfp11_veneer  0x08006b38        0x0 linker stubs

.v4_bx          0x08006b38        0x0
 .v4_bx         0x08006b38        0x0 linker stubs

.iplt           0x08006b38        0x0
 .iplt          0x08006b38        0x0 c:/progra~2/gnuarm~1/102021~1.10/bin/../lib/gcc/arm-none-eabi/10.3.1/thumb/v7e-m/nofp/crtbegin.o

.rodata         0x08006b38       0x6c
                0x08006b38                . = ALIGN (0x4)
 *(.rodata)
 *(.rodata*)
 .rodata.AHBPrescTable
                0x08006b38       0x10 CMakeFiles/Robot_Chassis_v2.0.elf.dir/Core/Src/system_stm32g4xx.c.obj
                0x08006b38                AHBPrescTable
 .rodata.DLCtoBytes
                0x08006b48       0x10 CMakeFiles/Robot_Chassis_v2.0.elf.dir/Drivers/STM32G4xx_HAL_Driver/Src/stm32g4xx_hal_fdcan.c.obj
 .rodata.USBD_CDC_ProductStrDescriptor.str1.4
                0x08006b58       0x16 CMakeFiles/Robot_Chassis_v2.0.elf.dir/USB_Device/App/usbd_desc.c.obj
 *fill*         0x08006b6e        0x2 
 .rodata.USBD_CDC_ManufacturerStrDescriptor.str1.4
                0x08006b70       0x13 CMakeFiles/Robot_Chassis_v2.0.elf.dir/USB_Device/App/usbd_desc.c.obj
 *fill*         0x08006b83        0x1 
 .rodata.USBD_CDC_ConfigStrDescriptor.str1.4
                0x08006b84        0xb CMakeFiles/Robot_Chassis_v2.0.elf.dir/USB_Device/App/usbd_desc.c.obj
 *fill*         0x08006b8f        0x1 
 .rodata.USBD_CDC_InterfaceStrDescriptor.str1.4
                0x08006b90        0xe CMakeFiles/Robot_Chassis_v2.0.elf.dir/USB_Device/App/usbd_desc.c.obj
 *fill*         0x08006b9e        0x2 
 .rodata._global_impure_ptr
                0x08006ba0        0x4 c:/progra~2/gnuarm~1/102021~1.10/bin/../lib/gcc/arm-none-eabi/10.3.1/../../../../arm-none-eabi/lib/thumb/v7e-m/nofp\libg.a(lib_a-impure.o)
                0x08006ba0                _global_impure_ptr
                0x08006ba4                . = ALIGN (0x4)

.rel.dyn        0x08006ba4        0x0
 .rel.iplt      0x08006ba4        0x0 c:/progra~2/gnuarm~1/102021~1.10/bin/../lib/gcc/arm-none-eabi/10.3.1/thumb/v7e-m/nofp/crtbegin.o

.ARM.extab      0x08006ba4        0x0
                0x08006ba4                . = ALIGN (0x4)
 *(.ARM.extab* .gnu.linkonce.armextab.*)
                0x08006ba4                . = ALIGN (0x4)

.ARM            0x08006ba4        0x0
                0x08006ba4                . = ALIGN (0x4)
                0x08006ba4                __exidx_start = .
 *(.ARM.exidx*)
                0x08006ba4                __exidx_end = .
                0x08006ba4                . = ALIGN (0x4)

.preinit_array  0x08006ba4        0x0
                0x08006ba4                . = ALIGN (0x4)
                0x08006ba4                PROVIDE (__preinit_array_start = .)
 *(.preinit_array*)
                0x08006ba4                PROVIDE (__preinit_array_end = .)
                0x08006ba4                . = ALIGN (0x4)

.init_array     0x08006ba4        0x8
                0x08006ba4                . = ALIGN (0x4)
                0x08006ba4                PROVIDE (__init_array_start = .)
 *(SORT_BY_NAME(.init_array.*))
 .init_array.00000
                0x08006ba4        0x4 c:/progra~2/gnuarm~1/102021~1.10/bin/../lib/gcc/arm-none-eabi/10.3.1/../../../../arm-none-eabi/lib/thumb/v7e-m/nofp\libg.a(lib_a-__call_atexit.o)
 *(.init_array*)
 .init_array    0x08006ba8        0x4 c:/progra~2/gnuarm~1/102021~1.10/bin/../lib/gcc/arm-none-eabi/10.3.1/thumb/v7e-m/nofp/crtbegin.o
                0x08006bac                PROVIDE (__init_array_end = .)
                0x08006bac                . = ALIGN (0x4)

.fini_array     0x08006bac        0x4
                0x08006bac                . = ALIGN (0x4)
                0x08006bac                PROVIDE (__fini_array_start = .)
 *(SORT_BY_NAME(.fini_array.*))
 *(.fini_array*)
 .fini_array    0x08006bac        0x4 c:/progra~2/gnuarm~1/102021~1.10/bin/../lib/gcc/arm-none-eabi/10.3.1/thumb/v7e-m/nofp/crtbegin.o
                0x08006bb0                PROVIDE (__fini_array_end = .)
                0x08006bb0                . = ALIGN (0x4)
                0x08006bb0                _sidata = LOADADDR (.data)

.data           0x20000000      0x5bc load address 0x08006bb0
                0x20000000                . = ALIGN (0x4)
                0x20000000                _sdata = .
 *(.data)
 *(.data*)
 .data.SystemCoreClock
                0x20000000        0x4 CMakeFiles/Robot_Chassis_v2.0.elf.dir/Core/Src/system_stm32g4xx.c.obj
                0x20000000                SystemCoreClock
 .data.s_updata_index
                0x20000004        0x2 CMakeFiles/Robot_Chassis_v2.0.elf.dir/Core/User/Src/my_agreement.c.obj
                0x20000004                s_updata_index
 *fill*         0x20000006        0x2 
 .data.g_id     0x20000008        0x4 CMakeFiles/Robot_Chassis_v2.0.elf.dir/Core/User/Src/my_usbparse.c.obj
                0x20000008                g_id
 .data.uwTickFreq
                0x2000000c        0x4 CMakeFiles/Robot_Chassis_v2.0.elf.dir/Drivers/STM32G4xx_HAL_Driver/Src/stm32g4xx_hal.c.obj
                0x2000000c                uwTickFreq
 .data.uwTickPrio
                0x20000010        0x4 CMakeFiles/Robot_Chassis_v2.0.elf.dir/Drivers/STM32G4xx_HAL_Driver/Src/stm32g4xx_hal.c.obj
                0x20000010                uwTickPrio
 .data.USBD_CDC
                0x20000014       0x38 CMakeFiles/Robot_Chassis_v2.0.elf.dir/Middlewares/ST/STM32_USB_Device_Library/Class/CDC/Src/usbd_cdc.c.obj
                0x20000014                USBD_CDC
 .data.USBD_CDC_CfgFSDesc
                0x2000004c       0x43 CMakeFiles/Robot_Chassis_v2.0.elf.dir/Middlewares/ST/STM32_USB_Device_Library/Class/CDC/Src/usbd_cdc.c.obj
 *fill*         0x2000008f        0x1 
 .data.USBD_CDC_CfgHSDesc
                0x20000090       0x43 CMakeFiles/Robot_Chassis_v2.0.elf.dir/Middlewares/ST/STM32_USB_Device_Library/Class/CDC/Src/usbd_cdc.c.obj
 *fill*         0x200000d3        0x1 
 .data.USBD_CDC_DeviceQualifierDesc
                0x200000d4        0xa CMakeFiles/Robot_Chassis_v2.0.elf.dir/Middlewares/ST/STM32_USB_Device_Library/Class/CDC/Src/usbd_cdc.c.obj
 *fill*         0x200000de        0x2 
 .data.USBD_CDC_OtherSpeedCfgDesc
                0x200000e0       0x43 CMakeFiles/Robot_Chassis_v2.0.elf.dir/Middlewares/ST/STM32_USB_Device_Library/Class/CDC/Src/usbd_cdc.c.obj
 *fill*         0x20000123        0x1 
 .data.USBD_Interface_fops_FS
                0x20000124       0x14 CMakeFiles/Robot_Chassis_v2.0.elf.dir/USB_Device/App/usbd_cdc_if.c.obj
                0x20000124                USBD_Interface_fops_FS
 .data.CDC_Desc
                0x20000138       0x20 CMakeFiles/Robot_Chassis_v2.0.elf.dir/USB_Device/App/usbd_desc.c.obj
                0x20000138                CDC_Desc
 .data.USBD_CDC_DeviceDesc
                0x20000158       0x12 CMakeFiles/Robot_Chassis_v2.0.elf.dir/USB_Device/App/usbd_desc.c.obj
                0x20000158                USBD_CDC_DeviceDesc
 *fill*         0x2000016a        0x2 
 .data.USBD_LangIDDesc
                0x2000016c        0x4 CMakeFiles/Robot_Chassis_v2.0.elf.dir/USB_Device/App/usbd_desc.c.obj
                0x2000016c                USBD_LangIDDesc
 .data.USBD_StringSerial
                0x20000170       0x1a CMakeFiles/Robot_Chassis_v2.0.elf.dir/USB_Device/App/usbd_desc.c.obj
                0x20000170                USBD_StringSerial
 *fill*         0x2000018a        0x6 
 .data.impure_data
                0x20000190      0x428 c:/progra~2/gnuarm~1/102021~1.10/bin/../lib/gcc/arm-none-eabi/10.3.1/../../../../arm-none-eabi/lib/thumb/v7e-m/nofp\libg.a(lib_a-impure.o)
 .data.__atexit_recursive_mutex
                0x200005b8        0x4 c:/progra~2/gnuarm~1/102021~1.10/bin/../lib/gcc/arm-none-eabi/10.3.1/../../../../arm-none-eabi/lib/thumb/v7e-m/nofp\libg.a(lib_a-__call_atexit.o)
                0x200005b8                __atexit_recursive_mutex
 *(.RamFunc)
 *(.RamFunc*)
                0x200005bc                . = ALIGN (0x4)
                0x200005bc                _edata = .

.igot.plt       0x200005bc        0x0 load address 0x0800716c
 .igot.plt      0x200005bc        0x0 c:/progra~2/gnuarm~1/102021~1.10/bin/../lib/gcc/arm-none-eabi/10.3.1/thumb/v7e-m/nofp/crtbegin.o
                0x200005bc                . = ALIGN (0x4)

.bss            0x200005bc     0x19ec load address 0x0800716c
                0x200005bc                _sbss = .
                0x200005bc                __bss_start__ = _sbss
 *(.bss)
 .bss           0x200005bc       0x1c c:/progra~2/gnuarm~1/102021~1.10/bin/../lib/gcc/arm-none-eabi/10.3.1/thumb/v7e-m/nofp/crtbegin.o
 *(.bss*)
 .bss.hfdcan1   0x200005d8       0x64 CMakeFiles/Robot_Chassis_v2.0.elf.dir/Core/Src/fdcan.c.obj
                0x200005d8                hfdcan1
 .bss.hiwdg     0x2000063c       0x10 CMakeFiles/Robot_Chassis_v2.0.elf.dir/Core/Src/iwdg.c.obj
                0x2000063c                hiwdg
 .bss.TransData
                0x2000064c      0x100 CMakeFiles/Robot_Chassis_v2.0.elf.dir/Core/Src/main.c.obj
 .bss.htim7     0x2000074c       0x4c CMakeFiles/Robot_Chassis_v2.0.elf.dir/Core/Src/tim.c.obj
                0x2000074c                htim7
 .bss.Boot_Frame
                0x20000798       0x14 CMakeFiles/Robot_Chassis_v2.0.elf.dir/Core/User/Src/my_agreement.c.obj
                0x20000798                Boot_Frame
 .bss.LeftArm_Frame
                0x200007ac       0x14 CMakeFiles/Robot_Chassis_v2.0.elf.dir/Core/User/Src/my_agreement.c.obj
                0x200007ac                LeftArm_Frame
 .bss.RightArm_Frame
                0x200007c0       0x14 CMakeFiles/Robot_Chassis_v2.0.elf.dir/Core/User/Src/my_agreement.c.obj
                0x200007c0                RightArm_Frame
 .bss.RXHeader  0x200007d4       0x28 CMakeFiles/Robot_Chassis_v2.0.elf.dir/Core/User/Src/my_fdcan.c.obj
                0x200007d4                RXHeader
 .bss.TXHeader  0x200007fc       0x24 CMakeFiles/Robot_Chassis_v2.0.elf.dir/Core/User/Src/my_fdcan.c.obj
                0x200007fc                TXHeader
 .bss.g_key_Buff
                0x20000820       0x1c CMakeFiles/Robot_Chassis_v2.0.elf.dir/Core/User/Src/my_fdcan.c.obj
                0x20000820                g_key_Buff
 .bss.g_lAngel_Buff
                0x2000083c       0x10 CMakeFiles/Robot_Chassis_v2.0.elf.dir/Core/User/Src/my_fdcan.c.obj
                0x2000083c                g_lAngel_Buff
 .bss.g_rAngel_Buff
                0x2000084c       0x10 CMakeFiles/Robot_Chassis_v2.0.elf.dir/Core/User/Src/my_fdcan.c.obj
                0x2000084c                g_rAngel_Buff
 .bss.BootLoader_RingBuff_t
                0x2000085c        0xc CMakeFiles/Robot_Chassis_v2.0.elf.dir/Core/User/Src/my_ringbuff.c.obj
                0x2000085c                BootLoader_RingBuff_t
 .bss.Boot_Buff
                0x20000868      0x100 CMakeFiles/Robot_Chassis_v2.0.elf.dir/Core/User/Src/my_ringbuff.c.obj
                0x20000868                Boot_Buff
 .bss.LeftArm_Buff
                0x20000968      0x100 CMakeFiles/Robot_Chassis_v2.0.elf.dir/Core/User/Src/my_ringbuff.c.obj
                0x20000968                LeftArm_Buff
 .bss.LeftArm_RingBuff_t
                0x20000a68        0xc CMakeFiles/Robot_Chassis_v2.0.elf.dir/Core/User/Src/my_ringbuff.c.obj
                0x20000a68                LeftArm_RingBuff_t
 .bss.RightArm_Buff
                0x20000a74      0x100 CMakeFiles/Robot_Chassis_v2.0.elf.dir/Core/User/Src/my_ringbuff.c.obj
                0x20000a74                RightArm_Buff
 .bss.RightArm_RingBuff_t
                0x20000b74        0xc CMakeFiles/Robot_Chassis_v2.0.elf.dir/Core/User/Src/my_ringbuff.c.obj
                0x20000b74                RightArm_RingBuff_t
 .bss.Usb_Buff  0x20000b80      0x100 CMakeFiles/Robot_Chassis_v2.0.elf.dir/Core/User/Src/my_ringbuff.c.obj
                0x20000b80                Usb_Buff
 .bss.Usb_RingBuff_t
                0x20000c80        0xc CMakeFiles/Robot_Chassis_v2.0.elf.dir/Core/User/Src/my_ringbuff.c.obj
                0x20000c80                Usb_RingBuff_t
 .bss.g_iRunTime
                0x20000c8c        0x4 CMakeFiles/Robot_Chassis_v2.0.elf.dir/Core/User/Src/my_time.c.obj
                0x20000c8c                g_iRunTime
 .bss.g_iWdgTime
                0x20000c90        0x2 CMakeFiles/Robot_Chassis_v2.0.elf.dir/Core/User/Src/my_time.c.obj
                0x20000c90                g_iWdgTime
 *fill*         0x20000c92        0x2 
 .bss.s_tTmr    0x20000c94       0x30 CMakeFiles/Robot_Chassis_v2.0.elf.dir/Core/User/Src/my_time.c.obj
 .bss.g_AllUpgrade
                0x20000cc4        0x2 CMakeFiles/Robot_Chassis_v2.0.elf.dir/Core/User/Src/my_usbparse.c.obj
                0x20000cc4                g_AllUpgrade
 .bss.g_EndData
                0x20000cc6        0x1 CMakeFiles/Robot_Chassis_v2.0.elf.dir/Core/User/Src/my_usbparse.c.obj
                0x20000cc6                g_EndData
 .bss.g_OutManner
                0x20000cc7        0x1 CMakeFiles/Robot_Chassis_v2.0.elf.dir/Core/User/Src/my_usbparse.c.obj
                0x20000cc7                g_OutManner
 .bss.g_ParseResults
                0x20000cc8        0x1 CMakeFiles/Robot_Chassis_v2.0.elf.dir/Core/User/Src/my_usbparse.c.obj
                0x20000cc8                g_ParseResults
 .bss.g_ReceiveNg
                0x20000cc9        0x1 CMakeFiles/Robot_Chassis_v2.0.elf.dir/Core/User/Src/my_usbparse.c.obj
                0x20000cc9                g_ReceiveNg
 .bss.g_Shakehands
                0x20000cca        0x1 CMakeFiles/Robot_Chassis_v2.0.elf.dir/Core/User/Src/my_usbparse.c.obj
                0x20000cca                g_Shakehands
 .bss.g_UpgradeBegin
                0x20000ccb        0x1 CMakeFiles/Robot_Chassis_v2.0.elf.dir/Core/User/Src/my_usbparse.c.obj
                0x20000ccb                g_UpgradeBegin
 .bss.BoaruUploadBuff
                0x20000ccc      0x104 CMakeFiles/Robot_Chassis_v2.0.elf.dir/Core/User/Src/my_vofa.c.obj
                0x20000ccc                BoaruUploadBuff
 .bss.uwTick    0x20000dd0        0x4 CMakeFiles/Robot_Chassis_v2.0.elf.dir/Drivers/STM32G4xx_HAL_Driver/Src/stm32g4xx_hal.c.obj
                0x20000dd0                uwTick
 .bss.cfgidx.0  0x20000dd4        0x1 CMakeFiles/Robot_Chassis_v2.0.elf.dir/Middlewares/ST/STM32_USB_Device_Library/Core/Src/usbd_ctlreq.c.obj
 *fill*         0x20000dd5        0x3 
 .bss.hUsbDeviceFS
                0x20000dd8      0x2d0 CMakeFiles/Robot_Chassis_v2.0.elf.dir/USB_Device/App/usb_device.c.obj
                0x20000dd8                hUsbDeviceFS
 .bss.UserRxBufferFS
                0x200010a8      0x400 CMakeFiles/Robot_Chassis_v2.0.elf.dir/USB_Device/App/usbd_cdc_if.c.obj
                0x200010a8                UserRxBufferFS
 .bss.UserTxBufferFS
                0x200014a8      0x400 CMakeFiles/Robot_Chassis_v2.0.elf.dir/USB_Device/App/usbd_cdc_if.c.obj
                0x200014a8                UserTxBufferFS
 .bss.USBD_StrDesc
                0x200018a8      0x200 CMakeFiles/Robot_Chassis_v2.0.elf.dir/USB_Device/App/usbd_desc.c.obj
                0x200018a8                USBD_StrDesc
 .bss.hpcd_USB_FS
                0x20001aa8      0x2dc CMakeFiles/Robot_Chassis_v2.0.elf.dir/USB_Device/Target/usbd_conf.c.obj
                0x20001aa8                hpcd_USB_FS
 .bss.mem.0     0x20001d84      0x220 CMakeFiles/Robot_Chassis_v2.0.elf.dir/USB_Device/Target/usbd_conf.c.obj
 .bss.__lock___atexit_recursive_mutex
                0x20001fa4        0x1 c:/progra~2/gnuarm~1/102021~1.10/bin/../lib/gcc/arm-none-eabi/10.3.1/../../../../arm-none-eabi/lib/thumb/v7e-m/nofp\libg.a(lib_a-lock.o)
                0x20001fa4                __lock___atexit_recursive_mutex
 *(COMMON)
                0x20001fa8                . = ALIGN (0x4)
 *fill*         0x20001fa5        0x3 
                0x20001fa8                _ebss = .
                0x20001fa8                __bss_end__ = _ebss

._user_heap_stack
                0x20001fa8      0x600 load address 0x0800716c
                0x20001fa8                . = ALIGN (0x8)
                [!provide]                PROVIDE (end = .)
                0x20001fa8                PROVIDE (_end = .)
                0x200021a8                . = (. + _Min_Heap_Size)
 *fill*         0x20001fa8      0x200 
                0x200025a8                . = (. + _Min_Stack_Size)
 *fill*         0x200021a8      0x400 
                0x200025a8                . = ALIGN (0x8)

/DISCARD/
 libc.a(*)
 libm.a(*)
 libgcc.a(*)

.ARM.attributes
                0x00000000       0x2a
 *(.ARM.attributes)
 .ARM.attributes
                0x00000000       0x1e c:/progra~2/gnuarm~1/102021~1.10/bin/../lib/gcc/arm-none-eabi/10.3.1/thumb/v7e-m/nofp/crti.o
 .ARM.attributes
                0x0000001e       0x2e c:/progra~2/gnuarm~1/102021~1.10/bin/../lib/gcc/arm-none-eabi/10.3.1/thumb/v7e-m/nofp/crtbegin.o
 .ARM.attributes
                0x0000004c       0x2e CMakeFiles/Robot_Chassis_v2.0.elf.dir/Core/Src/fdcan.c.obj
 .ARM.attributes
                0x0000007a       0x2e CMakeFiles/Robot_Chassis_v2.0.elf.dir/Core/Src/gpio.c.obj
 .ARM.attributes
                0x000000a8       0x2e CMakeFiles/Robot_Chassis_v2.0.elf.dir/Core/Src/iwdg.c.obj
 .ARM.attributes
                0x000000d6       0x2e CMakeFiles/Robot_Chassis_v2.0.elf.dir/Core/Src/main.c.obj
 .ARM.attributes
                0x00000104       0x2e CMakeFiles/Robot_Chassis_v2.0.elf.dir/Core/Src/stm32g4xx_hal_msp.c.obj
 .ARM.attributes
                0x00000132       0x2e CMakeFiles/Robot_Chassis_v2.0.elf.dir/Core/Src/stm32g4xx_it.c.obj
 .ARM.attributes
                0x00000160       0x2e CMakeFiles/Robot_Chassis_v2.0.elf.dir/Core/Src/system_stm32g4xx.c.obj
 .ARM.attributes
                0x0000018e       0x2e CMakeFiles/Robot_Chassis_v2.0.elf.dir/Core/Src/tim.c.obj
 .ARM.attributes
                0x000001bc       0x21 CMakeFiles/Robot_Chassis_v2.0.elf.dir/Core/Startup/startup_stm32g431cbtx.s.obj
 .ARM.attributes
                0x000001dd       0x2e CMakeFiles/Robot_Chassis_v2.0.elf.dir/Core/User/Src/my_agreement.c.obj
 .ARM.attributes
                0x0000020b       0x2e CMakeFiles/Robot_Chassis_v2.0.elf.dir/Core/User/Src/my_fdcan.c.obj
 .ARM.attributes
                0x00000239       0x2e CMakeFiles/Robot_Chassis_v2.0.elf.dir/Core/User/Src/my_flash.c.obj
 .ARM.attributes
                0x00000267       0x2e CMakeFiles/Robot_Chassis_v2.0.elf.dir/Core/User/Src/my_ringbuff.c.obj
 .ARM.attributes
                0x00000295       0x2e CMakeFiles/Robot_Chassis_v2.0.elf.dir/Core/User/Src/my_time.c.obj
 .ARM.attributes
                0x000002c3       0x2e CMakeFiles/Robot_Chassis_v2.0.elf.dir/Core/User/Src/my_usbparse.c.obj
 .ARM.attributes
                0x000002f1       0x2e CMakeFiles/Robot_Chassis_v2.0.elf.dir/Core/User/Src/my_vofa.c.obj
 .ARM.attributes
                0x0000031f       0x2e CMakeFiles/Robot_Chassis_v2.0.elf.dir/Drivers/STM32G4xx_HAL_Driver/Src/stm32g4xx_hal.c.obj
 .ARM.attributes
                0x0000034d       0x2e CMakeFiles/Robot_Chassis_v2.0.elf.dir/Drivers/STM32G4xx_HAL_Driver/Src/stm32g4xx_hal_cortex.c.obj
 .ARM.attributes
                0x0000037b       0x2e CMakeFiles/Robot_Chassis_v2.0.elf.dir/Drivers/STM32G4xx_HAL_Driver/Src/stm32g4xx_hal_fdcan.c.obj
 .ARM.attributes
                0x000003a9       0x2e CMakeFiles/Robot_Chassis_v2.0.elf.dir/Drivers/STM32G4xx_HAL_Driver/Src/stm32g4xx_hal_gpio.c.obj
 .ARM.attributes
                0x000003d7       0x2e CMakeFiles/Robot_Chassis_v2.0.elf.dir/Drivers/STM32G4xx_HAL_Driver/Src/stm32g4xx_hal_iwdg.c.obj
 .ARM.attributes
                0x00000405       0x2e CMakeFiles/Robot_Chassis_v2.0.elf.dir/Drivers/STM32G4xx_HAL_Driver/Src/stm32g4xx_hal_pcd.c.obj
 .ARM.attributes
                0x00000433       0x2e CMakeFiles/Robot_Chassis_v2.0.elf.dir/Drivers/STM32G4xx_HAL_Driver/Src/stm32g4xx_hal_pcd_ex.c.obj
 .ARM.attributes
                0x00000461       0x2e CMakeFiles/Robot_Chassis_v2.0.elf.dir/Drivers/STM32G4xx_HAL_Driver/Src/stm32g4xx_hal_pwr_ex.c.obj
 .ARM.attributes
                0x0000048f       0x2e CMakeFiles/Robot_Chassis_v2.0.elf.dir/Drivers/STM32G4xx_HAL_Driver/Src/stm32g4xx_hal_rcc.c.obj
 .ARM.attributes
                0x000004bd       0x2e CMakeFiles/Robot_Chassis_v2.0.elf.dir/Drivers/STM32G4xx_HAL_Driver/Src/stm32g4xx_hal_rcc_ex.c.obj
 .ARM.attributes
                0x000004eb       0x2e CMakeFiles/Robot_Chassis_v2.0.elf.dir/Drivers/STM32G4xx_HAL_Driver/Src/stm32g4xx_hal_tim.c.obj
 .ARM.attributes
                0x00000519       0x2e CMakeFiles/Robot_Chassis_v2.0.elf.dir/Drivers/STM32G4xx_HAL_Driver/Src/stm32g4xx_hal_tim_ex.c.obj
 .ARM.attributes
                0x00000547       0x2e CMakeFiles/Robot_Chassis_v2.0.elf.dir/Drivers/STM32G4xx_HAL_Driver/Src/stm32g4xx_ll_usb.c.obj
 .ARM.attributes
                0x00000575       0x2e CMakeFiles/Robot_Chassis_v2.0.elf.dir/Middlewares/ST/STM32_USB_Device_Library/Class/CDC/Src/usbd_cdc.c.obj
 .ARM.attributes
                0x000005a3       0x2e CMakeFiles/Robot_Chassis_v2.0.elf.dir/Middlewares/ST/STM32_USB_Device_Library/Core/Src/usbd_core.c.obj
 .ARM.attributes
                0x000005d1       0x2e CMakeFiles/Robot_Chassis_v2.0.elf.dir/Middlewares/ST/STM32_USB_Device_Library/Core/Src/usbd_ctlreq.c.obj
 .ARM.attributes
                0x000005ff       0x2e CMakeFiles/Robot_Chassis_v2.0.elf.dir/Middlewares/ST/STM32_USB_Device_Library/Core/Src/usbd_ioreq.c.obj
 .ARM.attributes
                0x0000062d       0x2e CMakeFiles/Robot_Chassis_v2.0.elf.dir/USB_Device/App/usb_device.c.obj
 .ARM.attributes
                0x0000065b       0x2e CMakeFiles/Robot_Chassis_v2.0.elf.dir/USB_Device/App/usbd_cdc_if.c.obj
 .ARM.attributes
                0x00000689       0x2e CMakeFiles/Robot_Chassis_v2.0.elf.dir/USB_Device/App/usbd_desc.c.obj
 .ARM.attributes
                0x000006b7       0x2e CMakeFiles/Robot_Chassis_v2.0.elf.dir/USB_Device/Target/usbd_conf.c.obj
 .ARM.attributes
                0x000006e5       0x1e c:/progra~2/gnuarm~1/102021~1.10/bin/../lib/gcc/arm-none-eabi/10.3.1/thumb/v7e-m/nofp\libgcc.a(_arm_addsubsf3.o)
 .ARM.attributes
                0x00000703       0x2e c:/progra~2/gnuarm~1/102021~1.10/bin/../lib/gcc/arm-none-eabi/10.3.1/../../../../arm-none-eabi/lib/thumb/v7e-m/nofp\libg.a(lib_a-impure.o)
 .ARM.attributes
                0x00000731       0x2e c:/progra~2/gnuarm~1/102021~1.10/bin/../lib/gcc/arm-none-eabi/10.3.1/../../../../arm-none-eabi/lib/thumb/v7e-m/nofp\libg.a(lib_a-init.o)
 .ARM.attributes
                0x0000075f       0x2e c:/progra~2/gnuarm~1/102021~1.10/bin/../lib/gcc/arm-none-eabi/10.3.1/../../../../arm-none-eabi/lib/thumb/v7e-m/nofp\libg.a(lib_a-memset.o)
 .ARM.attributes
                0x0000078d       0x2e c:/progra~2/gnuarm~1/102021~1.10/bin/../lib/gcc/arm-none-eabi/10.3.1/../../../../arm-none-eabi/lib/thumb/v7e-m/nofp\libg.a(lib_a-__call_atexit.o)
 .ARM.attributes
                0x000007bb       0x2e c:/progra~2/gnuarm~1/102021~1.10/bin/../lib/gcc/arm-none-eabi/10.3.1/../../../../arm-none-eabi/lib/thumb/v7e-m/nofp\libg.a(lib_a-atexit.o)
 .ARM.attributes
                0x000007e9       0x2e c:/progra~2/gnuarm~1/102021~1.10/bin/../lib/gcc/arm-none-eabi/10.3.1/../../../../arm-none-eabi/lib/thumb/v7e-m/nofp\libg.a(lib_a-fini.o)
 .ARM.attributes
                0x00000817       0x2e c:/progra~2/gnuarm~1/102021~1.10/bin/../lib/gcc/arm-none-eabi/10.3.1/../../../../arm-none-eabi/lib/thumb/v7e-m/nofp\libg.a(lib_a-lock.o)
 .ARM.attributes
                0x00000845       0x2e c:/progra~2/gnuarm~1/102021~1.10/bin/../lib/gcc/arm-none-eabi/10.3.1/../../../../arm-none-eabi/lib/thumb/v7e-m/nofp\libg.a(lib_a-__atexit.o)
 .ARM.attributes
                0x00000873       0x1e c:/progra~2/gnuarm~1/102021~1.10/bin/../lib/gcc/arm-none-eabi/10.3.1/thumb/v7e-m/nofp/crtn.o
OUTPUT(Robot_Chassis_v2.0.elf elf32-littlearm)
LOAD linker stubs
LOAD c:/progra~2/gnuarm~1/102021~1.10/bin/../lib/gcc/arm-none-eabi/10.3.1/../../../../arm-none-eabi/lib/thumb/v7e-m/nofp\libc.a
LOAD c:/progra~2/gnuarm~1/102021~1.10/bin/../lib/gcc/arm-none-eabi/10.3.1/../../../../arm-none-eabi/lib/thumb/v7e-m/nofp\libm.a
LOAD c:/progra~2/gnuarm~1/102021~1.10/bin/../lib/gcc/arm-none-eabi/10.3.1/thumb/v7e-m/nofp\libgcc.a

.debug_info     0x00000000    0x22072
 .debug_info    0x00000000      0xe5d CMakeFiles/Robot_Chassis_v2.0.elf.dir/Core/Src/fdcan.c.obj
 .debug_info    0x00000e5d      0x50c CMakeFiles/Robot_Chassis_v2.0.elf.dir/Core/Src/gpio.c.obj
 .debug_info    0x00001369      0x1f5 CMakeFiles/Robot_Chassis_v2.0.elf.dir/Core/Src/iwdg.c.obj
 .debug_info    0x0000155e     0x1633 CMakeFiles/Robot_Chassis_v2.0.elf.dir/Core/Src/main.c.obj
 .debug_info    0x00002b91      0x345 CMakeFiles/Robot_Chassis_v2.0.elf.dir/Core/Src/stm32g4xx_hal_msp.c.obj
 .debug_info    0x00002ed6     0x1309 CMakeFiles/Robot_Chassis_v2.0.elf.dir/Core/Src/stm32g4xx_it.c.obj
 .debug_info    0x000041df      0x3f9 CMakeFiles/Robot_Chassis_v2.0.elf.dir/Core/Src/system_stm32g4xx.c.obj
 .debug_info    0x000045d8      0xe08 CMakeFiles/Robot_Chassis_v2.0.elf.dir/Core/Src/tim.c.obj
 .debug_info    0x000053e0       0x22 CMakeFiles/Robot_Chassis_v2.0.elf.dir/Core/Startup/startup_stm32g431cbtx.s.obj
 .debug_info    0x00005402      0x7f3 CMakeFiles/Robot_Chassis_v2.0.elf.dir/Core/User/Src/my_agreement.c.obj
 .debug_info    0x00005bf5      0xdba CMakeFiles/Robot_Chassis_v2.0.elf.dir/Core/User/Src/my_fdcan.c.obj
 .debug_info    0x000069af      0x53e CMakeFiles/Robot_Chassis_v2.0.elf.dir/Core/User/Src/my_flash.c.obj
 .debug_info    0x00006eed      0x71b CMakeFiles/Robot_Chassis_v2.0.elf.dir/Core/User/Src/my_ringbuff.c.obj
 .debug_info    0x00007608      0xc91 CMakeFiles/Robot_Chassis_v2.0.elf.dir/Core/User/Src/my_time.c.obj
 .debug_info    0x00008299     0x1542 CMakeFiles/Robot_Chassis_v2.0.elf.dir/Core/User/Src/my_usbparse.c.obj
 .debug_info    0x000097db      0x151 CMakeFiles/Robot_Chassis_v2.0.elf.dir/Core/User/Src/my_vofa.c.obj
 .debug_info    0x0000992c      0xbb8 CMakeFiles/Robot_Chassis_v2.0.elf.dir/Drivers/STM32G4xx_HAL_Driver/Src/stm32g4xx_hal.c.obj
 .debug_info    0x0000a4e4     0x108f CMakeFiles/Robot_Chassis_v2.0.elf.dir/Drivers/STM32G4xx_HAL_Driver/Src/stm32g4xx_hal_cortex.c.obj
 .debug_info    0x0000b573     0x1d4f CMakeFiles/Robot_Chassis_v2.0.elf.dir/Drivers/STM32G4xx_HAL_Driver/Src/stm32g4xx_hal_fdcan.c.obj
 .debug_info    0x0000d2c2      0x865 CMakeFiles/Robot_Chassis_v2.0.elf.dir/Drivers/STM32G4xx_HAL_Driver/Src/stm32g4xx_hal_gpio.c.obj
 .debug_info    0x0000db27      0x22a CMakeFiles/Robot_Chassis_v2.0.elf.dir/Drivers/STM32G4xx_HAL_Driver/Src/stm32g4xx_hal_iwdg.c.obj
 .debug_info    0x0000dd51     0x1b53 CMakeFiles/Robot_Chassis_v2.0.elf.dir/Drivers/STM32G4xx_HAL_Driver/Src/stm32g4xx_hal_pcd.c.obj
 .debug_info    0x0000f8a4      0x9e6 CMakeFiles/Robot_Chassis_v2.0.elf.dir/Drivers/STM32G4xx_HAL_Driver/Src/stm32g4xx_hal_pcd_ex.c.obj
 .debug_info    0x0001028a      0xa07 CMakeFiles/Robot_Chassis_v2.0.elf.dir/Drivers/STM32G4xx_HAL_Driver/Src/stm32g4xx_hal_pwr_ex.c.obj
 .debug_info    0x00010c91      0xe96 CMakeFiles/Robot_Chassis_v2.0.elf.dir/Drivers/STM32G4xx_HAL_Driver/Src/stm32g4xx_hal_rcc.c.obj
 .debug_info    0x00011b27      0xecf CMakeFiles/Robot_Chassis_v2.0.elf.dir/Drivers/STM32G4xx_HAL_Driver/Src/stm32g4xx_hal_rcc_ex.c.obj
 .debug_info    0x000129f6     0x410f CMakeFiles/Robot_Chassis_v2.0.elf.dir/Drivers/STM32G4xx_HAL_Driver/Src/stm32g4xx_hal_tim.c.obj
 .debug_info    0x00016b05     0x2538 CMakeFiles/Robot_Chassis_v2.0.elf.dir/Drivers/STM32G4xx_HAL_Driver/Src/stm32g4xx_hal_tim_ex.c.obj
 .debug_info    0x0001903d     0x1a28 CMakeFiles/Robot_Chassis_v2.0.elf.dir/Drivers/STM32G4xx_HAL_Driver/Src/stm32g4xx_ll_usb.c.obj
 .debug_info    0x0001aa65     0x145a CMakeFiles/Robot_Chassis_v2.0.elf.dir/Middlewares/ST/STM32_USB_Device_Library/Class/CDC/Src/usbd_cdc.c.obj
 .debug_info    0x0001bebf      0xe47 CMakeFiles/Robot_Chassis_v2.0.elf.dir/Middlewares/ST/STM32_USB_Device_Library/Core/Src/usbd_core.c.obj
 .debug_info    0x0001cd06     0x1324 CMakeFiles/Robot_Chassis_v2.0.elf.dir/Middlewares/ST/STM32_USB_Device_Library/Core/Src/usbd_ctlreq.c.obj
 .debug_info    0x0001e02a      0x87f CMakeFiles/Robot_Chassis_v2.0.elf.dir/Middlewares/ST/STM32_USB_Device_Library/Core/Src/usbd_ioreq.c.obj
 .debug_info    0x0001e8a9      0x755 CMakeFiles/Robot_Chassis_v2.0.elf.dir/USB_Device/App/usb_device.c.obj
 .debug_info    0x0001effe      0xa21 CMakeFiles/Robot_Chassis_v2.0.elf.dir/USB_Device/App/usbd_cdc_if.c.obj
 .debug_info    0x0001fa1f      0x602 CMakeFiles/Robot_Chassis_v2.0.elf.dir/USB_Device/App/usbd_desc.c.obj
 .debug_info    0x00020021     0x2051 CMakeFiles/Robot_Chassis_v2.0.elf.dir/USB_Device/Target/usbd_conf.c.obj

.debug_abbrev   0x00000000     0x4df5
 .debug_abbrev  0x00000000      0x1c5 CMakeFiles/Robot_Chassis_v2.0.elf.dir/Core/Src/fdcan.c.obj
 .debug_abbrev  0x000001c5      0x14e CMakeFiles/Robot_Chassis_v2.0.elf.dir/Core/Src/gpio.c.obj
 .debug_abbrev  0x00000313      0x13a CMakeFiles/Robot_Chassis_v2.0.elf.dir/Core/Src/iwdg.c.obj
 .debug_abbrev  0x0000044d      0x2e8 CMakeFiles/Robot_Chassis_v2.0.elf.dir/Core/Src/main.c.obj
 .debug_abbrev  0x00000735       0xd6 CMakeFiles/Robot_Chassis_v2.0.elf.dir/Core/Src/stm32g4xx_hal_msp.c.obj
 .debug_abbrev  0x0000080b      0x1db CMakeFiles/Robot_Chassis_v2.0.elf.dir/Core/Src/stm32g4xx_it.c.obj
 .debug_abbrev  0x000009e6      0x119 CMakeFiles/Robot_Chassis_v2.0.elf.dir/Core/Src/system_stm32g4xx.c.obj
 .debug_abbrev  0x00000aff      0x20f CMakeFiles/Robot_Chassis_v2.0.elf.dir/Core/Src/tim.c.obj
 .debug_abbrev  0x00000d0e       0x12 CMakeFiles/Robot_Chassis_v2.0.elf.dir/Core/Startup/startup_stm32g431cbtx.s.obj
 .debug_abbrev  0x00000d20      0x210 CMakeFiles/Robot_Chassis_v2.0.elf.dir/Core/User/Src/my_agreement.c.obj
 .debug_abbrev  0x00000f30      0x2cb CMakeFiles/Robot_Chassis_v2.0.elf.dir/Core/User/Src/my_fdcan.c.obj
 .debug_abbrev  0x000011fb      0x163 CMakeFiles/Robot_Chassis_v2.0.elf.dir/Core/User/Src/my_flash.c.obj
 .debug_abbrev  0x0000135e      0x1fa CMakeFiles/Robot_Chassis_v2.0.elf.dir/Core/User/Src/my_ringbuff.c.obj
 .debug_abbrev  0x00001558      0x2a9 CMakeFiles/Robot_Chassis_v2.0.elf.dir/Core/User/Src/my_time.c.obj
 .debug_abbrev  0x00001801      0x366 CMakeFiles/Robot_Chassis_v2.0.elf.dir/Core/User/Src/my_usbparse.c.obj
 .debug_abbrev  0x00001b67      0x100 CMakeFiles/Robot_Chassis_v2.0.elf.dir/Core/User/Src/my_vofa.c.obj
 .debug_abbrev  0x00001c67      0x23e CMakeFiles/Robot_Chassis_v2.0.elf.dir/Drivers/STM32G4xx_HAL_Driver/Src/stm32g4xx_hal.c.obj
 .debug_abbrev  0x00001ea5      0x361 CMakeFiles/Robot_Chassis_v2.0.elf.dir/Drivers/STM32G4xx_HAL_Driver/Src/stm32g4xx_hal_cortex.c.obj