Archive member included to satisfy reference by file (symbol)

c:/progra~2/gnuarm~1/102021~1.10/bin/../lib/gcc/arm-none-eabi/10.3.1/thumb/v7e-m/nofp\libgcc.a(_arm_mulsf3.o)
                              CMakeFiles/Robot_Chassis_v2.0.elf.dir/Core/User/Src/my_foot.c.obj (__aeabi_fmul)
c:/progra~2/gnuarm~1/102021~1.10/bin/../lib/gcc/arm-none-eabi/10.3.1/thumb/v7e-m/nofp\libgcc.a(_arm_addsubdf3.o)
                              CMakeFiles/Robot_Chassis_v2.0.elf.dir/Core/User/Src/my_foot.c.obj (__aeabi_dadd)
c:/progra~2/gnuarm~1/102021~1.10/bin/../lib/gcc/arm-none-eabi/10.3.1/thumb/v7e-m/nofp\libgcc.a(_arm_fixdfsi.o)
                              CMakeFiles/Robot_Chassis_v2.0.elf.dir/Core/User/Src/my_foot.c.obj (__aeabi_d2iz)
c:/progra~2/gnuarm~1/102021~1.10/bin/../lib/gcc/arm-none-eabi/10.3.1/thumb/v7e-m/nofp\libgcc.a(_arm_addsubsf3.o)
                              CMakeFiles/Robot_Chassis_v2.0.elf.dir/Core/User/Src/my_foot.c.obj (__aeabi_fsub)
c:/progra~2/gnuarm~1/102021~1.10/bin/../lib/gcc/arm-none-eabi/10.3.1/thumb/v7e-m/nofp\libgcc.a(_arm_muldivsf3.o)
                              CMakeFiles/Robot_Chassis_v2.0.elf.dir/Core/User/Src/my_foot.c.obj (__aeabi_fdiv)
c:/progra~2/gnuarm~1/102021~1.10/bin/../lib/gcc/arm-none-eabi/10.3.1/thumb/v7e-m/nofp\libgcc.a(_arm_cmpsf2.o)
                              CMakeFiles/Robot_Chassis_v2.0.elf.dir/Core/User/Src/my_foot.c.obj (__aeabi_fcmplt)
c:/progra~2/gnuarm~1/102021~1.10/bin/../lib/gcc/arm-none-eabi/10.3.1/thumb/v7e-m/nofp\libgcc.a(_arm_fixsfsi.o)
                              CMakeFiles/Robot_Chassis_v2.0.elf.dir/Core/User/Src/my_foot.c.obj (__aeabi_f2iz)
c:/progra~2/gnuarm~1/102021~1.10/bin/../lib/gcc/arm-none-eabi/10.3.1/thumb/v7e-m/nofp\libgcc.a(_arm_fixunssfsi.o)
                              CMakeFiles/Robot_Chassis_v2.0.elf.dir/Core/User/Src/my_foot.c.obj (__aeabi_f2uiz)
c:/progra~2/gnuarm~1/102021~1.10/bin/../lib/gcc/arm-none-eabi/10.3.1/../../../../arm-none-eabi/lib/thumb/v7e-m/nofp\libc.a(lib_a-errno.o)
                              CMakeFiles/Robot_Chassis_v2.0.elf.dir/Core/Src/syscalls.c.obj (__errno)
c:/progra~2/gnuarm~1/102021~1.10/bin/../lib/gcc/arm-none-eabi/10.3.1/../../../../arm-none-eabi/lib/thumb/v7e-m/nofp\libc.a(lib_a-exit.o)
                              c:/progra~2/gnuarm~1/102021~1.10/bin/../lib/gcc/arm-none-eabi/10.3.1/../../../../arm-none-eabi/lib/thumb/v7e-m/nofp/crt0.o (exit)
c:/progra~2/gnuarm~1/102021~1.10/bin/../lib/gcc/arm-none-eabi/10.3.1/../../../../arm-none-eabi/lib/thumb/v7e-m/nofp\libc.a(lib_a-impure.o)
                              c:/progra~2/gnuarm~1/102021~1.10/bin/../lib/gcc/arm-none-eabi/10.3.1/../../../../arm-none-eabi/lib/thumb/v7e-m/nofp\libc.a(lib_a-exit.o) (_global_impure_ptr)
c:/progra~2/gnuarm~1/102021~1.10/bin/../lib/gcc/arm-none-eabi/10.3.1/../../../../arm-none-eabi/lib/thumb/v7e-m/nofp\libc.a(lib_a-init.o)
                              c:/progra~2/gnuarm~1/102021~1.10/bin/../lib/gcc/arm-none-eabi/10.3.1/../../../../arm-none-eabi/lib/thumb/v7e-m/nofp/crt0.o (__libc_init_array)
c:/progra~2/gnuarm~1/102021~1.10/bin/../lib/gcc/arm-none-eabi/10.3.1/../../../../arm-none-eabi/lib/thumb/v7e-m/nofp\libc.a(lib_a-memset.o)
                              c:/progra~2/gnuarm~1/102021~1.10/bin/../lib/gcc/arm-none-eabi/10.3.1/../../../../arm-none-eabi/lib/thumb/v7e-m/nofp/crt0.o (memset)
c:/progra~2/gnuarm~1/102021~1.10/bin/../lib/gcc/arm-none-eabi/10.3.1/../../../../arm-none-eabi/lib/thumb/v7e-m/nofp\libc.a(lib_a-__call_atexit.o)
                              c:/progra~2/gnuarm~1/102021~1.10/bin/../lib/gcc/arm-none-eabi/10.3.1/../../../../arm-none-eabi/lib/thumb/v7e-m/nofp\libc.a(lib_a-exit.o) (__call_exitprocs)
c:/progra~2/gnuarm~1/102021~1.10/bin/../lib/gcc/arm-none-eabi/10.3.1/../../../../arm-none-eabi/lib/thumb/v7e-m/nofp\libc.a(lib_a-atexit.o)
                              c:/progra~2/gnuarm~1/102021~1.10/bin/../lib/gcc/arm-none-eabi/10.3.1/../../../../arm-none-eabi/lib/thumb/v7e-m/nofp\libc.a(lib_a-__call_atexit.o) (atexit)
c:/progra~2/gnuarm~1/102021~1.10/bin/../lib/gcc/arm-none-eabi/10.3.1/../../../../arm-none-eabi/lib/thumb/v7e-m/nofp\libc.a(lib_a-fini.o)
                              c:/progra~2/gnuarm~1/102021~1.10/bin/../lib/gcc/arm-none-eabi/10.3.1/../../../../arm-none-eabi/lib/thumb/v7e-m/nofp\libc.a(lib_a-__call_atexit.o) (__libc_fini_array)
c:/progra~2/gnuarm~1/102021~1.10/bin/../lib/gcc/arm-none-eabi/10.3.1/../../../../arm-none-eabi/lib/thumb/v7e-m/nofp\libc.a(lib_a-lock.o)
                              c:/progra~2/gnuarm~1/102021~1.10/bin/../lib/gcc/arm-none-eabi/10.3.1/../../../../arm-none-eabi/lib/thumb/v7e-m/nofp\libc.a(lib_a-__call_atexit.o) (__retarget_lock_acquire_recursive)
c:/progra~2/gnuarm~1/102021~1.10/bin/../lib/gcc/arm-none-eabi/10.3.1/../../../../arm-none-eabi/lib/thumb/v7e-m/nofp\libc.a(lib_a-__atexit.o)
                              c:/progra~2/gnuarm~1/102021~1.10/bin/../lib/gcc/arm-none-eabi/10.3.1/../../../../arm-none-eabi/lib/thumb/v7e-m/nofp\libc.a(lib_a-atexit.o) (__register_exitproc)

[...]
Memory Configuration

Name             Origin             Length             Attributes
RAM              0x20000000         0x00008000         xrw
FLASH            0x08000000         0x00018000         xr
*default*        0x00000000         0xffffffff

Linker script and memory map

LOAD c:/progra~2/gnuarm~1/102021~1.10/bin/../lib/gcc/arm-none-eabi/10.3.1/thumb/v7e-m/nofp/crti.o
LOAD c:/progra~2/gnuarm~1/102021~1.10/bin/../lib/gcc/arm-none-eabi/10.3.1/thumb/v7e-m/nofp/crtbegin.o
LOAD c:/progra~2/gnuarm~1/102021~1.10/bin/../lib/gcc/arm-none-eabi/10.3.1/../../../../arm-none-eabi/lib/thumb/v7e-m/nofp/crt0.o
LOAD CMakeFiles/Robot_Chassis_v2.0.elf.dir/Core/Src/adc.c.obj
LOAD CMakeFiles/Robot_Chassis_v2.0.elf.dir/Core/Src/fdcan.c.obj
LOAD CMakeFiles/Robot_Chassis_v2.0.elf.dir/Core/Src/gpio.c.obj
LOAD CMakeFiles/Robot_Chassis_v2.0.elf.dir/Core/Src/iwdg.c.obj
LOAD CMakeFiles/Robot_Chassis_v2.0.elf.dir/Core/Src/main.c.obj
LOAD CMakeFiles/Robot_Chassis_v2.0.elf.dir/Core/Src/stm32g4xx_hal_msp.c.obj
LOAD CMakeFiles/Robot_Chassis_v2.0.elf.dir/Core/Src/stm32g4xx_it.c.obj
LOAD CMakeFiles/Robot_Chassis_v2.0.elf.dir/Core/Src/syscalls.c.obj
LOAD CMakeFiles/Robot_Chassis_v2.0.elf.dir/Core/Src/sysmem.c.obj
LOAD CMakeFiles/Robot_Chassis_v2.0.elf.dir/Core/Src/system_stm32g4xx.c.obj
LOAD CMakeFiles/Robot_Chassis_v2.0.elf.dir/Core/Src/tim.c.obj
LOAD CMakeFiles/Robot_Chassis_v2.0.elf.dir/Core/Startup/startup_stm32g431cbtx.s.obj
LOAD CMakeFiles/Robot_Chassis_v2.0.elf.dir/Core/User/Src/my_agreement.c.obj
LOAD CMakeFiles/Robot_Chassis_v2.0.elf.dir/Core/User/Src/my_common.c.obj
LOAD CMakeFiles/Robot_Chassis_v2.0.elf.dir/Core/User/Src/my_fdcan.c.obj
LOAD CMakeFiles/Robot_Chassis_v2.0.elf.dir/Core/User/Src/my_flash.c.obj
LOAD CMakeFiles/Robot_Chassis_v2.0.elf.dir/Core/User/Src/my_foot.c.obj
LOAD CMakeFiles/Robot_Chassis_v2.0.elf.dir/Core/User/Src/my_menu.c.obj
LOAD CMakeFiles/Robot_Chassis_v2.0.elf.dir/Core/User/Src/my_ringbuff.c.obj
LOAD CMakeFiles/Robot_Chassis_v2.0.elf.dir/Core/User/Src/my_time.c.obj
LOAD CMakeFiles/Robot_Chassis_v2.0.elf.dir/Core/User/Src/my_usbparse.c.obj
LOAD CMakeFiles/Robot_Chassis_v2.0.elf.dir/Core/User/Src/my_vofa.c.obj
LOAD CMakeFiles/Robot_Chassis_v2.0.elf.dir/Core/User/Src/my_ymodem.c.obj
LOAD CMakeFiles/Robot_Chassis_v2.0.elf.dir/Drivers/STM32G4xx_HAL_Driver/Src/stm32g4xx_hal.c.obj
LOAD CMakeFiles/Robot_Chassis_v2.0.elf.dir/Drivers/STM32G4xx_HAL_Driver/Src/stm32g4xx_hal_adc.c.obj
LOAD CMakeFiles/Robot_Chassis_v2.0.elf.dir/Drivers/STM32G4xx_HAL_Driver/Src/stm32g4xx_hal_adc_ex.c.obj
LOAD CMakeFiles/Robot_Chassis_v2.0.elf.dir/Drivers/STM32G4xx_HAL_Driver/Src/stm32g4xx_hal_cortex.c.obj
LOAD CMakeFiles/Robot_Chassis_v2.0.elf.dir/Drivers/STM32G4xx_HAL_Driver/Src/stm32g4xx_hal_dma.c.obj
LOAD CMakeFiles/Robot_Chassis_v2.0.elf.dir/Drivers/STM32G4xx_HAL_Driver/Src/stm32g4xx_hal_dma_ex.c.obj
LOAD CMakeFiles/Robot_Chassis_v2.0.elf.dir/Drivers/STM32G4xx_HAL_Driver/Src/stm32g4xx_hal_exti.c.obj
LOAD CMakeFiles/Robot_Chassis_v2.0.elf.dir/Drivers/STM32G4xx_HAL_Driver/Src/stm32g4xx_hal_fdcan.c.obj
LOAD CMakeFiles/Robot_Chassis_v2.0.elf.dir/Drivers/STM32G4xx_HAL_Driver/Src/stm32g4xx_hal_flash.c.obj
LOAD CMakeFiles/Robot_Chassis_v2.0.elf.dir/Drivers/STM32G4xx_HAL_Driver/Src/stm32g4xx_hal_flash_ex.c.obj
LOAD CMakeFiles/Robot_Chassis_v2.0.elf.dir/Drivers/STM32G4xx_HAL_Driver/Src/stm32g4xx_hal_flash_ramfunc.c.obj
LOAD CMakeFiles/Robot_Chassis_v2.0.elf.dir/Drivers/STM32G4xx_HAL_Driver/Src/stm32g4xx_hal_gpio.c.obj
LOAD CMakeFiles/Robot_Chassis_v2.0.elf.dir/Drivers/STM32G4xx_HAL_Driver/Src/stm32g4xx_hal_iwdg.c.obj
LOAD CMakeFiles/Robot_Chassis_v2.0.elf.dir/Drivers/STM32G4xx_HAL_Driver/Src/stm32g4xx_hal_pcd.c.obj
LOAD CMakeFiles/Robot_Chassis_v2.0.elf.dir/Drivers/STM32G4xx_HAL_Driver/Src/stm32g4xx_hal_pcd_ex.c.obj
LOAD CMakeFiles/Robot_Chassis_v2.0.elf.dir/Drivers/STM32G4xx_HAL_Driver/Src/stm32g4xx_hal_pwr.c.obj
LOAD CMakeFiles/Robot_Chassis_v2.0.elf.dir/Drivers/STM32G4xx_HAL_Driver/Src/stm32g4xx_hal_pwr_ex.c.obj
LOAD CMakeFiles/Robot_Chassis_v2.0.elf.dir/Drivers/STM32G4xx_HAL_Driver/Src/stm32g4xx_hal_rcc.c.obj
LOAD CMakeFiles/Robot_Chassis_v2.0.elf.dir/Drivers/STM32G4xx_HAL_Driver/Src/stm32g4xx_hal_rcc_ex.c.obj
LOAD CMakeFiles/Robot_Chassis_v2.0.elf.dir/Drivers/STM32G4xx_HAL_Driver/Src/stm32g4xx_hal_tim.c.obj
LOAD CMakeFiles/Robot_Chassis_v2.0.elf.dir/Drivers/STM32G4xx_HAL_Driver/Src/stm32g4xx_hal_tim_ex.c.obj
LOAD CMakeFiles/Robot_Chassis_v2.0.elf.dir/Drivers/STM32G4xx_HAL_Driver/Src/stm32g4xx_ll_adc.c.obj
LOAD CMakeFiles/Robot_Chassis_v2.0.elf.dir/Drivers/STM32G4xx_HAL_Driver/Src/stm32g4xx_ll_usb.c.obj
LOAD CMakeFiles/Robot_Chassis_v2.0.elf.dir/Middlewares/ST/STM32_USB_Device_Library/Class/CDC/Src/usbd_cdc.c.obj
LOAD CMakeFiles/Robot_Chassis_v2.0.elf.dir/Middlewares/ST/STM32_USB_Device_Library/Core/Src/usbd_core.c.obj
LOAD CMakeFiles/Robot_Chassis_v2.0.elf.dir/Middlewares/ST/STM32_USB_Device_Library/Core/Src/usbd_ctlreq.c.obj
LOAD CMakeFiles/Robot_Chassis_v2.0.elf.dir/Middlewares/ST/STM32_USB_Device_Library/Core/Src/usbd_ioreq.c.obj
LOAD CMakeFiles/Robot_Chassis_v2.0.elf.dir/USB_Device/App/usb_device.c.obj
LOAD CMakeFiles/Robot_Chassis_v2.0.elf.dir/USB_Device/App/usbd_cdc_if.c.obj
LOAD CMakeFiles/Robot_Chassis_v2.0.elf.dir/USB_Device/App/usbd_desc.c.obj
LOAD CMakeFiles/Robot_Chassis_v2.0.elf.dir/USB_Device/Target/usbd_conf.c.obj
START GROUP
LOAD c:/progra~2/gnuarm~1/102021~1.10/bin/../lib/gcc/arm-none-eabi/10.3.1/thumb/v7e-m/nofp\libgcc.a
LOAD c:/progra~2/gnuarm~1/102021~1.10/bin/../lib/gcc/arm-none-eabi/10.3.1/../../../../arm-none-eabi/lib/thumb/v7e-m/nofp\libc.a
END GROUP
LOAD c:/progra~2/gnuarm~1/102021~1.10/bin/../lib/gcc/arm-none-eabi/10.3.1/thumb/v7e-m/nofp/crtend.o
LOAD c:/progra~2/gnuarm~1/102021~1.10/bin/../lib/gcc/arm-none-eabi/10.3.1/thumb/v7e-m/nofp/crtn.o
                0x20008000                _estack = (ORIGIN (RAM) + LENGTH (RAM))
                0x00000200                _Min_Heap_Size = 0x200
                0x00000400                _Min_Stack_Size = 0x400

.isr_vector     0x08000000      0x1d8
                0x08000000                . = ALIGN (0x4)
 *(.isr_vector)
 .isr_vector    0x08000000      0x1d8 CMakeFiles/Robot_Chassis_v2.0.elf.dir/Core/Startup/startup_stm32g431cbtx.s.obj
                0x08000000                g_pfnVectors
                0x080001d8                . = ALIGN (0x4)

.text           0x080001d8     0x8be4
                0x080001d8                . = ALIGN (0x4)
 *(.text)
 .text          0x080001d8       0x40 c:/progra~2/gnuarm~1/102021~1.10/bin/../lib/gcc/arm-none-eabi/10.3.1/thumb/v7e-m/nofp/crtbegin.o
 .text          0x08000218      0x378 c:/progra~2/gnuarm~1/102021~1.10/bin/../lib/gcc/arm-none-eabi/10.3.1/thumb/v7e-m/nofp\libgcc.a(_arm_addsubdf3.o)
                0x08000218                __aeabi_drsub
                0x08000220                __aeabi_dsub
                0x08000220                __subdf3
                0x08000224                __aeabi_dadd
                0x08000224                __adddf3
                0x0800049c                __floatunsidf
                0x0800049c                __aeabi_ui2d
                0x080004bc                __floatsidf
                0x080004bc                __aeabi_i2d
                0x080004e0                __aeabi_f2d
                0x080004e0                __extendsfdf2
                0x08000524                __floatundidf
                0x08000524                __aeabi_ul2d
                0x08000534                __floatdidf
                0x08000534                __aeabi_l2d
 .text          0x08000590       0x50 c:/progra~2/gnuarm~1/102021~1.10/bin/../lib/gcc/arm-none-eabi/10.3.1/thumb/v7e-m/nofp\libgcc.a(_arm_fixdfsi.o)
                0x08000590                __aeabi_d2iz
                0x08000590                __fixdfsi
 .text          0x080005e0      0x21c c:/progra~2/gnuarm~1/102021~1.10/bin/../lib/gcc/arm-none-eabi/10.3.1/thumb/v7e-m/nofp\libgcc.a(_arm_addsubsf3.o)
                0x080005e0                __aeabi_frsub
                0x080005e8                __subsf3
                0x080005e8                __aeabi_fsub
                0x080005ec                __aeabi_fadd
                0x080005ec                __addsf3
                0x0800074c                __aeabi_ui2f
                0x0800074c                __floatunsisf
                0x08000754                __aeabi_i2f
                0x08000754                __floatsisf
                0x08000770                __aeabi_ul2f
                0x08000770                __floatundisf
                0x08000780                __aeabi_l2f
                0x08000780                __floatdisf
 .text          0x080007fc      0x2a0 c:/progra~2/gnuarm~1/102021~1.10/bin/../lib/gcc/arm-none-eabi/10.3.1/thumb/v7e-m/nofp\libgcc.a(_arm_muldivsf3.o)
                0x080007fc                __mulsf3
                0x080007fc                __aeabi_fmul
                0x08000964                __aeabi_fdiv
                0x08000964                __divsf3
 .text          0x08000a9c       0xec c:/progra~2/gnuarm~1/102021~1.10/bin/../lib/gcc/arm-none-eabi/10.3.1/thumb/v7e-m/nofp\libgcc.a(_arm_cmpsf2.o)
                0x08000a9c                __gesf2
                0x08000a9c                __gtsf2
                0x08000aa4                __lesf2
                0x08000aa4                __ltsf2
                0x08000aac                __nesf2
                0x08000aac                __eqsf2
                0x08000aac                __cmpsf2
                0x08000b0c                __aeabi_cfrcmple
                0x08000b14                __aeabi_cfcmpeq
                0x08000b14                __aeabi_cfcmple
                0x08000b24                __aeabi_fcmpeq
                0x08000b38                __aeabi_fcmplt
                0x08000b4c                __aeabi_fcmple
                0x08000b60                __aeabi_fcmpge
                0x08000b74                __aeabi_fcmpgt
 .text          0x08000b88       0x4c c:/progra~2/gnuarm~1/102021~1.10/bin/../lib/gcc/arm-none-eabi/10.3.1/thumb/v7e-m/nofp\libgcc.a(_arm_fixsfsi.o)
                0x08000b88                __aeabi_f2iz
                0x08000b88                __fixsfsi
 .text          0x08000bd4       0x40 c:/progra~2/gnuarm~1/102021~1.10/bin/../lib/gcc/arm-none-eabi/10.3.1/thumb/v7e-m/nofp\libgcc.a(_arm_fixunssfsi.o)
                0x08000bd4                __fixunssfsi
                0x08000bd4                __aeabi_f2uiz
 *(.text*)
 .text.MX_ADC1_Init
                0x08000c14       0xa0 CMakeFiles/Robot_Chassis_v2.0.elf.dir/Core/Src/adc.c.obj
                0x08000c14                MX_ADC1_Init
 .text.MX_ADC2_Init
                0x08000cb4       0x88 CMakeFiles/Robot_Chassis_v2.0.elf.dir/Core/Src/adc.c.obj
                0x08000cb4                MX_ADC2_Init
 .text.HAL_ADC_MspInit
                0x08000d3c      0x108 CMakeFiles/Robot_Chassis_v2.0.elf.dir/Core/Src/adc.c.obj
                0x08000d3c                HAL_ADC_MspInit
 .text.MX_FDCAN1_Init
                0x08000e44       0x54 CMakeFiles/Robot_Chassis_v2.0.elf.dir/Core/Src/fdcan.c.obj
                0x08000e44                MX_FDCAN1_Init
 .text.HAL_FDCAN_MspInit
                0x08000e98       0xb4 CMakeFiles/Robot_Chassis_v2.0.elf.dir/Core/Src/fdcan.c.obj
                0x08000e98                HAL_FDCAN_MspInit
 .text.MX_GPIO_Init
                0x08000f4c       0x8c CMakeFiles/Robot_Chassis_v2.0.elf.dir/Core/Src/gpio.c.obj
                0x08000f4c                MX_GPIO_Init
 .text.MX_IWDG_Init
                0x08000fd8       0x2c CMakeFiles/Robot_Chassis_v2.0.elf.dir/Core/Src/iwdg.c.obj
                0x08000fd8                MX_IWDG_Init
 .text.UsbReset
                0x08001004       0x64 CMakeFiles/Robot_Chassis_v2.0.elf.dir/Core/Src/main.c.obj
                0x08001004                UsbReset
 .text.SendDatAconformity
                0x08001068       0xf4 CMakeFiles/Robot_Chassis_v2.0.elf.dir/Core/Src/main.c.obj
                0x08001068                SendDatAconformity
 .text.Error_Handler
                0x0800115c        0x4 CMakeFiles/Robot_Chassis_v2.0.elf.dir/Core/Src/main.c.obj
                0x0800115c                Error_Handler
 .text.SystemClock_Config
                0x08001160       0x74 CMakeFiles/Robot_Chassis_v2.0.elf.dir/Core/Src/main.c.obj
                0x08001160                SystemClock_Config
 .text.main     0x080011d4      0x138 CMakeFiles/Robot_Chassis_v2.0.elf.dir/Core/Src/main.c.obj
                0x080011d4                main
 .text.HAL_MspInit
                0x0800130c       0x38 CMakeFiles/Robot_Chassis_v2.0.elf.dir/Core/Src/stm32g4xx_hal_msp.c.obj
                0x0800130c                HAL_MspInit
 .text.NMI_Handler
                0x08001344        0x2 CMakeFiles/Robot_Chassis_v2.0.elf.dir/Core/Src/stm32g4xx_it.c.obj
                0x08001344                NMI_Handler
 .text.HardFault_Handler
                0x08001346        0x2 CMakeFiles/Robot_Chassis_v2.0.elf.dir/Core/Src/stm32g4xx_it.c.obj
                0x08001346                HardFault_Handler
 .text.MemManage_Handler
                0x08001348        0x2 CMakeFiles/Robot_Chassis_v2.0.elf.dir/Core/Src/stm32g4xx_it.c.obj
                0x08001348                MemManage_Handler
 .text.BusFault_Handler
                0x0800134a        0x2 CMakeFiles/Robot_Chassis_v2.0.elf.dir/Core/Src/stm32g4xx_it.c.obj
                0x0800134a                BusFault_Handler
 .text.UsageFault_Handler
                0x0800134c        0x2 CMakeFiles/Robot_Chassis_v2.0.elf.dir/Core/Src/stm32g4xx_it.c.obj
                0x0800134c                UsageFault_Handler
 .text.SVC_Handler
                0x0800134e        0x2 CMakeFiles/Robot_Chassis_v2.0.elf.dir/Core/Src/stm32g4xx_it.c.obj
                0x0800134e                SVC_Handler
 .text.DebugMon_Handler
                0x08001350        0x2 CMakeFiles/Robot_Chassis_v2.0.elf.dir/Core/Src/stm32g4xx_it.c.obj
                0x08001350                DebugMon_Handler
 .text.PendSV_Handler
                0x08001352        0x2 CMakeFiles/Robot_Chassis_v2.0.elf.dir/Core/Src/stm32g4xx_it.c.obj
                0x08001352                PendSV_Handler
 .text.SysTick_Handler
                0x08001354        0x8 CMakeFiles/Robot_Chassis_v2.0.elf.dir/Core/Src/stm32g4xx_it.c.obj
                0x08001354                SysTick_Handler
 .text.USB_LP_IRQHandler
                0x0800135c       0x10 CMakeFiles/Robot_Chassis_v2.0.elf.dir/Core/Src/stm32g4xx_it.c.obj
                0x0800135c                USB_LP_IRQHandler
 .text.FDCAN1_IT0_IRQHandler
                0x0800136c       0x10 CMakeFiles/Robot_Chassis_v2.0.elf.dir/Core/Src/stm32g4xx_it.c.obj
                0x0800136c                FDCAN1_IT0_IRQHandler
 .text.FDCAN1_IT1_IRQHandler
                0x0800137c       0x10 CMakeFiles/Robot_Chassis_v2.0.elf.dir/Core/Src/stm32g4xx_it.c.obj
                0x0800137c                FDCAN1_IT1_IRQHandler
 .text.TIM7_IRQHandler
                0x0800138c       0x10 CMakeFiles/Robot_Chassis_v2.0.elf.dir/Core/Src/stm32g4xx_it.c.obj
                0x0800138c                TIM7_IRQHandler
 .text.SystemInit
                0x0800139c        0x2 CMakeFiles/Robot_Chassis_v2.0.elf.dir/Core/Src/system_stm32g4xx.c.obj
                0x0800139c                SystemInit
 *fill*         0x0800139e        0x2 
 .text.MX_TIM7_Init
                0x080013a0       0x50 CMakeFiles/Robot_Chassis_v2.0.elf.dir/Core/Src/tim.c.obj
                0x080013a0                MX_TIM7_Init
 .text.HAL_TIM_Base_MspInit
                0x080013f0       0x40 CMakeFiles/Robot_Chassis_v2.0.elf.dir/Core/Src/tim.c.obj
                0x080013f0                HAL_TIM_Base_MspInit
 .text.Reset_Handler
                0x08001430       0x50 CMakeFiles/Robot_Chassis_v2.0.elf.dir/Core/Startup/startup_stm32g431cbtx.s.obj
                0x08001430                Reset_Handler
 .text.Default_Handler
                0x08001480        0x2 CMakeFiles/Robot_Chassis_v2.0.elf.dir/Core/Startup/startup_stm32g431cbtx.s.obj
                0x08001480                RTC_Alarm_IRQHandler
                0x08001480                EXTI2_IRQHandler
                0x08001480                TIM8_TRG_COM_IRQHandler
                0x08001480                TIM8_CC_IRQHandler
                0x08001480                TIM1_CC_IRQHandler
                0x08001480                USB_HP_IRQHandler
                0x08001480                CORDIC_IRQHandler
                0x08001480                EXTI3_IRQHandler
                0x08001480                I2C3_ER_IRQHandler
                0x08001480                EXTI0_IRQHandler
                0x08001480                I2C2_EV_IRQHandler
                0x08001480                FPU_IRQHandler
                0x08001480                TIM1_UP_TIM16_IRQHandler
                0x08001480                ADC1_2_IRQHandler
                0x08001480                SPI1_IRQHandler
                0x08001480                TIM6_DAC_IRQHandler
                0x08001480                TIM8_UP_IRQHandler
                0x08001480                DMA2_Channel2_IRQHandler
                0x08001480                DMA1_Channel4_IRQHandler
                0x08001480                USART3_IRQHandler
                0x08001480                TIM4_IRQHandler
                0x08001480                DMA2_Channel1_IRQHandler
                0x08001480                I2C1_EV_IRQHandler
                0x08001480                DMA1_Channel6_IRQHandler
                0x08001480                UART4_IRQHandler
                0x08001480                DMA2_Channel4_IRQHandler
                0x08001480                TIM3_IRQHandler
                0x08001480                RCC_IRQHandler
                0x08001480                DMA1_Channel1_IRQHandler
                0x08001480                Default_Handler
                0x08001480                RTC_TAMP_LSECSS_IRQHandler
                0x08001480                FMAC_IRQHandler
                0x08001480                EXTI15_10_IRQHandler
                0x08001480                UCPD1_IRQHandler
                0x08001480                I2C3_EV_IRQHandler
                0x08001480                EXTI9_5_IRQHandler
                0x08001480                RTC_WKUP_IRQHandler
                0x08001480                PVD_PVM_IRQHandler
                0x08001480                SPI2_IRQHandler
                0x08001480                DMA2_Channel5_IRQHandler
                0x08001480                CRS_IRQHandler
                0x08001480                DMA1_Channel5_IRQHandler
                0x08001480                EXTI4_IRQHandler
                0x08001480                RNG_IRQHandler
                0x08001480                TIM1_TRG_COM_TIM17_IRQHandler
                0x08001480                DMA1_Channel3_IRQHandler
                0x08001480                WWDG_IRQHandler
                0x08001480                LPUART1_IRQHandler
                0x08001480                DMA2_Channel6_IRQHandler
                0x08001480                TIM2_IRQHandler
                0x08001480                COMP1_2_3_IRQHandler
                0x08001480                EXTI1_IRQHandler
                0x08001480                USART2_IRQHandler
                0x08001480                I2C2_ER_IRQHandler
                0x08001480                DMA1_Channel2_IRQHandler
                0x08001480                TIM8_BRK_IRQHandler
                0x08001480                FLASH_IRQHandler
                0x08001480                USART1_IRQHandler
                0x08001480                SPI3_IRQHandler
                0x08001480                I2C1_ER_IRQHandler
                0x08001480                LPTIM1_IRQHandler
                0x08001480                DMAMUX_OVR_IRQHandler
                0x08001480                USBWakeUp_IRQHandler
                0x08001480                SAI1_IRQHandler
                0x08001480                DMA2_Channel3_IRQHandler
                0x08001480                COMP4_IRQHandler
                0x08001480                TIM1_BRK_TIM15_IRQHandler
 *fill*         0x08001482        0x2 
 .text.GeneralFrameUPInit
                0x08001484       0xa8 CMakeFiles/Robot_Chassis_v2.0.elf.dir/Core/User/Src/my_agreement.c.obj
                0x08001484                GeneralFrameUPInit
 .text.DataEncapsula
                0x0800152c       0x98 CMakeFiles/Robot_Chassis_v2.0.elf.dir/Core/User/Src/my_agreement.c.obj
                0x0800152c                DataEncapsula
 .text.GetPackSize
                0x080015c4        0xa CMakeFiles/Robot_Chassis_v2.0.elf.dir/Core/User/Src/my_agreement.c.obj
                0x080015c4                GetPackSize
 .text.BootPack
                0x080015ce       0x22 CMakeFiles/Robot_Chassis_v2.0.elf.dir/Core/User/Src/my_agreement.c.obj
                0x080015ce                BootPack
 .text.Crc16Verify
                0x080015f0       0x3c CMakeFiles/Robot_Chassis_v2.0.elf.dir/Core/User/Src/my_agreement.c.obj
                0x080015f0                Crc16Verify
 .text.AgreementEncapsula
                0x0800162c       0x7a CMakeFiles/Robot_Chassis_v2.0.elf.dir/Core/User/Src/my_agreement.c.obj
                0x0800162c                AgreementEncapsula
 *fill*         0x080016a6        0x2 
 .text.Int2Str  0x080016a8       0x50 CMakeFiles/Robot_Chassis_v2.0.elf.dir/Core/User/Src/my_common.c.obj
                0x080016a8                Int2Str
 .text.Str2Int  0x080016f8       0xee CMakeFiles/Robot_Chassis_v2.0.elf.dir/Core/User/Src/my_common.c.obj
                0x080016f8                Str2Int
 .text.Serial_PutString
                0x080017e6       0x22 CMakeFiles/Robot_Chassis_v2.0.elf.dir/Core/User/Src/my_common.c.obj
                0x080017e6                Serial_PutString
 .text.Serial_PutByte
                0x08001808       0x1a CMakeFiles/Robot_Chassis_v2.0.elf.dir/Core/User/Src/my_common.c.obj
                0x08001808                Serial_PutByte
 *fill*         0x08001822        0x2 
 .text.AnalyseData
                0x08001824      0x184 CMakeFiles/Robot_Chassis_v2.0.elf.dir/Core/User/Src/my_fdcan.c.obj
 .text.GetFdCanBoot
                0x080019a8       0x84 CMakeFiles/Robot_Chassis_v2.0.elf.dir/Core/User/Src/my_fdcan.c.obj
 .text.GetFDcanData
                0x08001a2c      0x158 CMakeFiles/Robot_Chassis_v2.0.elf.dir/Core/User/Src/my_fdcan.c.obj
 .text.CanFilterInit
                0x08001b84       0x34 CMakeFiles/Robot_Chassis_v2.0.elf.dir/Core/User/Src/my_fdcan.c.obj
 .text.CanInit  0x08001bb8       0x20 CMakeFiles/Robot_Chassis_v2.0.elf.dir/Core/User/Src/my_fdcan.c.obj
                0x08001bb8                CanInit
 .text.CanSendMsg
                0x08001bd8       0x48 CMakeFiles/Robot_Chassis_v2.0.elf.dir/Core/User/Src/my_fdcan.c.obj
                0x08001bd8                CanSendMsg
 .text.HAL_FDCAN_RxFifo0Callback
                0x08001c20       0x64 CMakeFiles/Robot_Chassis_v2.0.elf.dir/Core/User/Src/my_fdcan.c.obj
                0x08001c20                HAL_FDCAN_RxFifo0Callback
 .text.FlashReadWord
                0x08001c84        0x4 CMakeFiles/Robot_Chassis_v2.0.elf.dir/Core/User/Src/my_flash.c.obj
                0x08001c84                FlashReadWord
 .text.FlashRead
                0x08001c88       0x20 CMakeFiles/Robot_Chassis_v2.0.elf.dir/Core/User/Src/my_flash.c.obj
                0x08001c88                FlashRead
 .text.FLASH_If_Init
                0x08001ca8       0x18 CMakeFiles/Robot_Chassis_v2.0.elf.dir/Core/User/Src/my_flash.c.obj
                0x08001ca8                FLASH_If_Init
 .text.FLASH_If_Erase
                0x08001cc0       0x3e CMakeFiles/Robot_Chassis_v2.0.elf.dir/Core/User/Src/my_flash.c.obj
                0x08001cc0                FLASH_If_Erase
 *fill*         0x08001cfe        0x2 
 .text.FLASH_If_Write
                0x08001d00       0x94 CMakeFiles/Robot_Chassis_v2.0.elf.dir/Core/User/Src/my_flash.c.obj
                0x08001d00                FLASH_If_Write
 .text.FLASH_If_GetWriteProtectionStatus
                0x08001d94        0x4 CMakeFiles/Robot_Chassis_v2.0.elf.dir/Core/User/Src/my_flash.c.obj
                0x08001d94                FLASH_If_GetWriteProtectionStatus
 .text.FootData_Judgment
                0x08001d98       0x92 CMakeFiles/Robot_Chassis_v2.0.elf.dir/Core/User/Src/my_foot.c.obj
 *fill*         0x08001e2a        0x6 
 .text.foot_recv
                0x08001e30      0x194 CMakeFiles/Robot_Chassis_v2.0.elf.dir/Core/User/Src/my_foot.c.obj
                0x08001e30                foot_recv
 .text.SerialDownload
                0x08001fc4       0xa4 CMakeFiles/Robot_Chassis_v2.0.elf.dir/Core/User/Src/my_menu.c.obj
                0x08001fc4                SerialDownload
 .text.Main_Menu
                0x08002068       0x60 CMakeFiles/Robot_Chassis_v2.0.elf.dir/Core/User/Src/my_menu.c.obj
                0x08002068                Main_Menu
 .text.RingBuffFull
                0x080020c8       0x28 CMakeFiles/Robot_Chassis_v2.0.elf.dir/Core/User/Src/my_ringbuff.c.obj
 .text.RingBuffWriteOneByte
                0x080020f0       0x40 CMakeFiles/Robot_Chassis_v2.0.elf.dir/Core/User/Src/my_ringbuff.c.obj
 .text.RingBuffInit
                0x08002130       0x12 CMakeFiles/Robot_Chassis_v2.0.elf.dir/Core/User/Src/my_ringbuff.c.obj
                0x08002130                RingBuffInit
 .text.RingBuffEmpty
                0x08002142       0x1a CMakeFiles/Robot_Chassis_v2.0.elf.dir/Core/User/Src/my_ringbuff.c.obj
                0x08002142                RingBuffEmpty
 .text.RingBuffGetOneByte
                0x0800215c       0x40 CMakeFiles/Robot_Chassis_v2.0.elf.dir/Core/User/Src/my_ringbuff.c.obj
 .text.RingBuffReadNByte
                0x0800219c       0x4c CMakeFiles/Robot_Chassis_v2.0.elf.dir/Core/User/Src/my_ringbuff.c.obj
                0x0800219c                RingBuffReadNByte
 .text.RingBuffGetNByte
                0x080021e8       0x2a CMakeFiles/Robot_Chassis_v2.0.elf.dir/Core/User/Src/my_ringbuff.c.obj
                0x080021e8                RingBuffGetNByte
 .text.RingBuffWriteNByte
                0x08002212       0x2a CMakeFiles/Robot_Chassis_v2.0.elf.dir/Core/User/Src/my_ringbuff.c.obj
                0x08002212                RingBuffWriteNByte
 .text.RingBuffGetLen
                0x0800223c       0x36 CMakeFiles/Robot_Chassis_v2.0.elf.dir/Core/User/Src/my_ringbuff.c.obj
                0x0800223c                RingBuffGetLen
 .text.RingBuffRemoveOneByte
                0x08002272       0x28 CMakeFiles/Robot_Chassis_v2.0.elf.dir/Core/User/Src/my_ringbuff.c.obj
                0x08002272                RingBuffRemoveOneByte
 .text.RingBuffRemoveNByte
                0x0800229a       0x24 CMakeFiles/Robot_Chassis_v2.0.elf.dir/Core/User/Src/my_ringbuff.c.obj
                0x0800229a                RingBuffRemoveNByte
 .text.RingBuffClear
                0x080022be        0x8 CMakeFiles/Robot_Chassis_v2.0.elf.dir/Core/User/Src/my_ringbuff.c.obj
                0x080022be                RingBuffClear
 .text.RingBuffGetIndexItem
                0x080022c6       0x28 CMakeFiles/Robot_Chassis_v2.0.elf.dir/Core/User/Src/my_ringbuff.c.obj
                0x080022c6                RingBuffGetIndexItem
 .text.RingBuffReWriteIndexItem
                0x080022ee       0x2e CMakeFiles/Robot_Chassis_v2.0.elf.dir/Core/User/Src/my_ringbuff.c.obj
                0x080022ee                RingBuffReWriteIndexItem
 .text.SoftTimerDec
                0x0800231c       0x20 CMakeFiles/Robot_Chassis_v2.0.elf.dir/Core/User/Src/my_time.c.obj
 .text.InitTimer
                0x0800233c       0x30 CMakeFiles/Robot_Chassis_v2.0.elf.dir/Core/User/Src/my_time.c.obj
                0x0800233c                InitTimer
 .text.HAL_TIM_PeriodElapsedCallback
                0x0800236c       0x7c CMakeFiles/Robot_Chassis_v2.0.elf.dir/Core/User/Src/my_time.c.obj
                0x0800236c                HAL_TIM_PeriodElapsedCallback
 .text.StartAutoTimer
                0x080023e8       0x2c CMakeFiles/Robot_Chassis_v2.0.elf.dir/Core/User/Src/my_time.c.obj
                0x080023e8                StartAutoTimer
 .text.CheckTimer
                0x08002414       0x34 CMakeFiles/Robot_Chassis_v2.0.elf.dir/Core/User/Src/my_time.c.obj
                0x08002414                CheckTimer
 .text.SetDaisySensorZero
                0x08002448       0x3c CMakeFiles/Robot_Chassis_v2.0.elf.dir/Core/User/Src/my_usbparse.c.obj
 .text.SetDaisySensorDirection
                0x08002484       0x3c CMakeFiles/Robot_Chassis_v2.0.elf.dir/Core/User/Src/my_usbparse.c.obj
 .text.SetDaisySensorFlash
                0x080024c0       0x3c CMakeFiles/Robot_Chassis_v2.0.elf.dir/Core/User/Src/my_usbparse.c.obj
 .text.SetDaisySensorUpgrade
                0x080024fc       0x3c CMakeFiles/Robot_Chassis_v2.0.elf.dir/Core/User/Src/my_usbparse.c.obj
 .text.SetDaisySensorUpgradeall
                0x08002538       0x56 CMakeFiles/Robot_Chassis_v2.0.elf.dir/Core/User/Src/my_usbparse.c.obj
 *fill*         0x0800258e        0x2 
 .text.CanFlashMoveData
                0x08002590      0x208 CMakeFiles/Robot_Chassis_v2.0.elf.dir/Core/User/Src/my_usbparse.c.obj
 .text.CanFlashMoveDataAll
                0x08002798      0x248 CMakeFiles/Robot_Chassis_v2.0.elf.dir/Core/User/Src/my_usbparse.c.obj
 .text.DemoDown
                0x080029e0        0x8 CMakeFiles/Robot_Chassis_v2.0.elf.dir/Core/User/Src/my_usbparse.c.obj
 .text.RingBuffMoveRight
                0x080029e8       0x4c CMakeFiles/Robot_Chassis_v2.0.elf.dir/Core/User/Src/my_usbparse.c.obj
                0x080029e8                RingBuffMoveRight
 .text.ChangeData
                0x08002a34       0x1c CMakeFiles/Robot_Chassis_v2.0.elf.dir/Core/User/Src/my_usbparse.c.obj
                0x08002a34                ChangeData
 .text.TurnOfAllDev
                0x08002a50       0x4a CMakeFiles/Robot_Chassis_v2.0.elf.dir/Core/User/Src/my_usbparse.c.obj
                0x08002a50                TurnOfAllDev
 .text.TurnOnAllDev
                0x08002a9a       0x4a CMakeFiles/Robot_Chassis_v2.0.elf.dir/Core/User/Src/my_usbparse.c.obj
                0x08002a9a                TurnOnAllDev
 .text.USBReceiveDataProcess
                0x08002ae4       0xb4 CMakeFiles/Robot_Chassis_v2.0.elf.dir/Core/User/Src/my_usbparse.c.obj
                0x08002ae4                USBReceiveDataProcess
 .text.ReceiveDisassembly
                0x08002b98       0xbc CMakeFiles/Robot_Chassis_v2.0.elf.dir/Core/User/Src/my_usbparse.c.obj
                0x08002b98                ReceiveDisassembly
 .text.BOARDUploadStart
                0x08002c54       0x14 CMakeFiles/Robot_Chassis_v2.0.elf.dir/Core/User/Src/my_vofa.c.obj
                0x08002c54                BOARDUploadStart
 .text.UpdateCRC16
                0x08002c68       0x2c CMakeFiles/Robot_Chassis_v2.0.elf.dir/Core/User/Src/my_ymodem.c.obj
                0x08002c68                UpdateCRC16
 .text.Cal_CRC16
                0x08002c94       0x28 CMakeFiles/Robot_Chassis_v2.0.elf.dir/Core/User/Src/my_ymodem.c.obj
                0x08002c94                Cal_CRC16
 .text.ReceivePacket
                0x08002cbc      0x10c CMakeFiles/Robot_Chassis_v2.0.elf.dir/Core/User/Src/my_ymodem.c.obj
 .text.Ymodem_Receive
                0x08002dc8      0x1d8 CMakeFiles/Robot_Chassis_v2.0.elf.dir/Core/User/Src/my_ymodem.c.obj
                0x08002dc8                Ymodem_Receive
 .text.HAL_InitTick
                0x08002fa0       0x50 CMakeFiles/Robot_Chassis_v2.0.elf.dir/Drivers/STM32G4xx_HAL_Driver/Src/stm32g4xx_hal.c.obj
                0x08002fa0                HAL_InitTick
 .text.HAL_Init
                0x08002ff0       0x1e CMakeFiles/Robot_Chassis_v2.0.elf.dir/Drivers/STM32G4xx_HAL_Driver/Src/stm32g4xx_hal.c.obj
                0x08002ff0                HAL_Init
 *fill*         0x0800300e        0x2 
 .text.HAL_IncTick
                0x08003010       0x18 CMakeFiles/Robot_Chassis_v2.0.elf.dir/Drivers/STM32G4xx_HAL_Driver/Src/stm32g4xx_hal.c.obj
                0x08003010                HAL_IncTick
 .text.HAL_GetTick
                0x08003028        0xc CMakeFiles/Robot_Chassis_v2.0.elf.dir/Drivers/STM32G4xx_HAL_Driver/Src/stm32g4xx_hal.c.obj
                0x08003028                HAL_GetTick
 .text.HAL_Delay
                0x08003034       0x28 CMakeFiles/Robot_Chassis_v2.0.elf.dir/Drivers/STM32G4xx_HAL_Driver/Src/stm32g4xx_hal.c.obj
                0x08003034                HAL_Delay
 .text.HAL_ADC_Init
                0x0800305c      0x234 CMakeFiles/Robot_Chassis_v2.0.elf.dir/Drivers/STM32G4xx_HAL_Driver/Src/stm32g4xx_hal_adc.c.obj
                0x0800305c                HAL_ADC_Init
 .text.HAL_ADC_GetValue
                0x08003290        0x6 CMakeFiles/Robot_Chassis_v2.0.elf.dir/Drivers/STM32G4xx_HAL_Driver/Src/stm32g4xx_hal_adc.c.obj
                0x08003290                HAL_ADC_GetValue
 *fill*         0x08003296        0x2 
 .text.HAL_ADC_ConfigChannel
                0x08003298      0x4e4 CMakeFiles/Robot_Chassis_v2.0.elf.dir/Drivers/STM32G4xx_HAL_Driver/Src/stm32g4xx_hal_adc.c.obj
                0x08003298                HAL_ADC_ConfigChannel
 .text.ADC_Enable
                0x0800377c       0xdc CMakeFiles/Robot_Chassis_v2.0.elf.dir/Drivers/STM32G4xx_HAL_Driver/Src/stm32g4xx_hal_adc.c.obj
                0x0800377c                ADC_Enable
 .text.HAL_ADC_Start
                0x08003858       0xf4 CMakeFiles/Robot_Chassis_v2.0.elf.dir/Drivers/STM32G4xx_HAL_Driver/Src/stm32g4xx_hal_adc.c.obj
                0x08003858                HAL_ADC_Start
 .text.ADC_Disable
                0x0800394c       0x94 CMakeFiles/Robot_Chassis_v2.0.elf.dir/Drivers/STM32G4xx_HAL_Driver/Src/stm32g4xx_hal_adc.c.obj
                0x0800394c                ADC_Disable
 .text.HAL_ADCEx_Calibration_Start
                0x080039e0       0x9c CMakeFiles/Robot_Chassis_v2.0.elf.dir/Drivers/STM32G4xx_HAL_Driver/Src/stm32g4xx_hal_adc_ex.c.obj
                0x080039e0                HAL_ADCEx_Calibration_Start
 .text.HAL_ADCEx_MultiModeConfigChannel
                0x08003a7c      0x114 CMakeFiles/Robot_Chassis_v2.0.elf.dir/Drivers/STM32G4xx_HAL_Driver/Src/stm32g4xx_hal_adc_ex.c.obj
                0x08003a7c                HAL_ADCEx_MultiModeConfigChannel
 .text.HAL_NVIC_SetPriorityGrouping
                0x08003b90       0x24 CMakeFiles/Robot_Chassis_v2.0.elf.dir/Drivers/STM32G4xx_HAL_Driver/Src/stm32g4xx_hal_cortex.c.obj
                0x08003b90                HAL_NVIC_SetPriorityGrouping
 .text.HAL_NVIC_SetPriority
                0x08003bb4       0x70 CMakeFiles/Robot_Chassis_v2.0.elf.dir/Drivers/STM32G4xx_HAL_Driver/Src/stm32g4xx_hal_cortex.c.obj
                0x08003bb4                HAL_NVIC_SetPriority
 .text.HAL_NVIC_EnableIRQ
                0x08003c24       0x1c CMakeFiles/Robot_Chassis_v2.0.elf.dir/Drivers/STM32G4xx_HAL_Driver/Src/stm32g4xx_hal_cortex.c.obj
                0x08003c24                HAL_NVIC_EnableIRQ
 .text.HAL_SYSTICK_Config
                0x08003c40       0x28 CMakeFiles/Robot_Chassis_v2.0.elf.dir/Drivers/STM32G4xx_HAL_Driver/Src/stm32g4xx_hal_cortex.c.obj
                0x08003c40                HAL_SYSTICK_Config
 .text.FDCAN_CalcultateRamBlockAddresses
                0x08003c68       0x64 CMakeFiles/Robot_Chassis_v2.0.elf.dir/Drivers/STM32G4xx_HAL_Driver/Src/stm32g4xx_hal_fdcan.c.obj
 .text.FDCAN_CopyMessageToRAM
                0x08003ccc       0x88 CMakeFiles/Robot_Chassis_v2.0.elf.dir/Drivers/STM32G4xx_HAL_Driver/Src/stm32g4xx_hal_fdcan.c.obj
 .text.HAL_FDCAN_Init
                0x08003d54      0x1d4 CMakeFiles/Robot_Chassis_v2.0.elf.dir/Drivers/STM32G4xx_HAL_Driver/Src/stm32g4xx_hal_fdcan.c.obj
                0x08003d54                HAL_FDCAN_Init
 .text.HAL_FDCAN_ConfigFilter
                0x08003f28       0x60 CMakeFiles/Robot_Chassis_v2.0.elf.dir/Drivers/STM32G4xx_HAL_Driver/Src/stm32g4xx_hal_fdcan.c.obj
                0x08003f28                HAL_FDCAN_ConfigFilter
 .text.HAL_FDCAN_Start
                0x08003f88       0x2e CMakeFiles/Robot_Chassis_v2.0.elf.dir/Drivers/STM32G4xx_HAL_Driver/Src/stm32g4xx_hal_fdcan.c.obj
                0x08003f88                HAL_FDCAN_Start
 .text.HAL_FDCAN_AddMessageToTxFifoQ
                0x08003fb6       0x52 CMakeFiles/Robot_Chassis_v2.0.elf.dir/Drivers/STM32G4xx_HAL_Driver/Src/stm32g4xx_hal_fdcan.c.obj
                0x08003fb6                HAL_FDCAN_AddMessageToTxFifoQ
 .text.HAL_FDCAN_GetRxMessage
                0x08004008      0x164 CMakeFiles/Robot_Chassis_v2.0.elf.dir/Drivers/STM32G4xx_HAL_Driver/Src/stm32g4xx_hal_fdcan.c.obj
                0x08004008                HAL_FDCAN_GetRxMessage
 .text.HAL_FDCAN_ActivateNotification
                0x0800416c      0x106 CMakeFiles/Robot_Chassis_v2.0.elf.dir/Drivers/STM32G4xx_HAL_Driver/Src/stm32g4xx_hal_fdcan.c.obj
                0x0800416c                HAL_FDCAN_ActivateNotification
 .text.HAL_FDCAN_TxEventFifoCallback
                0x08004272        0x2 CMakeFiles/Robot_Chassis_v2.0.elf.dir/Drivers/STM32G4xx_HAL_Driver/Src/stm32g4xx_hal_fdcan.c.obj
                0x08004272                HAL_FDCAN_TxEventFifoCallback
 .text.HAL_FDCAN_RxFifo1Callback
                0x08004274        0x2 CMakeFiles/Robot_Chassis_v2.0.elf.dir/Drivers/STM32G4xx_HAL_Driver/Src/stm32g4xx_hal_fdcan.c.obj
                0x08004274                HAL_FDCAN_RxFifo1Callback
 .text.HAL_FDCAN_TxFifoEmptyCallback
                0x08004276        0x2 CMakeFiles/Robot_Chassis_v2.0.elf.dir/Drivers/STM32G4xx_HAL_Driver/Src/stm32g4xx_hal_fdcan.c.obj
                0x08004276                HAL_FDCAN_TxFifoEmptyCallback
 .text.HAL_FDCAN_TxBufferCompleteCallback
                0x08004278        0x2 CMakeFiles/Robot_Chassis_v2.0.elf.dir/Drivers/STM32G4xx_HAL_Driver/Src/stm32g4xx_hal_fdcan.c.obj
                0x08004278                HAL_FDCAN_TxBufferCompleteCallback
 .text.HAL_FDCAN_TxBufferAbortCallback
                0x0800427a        0x2 CMakeFiles/Robot_Chassis_v2.0.elf.dir/Drivers/STM32G4xx_HAL_Driver/Src/stm32g4xx_hal_fdcan.c.obj
                0x0800427a                HAL_FDCAN_TxBufferAbortCallback
 .text.HAL_FDCAN_TimestampWraparoundCallback
                0x0800427c        0x2 CMakeFiles/Robot_Chassis_v2.0.elf.dir/Drivers/STM32G4xx_HAL_Driver/Src/stm32g4xx_hal_fdcan.c.obj
                0x0800427c                HAL_FDCAN_TimestampWraparoundCallback
 .text.HAL_FDCAN_TimeoutOccurredCallback
                0x0800427e        0x2 CMakeFiles/Robot_Chassis_v2.0.elf.dir/Drivers/STM32G4xx_HAL_Driver/Src/stm32g4xx_hal_fdcan.c.obj
                0x0800427e                HAL_FDCAN_TimeoutOccurredCallback
 .text.HAL_FDCAN_HighPriorityMessageCallback
                0x08004280        0x2 CMakeFiles/Robot_Chassis_v2.0.elf.dir/Drivers/STM32G4xx_HAL_Driver/Src/stm32g4xx_hal_fdcan.c.obj
                0x08004280                HAL_FDCAN_HighPriorityMessageCallback
 .text.HAL_FDCAN_ErrorCallback
                0x08004282        0x2 CMakeFiles/Robot_Chassis_v2.0.elf.dir/Drivers/STM32G4xx_HAL_Driver/Src/stm32g4xx_hal_fdcan.c.obj
                0x08004282                HAL_FDCAN_ErrorCallback
 .text.HAL_FDCAN_ErrorStatusCallback
                0x08004284        0x2 CMakeFiles/Robot_Chassis_v2.0.elf.dir/Drivers/STM32G4xx_HAL_Driver/Src/stm32g4xx_hal_fdcan.c.obj
                0x08004284                HAL_FDCAN_ErrorStatusCallback
 .text.HAL_FDCAN_IRQHandler
                0x08004286      0x188 CMakeFiles/Robot_Chassis_v2.0.elf.dir/Drivers/STM32G4xx_HAL_Driver/Src/stm32g4xx_hal_fdcan.c.obj
                0x08004286                HAL_FDCAN_IRQHandler
 *fill*         0x0800440e        0x2 
 .text.FLASH_Program_DoubleWord
                0x08004410       0x1c CMakeFiles/Robot_Chassis_v2.0.elf.dir/Drivers/STM32G4xx_HAL_Driver/Src/stm32g4xx_hal_flash.c.obj
 .text.FLASH_Program_Fast
                0x0800442c       0x2c CMakeFiles/Robot_Chassis_v2.0.elf.dir/Drivers/STM32G4xx_HAL_Driver/Src/stm32g4xx_hal_flash.c.obj
 .text.HAL_FLASH_Unlock
                0x08004458       0x30 CMakeFiles/Robot_Chassis_v2.0.elf.dir/Drivers/STM32G4xx_HAL_Driver/Src/stm32g4xx_hal_flash.c.obj
                0x08004458                HAL_FLASH_Unlock
 .text.HAL_FLASH_Lock
                0x08004488       0x1c CMakeFiles/Robot_Chassis_v2.0.elf.dir/Drivers/STM32G4xx_HAL_Driver/Src/stm32g4xx_hal_flash.c.obj
                0x08004488                HAL_FLASH_Lock
 .text.FLASH_WaitForLastOperation
                0x080044a4       0x60 CMakeFiles/Robot_Chassis_v2.0.elf.dir/Drivers/STM32G4xx_HAL_Driver/Src/stm32g4xx_hal_flash.c.obj
                0x080044a4                FLASH_WaitForLastOperation
 .text.HAL_FLASH_Program
                0x08004504       0xb0 CMakeFiles/Robot_Chassis_v2.0.elf.dir/Drivers/STM32G4xx_HAL_Driver/Src/stm32g4xx_hal_flash.c.obj
                0x08004504                HAL_FLASH_Program
 .text.FLASH_MassErase
                0x080045b4       0x20 CMakeFiles/Robot_Chassis_v2.0.elf.dir/Drivers/STM32G4xx_HAL_Driver/Src/stm32g4xx_hal_flash_ex.c.obj
 .text.FLASH_PageErase
                0x080045d4       0x28 CMakeFiles/Robot_Chassis_v2.0.elf.dir/Drivers/STM32G4xx_HAL_Driver/Src/stm32g4xx_hal_flash_ex.c.obj
                0x080045d4                FLASH_PageErase
 .text.FLASH_FlushCaches
                0x080045fc       0x64 CMakeFiles/Robot_Chassis_v2.0.elf.dir/Drivers/STM32G4xx_HAL_Driver/Src/stm32g4xx_hal_flash_ex.c.obj
                0x080045fc                FLASH_FlushCaches
 .text.HAL_FLASHEx_Erase
                0x08004660       0xec CMakeFiles/Robot_Chassis_v2.0.elf.dir/Drivers/STM32G4xx_HAL_Driver/Src/stm32g4xx_hal_flash_ex.c.obj
                0x08004660                HAL_FLASHEx_Erase
 .text.HAL_GPIO_Init
                0x0800474c      0x1dc CMakeFiles/Robot_Chassis_v2.0.elf.dir/Drivers/STM32G4xx_HAL_Driver/Src/stm32g4xx_hal_gpio.c.obj
                0x0800474c                HAL_GPIO_Init
 .text.HAL_GPIO_DeInit
                0x08004928      0x11c CMakeFiles/Robot_Chassis_v2.0.elf.dir/Drivers/STM32G4xx_HAL_Driver/Src/stm32g4xx_hal_gpio.c.obj
                0x08004928                HAL_GPIO_DeInit
 .text.HAL_GPIO_WritePin
                0x08004a44        0xa CMakeFiles/Robot_Chassis_v2.0.elf.dir/Drivers/STM32G4xx_HAL_Driver/Src/stm32g4xx_hal_gpio.c.obj
                0x08004a44                HAL_GPIO_WritePin
 .text.HAL_GPIO_TogglePin
                0x08004a4e       0x12 CMakeFiles/Robot_Chassis_v2.0.elf.dir/Drivers/STM32G4xx_HAL_Driver/Src/stm32g4xx_hal_gpio.c.obj
                0x08004a4e                HAL_GPIO_TogglePin
 .text.HAL_IWDG_Init
                0x08004a60       0x68 CMakeFiles/Robot_Chassis_v2.0.elf.dir/Drivers/STM32G4xx_HAL_Driver/Src/stm32g4xx_hal_iwdg.c.obj
                0x08004a60                HAL_IWDG_Init
 .text.HAL_IWDG_Refresh
                0x08004ac8        0xc CMakeFiles/Robot_Chassis_v2.0.elf.dir/Drivers/STM32G4xx_HAL_Driver/Src/stm32g4xx_hal_iwdg.c.obj
                0x08004ac8                HAL_IWDG_Refresh
 .text.HAL_PCD_EP_DB_Receive
                0x08004ad4      0x118 CMakeFiles/Robot_Chassis_v2.0.elf.dir/Drivers/STM32G4xx_HAL_Driver/Src/stm32g4xx_hal_pcd.c.obj
 .text.HAL_PCD_Init
                0x08004bec       0xb6 CMakeFiles/Robot_Chassis_v2.0.elf.dir/Drivers/STM32G4xx_HAL_Driver/Src/stm32g4xx_hal_pcd.c.obj
                0x08004bec                HAL_PCD_Init
 .text.HAL_PCD_Start
                0x08004ca2       0x2a CMakeFiles/Robot_Chassis_v2.0.elf.dir/Drivers/STM32G4xx_HAL_Driver/Src/stm32g4xx_hal_pcd.c.obj
                0x08004ca2                HAL_PCD_Start
 .text.HAL_PCD_EP_DB_Transmit
                0x08004ccc      0x472 CMakeFiles/Robot_Chassis_v2.0.elf.dir/Drivers/STM32G4xx_HAL_Driver/Src/stm32g4xx_hal_pcd.c.obj
 .text.PCD_EP_ISR_Handler
                0x0800513e      0x4bc CMakeFiles/Robot_Chassis_v2.0.elf.dir/Drivers/STM32G4xx_HAL_Driver/Src/stm32g4xx_hal_pcd.c.obj
 .text.HAL_PCD_SetAddress
                0x080055fa       0x26 CMakeFiles/Robot_Chassis_v2.0.elf.dir/Drivers/STM32G4xx_HAL_Driver/Src/stm32g4xx_hal_pcd.c.obj
                0x080055fa                HAL_PCD_SetAddress
 .text.HAL_PCD_IRQHandler
                0x08005620      0x1b2 CMakeFiles/Robot_Chassis_v2.0.elf.dir/Drivers/STM32G4xx_HAL_Driver/Src/stm32g4xx_hal_pcd.c.obj
                0x08005620                HAL_PCD_IRQHandler
 .text.HAL_PCD_EP_Open
                0x080057d2       0x86 CMakeFiles/Robot_Chassis_v2.0.elf.dir/Drivers/STM32G4xx_HAL_Driver/Src/stm32g4xx_hal_pcd.c.obj
                0x080057d2                HAL_PCD_EP_Open
 .text.HAL_PCD_EP_Close
                0x08005858       0x6c CMakeFiles/Robot_Chassis_v2.0.elf.dir/Drivers/STM32G4xx_HAL_Driver/Src/stm32g4xx_hal_pcd.c.obj
                0x08005858                HAL_PCD_EP_Close
 .text.HAL_PCD_EP_Receive
                0x080058c4       0x3a CMakeFiles/Robot_Chassis_v2.0.elf.dir/Drivers/STM32G4xx_HAL_Driver/Src/stm32g4xx_hal_pcd.c.obj
                0x080058c4                HAL_PCD_EP_Receive
 .text.HAL_PCD_EP_GetRxCount
                0x080058fe       0x12 CMakeFiles/Robot_Chassis_v2.0.elf.dir/Drivers/STM32G4xx_HAL_Driver/Src/stm32g4xx_hal_pcd.c.obj
                0x080058fe                HAL_PCD_EP_GetRxCount
 .text.HAL_PCD_EP_Transmit
                0x08005910       0x4c CMakeFiles/Robot_Chassis_v2.0.elf.dir/Drivers/STM32G4xx_HAL_Driver/Src/stm32g4xx_hal_pcd.c.obj
                0x08005910                HAL_PCD_EP_Transmit
 .text.HAL_PCD_EP_SetStall
                0x0800595c       0x72 CMakeFiles/Robot_Chassis_v2.0.elf.dir/Drivers/STM32G4xx_HAL_Driver/Src/stm32g4xx_hal_pcd.c.obj
                0x0800595c                HAL_PCD_EP_SetStall
 .text.HAL_PCD_EP_ClrStall
                0x080059ce       0x7e CMakeFiles/Robot_Chassis_v2.0.elf.dir/Drivers/STM32G4xx_HAL_Driver/Src/stm32g4xx_hal_pcd.c.obj
                0x080059ce                HAL_PCD_EP_ClrStall
 .text.HAL_PCDEx_PMAConfig
                0x08005a4c       0x38 CMakeFiles/Robot_Chassis_v2.0.elf.dir/Drivers/STM32G4xx_HAL_Driver/Src/stm32g4xx_hal_pcd_ex.c.obj
                0x08005a4c                HAL_PCDEx_PMAConfig
 .text.HAL_PCDEx_ActivateLPM
                0x08005a84       0x2c CMakeFiles/Robot_Chassis_v2.0.elf.dir/Drivers/STM32G4xx_HAL_Driver/Src/stm32g4xx_hal_pcd_ex.c.obj
                0x08005a84                HAL_PCDEx_ActivateLPM
 .text.HAL_PWREx_ControlVoltageScaling
                0x08005ab0      0x10c CMakeFiles/Robot_Chassis_v2.0.elf.dir/Drivers/STM32G4xx_HAL_Driver/Src/stm32g4xx_hal_pwr_ex.c.obj
                0x08005ab0                HAL_PWREx_ControlVoltageScaling
 .text.HAL_PWREx_DisableUCPDDeadBattery
                0x08005bbc       0x10 CMakeFiles/Robot_Chassis_v2.0.elf.dir/Drivers/STM32G4xx_HAL_Driver/Src/stm32g4xx_hal_pwr_ex.c.obj
                0x08005bbc                HAL_PWREx_DisableUCPDDeadBattery
 .text.RCC_GetSysClockFreqFromPLLSource
                0x08005bcc       0x58 CMakeFiles/Robot_Chassis_v2.0.elf.dir/Drivers/STM32G4xx_HAL_Driver/Src/stm32g4xx_hal_rcc.c.obj
 .text.HAL_RCC_OscConfig
                0x08005c24      0x4e4 CMakeFiles/Robot_Chassis_v2.0.elf.dir/Drivers/STM32G4xx_HAL_Driver/Src/stm32g4xx_hal_rcc.c.obj
                0x08005c24                HAL_RCC_OscConfig
 .text.HAL_RCC_GetSysClockFreq
                0x08006108       0x88 CMakeFiles/Robot_Chassis_v2.0.elf.dir/Drivers/STM32G4xx_HAL_Driver/Src/stm32g4xx_hal_rcc.c.obj
                0x08006108                HAL_RCC_GetSysClockFreq
 .text.HAL_RCC_ClockConfig
                0x08006190      0x1f8 CMakeFiles/Robot_Chassis_v2.0.elf.dir/Drivers/STM32G4xx_HAL_Driver/Src/stm32g4xx_hal_rcc.c.obj
                0x08006190                HAL_RCC_ClockConfig
 .text.HAL_RCCEx_PeriphCLKConfig
                0x08006388      0x2e4 CMakeFiles/Robot_Chassis_v2.0.elf.dir/Drivers/STM32G4xx_HAL_Driver/Src/stm32g4xx_hal_rcc_ex.c.obj
                0x08006388                HAL_RCCEx_PeriphCLKConfig
 .text.HAL_TIM_Base_Start_IT
                0x0800666c       0x84 CMakeFiles/Robot_Chassis_v2.0.elf.dir/Drivers/STM32G4xx_HAL_Driver/Src/stm32g4xx_hal_tim.c.obj
                0x0800666c                HAL_TIM_Base_Start_IT
 .text.HAL_TIM_OC_DelayElapsedCallback
                0x080066f0        0x2 CMakeFiles/Robot_Chassis_v2.0.elf.dir/Drivers/STM32G4xx_HAL_Driver/Src/stm32g4xx_hal_tim.c.obj
                0x080066f0                HAL_TIM_OC_DelayElapsedCallback
 .text.HAL_TIM_IC_CaptureCallback
                0x080066f2        0x2 CMakeFiles/Robot_Chassis_v2.0.elf.dir/Drivers/STM32G4xx_HAL_Driver/Src/stm32g4xx_hal_tim.c.obj
                0x080066f2                HAL_TIM_IC_CaptureCallback
 .text.HAL_TIM_PWM_PulseFinishedCallback
                0x080066f4        0x2 CMakeFiles/Robot_Chassis_v2.0.elf.dir/Drivers/STM32G4xx_HAL_Driver/Src/stm32g4xx_hal_tim.c.obj
                0x080066f4                HAL_TIM_PWM_PulseFinishedCallback
 .text.HAL_TIM_TriggerCallback
                0x080066f6        0x2 CMakeFiles/Robot_Chassis_v2.0.elf.dir/Drivers/STM32G4xx_HAL_Driver/Src/stm32g4xx_hal_tim.c.obj
                0x080066f6                HAL_TIM_TriggerCallback
 .text.HAL_TIM_IRQHandler
                0x080066f8      0x1ea CMakeFiles/Robot_Chassis_v2.0.elf.dir/Drivers/STM32G4xx_HAL_Driver/Src/stm32g4xx_hal_tim.c.obj
                0x080066f8                HAL_TIM_IRQHandler
 *fill*         0x080068e2        0x2 
 .text.TIM_Base_SetConfig
                0x080068e4       0xc8 CMakeFiles/Robot_Chassis_v2.0.elf.dir/Drivers/STM32G4xx_HAL_Driver/Src/stm32g4xx_hal_tim.c.obj
                0x080068e4                TIM_Base_SetConfig
 .text.HAL_TIM_Base_Init
                0x080069ac       0x60 CMakeFiles/Robot_Chassis_v2.0.elf.dir/Drivers/STM32G4xx_HAL_Driver/Src/stm32g4xx_hal_tim.c.obj
                0x080069ac                HAL_TIM_Base_Init
 .text.HAL_TIMEx_MasterConfigSynchronization
                0x08006a0c       0x94 CMakeFiles/Robot_Chassis_v2.0.elf.dir/Drivers/STM32G4xx_HAL_Driver/Src/stm32g4xx_hal_tim_ex.c.obj
                0x08006a0c                HAL_TIMEx_MasterConfigSynchronization
 .text.HAL_TIMEx_CommutCallback
                0x08006aa0        0x2 CMakeFiles/Robot_Chassis_v2.0.elf.dir/Drivers/STM32G4xx_HAL_Driver/Src/stm32g4xx_hal_tim_ex.c.obj
                0x08006aa0                HAL_TIMEx_CommutCallback
 .text.HAL_TIMEx_BreakCallback
                0x08006aa2        0x2 CMakeFiles/Robot_Chassis_v2.0.elf.dir/Drivers/STM32G4xx_HAL_Driver/Src/stm32g4xx_hal_tim_ex.c.obj
                0x08006aa2                HAL_TIMEx_BreakCallback
 .text.HAL_TIMEx_Break2Callback
                0x08006aa4        0x2 CMakeFiles/Robot_Chassis_v2.0.elf.dir/Drivers/STM32G4xx_HAL_Driver/Src/stm32g4xx_hal_tim_ex.c.obj
                0x08006aa4                HAL_TIMEx_Break2Callback
 .text.HAL_TIMEx_EncoderIndexCallback
                0x08006aa6        0x2 CMakeFiles/Robot_Chassis_v2.0.elf.dir/Drivers/STM32G4xx_HAL_Driver/Src/stm32g4xx_hal_tim_ex.c.obj
                0x08006aa6                HAL_TIMEx_EncoderIndexCallback
 .text.HAL_TIMEx_DirectionChangeCallback
                0x08006aa8        0x2 CMakeFiles/Robot_Chassis_v2.0.elf.dir/Drivers/STM32G4xx_HAL_Driver/Src/stm32g4xx_hal_tim_ex.c.obj
                0x08006aa8                HAL_TIMEx_DirectionChangeCallback
 .text.HAL_TIMEx_IndexErrorCallback
                0x08006aaa        0x2 CMakeFiles/Robot_Chassis_v2.0.elf.dir/Drivers/STM32G4xx_HAL_Driver/Src/stm32g4xx_hal_tim_ex.c.obj
                0x08006aaa                HAL_TIMEx_IndexErrorCallback
 .text.HAL_TIMEx_TransitionErrorCallback
                0x08006aac        0x2 CMakeFiles/Robot_Chassis_v2.0.elf.dir/Drivers/STM32G4xx_HAL_Driver/Src/stm32g4xx_hal_tim_ex.c.obj
                0x08006aac                HAL_TIMEx_TransitionErrorCallback
 .text.USB_EnableGlobalInt
                0x08006aae       0x12 CMakeFiles/Robot_Chassis_v2.0.elf.dir/Drivers/STM32G4xx_HAL_Driver/Src/stm32g4xx_ll_usb.c.obj
                0x08006aae                USB_EnableGlobalInt
 .text.USB_DisableGlobalInt
                0x08006ac0       0x14 CMakeFiles/Robot_Chassis_v2.0.elf.dir/Drivers/STM32G4xx_HAL_Driver/Src/stm32g4xx_ll_usb.c.obj
                0x08006ac0                USB_DisableGlobalInt
 .text.USB_DevInit
                0x08006ad4       0x22 CMakeFiles/Robot_Chassis_v2.0.elf.dir/Drivers/STM32G4xx_HAL_Driver/Src/stm32g4xx_ll_usb.c.obj
                0x08006ad4                USB_DevInit
 .text.USB_ActivateEndpoint
                0x08006af6      0x51e CMakeFiles/Robot_Chassis_v2.0.elf.dir/Drivers/STM32G4xx_HAL_Driver/Src/stm32g4xx_ll_usb.c.obj
                0x08006af6                USB_ActivateEndpoint
 .text.USB_DeactivateEndpoint
                0x08007014      0x1d6 CMakeFiles/Robot_Chassis_v2.0.elf.dir/Drivers/STM32G4xx_HAL_Driver/Src/stm32g4xx_ll_usb.c.obj
                0x08007014                USB_DeactivateEndpoint
 .text.USB_EPSetStall
                0x080071ea       0x4a CMakeFiles/Robot_Chassis_v2.0.elf.dir/Drivers/STM32G4xx_HAL_Driver/Src/stm32g4xx_ll_usb.c.obj
                0x080071ea                USB_EPSetStall
 .text.USB_EPClearStall
                0x08007234       0x9c CMakeFiles/Robot_Chassis_v2.0.elf.dir/Drivers/STM32G4xx_HAL_Driver/Src/stm32g4xx_ll_usb.c.obj
                0x08007234                USB_EPClearStall
 .text.USB_SetDevAddress
                0x080072d0        0xc CMakeFiles/Robot_Chassis_v2.0.elf.dir/Drivers/STM32G4xx_HAL_Driver/Src/stm32g4xx_ll_usb.c.obj
                0x080072d0                USB_SetDevAddress
 .text.USB_DevConnect
                0x080072dc       0x16 CMakeFiles/Robot_Chassis_v2.0.elf.dir/Drivers/STM32G4xx_HAL_Driver/Src/stm32g4xx_ll_usb.c.obj
                0x080072dc                USB_DevConnect
 .text.USB_ReadInterrupts
                0x080072f2        0x8 CMakeFiles/Robot_Chassis_v2.0.elf.dir/Drivers/STM32G4xx_HAL_Driver/Src/stm32g4xx_ll_usb.c.obj
                0x080072f2                USB_ReadInterrupts
 .text.USB_WritePMA
                0x080072fa       0x26 CMakeFiles/Robot_Chassis_v2.0.elf.dir/Drivers/STM32G4xx_HAL_Driver/Src/stm32g4xx_ll_usb.c.obj
                0x080072fa                USB_WritePMA
 .text.USB_EPStartXfer
                0x08007320      0x584 CMakeFiles/Robot_Chassis_v2.0.elf.dir/Drivers/STM32G4xx_HAL_Driver/Src/stm32g4xx_ll_usb.c.obj
                0x08007320                USB_EPStartXfer
 .text.USB_ReadPMA
                0x080078a4       0x2e CMakeFiles/Robot_Chassis_v2.0.elf.dir/Drivers/STM32G4xx_HAL_Driver/Src/stm32g4xx_ll_usb.c.obj
                0x080078a4                USB_ReadPMA
 .text.USBD_CDC_EP0_RxReady
                0x080078d2       0x36 CMakeFiles/Robot_Chassis_v2.0.elf.dir/Middlewares/ST/STM32_USB_Device_Library/Class/CDC/Src/usbd_cdc.c.obj
 .text.USBD_CDC_GetFSCfgDesc
                0x08007908        0xc CMakeFiles/Robot_Chassis_v2.0.elf.dir/Middlewares/ST/STM32_USB_Device_Library/Class/CDC/Src/usbd_cdc.c.obj
 .text.USBD_CDC_GetHSCfgDesc
                0x08007914        0xc CMakeFiles/Robot_Chassis_v2.0.elf.dir/Middlewares/ST/STM32_USB_Device_Library/Class/CDC/Src/usbd_cdc.c.obj
 .text.USBD_CDC_GetOtherSpeedCfgDesc
                0x08007920        0xc CMakeFiles/Robot_Chassis_v2.0.elf.dir/Middlewares/ST/STM32_USB_Device_Library/Class/CDC/Src/usbd_cdc.c.obj
 .text.USBD_CDC_GetDeviceQualifierDescriptor
                0x0800792c        0xc CMakeFiles/Robot_Chassis_v2.0.elf.dir/Middlewares/ST/STM32_USB_Device_Library/Class/CDC/Src/usbd_cdc.c.obj
                0x0800792c                USBD_CDC_GetDeviceQualifierDescriptor
 .text.USBD_CDC_DataOut
                0x08007938       0x2a CMakeFiles/Robot_Chassis_v2.0.elf.dir/Middlewares/ST/STM32_USB_Device_Library/Class/CDC/Src/usbd_cdc.c.obj
 .text.USBD_CDC_DataIn
                0x08007962       0x6a CMakeFiles/Robot_Chassis_v2.0.elf.dir/Middlewares/ST/STM32_USB_Device_Library/Class/CDC/Src/usbd_cdc.c.obj
 .text.USBD_CDC_Setup
                0x080079cc       0xf4 CMakeFiles/Robot_Chassis_v2.0.elf.dir/Middlewares/ST/STM32_USB_Device_Library/Class/CDC/Src/usbd_cdc.c.obj
 .text.USBD_CDC_DeInit
                0x08007ac0       0x48 CMakeFiles/Robot_Chassis_v2.0.elf.dir/Middlewares/ST/STM32_USB_Device_Library/Class/CDC/Src/usbd_cdc.c.obj
 .text.USBD_CDC_Init
                0x08007b08       0xc2 CMakeFiles/Robot_Chassis_v2.0.elf.dir/Middlewares/ST/STM32_USB_Device_Library/Class/CDC/Src/usbd_cdc.c.obj
 .text.USBD_CDC_RegisterInterface
                0x08007bca        0xe CMakeFiles/Robot_Chassis_v2.0.elf.dir/Middlewares/ST/STM32_USB_Device_Library/Class/CDC/Src/usbd_cdc.c.obj
                0x08007bca                USBD_CDC_RegisterInterface
 .text.USBD_CDC_SetTxBuffer
                0x08007bd8       0x16 CMakeFiles/Robot_Chassis_v2.0.elf.dir/Middlewares/ST/STM32_USB_Device_Library/Class/CDC/Src/usbd_cdc.c.obj
                0x08007bd8                USBD_CDC_SetTxBuffer
 .text.USBD_CDC_SetRxBuffer
                0x08007bee       0x12 CMakeFiles/Robot_Chassis_v2.0.elf.dir/Middlewares/ST/STM32_USB_Device_Library/Class/CDC/Src/usbd_cdc.c.obj
                0x08007bee                USBD_CDC_SetRxBuffer
 .text.USBD_CDC_TransmitPacket
                0x08007c00       0x34 CMakeFiles/Robot_Chassis_v2.0.elf.dir/Middlewares/ST/STM32_USB_Device_Library/Class/CDC/Src/usbd_cdc.c.obj
                0x08007c00                USBD_CDC_TransmitPacket
 .text.USBD_CDC_ReceivePacket
                0x08007c34       0x32 CMakeFiles/Robot_Chassis_v2.0.elf.dir/Middlewares/ST/STM32_USB_Device_Library/Class/CDC/Src/usbd_cdc.c.obj
                0x08007c34                USBD_CDC_ReceivePacket
 .text.USBD_Init
                0x08007c66       0x2e CMakeFiles/Robot_Chassis_v2.0.elf.dir/Middlewares/ST/STM32_USB_Device_Library/Core/Src/usbd_core.c.obj
                0x08007c66                USBD_Init
 .text.USBD_RegisterClass
                0x08007c94       0x2e CMakeFiles/Robot_Chassis_v2.0.elf.dir/Middlewares/ST/STM32_USB_Device_Library/Core/Src/usbd_core.c.obj
                0x08007c94                USBD_RegisterClass
 .text.USBD_Start
                0x08007cc2        0x8 CMakeFiles/Robot_Chassis_v2.0.elf.dir/Middlewares/ST/STM32_USB_Device_Library/Core/Src/usbd_core.c.obj
                0x08007cc2                USBD_Start
 .text.USBD_SetClassConfig
                0x08007cca       0x12 CMakeFiles/Robot_Chassis_v2.0.elf.dir/Middlewares/ST/STM32_USB_Device_Library/Core/Src/usbd_core.c.obj
                0x08007cca                USBD_SetClassConfig
 .text.USBD_ClrClassConfig
                0x08007cdc       0x10 CMakeFiles/Robot_Chassis_v2.0.elf.dir/Middlewares/ST/STM32_USB_Device_Library/Core/Src/usbd_core.c.obj
                0x08007cdc                USBD_ClrClassConfig
 .text.USBD_LL_SetupStage
                0x08007cec       0x58 CMakeFiles/Robot_Chassis_v2.0.elf.dir/Middlewares/ST/STM32_USB_Device_Library/Core/Src/usbd_core.c.obj
                0x08007cec                USBD_LL_SetupStage
 .text.USBD_LL_DataOutStage
                0x08007d44       0x78 CMakeFiles/Robot_Chassis_v2.0.elf.dir/Middlewares/ST/STM32_USB_Device_Library/Core/Src/usbd_core.c.obj
                0x08007d44                USBD_LL_DataOutStage
 .text.USBD_LL_DataInStage
                0x08007dbc       0xbe CMakeFiles/Robot_Chassis_v2.0.elf.dir/Middlewares/ST/STM32_USB_Device_Library/Core/Src/usbd_core.c.obj
                0x08007dbc                USBD_LL_DataInStage
 .text.USBD_LL_Reset
                0x08007e7a       0x5a CMakeFiles/Robot_Chassis_v2.0.elf.dir/Middlewares/ST/STM32_USB_Device_Library/Core/Src/usbd_core.c.obj
                0x08007e7a                USBD_LL_Reset
 .text.USBD_LL_SetSpeed
                0x08007ed4        0x6 CMakeFiles/Robot_Chassis_v2.0.elf.dir/Middlewares/ST/STM32_USB_Device_Library/Core/Src/usbd_core.c.obj
                0x08007ed4                USBD_LL_SetSpeed
 .text.USBD_LL_Suspend
                0x08007eda       0x14 CMakeFiles/Robot_Chassis_v2.0.elf.dir/Middlewares/ST/STM32_USB_Device_Library/Core/Src/usbd_core.c.obj
                0x08007eda                USBD_LL_Suspend
 .text.USBD_LL_Resume
                0x08007eee       0x1a CMakeFiles/Robot_Chassis_v2.0.elf.dir/Middlewares/ST/STM32_USB_Device_Library/Core/Src/usbd_core.c.obj
                0x08007eee                USBD_LL_Resume
 .text.USBD_LL_SOF
                0x08007f08       0x28 CMakeFiles/Robot_Chassis_v2.0.elf.dir/Middlewares/ST/STM32_USB_Device_Library/Core/Src/usbd_core.c.obj
                0x08007f08                USBD_LL_SOF
 .text.USBD_GetLen
                0x08007f30       0x14 CMakeFiles/Robot_Chassis_v2.0.elf.dir/Middlewares/ST/STM32_USB_Device_Library/Core/Src/usbd_ctlreq.c.obj
 .text.USBD_SetFeature
                0x08007f44       0x14 CMakeFiles/Robot_Chassis_v2.0.elf.dir/Middlewares/ST/STM32_USB_Device_Library/Core/Src/usbd_ctlreq.c.obj
 .text.USBD_ParseSetupRequest
                0x08007f58       0x28 CMakeFiles/Robot_Chassis_v2.0.elf.dir/Middlewares/ST/STM32_USB_Device_Library/Core/Src/usbd_ctlreq.c.obj
                0x08007f58                USBD_ParseSetupRequest
 .text.USBD_CtlError
                0x08007f80       0x14 CMakeFiles/Robot_Chassis_v2.0.elf.dir/Middlewares/ST/STM32_USB_Device_Library/Core/Src/usbd_ctlreq.c.obj
                0x08007f80                USBD_CtlError
 .text.USBD_GetDescriptor
                0x08007f94      0x1ac CMakeFiles/Robot_Chassis_v2.0.elf.dir/Middlewares/ST/STM32_USB_Device_Library/Core/Src/usbd_ctlreq.c.obj
 .text.USBD_SetAddress
                0x08008140       0x50 CMakeFiles/Robot_Chassis_v2.0.elf.dir/Middlewares/ST/STM32_USB_Device_Library/Core/Src/usbd_ctlreq.c.obj
 .text.USBD_SetConfig
                0x08008190       0xc8 CMakeFiles/Robot_Chassis_v2.0.elf.dir/Middlewares/ST/STM32_USB_Device_Library/Core/Src/usbd_ctlreq.c.obj
 .text.USBD_GetConfig
                0x08008258       0x40 CMakeFiles/Robot_Chassis_v2.0.elf.dir/Middlewares/ST/STM32_USB_Device_Library/Core/Src/usbd_ctlreq.c.obj
 .text.USBD_GetStatus
                0x08008298       0x38 CMakeFiles/Robot_Chassis_v2.0.elf.dir/Middlewares/ST/STM32_USB_Device_Library/Core/Src/usbd_ctlreq.c.obj
 .text.USBD_ClrFeature
                0x080082d0       0x26 CMakeFiles/Robot_Chassis_v2.0.elf.dir/Middlewares/ST/STM32_USB_Device_Library/Core/Src/usbd_ctlreq.c.obj
 .text.USBD_StdDevReq
                0x080082f6       0x70 CMakeFiles/Robot_Chassis_v2.0.elf.dir/Middlewares/ST/STM32_USB_Device_Library/Core/Src/usbd_ctlreq.c.obj
                0x080082f6                USBD_StdDevReq
 .text.USBD_StdItfReq
                0x08008366       0x68 CMakeFiles/Robot_Chassis_v2.0.elf.dir/Middlewares/ST/STM32_USB_Device_Library/Core/Src/usbd_ctlreq.c.obj
                0x08008366                USBD_StdItfReq
 .text.USBD_StdEPReq
                0x080083ce      0x1ec CMakeFiles/Robot_Chassis_v2.0.elf.dir/Middlewares/ST/STM32_USB_Device_Library/Core/Src/usbd_ctlreq.c.obj
                0x080083ce                USBD_StdEPReq
 .text.USBD_GetString
                0x080085ba       0x3a CMakeFiles/Robot_Chassis_v2.0.elf.dir/Middlewares/ST/STM32_USB_Device_Library/Core/Src/usbd_ctlreq.c.obj
                0x080085ba                USBD_GetString
 .text.USBD_CtlSendData
                0x080085f4       0x1a CMakeFiles/Robot_Chassis_v2.0.elf.dir/Middlewares/ST/STM32_USB_Device_Library/Core/Src/usbd_ioreq.c.obj
                0x080085f4                USBD_CtlSendData
 .text.USBD_CtlContinueSendData
                0x0800860e       0x10 CMakeFiles/Robot_Chassis_v2.0.elf.dir/Middlewares/ST/STM32_USB_Device_Library/Core/Src/usbd_ioreq.c.obj
                0x0800860e                USBD_CtlContinueSendData
 .text.USBD_CtlPrepareRx
                0x0800861e       0x1e CMakeFiles/Robot_Chassis_v2.0.elf.dir/Middlewares/ST/STM32_USB_Device_Library/Core/Src/usbd_ioreq.c.obj
                0x0800861e                USBD_CtlPrepareRx
 .text.USBD_CtlContinueRx
                0x0800863c       0x10 CMakeFiles/Robot_Chassis_v2.0.elf.dir/Middlewares/ST/STM32_USB_Device_Library/Core/Src/usbd_ioreq.c.obj
                0x0800863c                USBD_CtlContinueRx
 .text.USBD_CtlSendStatus
                0x0800864c       0x16 CMakeFiles/Robot_Chassis_v2.0.elf.dir/Middlewares/ST/STM32_USB_Device_Library/Core/Src/usbd_ioreq.c.obj
                0x0800864c                USBD_CtlSendStatus
 .text.USBD_CtlReceiveStatus
                0x08008662       0x16 CMakeFiles/Robot_Chassis_v2.0.elf.dir/Middlewares/ST/STM32_USB_Device_Library/Core/Src/usbd_ioreq.c.obj
                0x08008662                USBD_CtlReceiveStatus
 .text.MX_USB_Device_Init
                0x08008678       0x54 CMakeFiles/Robot_Chassis_v2.0.elf.dir/USB_Device/App/usb_device.c.obj
                0x08008678                MX_USB_Device_Init
 .text.CDC_DeInit_FS
                0x080086cc        0x4 CMakeFiles/Robot_Chassis_v2.0.elf.dir/USB_Device/App/usbd_cdc_if.c.obj
 .text.CDC_Control_FS
                0x080086d0        0x4 CMakeFiles/Robot_Chassis_v2.0.elf.dir/USB_Device/App/usbd_cdc_if.c.obj
 .text.CDC_TransmitCplt_FS
                0x080086d4        0x4 CMakeFiles/Robot_Chassis_v2.0.elf.dir/USB_Device/App/usbd_cdc_if.c.obj
 .text.CDC_Receive_FS
                0x080086d8       0xa8 CMakeFiles/Robot_Chassis_v2.0.elf.dir/USB_Device/App/usbd_cdc_if.c.obj
 .text.CDC_Init_FS
                0x08008780       0x28 CMakeFiles/Robot_Chassis_v2.0.elf.dir/USB_Device/App/usbd_cdc_if.c.obj
 .text.CDC_Transmit_FS
                0x080087a8       0x2c CMakeFiles/Robot_Chassis_v2.0.elf.dir/USB_Device/App/usbd_cdc_if.c.obj
                0x080087a8                CDC_Transmit_FS
 .text.USBD_CDC_DeviceDescriptor
                0x080087d4        0xc CMakeFiles/Robot_Chassis_v2.0.elf.dir/USB_Device/App/usbd_desc.c.obj
                0x080087d4                USBD_CDC_DeviceDescriptor
 .text.USBD_CDC_LangIDStrDescriptor
                0x080087e0        0xc CMakeFiles/Robot_Chassis_v2.0.elf.dir/USB_Device/App/usbd_desc.c.obj
                0x080087e0                USBD_CDC_LangIDStrDescriptor
 .text.IntToUnicode
                0x080087ec       0x46 CMakeFiles/Robot_Chassis_v2.0.elf.dir/USB_Device/App/usbd_desc.c.obj
 *fill*         0x08008832        0x2 
 .text.Get_SerialNum
                0x08008834       0x38 CMakeFiles/Robot_Chassis_v2.0.elf.dir/USB_Device/App/usbd_desc.c.obj
 .text.USBD_CDC_SerialStrDescriptor
                0x0800886c       0x14 CMakeFiles/Robot_Chassis_v2.0.elf.dir/USB_Device/App/usbd_desc.c.obj
                0x0800886c                USBD_CDC_SerialStrDescriptor
 .text.USBD_CDC_ProductStrDescriptor
                0x08008880       0x24 CMakeFiles/Robot_Chassis_v2.0.elf.dir/USB_Device/App/usbd_desc.c.obj
                0x08008880                USBD_CDC_ProductStrDescriptor
 .text.USBD_CDC_ManufacturerStrDescriptor
                0x080088a4       0x1c CMakeFiles/Robot_Chassis_v2.0.elf.dir/USB_Device/App/usbd_desc.c.obj
                0x080088a4                USBD_CDC_ManufacturerStrDescriptor
 .text.USBD_CDC_ConfigStrDescriptor
                0x080088c0       0x24 CMakeFiles/Robot_Chassis_v2.0.elf.dir/USB_Device/App/usbd_desc.c.obj
                0x080088c0                USBD_CDC_ConfigStrDescriptor
 .text.USBD_CDC_InterfaceStrDescriptor
                0x080088e4       0x24 CMakeFiles/Robot_Chassis_v2.0.elf.dir/USB_Device/App/usbd_desc.c.obj
                0x080088e4                USBD_CDC_InterfaceStrDescriptor
 .text.USBD_Get_USB_Status
                0x08008908       0x14 CMakeFiles/Robot_Chassis_v2.0.elf.dir/USB_Device/Target/usbd_conf.c.obj
 .text.SystemClockConfig_Resume
                0x0800891c        0x8 CMakeFiles/Robot_Chassis_v2.0.elf.dir/USB_Device/Target/usbd_conf.c.obj
 .text.HAL_PCD_MspInit
                0x08008924       0x60 CMakeFiles/Robot_Chassis_v2.0.elf.dir/USB_Device/Target/usbd_conf.c.obj
                0x08008924                HAL_PCD_MspInit
 .text.HAL_PCD_SetupStageCallback
                0x08008984       0x10 CMakeFiles/Robot_Chassis_v2.0.elf.dir/USB_Device/Target/usbd_conf.c.obj
                0x08008984                HAL_PCD_SetupStageCallback
 .text.HAL_PCD_DataOutStageCallback
                0x08008994       0x18 CMakeFiles/Robot_Chassis_v2.0.elf.dir/USB_Device/Target/usbd_conf.c.obj
                0x08008994                HAL_PCD_DataOutStageCallback
 .text.HAL_PCD_DataInStageCallback
                0x080089ac       0x16 CMakeFiles/Robot_Chassis_v2.0.elf.dir/USB_Device/Target/usbd_conf.c.obj
                0x080089ac                HAL_PCD_DataInStageCallback
 .text.HAL_PCD_SOFCallback
                0x080089c2        0xc CMakeFiles/Robot_Chassis_v2.0.elf.dir/USB_Device/Target/usbd_conf.c.obj
                0x080089c2                HAL_PCD_SOFCallback
 .text.HAL_PCD_ResetCallback
                0x080089ce       0x24 CMakeFiles/Robot_Chassis_v2.0.elf.dir/USB_Device/Target/usbd_conf.c.obj
                0x080089ce                HAL_PCD_ResetCallback
 *fill*         0x080089f2        0x2 
 .text.HAL_PCD_SuspendCallback
                0x080089f4       0x20 CMakeFiles/Robot_Chassis_v2.0.elf.dir/USB_Device/Target/usbd_conf.c.obj
                0x080089f4                HAL_PCD_SuspendCallback
 .text.HAL_PCD_ResumeCallback
                0x08008a14       0x28 CMakeFiles/Robot_Chassis_v2.0.elf.dir/USB_Device/Target/usbd_conf.c.obj
                0x08008a14                HAL_PCD_ResumeCallback
 .text.USBD_LL_Init
                0x08008a3c       0x88 CMakeFiles/Robot_Chassis_v2.0.elf.dir/USB_Device/Target/usbd_conf.c.obj
                0x08008a3c                USBD_LL_Init
 .text.USBD_LL_Start
                0x08008ac4       0x10 CMakeFiles/Robot_Chassis_v2.0.elf.dir/USB_Device/Target/usbd_conf.c.obj
                0x08008ac4                USBD_LL_Start
 .text.USBD_LL_OpenEP
                0x08008ad4       0x16 CMakeFiles/Robot_Chassis_v2.0.elf.dir/USB_Device/Target/usbd_conf.c.obj
                0x08008ad4                USBD_LL_OpenEP
 .text.USBD_LL_CloseEP
                0x08008aea       0x10 CMakeFiles/Robot_Chassis_v2.0.elf.dir/USB_Device/Target/usbd_conf.c.obj
                0x08008aea                USBD_LL_CloseEP
 .text.USBD_LL_StallEP
                0x08008afa       0x10 CMakeFiles/Robot_Chassis_v2.0.elf.dir/USB_Device/Target/usbd_conf.c.obj
                0x08008afa                USBD_LL_StallEP
 .text.USBD_LL_ClearStallEP
                0x08008b0a       0x10 CMakeFiles/Robot_Chassis_v2.0.elf.dir/USB_Device/Target/usbd_conf.c.obj
                0x08008b0a                USBD_LL_ClearStallEP
 .text.USBD_LL_IsStallEP
                0x08008b1a       0x2c CMakeFiles/Robot_Chassis_v2.0.elf.dir/USB_Device/Target/usbd_conf.c.obj
                0x08008b1a                USBD_LL_IsStallEP
 .text.USBD_LL_SetUSBAddress
                0x08008b46       0x10 CMakeFiles/Robot_Chassis_v2.0.elf.dir/USB_Device/Target/usbd_conf.c.obj
                0x08008b46                USBD_LL_SetUSBAddress
 .text.USBD_LL_Transmit
                0x08008b56       0x10 CMakeFiles/Robot_Chassis_v2.0.elf.dir/USB_Device/Target/usbd_conf.c.obj
                0x08008b56                USBD_LL_Transmit
 .text.USBD_LL_PrepareReceive
                0x08008b66       0x10 CMakeFiles/Robot_Chassis_v2.0.elf.dir/USB_Device/Target/usbd_conf.c.obj
                0x08008b66                USBD_LL_PrepareReceive
 .text.USBD_LL_GetRxDataSize
                0x08008b76        0xc CMakeFiles/Robot_Chassis_v2.0.elf.dir/USB_Device/Target/usbd_conf.c.obj
                0x08008b76                USBD_LL_GetRxDataSize
 *fill*         0x08008b82        0x2 
 .text.HAL_PCDEx_LPM_Callback
                0x08008b84       0x48 CMakeFiles/Robot_Chassis_v2.0.elf.dir/USB_Device/Target/usbd_conf.c.obj
                0x08008b84                HAL_PCDEx_LPM_Callback
 .text.USBD_static_malloc
                0x08008bcc        0x8 CMakeFiles/Robot_Chassis_v2.0.elf.dir/USB_Device/Target/usbd_conf.c.obj
                0x08008bcc                USBD_static_malloc
 .text.USBD_static_free
                0x08008bd4        0x2 CMakeFiles/Robot_Chassis_v2.0.elf.dir/USB_Device/Target/usbd_conf.c.obj
                0x08008bd4                USBD_static_free
 *fill*         0x08008bd6        0x2 
 .text.__libc_init_array
                0x08008bd8       0x48 c:/progra~2/gnuarm~1/102021~1.10/bin/../lib/gcc/arm-none-eabi/10.3.1/../../../../arm-none-eabi/lib/thumb/v7e-m/nofp\libc.a(lib_a-init.o)
                0x08008bd8                __libc_init_array
 .text.memset   0x08008c20       0xa4 c:/progra~2/gnuarm~1/102021~1.10/bin/../lib/gcc/arm-none-eabi/10.3.1/../../../../arm-none-eabi/lib/thumb/v7e-m/nofp\libc.a(lib_a-memset.o)
                0x08008c20                memset
 .text.startup.register_fini
                0x08008cc4       0x14 c:/progra~2/gnuarm~1/102021~1.10/bin/../lib/gcc/arm-none-eabi/10.3.1/../../../../arm-none-eabi/lib/thumb/v7e-m/nofp\libc.a(lib_a-__call_atexit.o)
 .text.atexit   0x08008cd8        0xc c:/progra~2/gnuarm~1/102021~1.10/bin/../lib/gcc/arm-none-eabi/10.3.1/../../../../arm-none-eabi/lib/thumb/v7e-m/nofp\libc.a(lib_a-atexit.o)
                0x08008cd8                atexit
 .text.__libc_fini_array
                0x08008ce4       0x2c c:/progra~2/gnuarm~1/102021~1.10/bin/../lib/gcc/arm-none-eabi/10.3.1/../../../../arm-none-eabi/lib/thumb/v7e-m/nofp\libc.a(lib_a-fini.o)
                0x08008ce4                __libc_fini_array
 .text.__retarget_lock_acquire_recursive
                0x08008d10        0x4 c:/progra~2/gnuarm~1/102021~1.10/bin/../lib/gcc/arm-none-eabi/10.3.1/../../../../arm-none-eabi/lib/thumb/v7e-m/nofp\libc.a(lib_a-lock.o)
                0x08008d10                __retarget_lock_acquire_recursive
 .text.__retarget_lock_release_recursive
                0x08008d14        0x4 c:/progra~2/gnuarm~1/102021~1.10/bin/../lib/gcc/arm-none-eabi/10.3.1/../../../../arm-none-eabi/lib/thumb/v7e-m/nofp\libc.a(lib_a-lock.o)
                0x08008d14                __retarget_lock_release_recursive
 .text.__register_exitproc
                0x08008d18       0x8c c:/progra~2/gnuarm~1/102021~1.10/bin/../lib/gcc/arm-none-eabi/10.3.1/../../../../arm-none-eabi/lib/thumb/v7e-m/nofp\libc.a(lib_a-__atexit.o)
                0x08008d18                __register_exitproc
 *(.glue_7)
 .glue_7        0x08008da4        0x0 linker stubs
 *(.glue_7t)
 .glue_7t       0x08008da4        0x0 linker stubs
 *(.eh_frame)
 .eh_frame      0x08008da4        0x0 c:/progra~2/gnuarm~1/102021~1.10/bin/../lib/gcc/arm-none-eabi/10.3.1/thumb/v7e-m/nofp/crtbegin.o
 *(.init)
 .init          0x08008da4        0x4 c:/progra~2/gnuarm~1/102021~1.10/bin/../lib/gcc/arm-none-eabi/10.3.1/thumb/v7e-m/nofp/crti.o
                0x08008da4                _init
 .init          0x08008da8        0x8 c:/progra~2/gnuarm~1/102021~1.10/bin/../lib/gcc/arm-none-eabi/10.3.1/thumb/v7e-m/nofp/crtn.o
 *(.fini)
 .fini          0x08008db0        0x4 c:/progra~2/gnuarm~1/102021~1.10/bin/../lib/gcc/arm-none-eabi/10.3.1/thumb/v7e-m/nofp/crti.o
                0x08008db0                _fini
 .fini          0x08008db4        0x8 c:/progra~2/gnuarm~1/102021~1.10/bin/../lib/gcc/arm-none-eabi/10.3.1/thumb/v7e-m/nofp/crtn.o
                0x08008dbc                . = ALIGN (0x4)
                0x08008dbc                _etext = .

.vfp11_veneer   0x08008dbc        0x0
 .vfp11_veneer  0x08008dbc        0x0 linker stubs

.v4_bx          0x08008dbc        0x0
 .v4_bx         0x08008dbc        0x0 linker stubs

.iplt           0x08008dbc        0x0
 .iplt          0x08008dbc        0x0 c:/progra~2/gnuarm~1/102021~1.10/bin/../lib/gcc/arm-none-eabi/10.3.1/thumb/v7e-m/nofp/crtbegin.o

.rodata         0x08008dbc      0x334
                0x08008dbc                . = ALIGN (0x4)
 *(.rodata)
 .rodata        0x08008dbc        0x3 CMakeFiles/Robot_Chassis_v2.0.elf.dir/Core/User/Src/my_agreement.c.obj
 *(.rodata*)
 *fill*         0x08008dbf        0x1 
 .rodata.AHBPrescTable
                0x08008dc0       0x10 CMakeFiles/Robot_Chassis_v2.0.elf.dir/Core/Src/system_stm32g4xx.c.obj
                0x08008dc0                AHBPrescTable
 .rodata.SerialDownload.str1.4
                0x08008dd0      0x13c CMakeFiles/Robot_Chassis_v2.0.elf.dir/Core/User/Src/my_menu.c.obj
 .rodata.Main_Menu.str1.4
                0x08008f0c      0x181 CMakeFiles/Robot_Chassis_v2.0.elf.dir/Core/User/Src/my_menu.c.obj
 *fill*         0x0800908d        0x3 
 .rodata.ReceivePacket.str1.4
                0x08009090        0x2 CMakeFiles/Robot_Chassis_v2.0.elf.dir/Core/User/Src/my_ymodem.c.obj
 *fill*         0x08009092        0x2 
 .rodata.DLCtoBytes
                0x08009094       0x10 CMakeFiles/Robot_Chassis_v2.0.elf.dir/Drivers/STM32G4xx_HAL_Driver/Src/stm32g4xx_hal_fdcan.c.obj
 .rodata.USBD_CDC_ProductStrDescriptor.str1.4
                0x080090a4       0x16 CMakeFiles/Robot_Chassis_v2.0.elf.dir/USB_Device/App/usbd_desc.c.obj
 *fill*         0x080090ba        0x2 
 .rodata.USBD_CDC_ManufacturerStrDescriptor.str1.4
                0x080090bc       0x13 CMakeFiles/Robot_Chassis_v2.0.elf.dir/USB_Device/App/usbd_desc.c.obj
 *fill*         0x080090cf        0x1 
 .rodata.USBD_CDC_ConfigStrDescriptor.str1.4
                0x080090d0        0xb CMakeFiles/Robot_Chassis_v2.0.elf.dir/USB_Device/App/usbd_desc.c.obj
 *fill*         0x080090db        0x1 
 .rodata.USBD_CDC_InterfaceStrDescriptor.str1.4
                0x080090dc        0xe CMakeFiles/Robot_Chassis_v2.0.elf.dir/USB_Device/App/usbd_desc.c.obj
 *fill*         0x080090ea        0x2 
 .rodata._global_impure_ptr
                0x080090ec        0x4 c:/progra~2/gnuarm~1/102021~1.10/bin/../lib/gcc/arm-none-eabi/10.3.1/../../../../arm-none-eabi/lib/thumb/v7e-m/nofp\libc.a(lib_a-impure.o)
                0x080090ec                _global_impure_ptr
                0x080090f0                . = ALIGN (0x4)

.rel.dyn        0x080090f0        0x0
 .rel.iplt      0x080090f0        0x0 c:/progra~2/gnuarm~1/102021~1.10/bin/../lib/gcc/arm-none-eabi/10.3.1/thumb/v7e-m/nofp/crtbegin.o

.ARM.extab      0x080090f0        0x0
                0x080090f0                . = ALIGN (0x4)
 *(.ARM.extab* .gnu.linkonce.armextab.*)
                0x080090f0                . = ALIGN (0x4)

.ARM            0x080090f0        0x0
                0x080090f0                . = ALIGN (0x4)
                0x080090f0                __exidx_start = .
 *(.ARM.exidx*)
                0x080090f0                __exidx_end = .
                0x080090f0                . = ALIGN (0x4)

.preinit_array  0x080090f0        0x0
                0x080090f0                . = ALIGN (0x4)
                0x080090f0                PROVIDE (__preinit_array_start = .)
 *(.preinit_array*)
                0x080090f0                PROVIDE (__preinit_array_end = .)
                0x080090f0                . = ALIGN (0x4)

.init_array     0x080090f0        0x8
                0x080090f0                . = ALIGN (0x4)
                0x080090f0                PROVIDE (__init_array_start = .)
 *(SORT_BY_NAME(.init_array.*))
 .init_array.00000
                0x080090f0        0x4 c:/progra~2/gnuarm~1/102021~1.10/bin/../lib/gcc/arm-none-eabi/10.3.1/../../../../arm-none-eabi/lib/thumb/v7e-m/nofp\libc.a(lib_a-__call_atexit.o)
 *(.init_array*)
 .init_array    0x080090f4        0x4 c:/progra~2/gnuarm~1/102021~1.10/bin/../lib/gcc/arm-none-eabi/10.3.1/thumb/v7e-m/nofp/crtbegin.o
                0x080090f8                PROVIDE (__init_array_end = .)
                0x080090f8                . = ALIGN (0x4)

.fini_array     0x080090f8        0x4
                0x080090f8                . = ALIGN (0x4)
                0x080090f8                PROVIDE (__fini_array_start = .)
 *(SORT_BY_NAME(.fini_array.*))
 *(.fini_array*)
 .fini_array    0x080090f8        0x4 c:/progra~2/gnuarm~1/102021~1.10/bin/../lib/gcc/arm-none-eabi/10.3.1/thumb/v7e-m/nofp/crtbegin.o
                0x080090fc                PROVIDE (__fini_array_end = .)
                0x080090fc                . = ALIGN (0x4)
                0x080090fc                _sidata = LOADADDR (.data)

.data           0x20000000      0x5dc load address 0x080090fc
                0x20000000                . = ALIGN (0x4)
                0x20000000                _sdata = .
 *(.data)
 *(.data*)
 .data.SystemCoreClock
                0x20000000        0x4 CMakeFiles/Robot_Chassis_v2.0.elf.dir/Core/Src/system_stm32g4xx.c.obj
                0x20000000                SystemCoreClock
 .data.s_updata_index
                0x20000004        0x2 CMakeFiles/Robot_Chassis_v2.0.elf.dir/Core/User/Src/my_agreement.c.obj
                0x20000004                s_updata_index
 *fill*         0x20000006        0x2 
 .data.g_id     0x20000008        0x4 CMakeFiles/Robot_Chassis_v2.0.elf.dir/Core/User/Src/my_usbparse.c.obj
                0x20000008                g_id
 .data.uwTickFreq
                0x2000000c        0x4 CMakeFiles/Robot_Chassis_v2.0.elf.dir/Drivers/STM32G4xx_HAL_Driver/Src/stm32g4xx_hal.c.obj
                0x2000000c                uwTickFreq
 .data.uwTickPrio
                0x20000010        0x4 CMakeFiles/Robot_Chassis_v2.0.elf.dir/Drivers/STM32G4xx_HAL_Driver/Src/stm32g4xx_hal.c.obj
                0x20000010                uwTickPrio
 .data.pFlash   0x20000014       0x20 CMakeFiles/Robot_Chassis_v2.0.elf.dir/Drivers/STM32G4xx_HAL_Driver/Src/stm32g4xx_hal_flash.c.obj
                0x20000014                pFlash
 .data.USBD_CDC
                0x20000034       0x38 CMakeFiles/Robot_Chassis_v2.0.elf.dir/Middlewares/ST/STM32_USB_Device_Library/Class/CDC/Src/usbd_cdc.c.obj
                0x20000034                USBD_CDC
 .data.USBD_CDC_CfgFSDesc
                0x2000006c       0x43 CMakeFiles/Robot_Chassis_v2.0.elf.dir/Middlewares/ST/STM32_USB_Device_Library/Class/CDC/Src/usbd_cdc.c.obj
 *fill*         0x200000af        0x1 
 .data.USBD_CDC_CfgHSDesc
                0x200000b0       0x43 CMakeFiles/Robot_Chassis_v2.0.elf.dir/Middlewares/ST/STM32_USB_Device_Library/Class/CDC/Src/usbd_cdc.c.obj
 *fill*         0x200000f3        0x1 
 .data.USBD_CDC_DeviceQualifierDesc
                0x200000f4        0xa CMakeFiles/Robot_Chassis_v2.0.elf.dir/Middlewares/ST/STM32_USB_Device_Library/Class/CDC/Src/usbd_cdc.c.obj
 *fill*         0x200000fe        0x2 
 .data.USBD_CDC_OtherSpeedCfgDesc
                0x20000100       0x43 CMakeFiles/Robot_Chassis_v2.0.elf.dir/Middlewares/ST/STM32_USB_Device_Library/Class/CDC/Src/usbd_cdc.c.obj
 *fill*         0x20000143        0x1 
 .data.USBD_Interface_fops_FS
                0x20000144       0x14 CMakeFiles/Robot_Chassis_v2.0.elf.dir/USB_Device/App/usbd_cdc_if.c.obj
                0x20000144                USBD_Interface_fops_FS
 .data.CDC_Desc
                0x20000158       0x20 CMakeFiles/Robot_Chassis_v2.0.elf.dir/USB_Device/App/usbd_desc.c.obj
                0x20000158                CDC_Desc
 .data.USBD_CDC_DeviceDesc
                0x20000178       0x12 CMakeFiles/Robot_Chassis_v2.0.elf.dir/USB_Device/App/usbd_desc.c.obj
                0x20000178                USBD_CDC_DeviceDesc
 *fill*         0x2000018a        0x2 
 .data.USBD_LangIDDesc
                0x2000018c        0x4 CMakeFiles/Robot_Chassis_v2.0.elf.dir/USB_Device/App/usbd_desc.c.obj
                0x2000018c                USBD_LangIDDesc
 .data.USBD_StringSerial
                0x20000190       0x1a CMakeFiles/Robot_Chassis_v2.0.elf.dir/USB_Device/App/usbd_desc.c.obj
                0x20000190                USBD_StringSerial
 *fill*         0x200001aa        0x6 
 .data.impure_data
                0x200001b0      0x428 c:/progra~2/gnuarm~1/102021~1.10/bin/../lib/gcc/arm-none-eabi/10.3.1/../../../../arm-none-eabi/lib/thumb/v7e-m/nofp\libc.a(lib_a-impure.o)
 .data.__atexit_recursive_mutex
                0x200005d8        0x4 c:/progra~2/gnuarm~1/102021~1.10/bin/../lib/gcc/arm-none-eabi/10.3.1/../../../../arm-none-eabi/lib/thumb/v7e-m/nofp\libc.a(lib_a-__call_atexit.o)
                0x200005d8                __atexit_recursive_mutex
 *(.RamFunc)
 *(.RamFunc*)
                0x200005dc                . = ALIGN (0x4)
                0x200005dc                _edata = .

.igot.plt       0x200005dc        0x0 load address 0x080096d8
 .igot.plt      0x200005dc        0x0 c:/progra~2/gnuarm~1/102021~1.10/bin/../lib/gcc/arm-none-eabi/10.3.1/thumb/v7e-m/nofp/crtbegin.o
                0x200005dc                . = ALIGN (0x4)

.bss            0x200005dc     0x2344 load address 0x080096d8
                0x200005dc                _sbss = .
                0x200005dc                __bss_start__ = _sbss
 *(.bss)
 .bss           0x200005dc       0x1c c:/progra~2/gnuarm~1/102021~1.10/bin/../lib/gcc/arm-none-eabi/10.3.1/thumb/v7e-m/nofp/crtbegin.o
 *(.bss*)
 .bss.HAL_RCC_ADC12_CLK_ENABLED
                0x200005f8        0x4 CMakeFiles/Robot_Chassis_v2.0.elf.dir/Core/Src/adc.c.obj
 .bss.hadc1     0x200005fc       0x6c CMakeFiles/Robot_Chassis_v2.0.elf.dir/Core/Src/adc.c.obj
                0x200005fc                hadc1
 .bss.hadc2     0x20000668       0x6c CMakeFiles/Robot_Chassis_v2.0.elf.dir/Core/Src/adc.c.obj
                0x20000668                hadc2
 .bss.hfdcan1   0x200006d4       0x64 CMakeFiles/Robot_Chassis_v2.0.elf.dir/Core/Src/fdcan.c.obj
                0x200006d4                hfdcan1
 .bss.hiwdg     0x20000738       0x10 CMakeFiles/Robot_Chassis_v2.0.elf.dir/Core/Src/iwdg.c.obj
                0x20000738                hiwdg
 .bss.TransData
                0x20000748      0x100 CMakeFiles/Robot_Chassis_v2.0.elf.dir/Core/Src/main.c.obj
 .bss.htim7     0x20000848       0x4c CMakeFiles/Robot_Chassis_v2.0.elf.dir/Core/Src/tim.c.obj
                0x20000848                htim7
 .bss.Boot_Frame
                0x20000894       0x14 CMakeFiles/Robot_Chassis_v2.0.elf.dir/Core/User/Src/my_agreement.c.obj
                0x20000894                Boot_Frame
 .bss.LeftArm_Frame
                0x200008a8       0x14 CMakeFiles/Robot_Chassis_v2.0.elf.dir/Core/User/Src/my_agreement.c.obj
                0x200008a8                LeftArm_Frame
 .bss.RightArm_Frame
                0x200008bc       0x14 CMakeFiles/Robot_Chassis_v2.0.elf.dir/Core/User/Src/my_agreement.c.obj
                0x200008bc                RightArm_Frame
 .bss.RXHeader  0x200008d0       0x28 CMakeFiles/Robot_Chassis_v2.0.elf.dir/Core/User/Src/my_fdcan.c.obj
                0x200008d0                RXHeader
 .bss.TXHeader  0x200008f8       0x24 CMakeFiles/Robot_Chassis_v2.0.elf.dir/Core/User/Src/my_fdcan.c.obj
                0x200008f8                TXHeader
 .bss.ber_signal.0
                0x2000091c        0x4 CMakeFiles/Robot_Chassis_v2.0.elf.dir/Core/User/Src/my_fdcan.c.obj
 .bss.g_key_Buff
                0x20000920       0x22 CMakeFiles/Robot_Chassis_v2.0.elf.dir/Core/User/Src/my_fdcan.c.obj
                0x20000920                g_key_Buff
 *fill*         0x20000942        0x2 
 .bss.g_lAngel_Buff
                0x20000944       0x10 CMakeFiles/Robot_Chassis_v2.0.elf.dir/Core/User/Src/my_fdcan.c.obj
                0x20000944                g_lAngel_Buff
 .bss.g_rAngel_Buff
                0x20000954       0x10 CMakeFiles/Robot_Chassis_v2.0.elf.dir/Core/User/Src/my_fdcan.c.obj
                0x20000954                g_rAngel_Buff
 .bss.foot_data
                0x20000964        0x1 CMakeFiles/Robot_Chassis_v2.0.elf.dir/Core/User/Src/my_foot.c.obj
                0x20000964                foot_data
 *fill*         0x20000965        0x3 
 .bss.va_l      0x20000968        0x4 CMakeFiles/Robot_Chassis_v2.0.elf.dir/Core/User/Src/my_foot.c.obj
                0x20000968                va_l
 .bss.va_r      0x2000096c        0x4 CMakeFiles/Robot_Chassis_v2.0.elf.dir/Core/User/Src/my_foot.c.obj
                0x2000096c                va_r
 .bss.value_l   0x20000970        0x4 CMakeFiles/Robot_Chassis_v2.0.elf.dir/Core/User/Src/my_foot.c.obj
                0x20000970                value_l
 .bss.value_r   0x20000974        0x4 CMakeFiles/Robot_Chassis_v2.0.elf.dir/Core/User/Src/my_foot.c.obj
                0x20000974                value_r
 .bss.FlashProtection
                0x20000978        0x4 CMakeFiles/Robot_Chassis_v2.0.elf.dir/Core/User/Src/my_menu.c.obj
                0x20000978                FlashProtection
 .bss.aFileName
                0x2000097c       0x40 CMakeFiles/Robot_Chassis_v2.0.elf.dir/Core/User/Src/my_menu.c.obj
                0x2000097c                aFileName
 .bss.BootLoader_RingBuff_t
                0x200009bc        0xc CMakeFiles/Robot_Chassis_v2.0.elf.dir/Core/User/Src/my_ringbuff.c.obj
                0x200009bc                BootLoader_RingBuff_t
 .bss.Boot_Buff
                0x200009c8      0x100 CMakeFiles/Robot_Chassis_v2.0.elf.dir/Core/User/Src/my_ringbuff.c.obj
                0x200009c8                Boot_Buff
 .bss.LeftArm_Buff
                0x20000ac8      0x100 CMakeFiles/Robot_Chassis_v2.0.elf.dir/Core/User/Src/my_ringbuff.c.obj
                0x20000ac8                LeftArm_Buff
 .bss.LeftArm_RingBuff_t
                0x20000bc8        0xc CMakeFiles/Robot_Chassis_v2.0.elf.dir/Core/User/Src/my_ringbuff.c.obj
                0x20000bc8                LeftArm_RingBuff_t
 .bss.RightArm_Buff
                0x20000bd4      0x100 CMakeFiles/Robot_Chassis_v2.0.elf.dir/Core/User/Src/my_ringbuff.c.obj
                0x20000bd4                RightArm_Buff
 .bss.RightArm_RingBuff_t
                0x20000cd4        0xc CMakeFiles/Robot_Chassis_v2.0.elf.dir/Core/User/Src/my_ringbuff.c.obj
                0x20000cd4                RightArm_RingBuff_t
 .bss.Usb_Buff  0x20000ce0      0x100 CMakeFiles/Robot_Chassis_v2.0.elf.dir/Core/User/Src/my_ringbuff.c.obj
                0x20000ce0                Usb_Buff
 .bss.Usb_RingBuff_t
                0x20000de0        0xc CMakeFiles/Robot_Chassis_v2.0.elf.dir/Core/User/Src/my_ringbuff.c.obj
                0x20000de0                Usb_RingBuff_t
 .bss.g_iRunTime
                0x20000dec        0x4 CMakeFiles/Robot_Chassis_v2.0.elf.dir/Core/User/Src/my_time.c.obj
                0x20000dec                g_iRunTime
 .bss.g_iWdgTime
                0x20000df0        0x2 CMakeFiles/Robot_Chassis_v2.0.elf.dir/Core/User/Src/my_time.c.obj
                0x20000df0                g_iWdgTime
 *fill*         0x20000df2        0x2 
 .bss.s_tTmr    0x20000df4       0x30 CMakeFiles/Robot_Chassis_v2.0.elf.dir/Core/User/Src/my_time.c.obj
 .bss.g_AllUpgrade
                0x20000e24        0x2 CMakeFiles/Robot_Chassis_v2.0.elf.dir/Core/User/Src/my_usbparse.c.obj
                0x20000e24                g_AllUpgrade
 .bss.g_EndData
                0x20000e26        0x1 CMakeFiles/Robot_Chassis_v2.0.elf.dir/Core/User/Src/my_usbparse.c.obj
                0x20000e26                g_EndData
 .bss.g_OutManner
                0x20000e27        0x1 CMakeFiles/Robot_Chassis_v2.0.elf.dir/Core/User/Src/my_usbparse.c.obj
                0x20000e27                g_OutManner
 .bss.g_ParseResults
                0x20000e28        0x1 CMakeFiles/Robot_Chassis_v2.0.elf.dir/Core/User/Src/my_usbparse.c.obj
                0x20000e28                g_ParseResults
 .bss.g_ReceiveNg
                0x20000e29        0x1 CMakeFiles/Robot_Chassis_v2.0.elf.dir/Core/User/Src/my_usbparse.c.obj
                0x20000e29                g_ReceiveNg
 .bss.g_Shakehands
                0x20000e2a        0x1 CMakeFiles/Robot_Chassis_v2.0.elf.dir/Core/User/Src/my_usbparse.c.obj
                0x20000e2a                g_Shakehands
 .bss.g_UpgradeBegin
                0x20000e2b        0x1 CMakeFiles/Robot_Chassis_v2.0.elf.dir/Core/User/Src/my_usbparse.c.obj
                0x20000e2b                g_UpgradeBegin
 .bss.ymodem_demo
                0x20000e2c        0x1 CMakeFiles/Robot_Chassis_v2.0.elf.dir/Core/User/Src/my_usbparse.c.obj
                0x20000e2c                ymodem_demo
 *fill*         0x20000e2d        0x3 
 .bss.BoaruUploadBuff
                0x20000e30      0x104 CMakeFiles/Robot_Chassis_v2.0.elf.dir/Core/User/Src/my_vofa.c.obj
                0x20000e30                BoaruUploadBuff
 .bss.aPacketData
                0x20000f34      0x406 CMakeFiles/Robot_Chassis_v2.0.elf.dir/Core/User/Src/my_ymodem.c.obj
                0x20000f34                aPacketData
 *fill*         0x2000133a        0x2 
 .bss.g_Demobuff
                0x2000133c      0x405 CMakeFiles/Robot_Chassis_v2.0.elf.dir/Core/User/Src/my_ymodem.c.obj
                0x2000133c                g_Demobuff
 .bss.g_Startdemo
                0x20001741        0x1 CMakeFiles/Robot_Chassis_v2.0.elf.dir/Core/User/Src/my_ymodem.c.obj
                0x20001741                g_Startdemo
 .bss.t_num.0   0x20001742        0x1 CMakeFiles/Robot_Chassis_v2.0.elf.dir/Core/User/Src/my_ymodem.c.obj
 *fill*         0x20001743        0x1 
 .bss.uwTick    0x20001744        0x4 CMakeFiles/Robot_Chassis_v2.0.elf.dir/Drivers/STM32G4xx_HAL_Driver/Src/stm32g4xx_hal.c.obj
                0x20001744                uwTick
 .bss.cfgidx.0  0x20001748        0x1 CMakeFiles/Robot_Chassis_v2.0.elf.dir/Middlewares/ST/STM32_USB_Device_Library/Core/Src/usbd_ctlreq.c.obj
 *fill*         0x20001749        0x3 
 .bss.hUsbDeviceFS
                0x2000174c      0x2d0 CMakeFiles/Robot_Chassis_v2.0.elf.dir/USB_Device/App/usb_device.c.obj
                0x2000174c                hUsbDeviceFS
 .bss.UserRxBufferFS
                0x20001a1c      0x400 CMakeFiles/Robot_Chassis_v2.0.elf.dir/USB_Device/App/usbd_cdc_if.c.obj
                0x20001a1c                UserRxBufferFS
 .bss.UserTxBufferFS
                0x20001e1c      0x400 CMakeFiles/Robot_Chassis_v2.0.elf.dir/USB_Device/App/usbd_cdc_if.c.obj
                0x20001e1c                UserTxBufferFS
 .bss.num.0     0x2000221c        0x2 CMakeFiles/Robot_Chassis_v2.0.elf.dir/USB_Device/App/usbd_cdc_if.c.obj
 *fill*         0x2000221e        0x2 
 .bss.USBD_StrDesc
                0x20002220      0x200 CMakeFiles/Robot_Chassis_v2.0.elf.dir/USB_Device/App/usbd_desc.c.obj
                0x20002220                USBD_StrDesc
 .bss.hpcd_USB_FS
                0x20002420      0x2dc CMakeFiles/Robot_Chassis_v2.0.elf.dir/USB_Device/Target/usbd_conf.c.obj
                0x20002420                hpcd_USB_FS
 .bss.mem.0     0x200026fc      0x220 CMakeFiles/Robot_Chassis_v2.0.elf.dir/USB_Device/Target/usbd_conf.c.obj
 .bss.__lock___atexit_recursive_mutex
                0x2000291c        0x1 c:/progra~2/gnuarm~1/102021~1.10/bin/../lib/gcc/arm-none-eabi/10.3.1/../../../../arm-none-eabi/lib/thumb/v7e-m/nofp\libc.a(lib_a-lock.o)
                0x2000291c                __lock___atexit_recursive_mutex
 *(COMMON)
                0x20002920                . = ALIGN (0x4)
 *fill*         0x2000291d        0x3 
                0x20002920                _ebss = .
                0x20002920                __bss_end__ = _ebss

._user_heap_stack
                0x20002920      0x600 load address 0x080096d8
                0x20002920                . = ALIGN (0x8)