Archive member included to satisfy reference by file (symbol)

c:/progra~2/gnuarm~1/102021~1.10/bin/../lib/gcc/arm-none-eabi/10.3.1/thumb/v7e-m/nofp\libgcc.a(_arm_mulsf3.o)
                              CMakeFiles/Robot_Chassis_v2.0.elf.dir/Core/User/Src/my_foot.c.obj (__aeabi_fmul)
c:/progra~2/gnuarm~1/102021~1.10/bin/../lib/gcc/arm-none-eabi/10.3.1/thumb/v7e-m/nofp\libgcc.a(_arm_addsubdf3.o)
                              CMakeFiles/Robot_Chassis_v2.0.elf.dir/Core/User/Src/my_foot.c.obj (__aeabi_dadd)
c:/progra~2/gnuarm~1/102021~1.10/bin/../lib/gcc/arm-none-eabi/10.3.1/thumb/v7e-m/nofp\libgcc.a(_arm_fixdfsi.o)
                              CMakeFiles/Robot_Chassis_v2.0.elf.dir/Core/User/Src/my_foot.c.obj (__aeabi_d2iz)
c:/progra~2/gnuarm~1/102021~1.10/bin/../lib/gcc/arm-none-eabi/10.3.1/thumb/v7e-m/nofp\libgcc.a(_arm_addsubsf3.o)
                              CMakeFiles/Robot_Chassis_v2.0.elf.dir/Core/User/Src/my_foot.c.obj (__aeabi_fsub)
c:/progra~2/gnuarm~1/102021~1.10/bin/../lib/gcc/arm-none-eabi/10.3.1/thumb/v7e-m/nofp\libgcc.a(_arm_muldivsf3.o)
                              CMakeFiles/Robot_Chassis_v2.0.elf.dir/Core/User/Src/my_foot.c.obj (__aeabi_fdiv)
c:/progra~2/gnuarm~1/102021~1.10/bin/../lib/gcc/arm-none-eabi/10.3.1/thumb/v7e-m/nofp\libgcc.a(_arm_cmpsf2.o)
                              CMakeFiles/Robot_Chassis_v2.0.elf.dir/Core/User/Src/my_foot.c.obj (__aeabi_fcmplt)
c:/progra~2/gnuarm~1/102021~1.10/bin/../lib/gcc/arm-none-eabi/10.3.1/thumb/v7e-m/nofp\libgcc.a(_arm_fixsfsi.o)
                              CMakeFiles/Robot_Chassis_v2.0.elf.dir/Core/User/Src/my_foot.c.obj (__aeabi_f2iz)
c:/progra~2/gnuarm~1/102021~1.10/bin/../lib/gcc/arm-none-eabi/10.3.1/thumb/v7e-m/nofp\libgcc.a(_arm_fixunssfsi.o)
                              CMakeFiles/Robot_Chassis_v2.0.elf.dir/Core/User/Src/my_foot.c.obj (__aeabi_f2uiz)
c:/progra~2/gnuarm~1/102021~1.10/bin/../lib/gcc/arm-none-eabi/10.3.1/../../../../arm-none-eabi/lib/thumb/v7e-m/nofp\libc.a(lib_a-errno.o)
                              CMakeFiles/Robot_Chassis_v2.0.elf.dir/Core/Src/syscalls.c.obj (__errno)
c:/progra~2/gnuarm~1/102021~1.10/bin/../lib/gcc/arm-none-eabi/10.3.1/../../../../arm-none-eabi/lib/thumb/v7e-m/nofp\libc.a(lib_a-exit.o)
                              c:/progra~2/gnuarm~1/102021~1.10/bin/../lib/gcc/arm-none-eabi/10.3.1/../../../../arm-none-eabi/lib/thumb/v7e-m/nofp/crt0.o (exit)
c:/progra~2/gnuarm~1/102021~1.10/bin/../lib/gcc/arm-none-eabi/10.3.1/../../../../arm-none-eabi/lib/thumb/v7e-m/nofp\libc.a(lib_a-impure.o)
                              c:/progra~2/gnuarm~1/102021~1.10/bin/../lib/gcc/arm-none-eabi/10.3.1/../../../../arm-none-eabi/lib/thumb/v7e-m/nofp\libc.a(lib_a-exit.o) (_global_impure_ptr)
c:/progra~2/gnuarm~1/102021~1.10/bin/../lib/gcc/arm-none-eabi/10.3.1/../../../../arm-none-eabi/lib/thumb/v7e-m/nofp\libc.a(lib_a-init.o)
                              c:/progra~2/gnuarm~1/102021~1.10/bin/../lib/gcc/arm-none-eabi/10.3.1/../../../../arm-none-eabi/lib/thumb/v7e-m/nofp/crt0.o (__libc_init_array)
c:/progra~2/gnuarm~1/102021~1.10/bin/../lib/gcc/arm-none-eabi/10.3.1/../../../../arm-none-eabi/lib/thumb/v7e-m/nofp\libc.a(lib_a-memset.o)
                              c:/progra~2/gnuarm~1/102021~1.10/bin/../lib/gcc/arm-none-eabi/10.3.1/../../../../arm-none-eabi/lib/thumb/v7e-m/nofp/crt0.o (memset)
c:/progra~2/gnuarm~1/102021~1.10/bin/../lib/gcc/arm-none-eabi/10.3.1/../../../../arm-none-eabi/lib/thumb/v7e-m/nofp\libc.a(lib_a-__call_atexit.o)
                              c:/progra~2/gnuarm~1/102021~1.10/bin/../lib/gcc/arm-none-eabi/10.3.1/../../../../arm-none-eabi/lib/thumb/v7e-m/nofp\libc.a(lib_a-exit.o) (__call_exitprocs)
c:/progra~2/gnuarm~1/102021~1.10/bin/../lib/gcc/arm-none-eabi/10.3.1/../../../../arm-none-eabi/lib/thumb/v7e-m/nofp\libc.a(lib_a-atexit.o)
                              c:/progra~2/gnuarm~1/102021~1.10/bin/../lib/gcc/arm-none-eabi/10.3.1/../../../../arm-none-eabi/lib/thumb/v7e-m/nofp\libc.a(lib_a-__call_atexit.o) (atexit)
c:/progra~2/gnuarm~1/102021~1.10/bin/../lib/gcc/arm-none-eabi/10.3.1/../../../../arm-none-eabi/lib/thumb/v7e-m/nofp\libc.a(lib_a-fini.o)
                              c:/progra~2/gnuarm~1/102021~1.10/bin/../lib/gcc/arm-none-eabi/10.3.1/../../../../arm-none-eabi/lib/thumb/v7e-m/nofp\libc.a(lib_a-__call_atexit.o) (__libc_fini_array)
c:/progra~2/gnuarm~1/102021~1.10/bin/../lib/gcc/arm-none-eabi/10.3.1/../../../../arm-none-eabi/lib/thumb/v7e-m/nofp\libc.a(lib_a-lock.o)
                              c:/progra~2/gnuarm~1/102021~1.10/bin/../lib/gcc/arm-none-eabi/10.3.1/../../../../arm-none-eabi/lib/thumb/v7e-m/nofp\libc.a(lib_a-__call_atexit.o) (__retarget_lock_acquire_recursive)
c:/progra~2/gnuarm~1/102021~1.10/bin/../lib/gcc/arm-none-eabi/10.3.1/../../../../arm-none-eabi/lib/thumb/v7e-m/nofp\libc.a(lib_a-__atexit.o)
                              c:/progra~2/gnuarm~1/102021~1.10/bin/../lib/gcc/arm-none-eabi/10.3.1/../../../../arm-none-eabi/lib/thumb/v7e-m/nofp\libc.a(lib_a-atexit.o) (__register_exitproc)

[...]
Memory Configuration

Name             Origin             Length             Attributes
RAM              0x20000000         0x00008000         xrw
FLASH            0x08000000         0x00018000         xr
*default*        0x00000000         0xffffffff

Linker script and memory map

LOAD c:/progra~2/gnuarm~1/102021~1.10/bin/../lib/gcc/arm-none-eabi/10.3.1/thumb/v7e-m/nofp/crti.o
LOAD c:/progra~2/gnuarm~1/102021~1.10/bin/../lib/gcc/arm-none-eabi/10.3.1/thumb/v7e-m/nofp/crtbegin.o
LOAD c:/progra~2/gnuarm~1/102021~1.10/bin/../lib/gcc/arm-none-eabi/10.3.1/../../../../arm-none-eabi/lib/thumb/v7e-m/nofp/crt0.o
LOAD CMakeFiles/Robot_Chassis_v2.0.elf.dir/Core/Src/adc.c.obj
LOAD CMakeFiles/Robot_Chassis_v2.0.elf.dir/Core/Src/fdcan.c.obj
LOAD CMakeFiles/Robot_Chassis_v2.0.elf.dir/Core/Src/gpio.c.obj
LOAD CMakeFiles/Robot_Chassis_v2.0.elf.dir/Core/Src/iwdg.c.obj
LOAD CMakeFiles/Robot_Chassis_v2.0.elf.dir/Core/Src/main.c.obj
LOAD CMakeFiles/Robot_Chassis_v2.0.elf.dir/Core/Src/stm32g4xx_hal_msp.c.obj
LOAD CMakeFiles/Robot_Chassis_v2.0.elf.dir/Core/Src/stm32g4xx_it.c.obj
LOAD CMakeFiles/Robot_Chassis_v2.0.elf.dir/Core/Src/syscalls.c.obj
LOAD CMakeFiles/Robot_Chassis_v2.0.elf.dir/Core/Src/sysmem.c.obj
LOAD CMakeFiles/Robot_Chassis_v2.0.elf.dir/Core/Src/system_stm32g4xx.c.obj
LOAD CMakeFiles/Robot_Chassis_v2.0.elf.dir/Core/Src/tim.c.obj
LOAD CMakeFiles/Robot_Chassis_v2.0.elf.dir/Core/Startup/startup_stm32g431cbtx.s.obj
LOAD CMakeFiles/Robot_Chassis_v2.0.elf.dir/Core/User/Src/my_agreement.c.obj
LOAD CMakeFiles/Robot_Chassis_v2.0.elf.dir/Core/User/Src/my_common.c.obj
LOAD CMakeFiles/Robot_Chassis_v2.0.elf.dir/Core/User/Src/my_fdcan.c.obj
LOAD CMakeFiles/Robot_Chassis_v2.0.elf.dir/Core/User/Src/my_flash.c.obj
LOAD CMakeFiles/Robot_Chassis_v2.0.elf.dir/Core/User/Src/my_foot.c.obj
LOAD CMakeFiles/Robot_Chassis_v2.0.elf.dir/Core/User/Src/my_menu.c.obj
LOAD CMakeFiles/Robot_Chassis_v2.0.elf.dir/Core/User/Src/my_ringbuff.c.obj
LOAD CMakeFiles/Robot_Chassis_v2.0.elf.dir/Core/User/Src/my_time.c.obj
LOAD CMakeFiles/Robot_Chassis_v2.0.elf.dir/Core/User/Src/my_usbparse.c.obj
LOAD CMakeFiles/Robot_Chassis_v2.0.elf.dir/Core/User/Src/my_vofa.c.obj
LOAD CMakeFiles/Robot_Chassis_v2.0.elf.dir/Core/User/Src/my_ymodem.c.obj
LOAD CMakeFiles/Robot_Chassis_v2.0.elf.dir/Drivers/STM32G4xx_HAL_Driver/Src/stm32g4xx_hal.c.obj
LOAD CMakeFiles/Robot_Chassis_v2.0.elf.dir/Drivers/STM32G4xx_HAL_Driver/Src/stm32g4xx_hal_adc.c.obj
LOAD CMakeFiles/Robot_Chassis_v2.0.elf.dir/Drivers/STM32G4xx_HAL_Driver/Src/stm32g4xx_hal_adc_ex.c.obj
LOAD CMakeFiles/Robot_Chassis_v2.0.elf.dir/Drivers/STM32G4xx_HAL_Driver/Src/stm32g4xx_hal_cortex.c.obj
LOAD CMakeFiles/Robot_Chassis_v2.0.elf.dir/Drivers/STM32G4xx_HAL_Driver/Src/stm32g4xx_hal_dma.c.obj
LOAD CMakeFiles/Robot_Chassis_v2.0.elf.dir/Drivers/STM32G4xx_HAL_Driver/Src/stm32g4xx_hal_dma_ex.c.obj
LOAD CMakeFiles/Robot_Chassis_v2.0.elf.dir/Drivers/STM32G4xx_HAL_Driver/Src/stm32g4xx_hal_exti.c.obj
LOAD CMakeFiles/Robot_Chassis_v2.0.elf.dir/Drivers/STM32G4xx_HAL_Driver/Src/stm32g4xx_hal_fdcan.c.obj
LOAD CMakeFiles/Robot_Chassis_v2.0.elf.dir/Drivers/STM32G4xx_HAL_Driver/Src/stm32g4xx_hal_flash.c.obj
LOAD CMakeFiles/Robot_Chassis_v2.0.elf.dir/Drivers/STM32G4xx_HAL_Driver/Src/stm32g4xx_hal_flash_ex.c.obj
LOAD CMakeFiles/Robot_Chassis_v2.0.elf.dir/Drivers/STM32G4xx_HAL_Driver/Src/stm32g4xx_hal_flash_ramfunc.c.obj
LOAD CMakeFiles/Robot_Chassis_v2.0.elf.dir/Drivers/STM32G4xx_HAL_Driver/Src/stm32g4xx_hal_gpio.c.obj
LOAD CMakeFiles/Robot_Chassis_v2.0.elf.dir/Drivers/STM32G4xx_HAL_Driver/Src/stm32g4xx_hal_iwdg.c.obj
LOAD CMakeFiles/Robot_Chassis_v2.0.elf.dir/Drivers/STM32G4xx_HAL_Driver/Src/stm32g4xx_hal_pcd.c.obj
LOAD CMakeFiles/Robot_Chassis_v2.0.elf.dir/Drivers/STM32G4xx_HAL_Driver/Src/stm32g4xx_hal_pcd_ex.c.obj
LOAD CMakeFiles/Robot_Chassis_v2.0.elf.dir/Drivers/STM32G4xx_HAL_Driver/Src/stm32g4xx_hal_pwr.c.obj
LOAD CMakeFiles/Robot_Chassis_v2.0.elf.dir/Drivers/STM32G4xx_HAL_Driver/Src/stm32g4xx_hal_pwr_ex.c.obj
LOAD CMakeFiles/Robot_Chassis_v2.0.elf.dir/Drivers/STM32G4xx_HAL_Driver/Src/stm32g4xx_hal_rcc.c.obj
LOAD CMakeFiles/Robot_Chassis_v2.0.elf.dir/Drivers/STM32G4xx_HAL_Driver/Src/stm32g4xx_hal_rcc_ex.c.obj
LOAD CMakeFiles/Robot_Chassis_v2.0.elf.dir/Drivers/STM32G4xx_HAL_Driver/Src/stm32g4xx_hal_tim.c.obj
LOAD CMakeFiles/Robot_Chassis_v2.0.elf.dir/Drivers/STM32G4xx_HAL_Driver/Src/stm32g4xx_hal_tim_ex.c.obj
LOAD CMakeFiles/Robot_Chassis_v2.0.elf.dir/Drivers/STM32G4xx_HAL_Driver/Src/stm32g4xx_ll_adc.c.obj
LOAD CMakeFiles/Robot_Chassis_v2.0.elf.dir/Drivers/STM32G4xx_HAL_Driver/Src/stm32g4xx_ll_usb.c.obj
LOAD CMakeFiles/Robot_Chassis_v2.0.elf.dir/Middlewares/ST/STM32_USB_Device_Library/Class/CDC/Src/usbd_cdc.c.obj
LOAD CMakeFiles/Robot_Chassis_v2.0.elf.dir/Middlewares/ST/STM32_USB_Device_Library/Core/Src/usbd_core.c.obj
LOAD CMakeFiles/Robot_Chassis_v2.0.elf.dir/Middlewares/ST/STM32_USB_Device_Library/Core/Src/usbd_ctlreq.c.obj
LOAD CMakeFiles/Robot_Chassis_v2.0.elf.dir/Middlewares/ST/STM32_USB_Device_Library/Core/Src/usbd_ioreq.c.obj
LOAD CMakeFiles/Robot_Chassis_v2.0.elf.dir/USB_Device/App/usb_device.c.obj
LOAD CMakeFiles/Robot_Chassis_v2.0.elf.dir/USB_Device/App/usbd_cdc_if.c.obj
LOAD CMakeFiles/Robot_Chassis_v2.0.elf.dir/USB_Device/App/usbd_desc.c.obj
LOAD CMakeFiles/Robot_Chassis_v2.0.elf.dir/USB_Device/Target/usbd_conf.c.obj
START GROUP
LOAD c:/progra~2/gnuarm~1/102021~1.10/bin/../lib/gcc/arm-none-eabi/10.3.1/thumb/v7e-m/nofp\libgcc.a
LOAD c:/progra~2/gnuarm~1/102021~1.10/bin/../lib/gcc/arm-none-eabi/10.3.1/../../../../arm-none-eabi/lib/thumb/v7e-m/nofp\libc.a
END GROUP
LOAD c:/progra~2/gnuarm~1/102021~1.10/bin/../lib/gcc/arm-none-eabi/10.3.1/thumb/v7e-m/nofp/crtend.o
LOAD c:/progra~2/gnuarm~1/102021~1.10/bin/../lib/gcc/arm-none-eabi/10.3.1/thumb/v7e-m/nofp/crtn.o
                0x20008000                _estack = (ORIGIN (RAM) + LENGTH (RAM))
                0x00000200                _Min_Heap_Size = 0x200
                0x00000400                _Min_Stack_Size = 0x400

.isr_vector     0x08000000      0x1d8
                0x08000000                . = ALIGN (0x4)
 *(.isr_vector)
 .isr_vector    0x08000000      0x1d8 CMakeFiles/Robot_Chassis_v2.0.elf.dir/Core/Startup/startup_stm32g431cbtx.s.obj
                0x08000000                g_pfnVectors
                0x080001d8                . = ALIGN (0x4)

.text           0x080001d8     0x8c64
                0x080001d8                . = ALIGN (0x4)
 *(.text)
 .text          0x080001d8       0x40 c:/progra~2/gnuarm~1/102021~1.10/bin/../lib/gcc/arm-none-eabi/10.3.1/thumb/v7e-m/nofp/crtbegin.o
 .text          0x08000218      0x378 c:/progra~2/gnuarm~1/102021~1.10/bin/../lib/gcc/arm-none-eabi/10.3.1/thumb/v7e-m/nofp\libgcc.a(_arm_addsubdf3.o)
                0x08000218                __aeabi_drsub
                0x08000220                __aeabi_dsub
                0x08000220                __subdf3
                0x08000224                __aeabi_dadd
                0x08000224                __adddf3
                0x0800049c                __floatunsidf
                0x0800049c                __aeabi_ui2d
                0x080004bc                __floatsidf
                0x080004bc                __aeabi_i2d
                0x080004e0                __aeabi_f2d
                0x080004e0                __extendsfdf2
                0x08000524                __floatundidf
                0x08000524                __aeabi_ul2d
                0x08000534                __floatdidf
                0x08000534                __aeabi_l2d
 .text          0x08000590       0x50 c:/progra~2/gnuarm~1/102021~1.10/bin/../lib/gcc/arm-none-eabi/10.3.1/thumb/v7e-m/nofp\libgcc.a(_arm_fixdfsi.o)
                0x08000590                __aeabi_d2iz
                0x08000590                __fixdfsi
 .text          0x080005e0      0x21c c:/progra~2/gnuarm~1/102021~1.10/bin/../lib/gcc/arm-none-eabi/10.3.1/thumb/v7e-m/nofp\libgcc.a(_arm_addsubsf3.o)
                0x080005e0                __aeabi_frsub
                0x080005e8                __subsf3
                0x080005e8                __aeabi_fsub
                0x080005ec                __aeabi_fadd
                0x080005ec                __addsf3
                0x0800074c                __aeabi_ui2f
                0x0800074c                __floatunsisf
                0x08000754                __aeabi_i2f
                0x08000754                __floatsisf
                0x08000770                __aeabi_ul2f
                0x08000770                __floatundisf
                0x08000780                __aeabi_l2f
                0x08000780                __floatdisf
 .text          0x080007fc      0x2a0 c:/progra~2/gnuarm~1/102021~1.10/bin/../lib/gcc/arm-none-eabi/10.3.1/thumb/v7e-m/nofp\libgcc.a(_arm_muldivsf3.o)
                0x080007fc                __mulsf3
                0x080007fc                __aeabi_fmul
                0x08000964                __aeabi_fdiv
                0x08000964                __divsf3
 .text          0x08000a9c       0xec c:/progra~2/gnuarm~1/102021~1.10/bin/../lib/gcc/arm-none-eabi/10.3.1/thumb/v7e-m/nofp\libgcc.a(_arm_cmpsf2.o)
                0x08000a9c                __gesf2
                0x08000a9c                __gtsf2
                0x08000aa4                __lesf2
                0x08000aa4                __ltsf2
                0x08000aac                __nesf2
                0x08000aac                __eqsf2
                0x08000aac                __cmpsf2
                0x08000b0c                __aeabi_cfrcmple
                0x08000b14                __aeabi_cfcmpeq
                0x08000b14                __aeabi_cfcmple
                0x08000b24                __aeabi_fcmpeq
                0x08000b38                __aeabi_fcmplt
                0x08000b4c                __aeabi_fcmple
                0x08000b60                __aeabi_fcmpge
                0x08000b74                __aeabi_fcmpgt
 .text          0x08000b88       0x4c c:/progra~2/gnuarm~1/102021~1.10/bin/../lib/gcc/arm-none-eabi/10.3.1/thumb/v7e-m/nofp\libgcc.a(_arm_fixsfsi.o)
                0x08000b88                __aeabi_f2iz
                0x08000b88                __fixsfsi
 .text          0x08000bd4       0x40 c:/progra~2/gnuarm~1/102021~1.10/bin/../lib/gcc/arm-none-eabi/10.3.1/thumb/v7e-m/nofp\libgcc.a(_arm_fixunssfsi.o)
                0x08000bd4                __fixunssfsi
                0x08000bd4                __aeabi_f2uiz
 *(.text*)
 .text.MX_ADC1_Init
                0x08000c14       0xa0 CMakeFiles/Robot_Chassis_v2.0.elf.dir/Core/Src/adc.c.obj
                0x08000c14                MX_ADC1_Init
 .text.MX_ADC2_Init
                0x08000cb4       0x88 CMakeFiles/Robot_Chassis_v2.0.elf.dir/Core/Src/adc.c.obj
                0x08000cb4                MX_ADC2_Init
 .text.HAL_ADC_MspInit
                0x08000d3c      0x108 CMakeFiles/Robot_Chassis_v2.0.elf.dir/Core/Src/adc.c.obj
                0x08000d3c                HAL_ADC_MspInit
 .text.MX_FDCAN1_Init
                0x08000e44       0x54 CMakeFiles/Robot_Chassis_v2.0.elf.dir/Core/Src/fdcan.c.obj
                0x08000e44                MX_FDCAN1_Init
 .text.HAL_FDCAN_MspInit
                0x08000e98       0xb4 CMakeFiles/Robot_Chassis_v2.0.elf.dir/Core/Src/fdcan.c.obj
                0x08000e98                HAL_FDCAN_MspInit
 .text.MX_GPIO_Init
                0x08000f4c       0x8c CMakeFiles/Robot_Chassis_v2.0.elf.dir/Core/Src/gpio.c.obj
                0x08000f4c                MX_GPIO_Init
 .text.MX_IWDG_Init
                0x08000fd8       0x2c CMakeFiles/Robot_Chassis_v2.0.elf.dir/Core/Src/iwdg.c.obj
                0x08000fd8                MX_IWDG_Init
 .text.UsbReset
                0x08001004       0x64 CMakeFiles/Robot_Chassis_v2.0.elf.dir/Core/Src/main.c.obj
                0x08001004                UsbReset
 .text.SendDatAconformity
                0x08001068      0x120 CMakeFiles/Robot_Chassis_v2.0.elf.dir/Core/Src/main.c.obj
                0x08001068                SendDatAconformity
 .text.Error_Handler
                0x08001188        0x4 CMakeFiles/Robot_Chassis_v2.0.elf.dir/Core/Src/main.c.obj
                0x08001188                Error_Handler
 .text.SystemClock_Config
                0x0800118c       0x74 CMakeFiles/Robot_Chassis_v2.0.elf.dir/Core/Src/main.c.obj
                0x0800118c                SystemClock_Config
 .text.main     0x08001200      0x138 CMakeFiles/Robot_Chassis_v2.0.elf.dir/Core/Src/main.c.obj
                0x08001200                main
 .text.HAL_MspInit
                0x08001338       0x38 CMakeFiles/Robot_Chassis_v2.0.elf.dir/Core/Src/stm32g4xx_hal_msp.c.obj
                0x08001338                HAL_MspInit
 .text.NMI_Handler
                0x08001370        0x2 CMakeFiles/Robot_Chassis_v2.0.elf.dir/Core/Src/stm32g4xx_it.c.obj
                0x08001370                NMI_Handler
 .text.HardFault_Handler
                0x08001372        0x2 CMakeFiles/Robot_Chassis_v2.0.elf.dir/Core/Src/stm32g4xx_it.c.obj
                0x08001372                HardFault_Handler
 .text.MemManage_Handler
                0x08001374        0x2 CMakeFiles/Robot_Chassis_v2.0.elf.dir/Core/Src/stm32g4xx_it.c.obj
                0x08001374                MemManage_Handler
 .text.BusFault_Handler
                0x08001376        0x2 CMakeFiles/Robot_Chassis_v2.0.elf.dir/Core/Src/stm32g4xx_it.c.obj
                0x08001376                BusFault_Handler
 .text.UsageFault_Handler
                0x08001378        0x2 CMakeFiles/Robot_Chassis_v2.0.elf.dir/Core/Src/stm32g4xx_it.c.obj
                0x08001378                UsageFault_Handler
 .text.SVC_Handler
                0x0800137a        0x2 CMakeFiles/Robot_Chassis_v2.0.elf.dir/Core/Src/stm32g4xx_it.c.obj
                0x0800137a                SVC_Handler
 .text.DebugMon_Handler
                0x0800137c        0x2 CMakeFiles/Robot_Chassis_v2.0.elf.dir/Core/Src/stm32g4xx_it.c.obj
                0x0800137c                DebugMon_Handler
 .text.PendSV_Handler
                0x0800137e        0x2 CMakeFiles/Robot_Chassis_v2.0.elf.dir/Core/Src/stm32g4xx_it.c.obj
                0x0800137e                PendSV_Handler
 .text.SysTick_Handler
                0x08001380        0x8 CMakeFiles/Robot_Chassis_v2.0.elf.dir/Core/Src/stm32g4xx_it.c.obj
                0x08001380                SysTick_Handler
 .text.USB_LP_IRQHandler
                0x08001388       0x10 CMakeFiles/Robot_Chassis_v2.0.elf.dir/Core/Src/stm32g4xx_it.c.obj
                0x08001388                USB_LP_IRQHandler
 .text.FDCAN1_IT0_IRQHandler
                0x08001398       0x10 CMakeFiles/Robot_Chassis_v2.0.elf.dir/Core/Src/stm32g4xx_it.c.obj
                0x08001398                FDCAN1_IT0_IRQHandler
 .text.FDCAN1_IT1_IRQHandler
                0x080013a8       0x10 CMakeFiles/Robot_Chassis_v2.0.elf.dir/Core/Src/stm32g4xx_it.c.obj
                0x080013a8                FDCAN1_IT1_IRQHandler
 .text.TIM7_IRQHandler
                0x080013b8       0x10 CMakeFiles/Robot_Chassis_v2.0.elf.dir/Core/Src/stm32g4xx_it.c.obj
                0x080013b8                TIM7_IRQHandler
 .text.SystemInit
                0x080013c8        0x2 CMakeFiles/Robot_Chassis_v2.0.elf.dir/Core/Src/system_stm32g4xx.c.obj
                0x080013c8                SystemInit
 *fill*         0x080013ca        0x2 
 .text.MX_TIM7_Init
                0x080013cc       0x50 CMakeFiles/Robot_Chassis_v2.0.elf.dir/Core/Src/tim.c.obj
                0x080013cc                MX_TIM7_Init
 .text.HAL_TIM_Base_MspInit
                0x0800141c       0x40 CMakeFiles/Robot_Chassis_v2.0.elf.dir/Core/Src/tim.c.obj
                0x0800141c                HAL_TIM_Base_MspInit
 .text.Reset_Handler
                0x0800145c       0x50 CMakeFiles/Robot_Chassis_v2.0.elf.dir/Core/Startup/startup_stm32g431cbtx.s.obj
                0x0800145c                Reset_Handler
 .text.Default_Handler
                0x080014ac        0x2 CMakeFiles/Robot_Chassis_v2.0.elf.dir/Core/Startup/startup_stm32g431cbtx.s.obj
                0x080014ac                RTC_Alarm_IRQHandler
                0x080014ac                EXTI2_IRQHandler
                0x080014ac                TIM8_TRG_COM_IRQHandler
                0x080014ac                TIM8_CC_IRQHandler
                0x080014ac                TIM1_CC_IRQHandler
                0x080014ac                USB_HP_IRQHandler
                0x080014ac                CORDIC_IRQHandler
                0x080014ac                EXTI3_IRQHandler
                0x080014ac                I2C3_ER_IRQHandler
                0x080014ac                EXTI0_IRQHandler
                0x080014ac                I2C2_EV_IRQHandler
                0x080014ac                FPU_IRQHandler
                0x080014ac                TIM1_UP_TIM16_IRQHandler
                0x080014ac                ADC1_2_IRQHandler
                0x080014ac                SPI1_IRQHandler
                0x080014ac                TIM6_DAC_IRQHandler
                0x080014ac                TIM8_UP_IRQHandler
                0x080014ac                DMA2_Channel2_IRQHandler
                0x080014ac                DMA1_Channel4_IRQHandler
                0x080014ac                USART3_IRQHandler
                0x080014ac                TIM4_IRQHandler
                0x080014ac                DMA2_Channel1_IRQHandler
                0x080014ac                I2C1_EV_IRQHandler
                0x080014ac                DMA1_Channel6_IRQHandler
                0x080014ac                UART4_IRQHandler
                0x080014ac                DMA2_Channel4_IRQHandler
                0x080014ac                TIM3_IRQHandler
                0x080014ac                RCC_IRQHandler
                0x080014ac                DMA1_Channel1_IRQHandler
                0x080014ac                Default_Handler
                0x080014ac                RTC_TAMP_LSECSS_IRQHandler
                0x080014ac                FMAC_IRQHandler
                0x080014ac                EXTI15_10_IRQHandler
                0x080014ac                UCPD1_IRQHandler
                0x080014ac                I2C3_EV_IRQHandler
                0x080014ac                EXTI9_5_IRQHandler
                0x080014ac                RTC_WKUP_IRQHandler
                0x080014ac                PVD_PVM_IRQHandler
                0x080014ac                SPI2_IRQHandler
                0x080014ac                DMA2_Channel5_IRQHandler
                0x080014ac                CRS_IRQHandler
                0x080014ac                DMA1_Channel5_IRQHandler
                0x080014ac                EXTI4_IRQHandler
                0x080014ac                RNG_IRQHandler
                0x080014ac                TIM1_TRG_COM_TIM17_IRQHandler
                0x080014ac                DMA1_Channel3_IRQHandler
                0x080014ac                WWDG_IRQHandler
                0x080014ac                LPUART1_IRQHandler
                0x080014ac                DMA2_Channel6_IRQHandler
                0x080014ac                TIM2_IRQHandler
                0x080014ac                COMP1_2_3_IRQHandler
                0x080014ac                EXTI1_IRQHandler
                0x080014ac                USART2_IRQHandler
                0x080014ac                I2C2_ER_IRQHandler
                0x080014ac                DMA1_Channel2_IRQHandler
                0x080014ac                TIM8_BRK_IRQHandler
                0x080014ac                FLASH_IRQHandler
                0x080014ac                USART1_IRQHandler
                0x080014ac                SPI3_IRQHandler
                0x080014ac                I2C1_ER_IRQHandler
                0x080014ac                LPTIM1_IRQHandler
                0x080014ac                DMAMUX_OVR_IRQHandler
                0x080014ac                USBWakeUp_IRQHandler
                0x080014ac                SAI1_IRQHandler
                0x080014ac                DMA2_Channel3_IRQHandler
                0x080014ac                COMP4_IRQHandler
                0x080014ac                TIM1_BRK_TIM15_IRQHandler
 *fill*         0x080014ae        0x2 
 .text.GeneralFrameUPInit
                0x080014b0       0xa8 CMakeFiles/Robot_Chassis_v2.0.elf.dir/Core/User/Src/my_agreement.c.obj
                0x080014b0                GeneralFrameUPInit
 .text.DataEncapsula
                0x08001558       0xbc CMakeFiles/Robot_Chassis_v2.0.elf.dir/Core/User/Src/my_agreement.c.obj
                0x08001558                DataEncapsula
 .text.GetPackSize
                0x08001614        0xa CMakeFiles/Robot_Chassis_v2.0.elf.dir/Core/User/Src/my_agreement.c.obj
                0x08001614                GetPackSize
 .text.BootPack
                0x0800161e       0x22 CMakeFiles/Robot_Chassis_v2.0.elf.dir/Core/User/Src/my_agreement.c.obj
                0x0800161e                BootPack
 .text.Crc16Verify
                0x08001640       0x3c CMakeFiles/Robot_Chassis_v2.0.elf.dir/Core/User/Src/my_agreement.c.obj
                0x08001640                Crc16Verify
 .text.AgreementEncapsula
                0x0800167c       0x7a CMakeFiles/Robot_Chassis_v2.0.elf.dir/Core/User/Src/my_agreement.c.obj
                0x0800167c                AgreementEncapsula
 *fill*         0x080016f6        0x2 
 .text.Int2Str  0x080016f8       0x50 CMakeFiles/Robot_Chassis_v2.0.elf.dir/Core/User/Src/my_common.c.obj
                0x080016f8                Int2Str
 .text.Str2Int  0x08001748       0xee CMakeFiles/Robot_Chassis_v2.0.elf.dir/Core/User/Src/my_common.c.obj
                0x08001748                Str2Int
 .text.Serial_PutString
                0x08001836       0x22 CMakeFiles/Robot_Chassis_v2.0.elf.dir/Core/User/Src/my_common.c.obj
                0x08001836                Serial_PutString
 .text.Serial_PutByte
                0x08001858       0x1a CMakeFiles/Robot_Chassis_v2.0.elf.dir/Core/User/Src/my_common.c.obj
                0x08001858                Serial_PutByte
 *fill*         0x08001872        0x2 
 .text.AnalyseData
                0x08001874      0x1b8 CMakeFiles/Robot_Chassis_v2.0.elf.dir/Core/User/Src/my_fdcan.c.obj
 .text.GetFdCanBoot
                0x08001a2c       0x84 CMakeFiles/Robot_Chassis_v2.0.elf.dir/Core/User/Src/my_fdcan.c.obj
 .text.GetFDcanData
                0x08001ab0      0x158 CMakeFiles/Robot_Chassis_v2.0.elf.dir/Core/User/Src/my_fdcan.c.obj
 .text.CanFilterInit
                0x08001c08       0x34 CMakeFiles/Robot_Chassis_v2.0.elf.dir/Core/User/Src/my_fdcan.c.obj
 .text.CanInit  0x08001c3c       0x20 CMakeFiles/Robot_Chassis_v2.0.elf.dir/Core/User/Src/my_fdcan.c.obj
                0x08001c3c                CanInit
 .text.CanSendMsg
                0x08001c5c       0x48 CMakeFiles/Robot_Chassis_v2.0.elf.dir/Core/User/Src/my_fdcan.c.obj
                0x08001c5c                CanSendMsg
 .text.HAL_FDCAN_RxFifo0Callback
                0x08001ca4       0x64 CMakeFiles/Robot_Chassis_v2.0.elf.dir/Core/User/Src/my_fdcan.c.obj
                0x08001ca4                HAL_FDCAN_RxFifo0Callback
 .text.FlashReadWord
                0x08001d08        0x4 CMakeFiles/Robot_Chassis_v2.0.elf.dir/Core/User/Src/my_flash.c.obj
                0x08001d08                FlashReadWord
 .text.FlashRead
                0x08001d0c       0x20 CMakeFiles/Robot_Chassis_v2.0.elf.dir/Core/User/Src/my_flash.c.obj
                0x08001d0c                FlashRead
 .text.FLASH_If_Init
                0x08001d2c       0x18 CMakeFiles/Robot_Chassis_v2.0.elf.dir/Core/User/Src/my_flash.c.obj
                0x08001d2c                FLASH_If_Init
 .text.FLASH_If_Erase
                0x08001d44       0x3e CMakeFiles/Robot_Chassis_v2.0.elf.dir/Core/User/Src/my_flash.c.obj
                0x08001d44                FLASH_If_Erase
 *fill*         0x08001d82        0x2 
 .text.FLASH_If_Write
                0x08001d84       0x94 CMakeFiles/Robot_Chassis_v2.0.elf.dir/Core/User/Src/my_flash.c.obj
                0x08001d84                FLASH_If_Write
 .text.FLASH_If_GetWriteProtectionStatus
                0x08001e18        0x4 CMakeFiles/Robot_Chassis_v2.0.elf.dir/Core/User/Src/my_flash.c.obj
                0x08001e18                FLASH_If_GetWriteProtectionStatus
 .text.FootData_Judgment
                0x08001e1c       0x92 CMakeFiles/Robot_Chassis_v2.0.elf.dir/Core/User/Src/my_foot.c.obj
 *fill*         0x08001eae        0x2 
 .text.foot_recv
                0x08001eb0      0x194 CMakeFiles/Robot_Chassis_v2.0.elf.dir/Core/User/Src/my_foot.c.obj
                0x08001eb0                foot_recv
 .text.SerialDownload
                0x08002044       0xa4 CMakeFiles/Robot_Chassis_v2.0.elf.dir/Core/User/Src/my_menu.c.obj
                0x08002044                SerialDownload
 .text.Main_Menu
                0x080020e8       0x60 CMakeFiles/Robot_Chassis_v2.0.elf.dir/Core/User/Src/my_menu.c.obj
                0x080020e8                Main_Menu
 .text.RingBuffFull
                0x08002148       0x28 CMakeFiles/Robot_Chassis_v2.0.elf.dir/Core/User/Src/my_ringbuff.c.obj
 .text.RingBuffWriteOneByte
                0x08002170       0x40 CMakeFiles/Robot_Chassis_v2.0.elf.dir/Core/User/Src/my_ringbuff.c.obj
 .text.RingBuffInit
                0x080021b0       0x12 CMakeFiles/Robot_Chassis_v2.0.elf.dir/Core/User/Src/my_ringbuff.c.obj
                0x080021b0                RingBuffInit
 .text.RingBuffEmpty
                0x080021c2       0x1a CMakeFiles/Robot_Chassis_v2.0.elf.dir/Core/User/Src/my_ringbuff.c.obj
                0x080021c2                RingBuffEmpty
 .text.RingBuffGetOneByte
                0x080021dc       0x40 CMakeFiles/Robot_Chassis_v2.0.elf.dir/Core/User/Src/my_ringbuff.c.obj
 .text.RingBuffReadNByte
                0x0800221c       0x4c CMakeFiles/Robot_Chassis_v2.0.elf.dir/Core/User/Src/my_ringbuff.c.obj
                0x0800221c                RingBuffReadNByte
 .text.RingBuffGetNByte
                0x08002268       0x2a CMakeFiles/Robot_Chassis_v2.0.elf.dir/Core/User/Src/my_ringbuff.c.obj
                0x08002268                RingBuffGetNByte
 .text.RingBuffWriteNByte
                0x08002292       0x2a CMakeFiles/Robot_Chassis_v2.0.elf.dir/Core/User/Src/my_ringbuff.c.obj
                0x08002292                RingBuffWriteNByte
 .text.RingBuffGetLen
                0x080022bc       0x36 CMakeFiles/Robot_Chassis_v2.0.elf.dir/Core/User/Src/my_ringbuff.c.obj
                0x080022bc                RingBuffGetLen
 .text.RingBuffRemoveOneByte
                0x080022f2       0x28 CMakeFiles/Robot_Chassis_v2.0.elf.dir/Core/User/Src/my_ringbuff.c.obj
                0x080022f2                RingBuffRemoveOneByte
 .text.RingBuffRemoveNByte
                0x0800231a       0x24 CMakeFiles/Robot_Chassis_v2.0.elf.dir/Core/User/Src/my_ringbuff.c.obj
                0x0800231a                RingBuffRemoveNByte
 .text.RingBuffClear
                0x0800233e        0x8 CMakeFiles/Robot_Chassis_v2.0.elf.dir/Core/User/Src/my_ringbuff.c.obj
                0x0800233e                RingBuffClear
 .text.RingBuffGetIndexItem
                0x08002346       0x28 CMakeFiles/Robot_Chassis_v2.0.elf.dir/Core/User/Src/my_ringbuff.c.obj
                0x08002346                RingBuffGetIndexItem
 .text.RingBuffReWriteIndexItem
                0x0800236e       0x2e CMakeFiles/Robot_Chassis_v2.0.elf.dir/Core/User/Src/my_ringbuff.c.obj
                0x0800236e                RingBuffReWriteIndexItem
 .text.SoftTimerDec
                0x0800239c       0x20 CMakeFiles/Robot_Chassis_v2.0.elf.dir/Core/User/Src/my_time.c.obj
 .text.InitTimer
                0x080023bc       0x30 CMakeFiles/Robot_Chassis_v2.0.elf.dir/Core/User/Src/my_time.c.obj
                0x080023bc                InitTimer
 .text.HAL_TIM_PeriodElapsedCallback
                0x080023ec       0x7c CMakeFiles/Robot_Chassis_v2.0.elf.dir/Core/User/Src/my_time.c.obj
                0x080023ec                HAL_TIM_PeriodElapsedCallback
 .text.StartAutoTimer
                0x08002468       0x2c CMakeFiles/Robot_Chassis_v2.0.elf.dir/Core/User/Src/my_time.c.obj
                0x08002468                StartAutoTimer
 .text.CheckTimer
                0x08002494       0x34 CMakeFiles/Robot_Chassis_v2.0.elf.dir/Core/User/Src/my_time.c.obj
                0x08002494                CheckTimer
 .text.SetDaisySensorZero
                0x080024c8       0x3c CMakeFiles/Robot_Chassis_v2.0.elf.dir/Core/User/Src/my_usbparse.c.obj
 .text.SetDaisySensorDirection
                0x08002504       0x3c CMakeFiles/Robot_Chassis_v2.0.elf.dir/Core/User/Src/my_usbparse.c.obj
 .text.SetDaisySensorFlash
                0x08002540       0x3c CMakeFiles/Robot_Chassis_v2.0.elf.dir/Core/User/Src/my_usbparse.c.obj
 .text.SetDaisySensorUpgrade
                0x0800257c       0x3c CMakeFiles/Robot_Chassis_v2.0.elf.dir/Core/User/Src/my_usbparse.c.obj
 .text.SetDaisySensorUpgradeall
                0x080025b8       0x56 CMakeFiles/Robot_Chassis_v2.0.elf.dir/Core/User/Src/my_usbparse.c.obj
 *fill*         0x0800260e        0x2 
 .text.CanFlashMoveData
                0x08002610      0x208 CMakeFiles/Robot_Chassis_v2.0.elf.dir/Core/User/Src/my_usbparse.c.obj
 .text.CanFlashMoveDataAll
                0x08002818      0x248 CMakeFiles/Robot_Chassis_v2.0.elf.dir/Core/User/Src/my_usbparse.c.obj
 .text.DemoDown
                0x08002a60        0x8 CMakeFiles/Robot_Chassis_v2.0.elf.dir/Core/User/Src/my_usbparse.c.obj
 .text.RingBuffMoveRight
                0x08002a68       0x4c CMakeFiles/Robot_Chassis_v2.0.elf.dir/Core/User/Src/my_usbparse.c.obj
                0x08002a68                RingBuffMoveRight
 .text.ChangeData
                0x08002ab4       0x1c CMakeFiles/Robot_Chassis_v2.0.elf.dir/Core/User/Src/my_usbparse.c.obj
                0x08002ab4                ChangeData
 .text.TurnOfAllDev
                0x08002ad0       0x4a CMakeFiles/Robot_Chassis_v2.0.elf.dir/Core/User/Src/my_usbparse.c.obj
                0x08002ad0                TurnOfAllDev
 .text.TurnOnAllDev
                0x08002b1a       0x4a CMakeFiles/Robot_Chassis_v2.0.elf.dir/Core/User/Src/my_usbparse.c.obj
                0x08002b1a                TurnOnAllDev
 .text.USBReceiveDataProcess
                0x08002b64       0xb4 CMakeFiles/Robot_Chassis_v2.0.elf.dir/Core/User/Src/my_usbparse.c.obj
                0x08002b64                USBReceiveDataProcess
 .text.ReceiveDisassembly
                0x08002c18       0xbc CMakeFiles/Robot_Chassis_v2.0.elf.dir/Core/User/Src/my_usbparse.c.obj
                0x08002c18                ReceiveDisassembly
 .text.BOARDUploadStart
                0x08002cd4       0x14 CMakeFiles/Robot_Chassis_v2.0.elf.dir/Core/User/Src/my_vofa.c.obj
                0x08002cd4                BOARDUploadStart
 .text.UpdateCRC16
                0x08002ce8       0x2c CMakeFiles/Robot_Chassis_v2.0.elf.dir/Core/User/Src/my_ymodem.c.obj
                0x08002ce8                UpdateCRC16
 .text.Cal_CRC16
                0x08002d14       0x28 CMakeFiles/Robot_Chassis_v2.0.elf.dir/Core/User/Src/my_ymodem.c.obj
                0x08002d14                Cal_CRC16
 .text.ReceivePacket
                0x08002d3c      0x10c CMakeFiles/Robot_Chassis_v2.0.elf.dir/Core/User/Src/my_ymodem.c.obj
 .text.Ymodem_Receive
                0x08002e48      0x1d8 CMakeFiles/Robot_Chassis_v2.0.elf.dir/Core/User/Src/my_ymodem.c.obj
                0x08002e48                Ymodem_Receive
 .text.HAL_InitTick
                0x08003020       0x50 CMakeFiles/Robot_Chassis_v2.0.elf.dir/Drivers/STM32G4xx_HAL_Driver/Src/stm32g4xx_hal.c.obj
                0x08003020                HAL_InitTick
 .text.HAL_Init
                0x08003070       0x1e CMakeFiles/Robot_Chassis_v2.0.elf.dir/Drivers/STM32G4xx_HAL_Driver/Src/stm32g4xx_hal.c.obj
                0x08003070                HAL_Init
 *fill*         0x0800308e        0x2 
 .text.HAL_IncTick
                0x08003090       0x18 CMakeFiles/Robot_Chassis_v2.0.elf.dir/Drivers/STM32G4xx_HAL_Driver/Src/stm32g4xx_hal.c.obj
                0x08003090                HAL_IncTick
 .text.HAL_GetTick
                0x080030a8        0xc CMakeFiles/Robot_Chassis_v2.0.elf.dir/Drivers/STM32G4xx_HAL_Driver/Src/stm32g4xx_hal.c.obj
                0x080030a8                HAL_GetTick
 .text.HAL_Delay
                0x080030b4       0x28 CMakeFiles/Robot_Chassis_v2.0.elf.dir/Drivers/STM32G4xx_HAL_Driver/Src/stm32g4xx_hal.c.obj
                0x080030b4                HAL_Delay
 .text.HAL_ADC_Init
                0x080030dc      0x234 CMakeFiles/Robot_Chassis_v2.0.elf.dir/Drivers/STM32G4xx_HAL_Driver/Src/stm32g4xx_hal_adc.c.obj
                0x080030dc                HAL_ADC_Init
 .text.HAL_ADC_GetValue
                0x08003310        0x6 CMakeFiles/Robot_Chassis_v2.0.elf.dir/Drivers/STM32G4xx_HAL_Driver/Src/stm32g4xx_hal_adc.c.obj
                0x08003310                HAL_ADC_GetValue
 *fill*         0x08003316        0x2 
 .text.HAL_ADC_ConfigChannel
                0x08003318      0x4e4 CMakeFiles/Robot_Chassis_v2.0.elf.dir/Drivers/STM32G4xx_HAL_Driver/Src/stm32g4xx_hal_adc.c.obj
                0x08003318                HAL_ADC_ConfigChannel
 .text.ADC_Enable
                0x080037fc       0xdc CMakeFiles/Robot_Chassis_v2.0.elf.dir/Drivers/STM32G4xx_HAL_Driver/Src/stm32g4xx_hal_adc.c.obj
                0x080037fc                ADC_Enable
 .text.HAL_ADC_Start
                0x080038d8       0xf4 CMakeFiles/Robot_Chassis_v2.0.elf.dir/Drivers/STM32G4xx_HAL_Driver/Src/stm32g4xx_hal_adc.c.obj
                0x080038d8                HAL_ADC_Start
 .text.ADC_Disable
                0x080039cc       0x94 CMakeFiles/Robot_Chassis_v2.0.elf.dir/Drivers/STM32G4xx_HAL_Driver/Src/stm32g4xx_hal_adc.c.obj
                0x080039cc                ADC_Disable
 .text.HAL_ADCEx_Calibration_Start
                0x08003a60       0x9c CMakeFiles/Robot_Chassis_v2.0.elf.dir/Drivers/STM32G4xx_HAL_Driver/Src/stm32g4xx_hal_adc_ex.c.obj
                0x08003a60                HAL_ADCEx_Calibration_Start
 .text.HAL_ADCEx_MultiModeConfigChannel
                0x08003afc      0x114 CMakeFiles/Robot_Chassis_v2.0.elf.dir/Drivers/STM32G4xx_HAL_Driver/Src/stm32g4xx_hal_adc_ex.c.obj
                0x08003afc                HAL_ADCEx_MultiModeConfigChannel
 .text.HAL_NVIC_SetPriorityGrouping
                0x08003c10       0x24 CMakeFiles/Robot_Chassis_v2.0.elf.dir/Drivers/STM32G4xx_HAL_Driver/Src/stm32g4xx_hal_cortex.c.obj
                0x08003c10                HAL_NVIC_SetPriorityGrouping
 .text.HAL_NVIC_SetPriority
                0x08003c34       0x70 CMakeFiles/Robot_Chassis_v2.0.elf.dir/Drivers/STM32G4xx_HAL_Driver/Src/stm32g4xx_hal_cortex.c.obj
                0x08003c34                HAL_NVIC_SetPriority
 .text.HAL_NVIC_EnableIRQ
                0x08003ca4       0x1c CMakeFiles/Robot_Chassis_v2.0.elf.dir/Drivers/STM32G4xx_HAL_Driver/Src/stm32g4xx_hal_cortex.c.obj
                0x08003ca4                HAL_NVIC_EnableIRQ
 .text.HAL_SYSTICK_Config
                0x08003cc0       0x28 CMakeFiles/Robot_Chassis_v2.0.elf.dir/Drivers/STM32G4xx_HAL_Driver/Src/stm32g4xx_hal_cortex.c.obj
                0x08003cc0                HAL_SYSTICK_Config
 .text.FDCAN_CalcultateRamBlockAddresses
                0x08003ce8       0x64 CMakeFiles/Robot_Chassis_v2.0.elf.dir/Drivers/STM32G4xx_HAL_Driver/Src/stm32g4xx_hal_fdcan.c.obj
 .text.FDCAN_CopyMessageToRAM
                0x08003d4c       0x88 CMakeFiles/Robot_Chassis_v2.0.elf.dir/Drivers/STM32G4xx_HAL_Driver/Src/stm32g4xx_hal_fdcan.c.obj
 .text.HAL_FDCAN_Init
                0x08003dd4      0x1d4 CMakeFiles/Robot_Chassis_v2.0.elf.dir/Drivers/STM32G4xx_HAL_Driver/Src/stm32g4xx_hal_fdcan.c.obj
                0x08003dd4                HAL_FDCAN_Init
 .text.HAL_FDCAN_ConfigFilter
                0x08003fa8       0x60 CMakeFiles/Robot_Chassis_v2.0.elf.dir/Drivers/STM32G4xx_HAL_Driver/Src/stm32g4xx_hal_fdcan.c.obj
                0x08003fa8                HAL_FDCAN_ConfigFilter
 .text.HAL_FDCAN_Start
                0x08004008       0x2e CMakeFiles/Robot_Chassis_v2.0.elf.dir/Drivers/STM32G4xx_HAL_Driver/Src/stm32g4xx_hal_fdcan.c.obj
                0x08004008                HAL_FDCAN_Start
 .text.HAL_FDCAN_AddMessageToTxFifoQ
                0x08004036       0x52 CMakeFiles/Robot_Chassis_v2.0.elf.dir/Drivers/STM32G4xx_HAL_Driver/Src/stm32g4xx_hal_fdcan.c.obj
                0x08004036                HAL_FDCAN_AddMessageToTxFifoQ
 .text.HAL_FDCAN_GetRxMessage
                0x08004088      0x164 CMakeFiles/Robot_Chassis_v2.0.elf.dir/Drivers/STM32G4xx_HAL_Driver/Src/stm32g4xx_hal_fdcan.c.obj
                0x08004088                HAL_FDCAN_GetRxMessage
 .text.HAL_FDCAN_ActivateNotification
                0x080041ec      0x106 CMakeFiles/Robot_Chassis_v2.0.elf.dir/Drivers/STM32G4xx_HAL_Driver/Src/stm32g4xx_hal_fdcan.c.obj
                0x080041ec                HAL_FDCAN_ActivateNotification
 .text.HAL_FDCAN_TxEventFifoCallback
                0x080042f2        0x2 CMakeFiles/Robot_Chassis_v2.0.elf.dir/Drivers/STM32G4xx_HAL_Driver/Src/stm32g4xx_hal_fdcan.c.obj
                0x080042f2                HAL_FDCAN_TxEventFifoCallback
 .text.HAL_FDCAN_RxFifo1Callback
                0x080042f4        0x2 CMakeFiles/Robot_Chassis_v2.0.elf.dir/Drivers/STM32G4xx_HAL_Driver/Src/stm32g4xx_hal_fdcan.c.obj
                0x080042f4                HAL_FDCAN_RxFifo1Callback
 .text.HAL_FDCAN_TxFifoEmptyCallback
                0x080042f6        0x2 CMakeFiles/Robot_Chassis_v2.0.elf.dir/Drivers/STM32G4xx_HAL_Driver/Src/stm32g4xx_hal_fdcan.c.obj
                0x080042f6                HAL_FDCAN_TxFifoEmptyCallback
 .text.HAL_FDCAN_TxBufferCompleteCallback
                0x080042f8        0x2 CMakeFiles/Robot_Chassis_v2.0.elf.dir/Drivers/STM32G4xx_HAL_Driver/Src/stm32g4xx_hal_fdcan.c.obj
                0x080042f8                HAL_FDCAN_TxBufferCompleteCallback
 .text.HAL_FDCAN_TxBufferAbortCallback
                0x080042fa        0x2 CMakeFiles/Robot_Chassis_v2.0.elf.dir/Drivers/STM32G4xx_HAL_Driver/Src/stm32g4xx_hal_fdcan.c.obj
                0x080042fa                HAL_FDCAN_TxBufferAbortCallback
 .text.HAL_FDCAN_TimestampWraparoundCallback
                0x080042fc        0x2 CMakeFiles/Robot_Chassis_v2.0.elf.dir/Drivers/STM32G4xx_HAL_Driver/Src/stm32g4xx_hal_fdcan.c.obj
                0x080042fc                HAL_FDCAN_TimestampWraparoundCallback
 .text.HAL_FDCAN_TimeoutOccurredCallback
                0x080042fe        0x2 CMakeFiles/Robot_Chassis_v2.0.elf.dir/Drivers/STM32G4xx_HAL_Driver/Src/stm32g4xx_hal_fdcan.c.obj
                0x080042fe                HAL_FDCAN_TimeoutOccurredCallback
 .text.HAL_FDCAN_HighPriorityMessageCallback
                0x08004300        0x2 CMakeFiles/Robot_Chassis_v2.0.elf.dir/Drivers/STM32G4xx_HAL_Driver/Src/stm32g4xx_hal_fdcan.c.obj
                0x08004300                HAL_FDCAN_HighPriorityMessageCallback
 .text.HAL_FDCAN_ErrorCallback
                0x08004302        0x2 CMakeFiles/Robot_Chassis_v2.0.elf.dir/Drivers/STM32G4xx_HAL_Driver/Src/stm32g4xx_hal_fdcan.c.obj
                0x08004302                HAL_FDCAN_ErrorCallback
 .text.HAL_FDCAN_ErrorStatusCallback
                0x08004304        0x2 CMakeFiles/Robot_Chassis_v2.0.elf.dir/Drivers/STM32G4xx_HAL_Driver/Src/stm32g4xx_hal_fdcan.c.obj
                0x08004304                HAL_FDCAN_ErrorStatusCallback
 .text.HAL_FDCAN_IRQHandler
                0x08004306      0x188 CMakeFiles/Robot_Chassis_v2.0.elf.dir/Drivers/STM32G4xx_HAL_Driver/Src/stm32g4xx_hal_fdcan.c.obj
                0x08004306                HAL_FDCAN_IRQHandler
 *fill*         0x0800448e        0x2 
 .text.FLASH_Program_DoubleWord
                0x08004490       0x1c CMakeFiles/Robot_Chassis_v2.0.elf.dir/Drivers/STM32G4xx_HAL_Driver/Src/stm32g4xx_hal_flash.c.obj
 .text.FLASH_Program_Fast
                0x080044ac       0x2c CMakeFiles/Robot_Chassis_v2.0.elf.dir/Drivers/STM32G4xx_HAL_Driver/Src/stm32g4xx_hal_flash.c.obj
 .text.HAL_FLASH_Unlock
                0x080044d8       0x30 CMakeFiles/Robot_Chassis_v2.0.elf.dir/Drivers/STM32G4xx_HAL_Driver/Src/stm32g4xx_hal_flash.c.obj
                0x080044d8                HAL_FLASH_Unlock
 .text.HAL_FLASH_Lock
                0x08004508       0x1c CMakeFiles/Robot_Chassis_v2.0.elf.dir/Drivers/STM32G4xx_HAL_Driver/Src/stm32g4xx_hal_flash.c.obj
                0x08004508                HAL_FLASH_Lock
 .text.FLASH_WaitForLastOperation
                0x08004524       0x60 CMakeFiles/Robot_Chassis_v2.0.elf.dir/Drivers/STM32G4xx_HAL_Driver/Src/stm32g4xx_hal_flash.c.obj
                0x08004524                FLASH_WaitForLastOperation
 .text.HAL_FLASH_Program
                0x08004584       0xb0 CMakeFiles/Robot_Chassis_v2.0.elf.dir/Drivers/STM32G4xx_HAL_Driver/Src/stm32g4xx_hal_flash.c.obj
                0x08004584                HAL_FLASH_Program
 .text.FLASH_MassErase
                0x08004634       0x20 CMakeFiles/Robot_Chassis_v2.0.elf.dir/Drivers/STM32G4xx_HAL_Driver/Src/stm32g4xx_hal_flash_ex.c.obj
 .text.FLASH_PageErase
                0x08004654       0x28 CMakeFiles/Robot_Chassis_v2.0.elf.dir/Drivers/STM32G4xx_HAL_Driver/Src/stm32g4xx_hal_flash_ex.c.obj
                0x08004654                FLASH_PageErase
 .text.FLASH_FlushCaches
                0x0800467c       0x64 CMakeFiles/Robot_Chassis_v2.0.elf.dir/Drivers/STM32G4xx_HAL_Driver/Src/stm32g4xx_hal_flash_ex.c.obj
                0x0800467c                FLASH_FlushCaches
 .text.HAL_FLASHEx_Erase
                0x080046e0       0xec CMakeFiles/Robot_Chassis_v2.0.elf.dir/Drivers/STM32G4xx_HAL_Driver/Src/stm32g4xx_hal_flash_ex.c.obj
                0x080046e0                HAL_FLASHEx_Erase
 .text.HAL_GPIO_Init
                0x080047cc      0x1dc CMakeFiles/Robot_Chassis_v2.0.elf.dir/Drivers/STM32G4xx_HAL_Driver/Src/stm32g4xx_hal_gpio.c.obj
                0x080047cc                HAL_GPIO_Init
 .text.HAL_GPIO_DeInit
                0x080049a8      0x11c CMakeFiles/Robot_Chassis_v2.0.elf.dir/Drivers/STM32G4xx_HAL_Driver/Src/stm32g4xx_hal_gpio.c.obj
                0x080049a8                HAL_GPIO_DeInit
 .text.HAL_GPIO_WritePin
                0x08004ac4        0xa CMakeFiles/Robot_Chassis_v2.0.elf.dir/Drivers/STM32G4xx_HAL_Driver/Src/stm32g4xx_hal_gpio.c.obj
                0x08004ac4                HAL_GPIO_WritePin
 .text.HAL_GPIO_TogglePin
                0x08004ace       0x12 CMakeFiles/Robot_Chassis_v2.0.elf.dir/Drivers/STM32G4xx_HAL_Driver/Src/stm32g4xx_hal_gpio.c.obj
                0x08004ace                HAL_GPIO_TogglePin
 .text.HAL_IWDG_Init
                0x08004ae0       0x68 CMakeFiles/Robot_Chassis_v2.0.elf.dir/Drivers/STM32G4xx_HAL_Driver/Src/stm32g4xx_hal_iwdg.c.obj
                0x08004ae0                HAL_IWDG_Init
 .text.HAL_IWDG_Refresh
                0x08004b48        0xc CMakeFiles/Robot_Chassis_v2.0.elf.dir/Drivers/STM32G4xx_HAL_Driver/Src/stm32g4xx_hal_iwdg.c.obj
                0x08004b48                HAL_IWDG_Refresh
 .text.HAL_PCD_EP_DB_Receive
                0x08004b54      0x118 CMakeFiles/Robot_Chassis_v2.0.elf.dir/Drivers/STM32G4xx_HAL_Driver/Src/stm32g4xx_hal_pcd.c.obj
 .text.HAL_PCD_Init
                0x08004c6c       0xb6 CMakeFiles/Robot_Chassis_v2.0.elf.dir/Drivers/STM32G4xx_HAL_Driver/Src/stm32g4xx_hal_pcd.c.obj
                0x08004c6c                HAL_PCD_Init
 .text.HAL_PCD_Start
                0x08004d22       0x2a CMakeFiles/Robot_Chassis_v2.0.elf.dir/Drivers/STM32G4xx_HAL_Driver/Src/stm32g4xx_hal_pcd.c.obj
                0x08004d22                HAL_PCD_Start
 .text.HAL_PCD_EP_DB_Transmit
                0x08004d4c      0x472 CMakeFiles/Robot_Chassis_v2.0.elf.dir/Drivers/STM32G4xx_HAL_Driver/Src/stm32g4xx_hal_pcd.c.obj
 .text.PCD_EP_ISR_Handler
                0x080051be      0x4bc CMakeFiles/Robot_Chassis_v2.0.elf.dir/Drivers/STM32G4xx_HAL_Driver/Src/stm32g4xx_hal_pcd.c.obj
 .text.HAL_PCD_SetAddress
                0x0800567a       0x26 CMakeFiles/Robot_Chassis_v2.0.elf.dir/Drivers/STM32G4xx_HAL_Driver/Src/stm32g4xx_hal_pcd.c.obj
                0x0800567a                HAL_PCD_SetAddress
 .text.HAL_PCD_IRQHandler
                0x080056a0      0x1b2 CMakeFiles/Robot_Chassis_v2.0.elf.dir/Drivers/STM32G4xx_HAL_Driver/Src/stm32g4xx_hal_pcd.c.obj
                0x080056a0                HAL_PCD_IRQHandler
 .text.HAL_PCD_EP_Open
                0x08005852       0x86 CMakeFiles/Robot_Chassis_v2.0.elf.dir/Drivers/STM32G4xx_HAL_Driver/Src/stm32g4xx_hal_pcd.c.obj
                0x08005852                HAL_PCD_EP_Open
 .text.HAL_PCD_EP_Close
                0x080058d8       0x6c CMakeFiles/Robot_Chassis_v2.0.elf.dir/Drivers/STM32G4xx_HAL_Driver/Src/stm32g4xx_hal_pcd.c.obj
                0x080058d8                HAL_PCD_EP_Close
 .text.HAL_PCD_EP_Receive
                0x08005944       0x3a CMakeFiles/Robot_Chassis_v2.0.elf.dir/Drivers/STM32G4xx_HAL_Driver/Src/stm32g4xx_hal_pcd.c.obj
                0x08005944                HAL_PCD_EP_Receive
 .text.HAL_PCD_EP_GetRxCount
                0x0800597e       0x12 CMakeFiles/Robot_Chassis_v2.0.elf.dir/Drivers/STM32G4xx_HAL_Driver/Src/stm32g4xx_hal_pcd.c.obj
                0x0800597e                HAL_PCD_EP_GetRxCount
 .text.HAL_PCD_EP_Transmit
                0x08005990       0x4c CMakeFiles/Robot_Chassis_v2.0.elf.dir/Drivers/STM32G4xx_HAL_Driver/Src/stm32g4xx_hal_pcd.c.obj
                0x08005990                HAL_PCD_EP_Transmit
 .text.HAL_PCD_EP_SetStall
                0x080059dc       0x72 CMakeFiles/Robot_Chassis_v2.0.elf.dir/Drivers/STM32G4xx_HAL_Driver/Src/stm32g4xx_hal_pcd.c.obj
                0x080059dc                HAL_PCD_EP_SetStall
 .text.HAL_PCD_EP_ClrStall
                0x08005a4e       0x7e CMakeFiles/Robot_Chassis_v2.0.elf.dir/Drivers/STM32G4xx_HAL_Driver/Src/stm32g4xx_hal_pcd.c.obj
                0x08005a4e                HAL_PCD_EP_ClrStall
 .text.HAL_PCDEx_PMAConfig
                0x08005acc       0x38 CMakeFiles/Robot_Chassis_v2.0.elf.dir/Drivers/STM32G4xx_HAL_Driver/Src/stm32g4xx_hal_pcd_ex.c.obj
                0x08005acc                HAL_PCDEx_PMAConfig
 .text.HAL_PCDEx_ActivateLPM
                0x08005b04       0x2c CMakeFiles/Robot_Chassis_v2.0.elf.dir/Drivers/STM32G4xx_HAL_Driver/Src/stm32g4xx_hal_pcd_ex.c.obj
                0x08005b04                HAL_PCDEx_ActivateLPM
 .text.HAL_PWREx_ControlVoltageScaling
                0x08005b30      0x10c CMakeFiles/Robot_Chassis_v2.0.elf.dir/Drivers/STM32G4xx_HAL_Driver/Src/stm32g4xx_hal_pwr_ex.c.obj
                0x08005b30                HAL_PWREx_ControlVoltageScaling
 .text.HAL_PWREx_DisableUCPDDeadBattery
                0x08005c3c       0x10 CMakeFiles/Robot_Chassis_v2.0.elf.dir/Drivers/STM32G4xx_HAL_Driver/Src/stm32g4xx_hal_pwr_ex.c.obj
                0x08005c3c                HAL_PWREx_DisableUCPDDeadBattery
 .text.RCC_GetSysClockFreqFromPLLSource
                0x08005c4c       0x58 CMakeFiles/Robot_Chassis_v2.0.elf.dir/Drivers/STM32G4xx_HAL_Driver/Src/stm32g4xx_hal_rcc.c.obj
 .text.HAL_RCC_OscConfig
                0x08005ca4      0x4e4 CMakeFiles/Robot_Chassis_v2.0.elf.dir/Drivers/STM32G4xx_HAL_Driver/Src/stm32g4xx_hal_rcc.c.obj
                0x08005ca4                HAL_RCC_OscConfig
 .text.HAL_RCC_GetSysClockFreq
                0x08006188       0x88 CMakeFiles/Robot_Chassis_v2.0.elf.dir/Drivers/STM32G4xx_HAL_Driver/Src/stm32g4xx_hal_rcc.c.obj
                0x08006188                HAL_RCC_GetSysClockFreq
 .text.HAL_RCC_ClockConfig
                0x08006210      0x1f8 CMakeFiles/Robot_Chassis_v2.0.elf.dir/Drivers/STM32G4xx_HAL_Driver/Src/stm32g4xx_hal_rcc.c.obj
                0x08006210                HAL_RCC_ClockConfig
 .text.HAL_RCCEx_PeriphCLKConfig
                0x08006408      0x2e4 CMakeFiles/Robot_Chassis_v2.0.elf.dir/Drivers/STM32G4xx_HAL_Driver/Src/stm32g4xx_hal_rcc_ex.c.obj
                0x08006408                HAL_RCCEx_PeriphCLKConfig
 .text.HAL_TIM_Base_Start_IT
                0x080066ec       0x84 CMakeFiles/Robot_Chassis_v2.0.elf.dir/Drivers/STM32G4xx_HAL_Driver/Src/stm32g4xx_hal_tim.c.obj
                0x080066ec                HAL_TIM_Base_Start_IT
 .text.HAL_TIM_OC_DelayElapsedCallback
                0x08006770        0x2 CMakeFiles/Robot_Chassis_v2.0.elf.dir/Drivers/STM32G4xx_HAL_Driver/Src/stm32g4xx_hal_tim.c.obj
                0x08006770                HAL_TIM_OC_DelayElapsedCallback
 .text.HAL_TIM_IC_CaptureCallback
                0x08006772        0x2 CMakeFiles/Robot_Chassis_v2.0.elf.dir/Drivers/STM32G4xx_HAL_Driver/Src/stm32g4xx_hal_tim.c.obj
                0x08006772                HAL_TIM_IC_CaptureCallback
 .text.HAL_TIM_PWM_PulseFinishedCallback
                0x08006774        0x2 CMakeFiles/Robot_Chassis_v2.0.elf.dir/Drivers/STM32G4xx_HAL_Driver/Src/stm32g4xx_hal_tim.c.obj
                0x08006774                HAL_TIM_PWM_PulseFinishedCallback
 .text.HAL_TIM_TriggerCallback
                0x08006776        0x2 CMakeFiles/Robot_Chassis_v2.0.elf.dir/Drivers/STM32G4xx_HAL_Driver/Src/stm32g4xx_hal_tim.c.obj
                0x08006776                HAL_TIM_TriggerCallback
 .text.HAL_TIM_IRQHandler
                0x08006778      0x1ea CMakeFiles/Robot_Chassis_v2.0.elf.dir/Drivers/STM32G4xx_HAL_Driver/Src/stm32g4xx_hal_tim.c.obj
                0x08006778                HAL_TIM_IRQHandler
 *fill*         0x08006962        0x2 
 .text.TIM_Base_SetConfig
                0x08006964       0xc8 CMakeFiles/Robot_Chassis_v2.0.elf.dir/Drivers/STM32G4xx_HAL_Driver/Src/stm32g4xx_hal_tim.c.obj
                0x08006964                TIM_Base_SetConfig
 .text.HAL_TIM_Base_Init
                0x08006a2c       0x60 CMakeFiles/Robot_Chassis_v2.0.elf.dir/Drivers/STM32G4xx_HAL_Driver/Src/stm32g4xx_hal_tim.c.obj
                0x08006a2c                HAL_TIM_Base_Init
 .text.HAL_TIMEx_MasterConfigSynchronization
                0x08006a8c       0x94 CMakeFiles/Robot_Chassis_v2.0.elf.dir/Drivers/STM32G4xx_HAL_Driver/Src/stm32g4xx_hal_tim_ex.c.obj
                0x08006a8c                HAL_TIMEx_MasterConfigSynchronization
 .text.HAL_TIMEx_CommutCallback
                0x08006b20        0x2 CMakeFiles/Robot_Chassis_v2.0.elf.dir/Drivers/STM32G4xx_HAL_Driver/Src/stm32g4xx_hal_tim_ex.c.obj
                0x08006b20                HAL_TIMEx_CommutCallback
 .text.HAL_TIMEx_BreakCallback
                0x08006b22        0x2 CMakeFiles/Robot_Chassis_v2.0.elf.dir/Drivers/STM32G4xx_HAL_Driver/Src/stm32g4xx_hal_tim_ex.c.obj
                0x08006b22                HAL_TIMEx_BreakCallback
 .text.HAL_TIMEx_Break2Callback
                0x08006b24        0x2 CMakeFiles/Robot_Chassis_v2.0.elf.dir/Drivers/STM32G4xx_HAL_Driver/Src/stm32g4xx_hal_tim_ex.c.obj
                0x08006b24                HAL_TIMEx_Break2Callback
 .text.HAL_TIMEx_EncoderIndexCallback
                0x08006b26        0x2 CMakeFiles/Robot_Chassis_v2.0.elf.dir/Drivers/STM32G4xx_HAL_Driver/Src/stm32g4xx_hal_tim_ex.c.obj
                0x08006b26                HAL_TIMEx_EncoderIndexCallback
 .text.HAL_TIMEx_DirectionChangeCallback
                0x08006b28        0x2 CMakeFiles/Robot_Chassis_v2.0.elf.dir/Drivers/STM32G4xx_HAL_Driver/Src/stm32g4xx_hal_tim_ex.c.obj
                0x08006b28                HAL_TIMEx_DirectionChangeCallback
 .text.HAL_TIMEx_IndexErrorCallback
                0x08006b2a        0x2 CMakeFiles/Robot_Chassis_v2.0.elf.dir/Drivers/STM32G4xx_HAL_Driver/Src/stm32g4xx_hal_tim_ex.c.obj
                0x08006b2a                HAL_TIMEx_IndexErrorCallback
 .text.HAL_TIMEx_TransitionErrorCallback
                0x08006b2c        0x2 CMakeFiles/Robot_Chassis_v2.0.elf.dir/Drivers/STM32G4xx_HAL_Driver/Src/stm32g4xx_hal_tim_ex.c.obj
                0x08006b2c                HAL_TIMEx_TransitionErrorCallback
 .text.USB_EnableGlobalInt
                0x08006b2e       0x12 CMakeFiles/Robot_Chassis_v2.0.elf.dir/Drivers/STM32G4xx_HAL_Driver/Src/stm32g4xx_ll_usb.c.obj
                0x08006b2e                USB_EnableGlobalInt
 .text.USB_DisableGlobalInt
                0x08006b40       0x14 CMakeFiles/Robot_Chassis_v2.0.elf.dir/Drivers/STM32G4xx_HAL_Driver/Src/stm32g4xx_ll_usb.c.obj
                0x08006b40                USB_DisableGlobalInt
 .text.USB_DevInit
                0x08006b54       0x22 CMakeFiles/Robot_Chassis_v2.0.elf.dir/Drivers/STM32G4xx_HAL_Driver/Src/stm32g4xx_ll_usb.c.obj
                0x08006b54                USB_DevInit
 .text.USB_ActivateEndpoint
                0x08006b76      0x51e CMakeFiles/Robot_Chassis_v2.0.elf.dir/Drivers/STM32G4xx_HAL_Driver/Src/stm32g4xx_ll_usb.c.obj
                0x08006b76                USB_ActivateEndpoint
 .text.USB_DeactivateEndpoint
                0x08007094      0x1d6 CMakeFiles/Robot_Chassis_v2.0.elf.dir/Drivers/STM32G4xx_HAL_Driver/Src/stm32g4xx_ll_usb.c.obj
                0x08007094                USB_DeactivateEndpoint
 .text.USB_EPSetStall
                0x0800726a       0x4a CMakeFiles/Robot_Chassis_v2.0.elf.dir/Drivers/STM32G4xx_HAL_Driver/Src/stm32g4xx_ll_usb.c.obj
                0x0800726a                USB_EPSetStall
 .text.USB_EPClearStall
                0x080072b4       0x9c CMakeFiles/Robot_Chassis_v2.0.elf.dir/Drivers/STM32G4xx_HAL_Driver/Src/stm32g4xx_ll_usb.c.obj
                0x080072b4                USB_EPClearStall
 .text.USB_SetDevAddress
                0x08007350        0xc CMakeFiles/Robot_Chassis_v2.0.elf.dir/Drivers/STM32G4xx_HAL_Driver/Src/stm32g4xx_ll_usb.c.obj
                0x08007350                USB_SetDevAddress
 .text.USB_DevConnect
                0x0800735c       0x16 CMakeFiles/Robot_Chassis_v2.0.elf.dir/Drivers/STM32G4xx_HAL_Driver/Src/stm32g4xx_ll_usb.c.obj
                0x0800735c                USB_DevConnect
 .text.USB_ReadInterrupts
                0x08007372        0x8 CMakeFiles/Robot_Chassis_v2.0.elf.dir/Drivers/STM32G4xx_HAL_Driver/Src/stm32g4xx_ll_usb.c.obj
                0x08007372                USB_ReadInterrupts
 .text.USB_WritePMA
                0x0800737a       0x26 CMakeFiles/Robot_Chassis_v2.0.elf.dir/Drivers/STM32G4xx_HAL_Driver/Src/stm32g4xx_ll_usb.c.obj
                0x0800737a                USB_WritePMA
 .text.USB_EPStartXfer
                0x080073a0      0x584 CMakeFiles/Robot_Chassis_v2.0.elf.dir/Drivers/STM32G4xx_HAL_Driver/Src/stm32g4xx_ll_usb.c.obj
                0x080073a0                USB_EPStartXfer
 .text.USB_ReadPMA
                0x08007924       0x2e CMakeFiles/Robot_Chassis_v2.0.elf.dir/Drivers/STM32G4xx_HAL_Driver/Src/stm32g4xx_ll_usb.c.obj
                0x08007924                USB_ReadPMA
 .text.USBD_CDC_EP0_RxReady
                0x08007952       0x36 CMakeFiles/Robot_Chassis_v2.0.elf.dir/Middlewares/ST/STM32_USB_Device_Library/Class/CDC/Src/usbd_cdc.c.obj
 .text.USBD_CDC_GetFSCfgDesc
                0x08007988        0xc CMakeFiles/Robot_Chassis_v2.0.elf.dir/Middlewares/ST/STM32_USB_Device_Library/Class/CDC/Src/usbd_cdc.c.obj
 .text.USBD_CDC_GetHSCfgDesc
                0x08007994        0xc CMakeFiles/Robot_Chassis_v2.0.elf.dir/Middlewares/ST/STM32_USB_Device_Library/Class/CDC/Src/usbd_cdc.c.obj
 .text.USBD_CDC_GetOtherSpeedCfgDesc
                0x080079a0        0xc CMakeFiles/Robot_Chassis_v2.0.elf.dir/Middlewares/ST/STM32_USB_Device_Library/Class/CDC/Src/usbd_cdc.c.obj
 .text.USBD_CDC_GetDeviceQualifierDescriptor
                0x080079ac        0xc CMakeFiles/Robot_Chassis_v2.0.elf.dir/Middlewares/ST/STM32_USB_Device_Library/Class/CDC/Src/usbd_cdc.c.obj
                0x080079ac                USBD_CDC_GetDeviceQualifierDescriptor
 .text.USBD_CDC_DataOut
                0x080079b8       0x2a CMakeFiles/Robot_Chassis_v2.0.elf.dir/Middlewares/ST/STM32_USB_Device_Library/Class/CDC/Src/usbd_cdc.c.obj
 .text.USBD_CDC_DataIn
                0x080079e2       0x6a CMakeFiles/Robot_Chassis_v2.0.elf.dir/Middlewares/ST/STM32_USB_Device_Library/Class/CDC/Src/usbd_cdc.c.obj
 .text.USBD_CDC_Setup
                0x08007a4c       0xf4 CMakeFiles/Robot_Chassis_v2.0.elf.dir/Middlewares/ST/STM32_USB_Device_Library/Class/CDC/Src/usbd_cdc.c.obj
 .text.USBD_CDC_DeInit
                0x08007b40       0x48 CMakeFiles/Robot_Chassis_v2.0.elf.dir/Middlewares/ST/STM32_USB_Device_Library/Class/CDC/Src/usbd_cdc.c.obj
 .text.USBD_CDC_Init
                0x08007b88       0xc2 CMakeFiles/Robot_Chassis_v2.0.elf.dir/Middlewares/ST/STM32_USB_Device_Library/Class/CDC/Src/usbd_cdc.c.obj
 .text.USBD_CDC_RegisterInterface
                0x08007c4a        0xe CMakeFiles/Robot_Chassis_v2.0.elf.dir/Middlewares/ST/STM32_USB_Device_Library/Class/CDC/Src/usbd_cdc.c.obj
                0x08007c4a                USBD_CDC_RegisterInterface
 .text.USBD_CDC_SetTxBuffer
                0x08007c58       0x16 CMakeFiles/Robot_Chassis_v2.0.elf.dir/Middlewares/ST/STM32_USB_Device_Library/Class/CDC/Src/usbd_cdc.c.obj
                0x08007c58                USBD_CDC_SetTxBuffer
 .text.USBD_CDC_SetRxBuffer
                0x08007c6e       0x12 CMakeFiles/Robot_Chassis_v2.0.elf.dir/Middlewares/ST/STM32_USB_Device_Library/Class/CDC/Src/usbd_cdc.c.obj
                0x08007c6e                USBD_CDC_SetRxBuffer
 .text.USBD_CDC_TransmitPacket
                0x08007c80       0x34 CMakeFiles/Robot_Chassis_v2.0.elf.dir/Middlewares/ST/STM32_USB_Device_Library/Class/CDC/Src/usbd_cdc.c.obj
                0x08007c80                USBD_CDC_TransmitPacket
 .text.USBD_CDC_ReceivePacket
                0x08007cb4       0x32 CMakeFiles/Robot_Chassis_v2.0.elf.dir/Middlewares/ST/STM32_USB_Device_Library/Class/CDC/Src/usbd_cdc.c.obj
                0x08007cb4                USBD_CDC_ReceivePacket
 .text.USBD_Init
                0x08007ce6       0x2e CMakeFiles/Robot_Chassis_v2.0.elf.dir/Middlewares/ST/STM32_USB_Device_Library/Core/Src/usbd_core.c.obj
                0x08007ce6                USBD_Init
 .text.USBD_RegisterClass
                0x08007d14       0x2e CMakeFiles/Robot_Chassis_v2.0.elf.dir/Middlewares/ST/STM32_USB_Device_Library/Core/Src/usbd_core.c.obj
                0x08007d14                USBD_RegisterClass
 .text.USBD_Start
                0x08007d42        0x8 CMakeFiles/Robot_Chassis_v2.0.elf.dir/Middlewares/ST/STM32_USB_Device_Library/Core/Src/usbd_core.c.obj
                0x08007d42                USBD_Start
 .text.USBD_SetClassConfig
                0x08007d4a       0x12 CMakeFiles/Robot_Chassis_v2.0.elf.dir/Middlewares/ST/STM32_USB_Device_Library/Core/Src/usbd_core.c.obj
                0x08007d4a                USBD_SetClassConfig
 .text.USBD_ClrClassConfig
                0x08007d5c       0x10 CMakeFiles/Robot_Chassis_v2.0.elf.dir/Middlewares/ST/STM32_USB_Device_Library/Core/Src/usbd_core.c.obj
                0x08007d5c                USBD_ClrClassConfig
 .text.USBD_LL_SetupStage
                0x08007d6c       0x58 CMakeFiles/Robot_Chassis_v2.0.elf.dir/Middlewares/ST/STM32_USB_Device_Library/Core/Src/usbd_core.c.obj
                0x08007d6c                USBD_LL_SetupStage
 .text.USBD_LL_DataOutStage
                0x08007dc4       0x78 CMakeFiles/Robot_Chassis_v2.0.elf.dir/Middlewares/ST/STM32_USB_Device_Library/Core/Src/usbd_core.c.obj
                0x08007dc4                USBD_LL_DataOutStage
 .text.USBD_LL_DataInStage
                0x08007e3c       0xbe CMakeFiles/Robot_Chassis_v2.0.elf.dir/Middlewares/ST/STM32_USB_Device_Library/Core/Src/usbd_core.c.obj
                0x08007e3c                USBD_LL_DataInStage
 .text.USBD_LL_Reset
                0x08007efa       0x5a CMakeFiles/Robot_Chassis_v2.0.elf.dir/Middlewares/ST/STM32_USB_Device_Library/Core/Src/usbd_core.c.obj
                0x08007efa                USBD_LL_Reset
 .text.USBD_LL_SetSpeed
                0x08007f54        0x6 CMakeFiles/Robot_Chassis_v2.0.elf.dir/Middlewares/ST/STM32_USB_Device_Library/Core/Src/usbd_core.c.obj
                0x08007f54                USBD_LL_SetSpeed
 .text.USBD_LL_Suspend
                0x08007f5a       0x14 CMakeFiles/Robot_Chassis_v2.0.elf.dir/Middlewares/ST/STM32_USB_Device_Library/Core/Src/usbd_core.c.obj
                0x08007f5a                USBD_LL_Suspend
 .text.USBD_LL_Resume
                0x08007f6e       0x1a CMakeFiles/Robot_Chassis_v2.0.elf.dir/Middlewares/ST/STM32_USB_Device_Library/Core/Src/usbd_core.c.obj
                0x08007f6e                USBD_LL_Resume
 .text.USBD_LL_SOF
                0x08007f88       0x28 CMakeFiles/Robot_Chassis_v2.0.elf.dir/Middlewares/ST/STM32_USB_Device_Library/Core/Src/usbd_core.c.obj
                0x08007f88                USBD_LL_SOF
 .text.USBD_GetLen
                0x08007fb0       0x14 CMakeFiles/Robot_Chassis_v2.0.elf.dir/Middlewares/ST/STM32_USB_Device_Library/Core/Src/usbd_ctlreq.c.obj
 .text.USBD_SetFeature
                0x08007fc4       0x14 CMakeFiles/Robot_Chassis_v2.0.elf.dir/Middlewares/ST/STM32_USB_Device_Library/Core/Src/usbd_ctlreq.c.obj
 .text.USBD_ParseSetupRequest
                0x08007fd8       0x28 CMakeFiles/Robot_Chassis_v2.0.elf.dir/Middlewares/ST/STM32_USB_Device_Library/Core/Src/usbd_ctlreq.c.obj
                0x08007fd8                USBD_ParseSetupRequest
 .text.USBD_CtlError
                0x08008000       0x14 CMakeFiles/Robot_Chassis_v2.0.elf.dir/Middlewares/ST/STM32_USB_Device_Library/Core/Src/usbd_ctlreq.c.obj
                0x08008000                USBD_CtlError
 .text.USBD_GetDescriptor
                0x08008014      0x1ac CMakeFiles/Robot_Chassis_v2.0.elf.dir/Middlewares/ST/STM32_USB_Device_Library/Core/Src/usbd_ctlreq.c.obj
 .text.USBD_SetAddress
                0x080081c0       0x50 CMakeFiles/Robot_Chassis_v2.0.elf.dir/Middlewares/ST/STM32_USB_Device_Library/Core/Src/usbd_ctlreq.c.obj
 .text.USBD_SetConfig
                0x08008210       0xc8 CMakeFiles/Robot_Chassis_v2.0.elf.dir/Middlewares/ST/STM32_USB_Device_Library/Core/Src/usbd_ctlreq.c.obj
 .text.USBD_GetConfig
                0x080082d8       0x40 CMakeFiles/Robot_Chassis_v2.0.elf.dir/Middlewares/ST/STM32_USB_Device_Library/Core/Src/usbd_ctlreq.c.obj
 .text.USBD_GetStatus
                0x08008318       0x38 CMakeFiles/Robot_Chassis_v2.0.elf.dir/Middlewares/ST/STM32_USB_Device_Library/Core/Src/usbd_ctlreq.c.obj
 .text.USBD_ClrFeature
                0x08008350       0x26 CMakeFiles/Robot_Chassis_v2.0.elf.dir/Middlewares/ST/STM32_USB_Device_Library/Core/Src/usbd_ctlreq.c.obj
 .text.USBD_StdDevReq
                0x08008376       0x70 CMakeFiles/Robot_Chassis_v2.0.elf.dir/Middlewares/ST/STM32_USB_Device_Library/Core/Src/usbd_ctlreq.c.obj
                0x08008376                USBD_StdDevReq
 .text.USBD_StdItfReq
                0x080083e6       0x68 CMakeFiles/Robot_Chassis_v2.0.elf.dir/Middlewares/ST/STM32_USB_Device_Library/Core/Src/usbd_ctlreq.c.obj
                0x080083e6                USBD_StdItfReq
 .text.USBD_StdEPReq
                0x0800844e      0x1ec CMakeFiles/Robot_Chassis_v2.0.elf.dir/Middlewares/ST/STM32_USB_Device_Library/Core/Src/usbd_ctlreq.c.obj
                0x0800844e                USBD_StdEPReq
 .text.USBD_GetString
                0x0800863a       0x3a CMakeFiles/Robot_Chassis_v2.0.elf.dir/Middlewares/ST/STM32_USB_Device_Library/Core/Src/usbd_ctlreq.c.obj
                0x0800863a                USBD_GetString
 .text.USBD_CtlSendData
                0x08008674       0x1a CMakeFiles/Robot_Chassis_v2.0.elf.dir/Middlewares/ST/STM32_USB_Device_Library/Core/Src/usbd_ioreq.c.obj
                0x08008674                USBD_CtlSendData
 .text.USBD_CtlContinueSendData
                0x0800868e       0x10 CMakeFiles/Robot_Chassis_v2.0.elf.dir/Middlewares/ST/STM32_USB_Device_Library/Core/Src/usbd_ioreq.c.obj
                0x0800868e                USBD_CtlContinueSendData
 .text.USBD_CtlPrepareRx
                0x0800869e       0x1e CMakeFiles/Robot_Chassis_v2.0.elf.dir/Middlewares/ST/STM32_USB_Device_Library/Core/Src/usbd_ioreq.c.obj
                0x0800869e                USBD_CtlPrepareRx
 .text.USBD_CtlContinueRx
                0x080086bc       0x10 CMakeFiles/Robot_Chassis_v2.0.elf.dir/Middlewares/ST/STM32_USB_Device_Library/Core/Src/usbd_ioreq.c.obj
                0x080086bc                USBD_CtlContinueRx
 .text.USBD_CtlSendStatus
                0x080086cc       0x16 CMakeFiles/Robot_Chassis_v2.0.elf.dir/Middlewares/ST/STM32_USB_Device_Library/Core/Src/usbd_ioreq.c.obj
                0x080086cc                USBD_CtlSendStatus
 .text.USBD_CtlReceiveStatus
                0x080086e2       0x16 CMakeFiles/Robot_Chassis_v2.0.elf.dir/Middlewares/ST/STM32_USB_Device_Library/Core/Src/usbd_ioreq.c.obj
                0x080086e2                USBD_CtlReceiveStatus
 .text.MX_USB_Device_Init
                0x080086f8       0x54 CMakeFiles/Robot_Chassis_v2.0.elf.dir/USB_Device/App/usb_device.c.obj
                0x080086f8                MX_USB_Device_Init
 .text.CDC_DeInit_FS
                0x0800874c        0x4 CMakeFiles/Robot_Chassis_v2.0.elf.dir/USB_Device/App/usbd_cdc_if.c.obj
 .text.CDC_Control_FS
                0x08008750        0x4 CMakeFiles/Robot_Chassis_v2.0.elf.dir/USB_Device/App/usbd_cdc_if.c.obj
 .text.CDC_TransmitCplt_FS
                0x08008754        0x4 CMakeFiles/Robot_Chassis_v2.0.elf.dir/USB_Device/App/usbd_cdc_if.c.obj
 .text.CDC_Receive_FS
                0x08008758       0xa8 CMakeFiles/Robot_Chassis_v2.0.elf.dir/USB_Device/App/usbd_cdc_if.c.obj
 .text.CDC_Init_FS
                0x08008800       0x28 CMakeFiles/Robot_Chassis_v2.0.elf.dir/USB_Device/App/usbd_cdc_if.c.obj
 .text.CDC_Transmit_FS
                0x08008828       0x2c CMakeFiles/Robot_Chassis_v2.0.elf.dir/USB_Device/App/usbd_cdc_if.c.obj
                0x08008828                CDC_Transmit_FS
 .text.USBD_CDC_DeviceDescriptor
                0x08008854        0xc CMakeFiles/Robot_Chassis_v2.0.elf.dir/USB_Device/App/usbd_desc.c.obj
                0x08008854                USBD_CDC_DeviceDescriptor
 .text.USBD_CDC_LangIDStrDescriptor
                0x08008860        0xc CMakeFiles/Robot_Chassis_v2.0.elf.dir/USB_Device/App/usbd_desc.c.obj
                0x08008860                USBD_CDC_LangIDStrDescriptor
 .text.IntToUnicode
                0x0800886c       0x46 CMakeFiles/Robot_Chassis_v2.0.elf.dir/USB_Device/App/usbd_desc.c.obj
 *fill*         0x080088b2        0x2 
 .text.Get_SerialNum
                0x080088b4       0x38 CMakeFiles/Robot_Chassis_v2.0.elf.dir/USB_Device/App/usbd_desc.c.obj
 .text.USBD_CDC_SerialStrDescriptor
                0x080088ec       0x14 CMakeFiles/Robot_Chassis_v2.0.elf.dir/USB_Device/App/usbd_desc.c.obj
                0x080088ec                USBD_CDC_SerialStrDescriptor
 .text.USBD_CDC_ProductStrDescriptor
                0x08008900       0x24 CMakeFiles/Robot_Chassis_v2.0.elf.dir/USB_Device/App/usbd_desc.c.obj
                0x08008900                USBD_CDC_ProductStrDescriptor
 .text.USBD_CDC_ManufacturerStrDescriptor
                0x08008924       0x1c CMakeFiles/Robot_Chassis_v2.0.elf.dir/USB_Device/App/usbd_desc.c.obj
                0x08008924                USBD_CDC_ManufacturerStrDescriptor
 .text.USBD_CDC_ConfigStrDescriptor
                0x08008940       0x24 CMakeFiles/Robot_Chassis_v2.0.elf.dir/USB_Device/App/usbd_desc.c.obj
                0x08008940                USBD_CDC_ConfigStrDescriptor
 .text.USBD_CDC_InterfaceStrDescriptor
                0x08008964       0x24 CMakeFiles/Robot_Chassis_v2.0.elf.dir/USB_Device/App/usbd_desc.c.obj
                0x08008964                USBD_CDC_InterfaceStrDescriptor
 .text.USBD_Get_USB_Status
                0x08008988       0x14 CMakeFiles/Robot_Chassis_v2.0.elf.dir/USB_Device/Target/usbd_conf.c.obj
 .text.SystemClockConfig_Resume
                0x0800899c        0x8 CMakeFiles/Robot_Chassis_v2.0.elf.dir/USB_Device/Target/usbd_conf.c.obj
 .text.HAL_PCD_MspInit
                0x080089a4       0x60 CMakeFiles/Robot_Chassis_v2.0.elf.dir/USB_Device/Target/usbd_conf.c.obj
                0x080089a4                HAL_PCD_MspInit
 .text.HAL_PCD_SetupStageCallback
                0x08008a04       0x10 CMakeFiles/Robot_Chassis_v2.0.elf.dir/USB_Device/Target/usbd_conf.c.obj
                0x08008a04                HAL_PCD_SetupStageCallback
 .text.HAL_PCD_DataOutStageCallback
                0x08008a14       0x18 CMakeFiles/Robot_Chassis_v2.0.elf.dir/USB_Device/Target/usbd_conf.c.obj
                0x08008a14                HAL_PCD_DataOutStageCallback
 .text.HAL_PCD_DataInStageCallback
                0x08008a2c       0x16 CMakeFiles/Robot_Chassis_v2.0.elf.dir/USB_Device/Target/usbd_conf.c.obj
                0x08008a2c                HAL_PCD_DataInStageCallback
 .text.HAL_PCD_SOFCallback
                0x08008a42        0xc CMakeFiles/Robot_Chassis_v2.0.elf.dir/USB_Device/Target/usbd_conf.c.obj
                0x08008a42                HAL_PCD_SOFCallback
 .text.HAL_PCD_ResetCallback
                0x08008a4e       0x24 CMakeFiles/Robot_Chassis_v2.0.elf.dir/USB_Device/Target/usbd_conf.c.obj
                0x08008a4e                HAL_PCD_ResetCallback
 *fill*         0x08008a72        0x2 
 .text.HAL_PCD_SuspendCallback
                0x08008a74       0x20 CMakeFiles/Robot_Chassis_v2.0.elf.dir/USB_Device/Target/usbd_conf.c.obj
                0x08008a74                HAL_PCD_SuspendCallback
 .text.HAL_PCD_ResumeCallback
                0x08008a94       0x28 CMakeFiles/Robot_Chassis_v2.0.elf.dir/USB_Device/Target/usbd_conf.c.obj
                0x08008a94                HAL_PCD_ResumeCallback
 .text.USBD_LL_Init
                0x08008abc       0x88 CMakeFiles/Robot_Chassis_v2.0.elf.dir/USB_Device/Target/usbd_conf.c.obj
                0x08008abc                USBD_LL_Init
 .text.USBD_LL_Start
                0x08008b44       0x10 CMakeFiles/Robot_Chassis_v2.0.elf.dir/USB_Device/Target/usbd_conf.c.obj
                0x08008b44                USBD_LL_Start
 .text.USBD_LL_OpenEP
                0x08008b54       0x16 CMakeFiles/Robot_Chassis_v2.0.elf.dir/USB_Device/Target/usbd_conf.c.obj
                0x08008b54                USBD_LL_OpenEP
 .text.USBD_LL_CloseEP
                0x08008b6a       0x10 CMakeFiles/Robot_Chassis_v2.0.elf.dir/USB_Device/Target/usbd_conf.c.obj
                0x08008b6a                USBD_LL_CloseEP
 .text.USBD_LL_StallEP
                0x08008b7a       0x10 CMakeFiles/Robot_Chassis_v2.0.elf.dir/USB_Device/Target/usbd_conf.c.obj
                0x08008b7a                USBD_LL_StallEP
 .text.USBD_LL_ClearStallEP
                0x08008b8a       0x10 CMakeFiles/Robot_Chassis_v2.0.elf.dir/USB_Device/Target/usbd_conf.c.obj
                0x08008b8a                USBD_LL_ClearStallEP
 .text.USBD_LL_IsStallEP
                0x08008b9a       0x2c CMakeFiles/Robot_Chassis_v2.0.elf.dir/USB_Device/Target/usbd_conf.c.obj
                0x08008b9a                USBD_LL_IsStallEP
 .text.USBD_LL_SetUSBAddress
                0x08008bc6       0x10 CMakeFiles/Robot_Chassis_v2.0.elf.dir/USB_Device/Target/usbd_conf.c.obj
                0x08008bc6                USBD_LL_SetUSBAddress
 .text.USBD_LL_Transmit
                0x08008bd6       0x10 CMakeFiles/Robot_Chassis_v2.0.elf.dir/USB_Device/Target/usbd_conf.c.obj
                0x08008bd6                USBD_LL_Transmit
 .text.USBD_LL_PrepareReceive
                0x08008be6       0x10 CMakeFiles/Robot_Chassis_v2.0.elf.dir/USB_Device/Target/usbd_conf.c.obj
                0x08008be6                USBD_LL_PrepareReceive
 .text.USBD_LL_GetRxDataSize
                0x08008bf6        0xc CMakeFiles/Robot_Chassis_v2.0.elf.dir/USB_Device/Target/usbd_conf.c.obj
                0x08008bf6                USBD_LL_GetRxDataSize
 *fill*         0x08008c02        0x2 
 .text.HAL_PCDEx_LPM_Callback
                0x08008c04       0x48 CMakeFiles/Robot_Chassis_v2.0.elf.dir/USB_Device/Target/usbd_conf.c.obj
                0x08008c04                HAL_PCDEx_LPM_Callback
 .text.USBD_static_malloc
                0x08008c4c        0x8 CMakeFiles/Robot_Chassis_v2.0.elf.dir/USB_Device/Target/usbd_conf.c.obj
                0x08008c4c                USBD_static_malloc
 .text.USBD_static_free
                0x08008c54        0x2 CMakeFiles/Robot_Chassis_v2.0.elf.dir/USB_Device/Target/usbd_conf.c.obj
                0x08008c54                USBD_static_free
 *fill*         0x08008c56        0x2 
 .text.__libc_init_array
                0x08008c58       0x48 c:/progra~2/gnuarm~1/102021~1.10/bin/../lib/gcc/arm-none-eabi/10.3.1/../../../../arm-none-eabi/lib/thumb/v7e-m/nofp\libc.a(lib_a-init.o)
                0x08008c58                __libc_init_array
 .text.memset   0x08008ca0       0xa4 c:/progra~2/gnuarm~1/102021~1.10/bin/../lib/gcc/arm-none-eabi/10.3.1/../../../../arm-none-eabi/lib/thumb/v7e-m/nofp\libc.a(lib_a-memset.o)
                0x08008ca0                memset
 .text.startup.register_fini
                0x08008d44       0x14 c:/progra~2/gnuarm~1/102021~1.10/bin/../lib/gcc/arm-none-eabi/10.3.1/../../../../arm-none-eabi/lib/thumb/v7e-m/nofp\libc.a(lib_a-__call_atexit.o)
 .text.atexit   0x08008d58        0xc c:/progra~2/gnuarm~1/102021~1.10/bin/../lib/gcc/arm-none-eabi/10.3.1/../../../../arm-none-eabi/lib/thumb/v7e-m/nofp\libc.a(lib_a-atexit.o)
                0x08008d58                atexit
 .text.__libc_fini_array
                0x08008d64       0x2c c:/progra~2/gnuarm~1/102021~1.10/bin/../lib/gcc/arm-none-eabi/10.3.1/../../../../arm-none-eabi/lib/thumb/v7e-m/nofp\libc.a(lib_a-fini.o)
                0x08008d64                __libc_fini_array
 .text.__retarget_lock_acquire_recursive
                0x08008d90        0x4 c:/progra~2/gnuarm~1/102021~1.10/bin/../lib/gcc/arm-none-eabi/10.3.1/../../../../arm-none-eabi/lib/thumb/v7e-m/nofp\libc.a(lib_a-lock.o)
                0x08008d90                __retarget_lock_acquire_recursive
 .text.__retarget_lock_release_recursive
                0x08008d94        0x4 c:/progra~2/gnuarm~1/102021~1.10/bin/../lib/gcc/arm-none-eabi/10.3.1/../../../../arm-none-eabi/lib/thumb/v7e-m/nofp\libc.a(lib_a-lock.o)
                0x08008d94                __retarget_lock_release_recursive
 .text.__register_exitproc
                0x08008d98       0x8c c:/progra~2/gnuarm~1/102021~1.10/bin/../lib/gcc/arm-none-eabi/10.3.1/../../../../arm-none-eabi/lib/thumb/v7e-m/nofp\libc.a(lib_a-__atexit.o)
                0x08008d98                __register_exitproc
 *(.glue_7)
 .glue_7        0x08008e24        0x0 linker stubs
 *(.glue_7t)
 .glue_7t       0x08008e24        0x0 linker stubs
 *(.eh_frame)
 .eh_frame      0x08008e24        0x0 c:/progra~2/gnuarm~1/102021~1.10/bin/../lib/gcc/arm-none-eabi/10.3.1/thumb/v7e-m/nofp/crtbegin.o
 *(.init)
 .init          0x08008e24        0x4 c:/progra~2/gnuarm~1/102021~1.10/bin/../lib/gcc/arm-none-eabi/10.3.1/thumb/v7e-m/nofp/crti.o
                0x08008e24                _init
 .init          0x08008e28        0x8 c:/progra~2/gnuarm~1/102021~1.10/bin/../lib/gcc/arm-none-eabi/10.3.1/thumb/v7e-m/nofp/crtn.o
 *(.fini)
 .fini          0x08008e30        0x4 c:/progra~2/gnuarm~1/102021~1.10/bin/../lib/gcc/arm-none-eabi/10.3.1/thumb/v7e-m/nofp/crti.o
                0x08008e30                _fini
 .fini          0x08008e34        0x8 c:/progra~2/gnuarm~1/102021~1.10/bin/../lib/gcc/arm-none-eabi/10.3.1/thumb/v7e-m/nofp/crtn.o
                0x08008e3c                . = ALIGN (0x4)
                0x08008e3c                _etext = .

.vfp11_veneer   0x08008e3c        0x0
 .vfp11_veneer  0x08008e3c        0x0 linker stubs

.v4_bx          0x08008e3c        0x0
 .v4_bx         0x08008e3c        0x0 linker stubs

.iplt           0x08008e3c        0x0
 .iplt          0x08008e3c        0x0 c:/progra~2/gnuarm~1/102021~1.10/bin/../lib/gcc/arm-none-eabi/10.3.1/thumb/v7e-m/nofp/crtbegin.o

.rodata         0x08008e3c      0x334
                0x08008e3c                . = ALIGN (0x4)
 *(.rodata)
 .rodata        0x08008e3c        0x3 CMakeFiles/Robot_Chassis_v2.0.elf.dir/Core/User/Src/my_agreement.c.obj
 *(.rodata*)
 *fill*         0x08008e3f        0x1 
 .rodata.AHBPrescTable
                0x08008e40       0x10 CMakeFiles/Robot_Chassis_v2.0.elf.dir/Core/Src/system_stm32g4xx.c.obj
                0x08008e40                AHBPrescTable
 .rodata.SerialDownload.str1.4
                0x08008e50      0x13c CMakeFiles/Robot_Chassis_v2.0.elf.dir/Core/User/Src/my_menu.c.obj
 .rodata.Main_Menu.str1.4
                0x08008f8c      0x181 CMakeFiles/Robot_Chassis_v2.0.elf.dir/Core/User/Src/my_menu.c.obj
 *fill*         0x0800910d        0x3 
 .rodata.ReceivePacket.str1.4
                0x08009110        0x2 CMakeFiles/Robot_Chassis_v2.0.elf.dir/Core/User/Src/my_ymodem.c.obj
 *fill*         0x08009112        0x2 
 .rodata.DLCtoBytes
                0x08009114       0x10 CMakeFiles/Robot_Chassis_v2.0.elf.dir/Drivers/STM32G4xx_HAL_Driver/Src/stm32g4xx_hal_fdcan.c.obj
 .rodata.USBD_CDC_ProductStrDescriptor.str1.4
                0x08009124       0x16 CMakeFiles/Robot_Chassis_v2.0.elf.dir/USB_Device/App/usbd_desc.c.obj
 *fill*         0x0800913a        0x2 
 .rodata.USBD_CDC_ManufacturerStrDescriptor.str1.4
                0x0800913c       0x13 CMakeFiles/Robot_Chassis_v2.0.elf.dir/USB_Device/App/usbd_desc.c.obj
 *fill*         0x0800914f        0x1 
 .rodata.USBD_CDC_ConfigStrDescriptor.str1.4
                0x08009150        0xb CMakeFiles/Robot_Chassis_v2.0.elf.dir/USB_Device/App/usbd_desc.c.obj
 *fill*         0x0800915b        0x1 
 .rodata.USBD_CDC_InterfaceStrDescriptor.str1.4
                0x0800915c        0xe CMakeFiles/Robot_Chassis_v2.0.elf.dir/USB_Device/App/usbd_desc.c.obj
 *fill*         0x0800916a        0x2 
 .rodata._global_impure_ptr
                0x0800916c        0x4 c:/progra~2/gnuarm~1/102021~1.10/bin/../lib/gcc/arm-none-eabi/10.3.1/../../../../arm-none-eabi/lib/thumb/v7e-m/nofp\libc.a(lib_a-impure.o)
                0x0800916c                _global_impure_ptr
                0x08009170                . = ALIGN (0x4)

.rel.dyn        0x08009170        0x0
 .rel.iplt      0x08009170        0x0 c:/progra~2/gnuarm~1/102021~1.10/bin/../lib/gcc/arm-none-eabi/10.3.1/thumb/v7e-m/nofp/crtbegin.o

.ARM.extab      0x08009170        0x0
                0x08009170                . = ALIGN (0x4)
 *(.ARM.extab* .gnu.linkonce.armextab.*)
                0x08009170                . = ALIGN (0x4)

.ARM            0x08009170        0x0
                0x08009170                . = ALIGN (0x4)
                0x08009170                __exidx_start = .
 *(.ARM.exidx*)
                0x08009170                __exidx_end = .
                0x08009170                . = ALIGN (0x4)

.preinit_array  0x08009170        0x0
                0x08009170                . = ALIGN (0x4)
                0x08009170                PROVIDE (__preinit_array_start = .)
 *(.preinit_array*)
                0x08009170                PROVIDE (__preinit_array_end = .)
                0x08009170                . = ALIGN (0x4)

.init_array     0x08009170        0x8
                0x08009170                . = ALIGN (0x4)
                0x08009170                PROVIDE (__init_array_start = .)
 *(SORT_BY_NAME(.init_array.*))
 .init_array.00000
                0x08009170        0x4 c:/progra~2/gnuarm~1/102021~1.10/bin/../lib/gcc/arm-none-eabi/10.3.1/../../../../arm-none-eabi/lib/thumb/v7e-m/nofp\libc.a(lib_a-__call_atexit.o)
 *(.init_array*)
 .init_array    0x08009174        0x4 c:/progra~2/gnuarm~1/102021~1.10/bin/../lib/gcc/arm-none-eabi/10.3.1/thumb/v7e-m/nofp/crtbegin.o
                0x08009178                PROVIDE (__init_array_end = .)
                0x08009178                . = ALIGN (0x4)

.fini_array     0x08009178        0x4
                0x08009178                . = ALIGN (0x4)
                0x08009178                PROVIDE (__fini_array_start = .)
 *(SORT_BY_NAME(.fini_array.*))
 *(.fini_array*)
 .fini_array    0x08009178        0x4 c:/progra~2/gnuarm~1/102021~1.10/bin/../lib/gcc/arm-none-eabi/10.3.1/thumb/v7e-m/nofp/crtbegin.o
                0x0800917c                PROVIDE (__fini_array_end = .)
                0x0800917c                . = ALIGN (0x4)
                0x0800917c                _sidata = LOADADDR (.data)

.data           0x20000000      0x5dc load address 0x0800917c
                0x20000000                . = ALIGN (0x4)
                0x20000000                _sdata = .
 *(.data)
 *(.data*)
 .data.SystemCoreClock
                0x20000000        0x4 CMakeFiles/Robot_Chassis_v2.0.elf.dir/Core/Src/system_stm32g4xx.c.obj
                0x20000000                SystemCoreClock
 .data.s_updata_index
                0x20000004        0x2 CMakeFiles/Robot_Chassis_v2.0.elf.dir/Core/User/Src/my_agreement.c.obj
                0x20000004                s_updata_index
 *fill*         0x20000006        0x2 
 .data.g_id     0x20000008        0x4 CMakeFiles/Robot_Chassis_v2.0.elf.dir/Core/User/Src/my_usbparse.c.obj
                0x20000008                g_id
 .data.uwTickFreq
                0x2000000c        0x4 CMakeFiles/Robot_Chassis_v2.0.elf.dir/Drivers/STM32G4xx_HAL_Driver/Src/stm32g4xx_hal.c.obj
                0x2000000c                uwTickFreq
 .data.uwTickPrio
                0x20000010        0x4 CMakeFiles/Robot_Chassis_v2.0.elf.dir/Drivers/STM32G4xx_HAL_Driver/Src/stm32g4xx_hal.c.obj
                0x20000010                uwTickPrio
 .data.pFlash   0x20000014       0x20 CMakeFiles/Robot_Chassis_v2.0.elf.dir/Drivers/STM32G4xx_HAL_Driver/Src/stm32g4xx_hal_flash.c.obj
                0x20000014                pFlash
 .data.USBD_CDC
                0x20000034       0x38 CMakeFiles/Robot_Chassis_v2.0.elf.dir/Middlewares/ST/STM32_USB_Device_Library/Class/CDC/Src/usbd_cdc.c.obj
                0x20000034                USBD_CDC
 .data.USBD_CDC_CfgFSDesc
                0x2000006c       0x43 CMakeFiles/Robot_Chassis_v2.0.elf.dir/Middlewares/ST/STM32_USB_Device_Library/Class/CDC/Src/usbd_cdc.c.obj
 *fill*         0x200000af        0x1 
 .data.USBD_CDC_CfgHSDesc
                0x200000b0       0x43 CMakeFiles/Robot_Chassis_v2.0.elf.dir/Middlewares/ST/STM32_USB_Device_Library/Class/CDC/Src/usbd_cdc.c.obj
 *fill*         0x200000f3        0x1 
 .data.USBD_CDC_DeviceQualifierDesc
                0x200000f4        0xa CMakeFiles/Robot_Chassis_v2.0.elf.dir/Middlewares/ST/STM32_USB_Device_Library/Class/CDC/Src/usbd_cdc.c.obj
 *fill*         0x200000fe        0x2 
 .data.USBD_CDC_OtherSpeedCfgDesc
                0x20000100       0x43 CMakeFiles/Robot_Chassis_v2.0.elf.dir/Middlewares/ST/STM32_USB_Device_Library/Class/CDC/Src/usbd_cdc.c.obj
 *fill*         0x20000143        0x1 
 .data.USBD_Interface_fops_FS
                0x20000144       0x14 CMakeFiles/Robot_Chassis_v2.0.elf.dir/USB_Device/App/usbd_cdc_if.c.obj
                0x20000144                USBD_Interface_fops_FS
 .data.CDC_Desc
                0x20000158       0x20 CMakeFiles/Robot_Chassis_v2.0.elf.dir/USB_Device/App/usbd_desc.c.obj
                0x20000158                CDC_Desc
 .data.USBD_CDC_DeviceDesc
                0x20000178       0x12 CMakeFiles/Robot_Chassis_v2.0.elf.dir/USB_Device/App/usbd_desc.c.obj
                0x20000178                USBD_CDC_DeviceDesc
 *fill*         0x2000018a        0x2 
 .data.USBD_LangIDDesc
                0x2000018c        0x4 CMakeFiles/Robot_Chassis_v2.0.elf.dir/USB_Device/App/usbd_desc.c.obj
                0x2000018c                USBD_LangIDDesc
 .data.USBD_StringSerial
                0x20000190       0x1a CMakeFiles/Robot_Chassis_v2.0.elf.dir/USB_Device/App/usbd_desc.c.obj
                0x20000190                USBD_StringSerial
 *fill*         0x200001aa        0x6 
 .data.impure_data
                0x200001b0      0x428 c:/progra~2/gnuarm~1/102021~1.10/bin/../lib/gcc/arm-none-eabi/10.3.1/../../../../arm-none-eabi/lib/thumb/v7e-m/nofp\libc.a(lib_a-impure.o)
 .data.__atexit_recursive_mutex
                0x200005d8        0x4 c:/progra~2/gnuarm~1/102021~1.10/bin/../lib/gcc/arm-none-eabi/10.3.1/../../../../arm-none-eabi/lib/thumb/v7e-m/nofp\libc.a(lib_a-__call_atexit.o)
                0x200005d8                __atexit_recursive_mutex
 *(.RamFunc)
 *(.RamFunc*)
                0x200005dc                . = ALIGN (0x4)
                0x200005dc                _edata = .

.igot.plt       0x200005dc        0x0 load address 0x08009758
 .igot.plt      0x200005dc        0x0 c:/progra~2/gnuarm~1/102021~1.10/bin/../lib/gcc/arm-none-eabi/10.3.1/thumb/v7e-m/nofp/crtbegin.o
                0x200005dc                . = ALIGN (0x4)

.bss            0x200005dc     0x2348 load address 0x08009758
                0x200005dc                _sbss = .
                0x200005dc                __bss_start__ = _sbss
 *(.bss)
 .bss           0x200005dc       0x1c c:/progra~2/gnuarm~1/102021~1.10/bin/../lib/gcc/arm-none-eabi/10.3.1/thumb/v7e-m/nofp/crtbegin.o
 *(.bss*)
 .bss.HAL_RCC_ADC12_CLK_ENABLED
                0x200005f8        0x4 CMakeFiles/Robot_Chassis_v2.0.elf.dir/Core/Src/adc.c.obj
 .bss.hadc1     0x200005fc       0x6c CMakeFiles/Robot_Chassis_v2.0.elf.dir/Core/Src/adc.c.obj
                0x200005fc                hadc1
 .bss.hadc2     0x20000668       0x6c CMakeFiles/Robot_Chassis_v2.0.elf.dir/Core/Src/adc.c.obj
                0x20000668                hadc2
 .bss.hfdcan1   0x200006d4       0x64 CMakeFiles/Robot_Chassis_v2.0.elf.dir/Core/Src/fdcan.c.obj
                0x200006d4                hfdcan1
 .bss.hiwdg     0x20000738       0x10 CMakeFiles/Robot_Chassis_v2.0.elf.dir/Core/Src/iwdg.c.obj
                0x20000738                hiwdg
 .bss.TransData
                0x20000748      0x100 CMakeFiles/Robot_Chassis_v2.0.elf.dir/Core/Src/main.c.obj
 .bss.htim7     0x20000848       0x4c CMakeFiles/Robot_Chassis_v2.0.elf.dir/Core/Src/tim.c.obj
                0x20000848                htim7
 .bss.Boot_Frame
                0x20000894       0x14 CMakeFiles/Robot_Chassis_v2.0.elf.dir/Core/User/Src/my_agreement.c.obj
                0x20000894                Boot_Frame
 .bss.LeftArm_Frame
                0x200008a8       0x14 CMakeFiles/Robot_Chassis_v2.0.elf.dir/Core/User/Src/my_agreement.c.obj
                0x200008a8                LeftArm_Frame
 .bss.RightArm_Frame
                0x200008bc       0x14 CMakeFiles/Robot_Chassis_v2.0.elf.dir/Core/User/Src/my_agreement.c.obj
                0x200008bc                RightArm_Frame
 .bss.RXHeader  0x200008d0       0x28 CMakeFiles/Robot_Chassis_v2.0.elf.dir/Core/User/Src/my_fdcan.c.obj
                0x200008d0                RXHeader
 .bss.TXHeader  0x200008f8       0x24 CMakeFiles/Robot_Chassis_v2.0.elf.dir/Core/User/Src/my_fdcan.c.obj
                0x200008f8                TXHeader
 .bss.ber_signal.0
                0x2000091c        0x4 CMakeFiles/Robot_Chassis_v2.0.elf.dir/Core/User/Src/my_fdcan.c.obj
 .bss.g_key_Buff
                0x20000920       0x22 CMakeFiles/Robot_Chassis_v2.0.elf.dir/Core/User/Src/my_fdcan.c.obj
                0x20000920                g_key_Buff
 *fill*         0x20000942        0x2 
 .bss.g_key_temp
                0x20000944        0x2 CMakeFiles/Robot_Chassis_v2.0.elf.dir/Core/User/Src/my_fdcan.c.obj
                0x20000944                g_key_temp
 *fill*         0x20000946        0x2 
 .bss.g_lAngel_Buff
                0x20000948       0x10 CMakeFiles/Robot_Chassis_v2.0.elf.dir/Core/User/Src/my_fdcan.c.obj
                0x20000948                g_lAngel_Buff
 .bss.g_rAngel_Buff
                0x20000958       0x10 CMakeFiles/Robot_Chassis_v2.0.elf.dir/Core/User/Src/my_fdcan.c.obj
                0x20000958                g_rAngel_Buff
 .bss.foot_data
                0x20000968        0x1 CMakeFiles/Robot_Chassis_v2.0.elf.dir/Core/User/Src/my_foot.c.obj
                0x20000968                foot_data
 *fill*         0x20000969        0x3 
 .bss.va_l      0x2000096c        0x4 CMakeFiles/Robot_Chassis_v2.0.elf.dir/Core/User/Src/my_foot.c.obj
                0x2000096c                va_l
 .bss.va_r      0x20000970        0x4 CMakeFiles/Robot_Chassis_v2.0.elf.dir/Core/User/Src/my_foot.c.obj
                0x20000970                va_r
 .bss.value_l   0x20000974        0x4 CMakeFiles/Robot_Chassis_v2.0.elf.dir/Core/User/Src/my_foot.c.obj
                0x20000974                value_l
 .bss.value_r   0x20000978        0x4 CMakeFiles/Robot_Chassis_v2.0.elf.dir/Core/User/Src/my_foot.c.obj
                0x20000978                value_r
 .bss.FlashProtection
                0x2000097c        0x4 CMakeFiles/Robot_Chassis_v2.0.elf.dir/Core/User/Src/my_menu.c.obj
                0x2000097c                FlashProtection
 .bss.aFileName
                0x20000980       0x40 CMakeFiles/Robot_Chassis_v2.0.elf.dir/Core/User/Src/my_menu.c.obj
                0x20000980                aFileName
 .bss.BootLoader_RingBuff_t
                0x200009c0        0xc CMakeFiles/Robot_Chassis_v2.0.elf.dir/Core/User/Src/my_ringbuff.c.obj
                0x200009c0                BootLoader_RingBuff_t
 .bss.Boot_Buff
                0x200009cc      0x100 CMakeFiles/Robot_Chassis_v2.0.elf.dir/Core/User/Src/my_ringbuff.c.obj
                0x200009cc                Boot_Buff
 .bss.LeftArm_Buff
                0x20000acc      0x100 CMakeFiles/Robot_Chassis_v2.0.elf.dir/Core/User/Src/my_ringbuff.c.obj
                0x20000acc                LeftArm_Buff
 .bss.LeftArm_RingBuff_t
                0x20000bcc        0xc CMakeFiles/Robot_Chassis_v2.0.elf.dir/Core/User/Src/my_ringbuff.c.obj
                0x20000bcc                LeftArm_RingBuff_t
 .bss.RightArm_Buff
                0x20000bd8      0x100 CMakeFiles/Robot_Chassis_v2.0.elf.dir/Core/User/Src/my_ringbuff.c.obj
                0x20000bd8                RightArm_Buff
 .bss.RightArm_RingBuff_t
                0x20000cd8        0xc CMakeFiles/Robot_Chassis_v2.0.elf.dir/Core/User/Src/my_ringbuff.c.obj
                0x20000cd8                RightArm_RingBuff_t
 .bss.Usb_Buff  0x20000ce4      0x100 CMakeFiles/Robot_Chassis_v2.0.elf.dir/Core/User/Src/my_ringbuff.c.obj
                0x20000ce4                Usb_Buff
 .bss.Usb_RingBuff_t
                0x20000de4        0xc CMakeFiles/Robot_Chassis_v2.0.elf.dir/Core/User/Src/my_ringbuff.c.obj
                0x20000de4                Usb_RingBuff_t
 .bss.g_iRunTime
                0x20000df0        0x4 CMakeFiles/Robot_Chassis_v2.0.elf.dir/Core/User/Src/my_time.c.obj
                0x20000df0                g_iRunTime
 .bss.g_iWdgTime
                0x20000df4        0x2 CMakeFiles/Robot_Chassis_v2.0.elf.dir/Core/User/Src/my_time.c.obj
                0x20000df4                g_iWdgTime
 *fill*         0x20000df6        0x2 
 .bss.s_tTmr    0x20000df8       0x30 CMakeFiles/Robot_Chassis_v2.0.elf.dir/Core/User/Src/my_time.c.obj
 .bss.g_AllUpgrade
                0x20000e28        0x2 CMakeFiles/Robot_Chassis_v2.0.elf.dir/Core/User/Src/my_usbparse.c.obj
                0x20000e28                g_AllUpgrade
 .bss.g_EndData
                0x20000e2a        0x1 CMakeFiles/Robot_Chassis_v2.0.elf.dir/Core/User/Src/my_usbparse.c.obj
                0x20000e2a                g_EndData
 .bss.g_OutManner
                0x20000e2b        0x1 CMakeFiles/Robot_Chassis_v2.0.elf.dir/Core/User/Src/my_usbparse.c.obj
                0x20000e2b                g_OutManner
 .bss.g_ParseResults
                0x20000e2c        0x1 CMakeFiles/Robot_Chassis_v2.0.elf.dir/Core/User/Src/my_usbparse.c.obj
                0x20000e2c                g_ParseResults
 .bss.g_ReceiveNg
                0x20000e2d        0x1 CMakeFiles/Robot_Chassis_v2.0.elf.dir/Core/User/Src/my_usbparse.c.obj
                0x20000e2d                g_ReceiveNg
 .bss.g_Shakehands
                0x20000e2e        0x1 CMakeFiles/Robot_Chassis_v2.0.elf.dir/Core/User/Src/my_usbparse.c.obj
                0x20000e2e                g_Shakehands
 .bss.g_UpgradeBegin
                0x20000e2f        0x1 CMakeFiles/Robot_Chassis_v2.0.elf.dir/Core/User/Src/my_usbparse.c.obj
                0x20000e2f                g_UpgradeBegin
 .bss.ymodem_demo
                0x20000e30        0x1 CMakeFiles/Robot_Chassis_v2.0.elf.dir/Core/User/Src/my_usbparse.c.obj
                0x20000e30                ymodem_demo
 *fill*         0x20000e31        0x3 
 .bss.BoaruUploadBuff
                0x20000e34      0x104 CMakeFiles/Robot_Chassis_v2.0.elf.dir/Core/User/Src/my_vofa.c.obj
                0x20000e34                BoaruUploadBuff
 .bss.aPacketData
                0x20000f38      0x406 CMakeFiles/Robot_Chassis_v2.0.elf.dir/Core/User/Src/my_ymodem.c.obj
                0x20000f38                aPacketData
 *fill*         0x2000133e        0x2 
 .bss.g_Demobuff
                0x20001340      0x405 CMakeFiles/Robot_Chassis_v2.0.elf.dir/Core/User/Src/my_ymodem.c.obj
                0x20001340                g_Demobuff
 .bss.g_Startdemo
                0x20001745        0x1 CMakeFiles/Robot_Chassis_v2.0.elf.dir/Core/User/Src/my_ymodem.c.obj
                0x20001745                g_Startdemo
 .bss.t_num.0   0x20001746        0x1 CMakeFiles/Robot_Chassis_v2.0.elf.dir/Core/User/Src/my_ymodem.c.obj
 *fill*         0x20001747        0x1 
 .bss.uwTick    0x20001748        0x4 CMakeFiles/Robot_Chassis_v2.0.elf.dir/Drivers/STM32G4xx_HAL_Driver/Src/stm32g4xx_hal.c.obj
                0x20001748                uwTick
 .bss.cfgidx.0  0x2000174c        0x1 CMakeFiles/Robot_Chassis_v2.0.elf.dir/Middlewares/ST/STM32_USB_Device_Library/Core/Src/usbd_ctlreq.c.obj
 *fill*         0x2000174d        0x3 
 .bss.hUsbDeviceFS
                0x20001750      0x2d0 CMakeFiles/Robot_Chassis_v2.0.elf.dir/USB_Device/App/usb_device.c.obj
                0x20001750                hUsbDeviceFS
 .bss.UserRxBufferFS
                0x20001a20      0x400 CMakeFiles/Robot_Chassis_v2.0.elf.dir/USB_Device/App/usbd_cdc_if.c.obj
                0x20001a20                UserRxBufferFS
 .bss.UserTxBufferFS
                0x20001e20      0x400 CMakeFiles/Robot_Chassis_v2.0.elf.dir/USB_Device/App/usbd_cdc_if.c.obj
                0x20001e20                UserTxBufferFS
 .bss.num.0     0x20002220        0x2 CMakeFiles/Robot_Chassis_v2.0.elf.dir/USB_Device/App/usbd_cdc_if.c.obj
 *fill*         0x20002222        0x2 
 .bss.USBD_StrDesc
                0x20002224      0x200 CMakeFiles/Robot_Chassis_v2.0.elf.dir/USB_Device/App/usbd_desc.c.obj
                0x20002224                USBD_StrDesc
 .bss.hpcd_USB_FS
                0x20002424      0x2dc CMakeFiles/Robot_Chassis_v2.0.elf.dir/USB_Device/Target/usbd_conf.c.obj
                0x20002424                hpcd_USB_FS
 .bss.mem.0     0x20002700      0x220 CMakeFiles/Robot_Chassis_v2.0.elf.dir/USB_Device/Target/usbd_conf.c.obj
 .bss.__lock___atexit_recursive_mutex
                0x20002920        0x1 c:/progra~2/gnuarm~1/102021~1.10/bin/../lib/gcc/arm-none-eabi/10.3.1/../../../../arm-none-eabi/lib/thumb/v7e-m/nofp\libc.a(lib_a-lock.o)
                0x20002920                __lock___atexit_recursive_mutex
 *(COMMON)
                0x20002924                . = ALIGN (0x4)
 *fill*         0x20002921        0x3 
                0x20002924                _ebss = .