Archive member included to satisfy reference by file (symbol)

c:/progra~2/gnuarm~1/102021~1.10/bin/../lib/gcc/arm-none-eabi/10.3.1/../../../../arm-none-eabi/lib/thumb/v7e-m/nofp\libc.a(lib_a-errno.o)
                              CMakeFiles/Robot_Hand_v2.0.elf.dir/Core/Src/syscalls.c.obj (__errno)
c:/progra~2/gnuarm~1/102021~1.10/bin/../lib/gcc/arm-none-eabi/10.3.1/../../../../arm-none-eabi/lib/thumb/v7e-m/nofp\libc.a(lib_a-exit.o)
                              c:/progra~2/gnuarm~1/102021~1.10/bin/../lib/gcc/arm-none-eabi/10.3.1/../../../../arm-none-eabi/lib/thumb/v7e-m/nofp/crt0.o (exit)
c:/progra~2/gnuarm~1/102021~1.10/bin/../lib/gcc/arm-none-eabi/10.3.1/../../../../arm-none-eabi/lib/thumb/v7e-m/nofp\libc.a(lib_a-impure.o)
                              c:/progra~2/gnuarm~1/102021~1.10/bin/../lib/gcc/arm-none-eabi/10.3.1/../../../../arm-none-eabi/lib/thumb/v7e-m/nofp\libc.a(lib_a-exit.o) (_global_impure_ptr)
c:/progra~2/gnuarm~1/102021~1.10/bin/../lib/gcc/arm-none-eabi/10.3.1/../../../../arm-none-eabi/lib/thumb/v7e-m/nofp\libc.a(lib_a-init.o)
                              c:/progra~2/gnuarm~1/102021~1.10/bin/../lib/gcc/arm-none-eabi/10.3.1/../../../../arm-none-eabi/lib/thumb/v7e-m/nofp/crt0.o (__libc_init_array)
c:/progra~2/gnuarm~1/102021~1.10/bin/../lib/gcc/arm-none-eabi/10.3.1/../../../../arm-none-eabi/lib/thumb/v7e-m/nofp\libc.a(lib_a-memset.o)
                              c:/progra~2/gnuarm~1/102021~1.10/bin/../lib/gcc/arm-none-eabi/10.3.1/../../../../arm-none-eabi/lib/thumb/v7e-m/nofp/crt0.o (memset)
c:/progra~2/gnuarm~1/102021~1.10/bin/../lib/gcc/arm-none-eabi/10.3.1/../../../../arm-none-eabi/lib/thumb/v7e-m/nofp\libc.a(lib_a-__call_atexit.o)
                              c:/progra~2/gnuarm~1/102021~1.10/bin/../lib/gcc/arm-none-eabi/10.3.1/../../../../arm-none-eabi/lib/thumb/v7e-m/nofp\libc.a(lib_a-exit.o) (__call_exitprocs)
c:/progra~2/gnuarm~1/102021~1.10/bin/../lib/gcc/arm-none-eabi/10.3.1/../../../../arm-none-eabi/lib/thumb/v7e-m/nofp\libc.a(lib_a-atexit.o)
                              c:/progra~2/gnuarm~1/102021~1.10/bin/../lib/gcc/arm-none-eabi/10.3.1/../../../../arm-none-eabi/lib/thumb/v7e-m/nofp\libc.a(lib_a-__call_atexit.o) (atexit)
c:/progra~2/gnuarm~1/102021~1.10/bin/../lib/gcc/arm-none-eabi/10.3.1/../../../../arm-none-eabi/lib/thumb/v7e-m/nofp\libc.a(lib_a-fini.o)
                              c:/progra~2/gnuarm~1/102021~1.10/bin/../lib/gcc/arm-none-eabi/10.3.1/../../../../arm-none-eabi/lib/thumb/v7e-m/nofp\libc.a(lib_a-__call_atexit.o) (__libc_fini_array)
c:/progra~2/gnuarm~1/102021~1.10/bin/../lib/gcc/arm-none-eabi/10.3.1/../../../../arm-none-eabi/lib/thumb/v7e-m/nofp\libc.a(lib_a-lock.o)
                              c:/progra~2/gnuarm~1/102021~1.10/bin/../lib/gcc/arm-none-eabi/10.3.1/../../../../arm-none-eabi/lib/thumb/v7e-m/nofp\libc.a(lib_a-__call_atexit.o) (__retarget_lock_acquire_recursive)
c:/progra~2/gnuarm~1/102021~1.10/bin/../lib/gcc/arm-none-eabi/10.3.1/../../../../arm-none-eabi/lib/thumb/v7e-m/nofp\libc.a(lib_a-__atexit.o)
                              c:/progra~2/gnuarm~1/102021~1.10/bin/../lib/gcc/arm-none-eabi/10.3.1/../../../../arm-none-eabi/lib/thumb/v7e-m/nofp\libc.a(lib_a-atexit.o) (__register_exitproc)

Discarded input sections

 .text          0x00000000        0x0 c:/progra~2/gnuarm~1/102021~1.10/bin/../lib/gcc/arm-none-eabi/10.3.1/thumb/v7e-m/nofp/crti.o
 .data          0x00000000        0x0 c:/progra~2/gnuarm~1/102021~1.10/bin/../lib/gcc/arm-none-eabi/10.3.1/thumb/v7e-m/nofp/crti.o
 .bss           0x00000000        0x0 c:/progra~2/gnuarm~1/102021~1.10/bin/../lib/gcc/arm-none-eabi/10.3.1/thumb/v7e-m/nofp/crti.o
 .data          0x00000000        0x4 c:/progra~2/gnuarm~1/102021~1.10/bin/../lib/gcc/arm-none-eabi/10.3.1/thumb/v7e-m/nofp/crtbegin.o
 .rodata        0x00000000       0x24 c:/progra~2/gnuarm~1/102021~1.10/bin/../lib/gcc/arm-none-eabi/10.3.1/thumb/v7e-m/nofp/crtbegin.o
 .text          0x00000000       0x7c c:/progra~2/gnuarm~1/102021~1.10/bin/../lib/gcc/arm-none-eabi/10.3.1/../../../../arm-none-eabi/lib/thumb/v7e-m/nofp/crt0.o
 .data          0x00000000        0x0 c:/progra~2/gnuarm~1/102021~1.10/bin/../lib/gcc/arm-none-eabi/10.3.1/../../../../arm-none-eabi/lib/thumb/v7e-m/nofp/crt0.o
 .bss           0x00000000        0x0 c:/progra~2/gnuarm~1/102021~1.10/bin/../lib/gcc/arm-none-eabi/10.3.1/../../../../arm-none-eabi/lib/thumb/v7e-m/nofp/crt0.o
 .ARM.extab     0x00000000        0x0 c:/progra~2/gnuarm~1/102021~1.10/bin/../lib/gcc/arm-none-eabi/10.3.1/../../../../arm-none-eabi/lib/thumb/v7e-m/nofp/crt0.o
 .ARM.exidx     0x00000000       0x10 c:/progra~2/gnuarm~1/102021~1.10/bin/../lib/gcc/arm-none-eabi/10.3.1/../../../../arm-none-eabi/lib/thumb/v7e-m/nofp/crt0.o
 .ARM.attributes
                0x00000000       0x1c c:/progra~2/gnuarm~1/102021~1.10/bin/../lib/gcc/arm-none-eabi/10.3.1/../../../../arm-none-eabi/lib/thumb/v7e-m/nofp/crt0.o
 .text          0x00000000        0x0 CMakeFiles/Robot_Hand_v2.0.elf.dir/Core/Src/adc.c.obj
[...]
Memory Configuration

Name             Origin             Length             Attributes
RAM              0x20000000         0x00008000         xrw
FLASH            0x08010000         0x00008000         xr
*default*        0x00000000         0xffffffff

Linker script and memory map

LOAD c:/progra~2/gnuarm~1/102021~1.10/bin/../lib/gcc/arm-none-eabi/10.3.1/thumb/v7e-m/nofp/crti.o
LOAD c:/progra~2/gnuarm~1/102021~1.10/bin/../lib/gcc/arm-none-eabi/10.3.1/thumb/v7e-m/nofp/crtbegin.o
LOAD c:/progra~2/gnuarm~1/102021~1.10/bin/../lib/gcc/arm-none-eabi/10.3.1/../../../../arm-none-eabi/lib/thumb/v7e-m/nofp/crt0.o
LOAD CMakeFiles/Robot_Hand_v2.0.elf.dir/Core/Src/adc.c.obj
LOAD CMakeFiles/Robot_Hand_v2.0.elf.dir/Core/Src/dma.c.obj
LOAD CMakeFiles/Robot_Hand_v2.0.elf.dir/Core/Src/fdcan.c.obj
LOAD CMakeFiles/Robot_Hand_v2.0.elf.dir/Core/Src/gpio.c.obj
LOAD CMakeFiles/Robot_Hand_v2.0.elf.dir/Core/Src/i2c.c.obj
LOAD CMakeFiles/Robot_Hand_v2.0.elf.dir/Core/Src/iwdg.c.obj
LOAD CMakeFiles/Robot_Hand_v2.0.elf.dir/Core/Src/main.c.obj
LOAD CMakeFiles/Robot_Hand_v2.0.elf.dir/Core/Src/stm32g4xx_hal_msp.c.obj
LOAD CMakeFiles/Robot_Hand_v2.0.elf.dir/Core/Src/stm32g4xx_it.c.obj
LOAD CMakeFiles/Robot_Hand_v2.0.elf.dir/Core/Src/syscalls.c.obj
LOAD CMakeFiles/Robot_Hand_v2.0.elf.dir/Core/Src/sysmem.c.obj
LOAD CMakeFiles/Robot_Hand_v2.0.elf.dir/Core/Src/system_stm32g4xx.c.obj
LOAD CMakeFiles/Robot_Hand_v2.0.elf.dir/Core/Src/tim.c.obj
LOAD CMakeFiles/Robot_Hand_v2.0.elf.dir/Core/Startup/startup_stm32g431kbux.s.obj
LOAD CMakeFiles/Robot_Hand_v2.0.elf.dir/Core/User/Src/my_fdcan.c.obj
LOAD CMakeFiles/Robot_Hand_v2.0.elf.dir/Core/User/Src/my_flash.c.obj
LOAD CMakeFiles/Robot_Hand_v2.0.elf.dir/Core/User/Src/my_key.c.obj
LOAD CMakeFiles/Robot_Hand_v2.0.elf.dir/Core/User/Src/my_time.c.obj
LOAD CMakeFiles/Robot_Hand_v2.0.elf.dir/Core/User/Src/my_vl6180x.c.obj
LOAD CMakeFiles/Robot_Hand_v2.0.elf.dir/Drivers/STM32G4xx_HAL_Driver/Src/stm32g4xx_hal.c.obj
LOAD CMakeFiles/Robot_Hand_v2.0.elf.dir/Drivers/STM32G4xx_HAL_Driver/Src/stm32g4xx_hal_adc.c.obj
LOAD CMakeFiles/Robot_Hand_v2.0.elf.dir/Drivers/STM32G4xx_HAL_Driver/Src/stm32g4xx_hal_adc_ex.c.obj
LOAD CMakeFiles/Robot_Hand_v2.0.elf.dir/Drivers/STM32G4xx_HAL_Driver/Src/stm32g4xx_hal_cortex.c.obj
LOAD CMakeFiles/Robot_Hand_v2.0.elf.dir/Drivers/STM32G4xx_HAL_Driver/Src/stm32g4xx_hal_dma.c.obj
LOAD CMakeFiles/Robot_Hand_v2.0.elf.dir/Drivers/STM32G4xx_HAL_Driver/Src/stm32g4xx_hal_dma_ex.c.obj
LOAD CMakeFiles/Robot_Hand_v2.0.elf.dir/Drivers/STM32G4xx_HAL_Driver/Src/stm32g4xx_hal_exti.c.obj
LOAD CMakeFiles/Robot_Hand_v2.0.elf.dir/Drivers/STM32G4xx_HAL_Driver/Src/stm32g4xx_hal_fdcan.c.obj
LOAD CMakeFiles/Robot_Hand_v2.0.elf.dir/Drivers/STM32G4xx_HAL_Driver/Src/stm32g4xx_hal_flash.c.obj
LOAD CMakeFiles/Robot_Hand_v2.0.elf.dir/Drivers/STM32G4xx_HAL_Driver/Src/stm32g4xx_hal_flash_ex.c.obj
LOAD CMakeFiles/Robot_Hand_v2.0.elf.dir/Drivers/STM32G4xx_HAL_Driver/Src/stm32g4xx_hal_flash_ramfunc.c.obj
LOAD CMakeFiles/Robot_Hand_v2.0.elf.dir/Drivers/STM32G4xx_HAL_Driver/Src/stm32g4xx_hal_gpio.c.obj
LOAD CMakeFiles/Robot_Hand_v2.0.elf.dir/Drivers/STM32G4xx_HAL_Driver/Src/stm32g4xx_hal_i2c.c.obj
LOAD CMakeFiles/Robot_Hand_v2.0.elf.dir/Drivers/STM32G4xx_HAL_Driver/Src/stm32g4xx_hal_i2c_ex.c.obj
LOAD CMakeFiles/Robot_Hand_v2.0.elf.dir/Drivers/STM32G4xx_HAL_Driver/Src/stm32g4xx_hal_iwdg.c.obj
LOAD CMakeFiles/Robot_Hand_v2.0.elf.dir/Drivers/STM32G4xx_HAL_Driver/Src/stm32g4xx_hal_pwr.c.obj
LOAD CMakeFiles/Robot_Hand_v2.0.elf.dir/Drivers/STM32G4xx_HAL_Driver/Src/stm32g4xx_hal_pwr_ex.c.obj
LOAD CMakeFiles/Robot_Hand_v2.0.elf.dir/Drivers/STM32G4xx_HAL_Driver/Src/stm32g4xx_hal_rcc.c.obj
LOAD CMakeFiles/Robot_Hand_v2.0.elf.dir/Drivers/STM32G4xx_HAL_Driver/Src/stm32g4xx_hal_rcc_ex.c.obj
LOAD CMakeFiles/Robot_Hand_v2.0.elf.dir/Drivers/STM32G4xx_HAL_Driver/Src/stm32g4xx_hal_tim.c.obj
LOAD CMakeFiles/Robot_Hand_v2.0.elf.dir/Drivers/STM32G4xx_HAL_Driver/Src/stm32g4xx_hal_tim_ex.c.obj
LOAD CMakeFiles/Robot_Hand_v2.0.elf.dir/Drivers/STM32G4xx_HAL_Driver/Src/stm32g4xx_ll_adc.c.obj
START GROUP
LOAD c:/progra~2/gnuarm~1/102021~1.10/bin/../lib/gcc/arm-none-eabi/10.3.1/thumb/v7e-m/nofp\libgcc.a
LOAD c:/progra~2/gnuarm~1/102021~1.10/bin/../lib/gcc/arm-none-eabi/10.3.1/../../../../arm-none-eabi/lib/thumb/v7e-m/nofp\libc.a
END GROUP
LOAD c:/progra~2/gnuarm~1/102021~1.10/bin/../lib/gcc/arm-none-eabi/10.3.1/thumb/v7e-m/nofp/crtend.o
LOAD c:/progra~2/gnuarm~1/102021~1.10/bin/../lib/gcc/arm-none-eabi/10.3.1/thumb/v7e-m/nofp/crtn.o
                0x20008000                _estack = (ORIGIN (RAM) + LENGTH (RAM))
                0x00000200                _Min_Heap_Size = 0x200
                0x00000400                _Min_Stack_Size = 0x400

.isr_vector     0x08010000      0x1d8
                0x08010000                . = ALIGN (0x4)
 *(.isr_vector)
 .isr_vector    0x08010000      0x1d8 CMakeFiles/Robot_Hand_v2.0.elf.dir/Core/Startup/startup_stm32g431kbux.s.obj
                0x08010000                g_pfnVectors
                0x080101d8                . = ALIGN (0x4)

.text           0x080101d8     0x4780
                0x080101d8                . = ALIGN (0x4)
 *(.text)
 .text          0x080101d8       0x40 c:/progra~2/gnuarm~1/102021~1.10/bin/../lib/gcc/arm-none-eabi/10.3.1/thumb/v7e-m/nofp/crtbegin.o
 *(.text*)
 .text.MX_ADC2_Init
                0x08010218       0xa8 CMakeFiles/Robot_Hand_v2.0.elf.dir/Core/Src/adc.c.obj
                0x08010218                MX_ADC2_Init
 .text.HAL_ADC_MspInit
                0x080102c0       0xcc CMakeFiles/Robot_Hand_v2.0.elf.dir/Core/Src/adc.c.obj
                0x080102c0                HAL_ADC_MspInit
 .text.MX_DMA_Init
                0x0801038c       0x44 CMakeFiles/Robot_Hand_v2.0.elf.dir/Core/Src/dma.c.obj
                0x0801038c                MX_DMA_Init
 .text.MX_FDCAN1_Init
                0x080103d0       0x54 CMakeFiles/Robot_Hand_v2.0.elf.dir/Core/Src/fdcan.c.obj
                0x080103d0                MX_FDCAN1_Init
 .text.HAL_FDCAN_MspInit
                0x08010424       0xb0 CMakeFiles/Robot_Hand_v2.0.elf.dir/Core/Src/fdcan.c.obj
                0x08010424                HAL_FDCAN_MspInit
 .text.MX_GPIO_Init
                0x080104d4       0xc0 CMakeFiles/Robot_Hand_v2.0.elf.dir/Core/Src/gpio.c.obj
                0x080104d4                MX_GPIO_Init
 .text.MX_I2C1_Init
                0x08010594       0x58 CMakeFiles/Robot_Hand_v2.0.elf.dir/Core/Src/i2c.c.obj
                0x08010594                MX_I2C1_Init
 .text.HAL_I2C_MspInit
                0x080105ec       0xb4 CMakeFiles/Robot_Hand_v2.0.elf.dir/Core/Src/i2c.c.obj
                0x080105ec                HAL_I2C_MspInit
 .text.MX_IWDG_Init
                0x080106a0       0x2c CMakeFiles/Robot_Hand_v2.0.elf.dir/Core/Src/iwdg.c.obj
                0x080106a0                MX_IWDG_Init
 .text.SendDataIntegration
                0x080106cc       0xc8 CMakeFiles/Robot_Hand_v2.0.elf.dir/Core/Src/main.c.obj
                0x080106cc                SendDataIntegration
 .text.StatusLightSwitch
                0x08010794       0x4c CMakeFiles/Robot_Hand_v2.0.elf.dir/Core/Src/main.c.obj
                0x08010794                StatusLightSwitch
 .text.Error_Handler
                0x080107e0        0x4 CMakeFiles/Robot_Hand_v2.0.elf.dir/Core/Src/main.c.obj
                0x080107e0                Error_Handler
 .text.SystemClock_Config
                0x080107e4       0x74 CMakeFiles/Robot_Hand_v2.0.elf.dir/Core/Src/main.c.obj
                0x080107e4                SystemClock_Config
 .text.main     0x08010858       0xd0 CMakeFiles/Robot_Hand_v2.0.elf.dir/Core/Src/main.c.obj
                0x08010858                main
 .text.HAL_MspInit
                0x08010928       0x38 CMakeFiles/Robot_Hand_v2.0.elf.dir/Core/Src/stm32g4xx_hal_msp.c.obj
                0x08010928                HAL_MspInit
 .text.NMI_Handler
                0x08010960        0x2 CMakeFiles/Robot_Hand_v2.0.elf.dir/Core/Src/stm32g4xx_it.c.obj
                0x08010960                NMI_Handler
 *fill*         0x08010962        0x2 
 .text.HardFault_Handler
                0x08010964       0x48 CMakeFiles/Robot_Hand_v2.0.elf.dir/Core/Src/stm32g4xx_it.c.obj
                0x08010964                HardFault_Handler
 .text.MemManage_Handler
                0x080109ac        0x2 CMakeFiles/Robot_Hand_v2.0.elf.dir/Core/Src/stm32g4xx_it.c.obj
                0x080109ac                MemManage_Handler
 .text.BusFault_Handler
                0x080109ae        0x2 CMakeFiles/Robot_Hand_v2.0.elf.dir/Core/Src/stm32g4xx_it.c.obj
                0x080109ae                BusFault_Handler
 .text.UsageFault_Handler
                0x080109b0        0x2 CMakeFiles/Robot_Hand_v2.0.elf.dir/Core/Src/stm32g4xx_it.c.obj
                0x080109b0                UsageFault_Handler
 .text.SVC_Handler
                0x080109b2        0x2 CMakeFiles/Robot_Hand_v2.0.elf.dir/Core/Src/stm32g4xx_it.c.obj
                0x080109b2                SVC_Handler
 .text.DebugMon_Handler
                0x080109b4        0x2 CMakeFiles/Robot_Hand_v2.0.elf.dir/Core/Src/stm32g4xx_it.c.obj
                0x080109b4                DebugMon_Handler
 .text.PendSV_Handler
                0x080109b6        0x2 CMakeFiles/Robot_Hand_v2.0.elf.dir/Core/Src/stm32g4xx_it.c.obj
                0x080109b6                PendSV_Handler
 .text.SysTick_Handler
                0x080109b8        0x8 CMakeFiles/Robot_Hand_v2.0.elf.dir/Core/Src/stm32g4xx_it.c.obj
                0x080109b8                SysTick_Handler
 .text.DMA1_Channel1_IRQHandler
                0x080109c0       0x10 CMakeFiles/Robot_Hand_v2.0.elf.dir/Core/Src/stm32g4xx_it.c.obj
                0x080109c0                DMA1_Channel1_IRQHandler
 .text.FDCAN1_IT0_IRQHandler
                0x080109d0       0x10 CMakeFiles/Robot_Hand_v2.0.elf.dir/Core/Src/stm32g4xx_it.c.obj
                0x080109d0                FDCAN1_IT0_IRQHandler
 .text.FDCAN1_IT1_IRQHandler
                0x080109e0       0x10 CMakeFiles/Robot_Hand_v2.0.elf.dir/Core/Src/stm32g4xx_it.c.obj
                0x080109e0                FDCAN1_IT1_IRQHandler
 .text.TIM7_IRQHandler
                0x080109f0       0x10 CMakeFiles/Robot_Hand_v2.0.elf.dir/Core/Src/stm32g4xx_it.c.obj
                0x080109f0                TIM7_IRQHandler
 .text.SystemInit
                0x08010a00        0x2 CMakeFiles/Robot_Hand_v2.0.elf.dir/Core/Src/system_stm32g4xx.c.obj
                0x08010a00                SystemInit
 *fill*         0x08010a02        0x2 
 .text.MX_TIM7_Init
                0x08010a04       0x50 CMakeFiles/Robot_Hand_v2.0.elf.dir/Core/Src/tim.c.obj
                0x08010a04                MX_TIM7_Init
 .text.HAL_TIM_Base_MspInit
                0x08010a54       0x40 CMakeFiles/Robot_Hand_v2.0.elf.dir/Core/Src/tim.c.obj
                0x08010a54                HAL_TIM_Base_MspInit
 .text.Reset_Handler
                0x08010a94       0x50 CMakeFiles/Robot_Hand_v2.0.elf.dir/Core/Startup/startup_stm32g431kbux.s.obj
                0x08010a94                Reset_Handler
 .text.Default_Handler
                0x08010ae4        0x2 CMakeFiles/Robot_Hand_v2.0.elf.dir/Core/Startup/startup_stm32g431kbux.s.obj
                0x08010ae4                RTC_Alarm_IRQHandler
                0x08010ae4                EXTI2_IRQHandler
                0x08010ae4                TIM8_TRG_COM_IRQHandler
                0x08010ae4                TIM8_CC_IRQHandler
                0x08010ae4                TIM1_CC_IRQHandler
                0x08010ae4                USB_HP_IRQHandler
                0x08010ae4                CORDIC_IRQHandler
                0x08010ae4                EXTI3_IRQHandler
                0x08010ae4                I2C3_ER_IRQHandler
                0x08010ae4                EXTI0_IRQHandler
                0x08010ae4                I2C2_EV_IRQHandler
                0x08010ae4                FPU_IRQHandler
                0x08010ae4                TIM1_UP_TIM16_IRQHandler
                0x08010ae4                ADC1_2_IRQHandler
                0x08010ae4                SPI1_IRQHandler
                0x08010ae4                TIM6_DAC_IRQHandler
                0x08010ae4                TIM8_UP_IRQHandler
                0x08010ae4                DMA2_Channel2_IRQHandler
                0x08010ae4                DMA1_Channel4_IRQHandler
                0x08010ae4                USART3_IRQHandler
                0x08010ae4                TIM4_IRQHandler
                0x08010ae4                DMA2_Channel1_IRQHandler
                0x08010ae4                I2C1_EV_IRQHandler
                0x08010ae4                DMA1_Channel6_IRQHandler
                0x08010ae4                UART4_IRQHandler
                0x08010ae4                DMA2_Channel4_IRQHandler
                0x08010ae4                TIM3_IRQHandler
                0x08010ae4                RCC_IRQHandler
                0x08010ae4                Default_Handler
                0x08010ae4                RTC_TAMP_LSECSS_IRQHandler
                0x08010ae4                FMAC_IRQHandler
                0x08010ae4                EXTI15_10_IRQHandler
                0x08010ae4                UCPD1_IRQHandler
                0x08010ae4                I2C3_EV_IRQHandler
                0x08010ae4                EXTI9_5_IRQHandler
                0x08010ae4                RTC_WKUP_IRQHandler
                0x08010ae4                PVD_PVM_IRQHandler
                0x08010ae4                SPI2_IRQHandler
                0x08010ae4                DMA2_Channel5_IRQHandler
                0x08010ae4                CRS_IRQHandler
                0x08010ae4                DMA1_Channel5_IRQHandler
                0x08010ae4                USB_LP_IRQHandler
                0x08010ae4                EXTI4_IRQHandler
                0x08010ae4                RNG_IRQHandler
                0x08010ae4                TIM1_TRG_COM_TIM17_IRQHandler
                0x08010ae4                DMA1_Channel3_IRQHandler
                0x08010ae4                WWDG_IRQHandler
                0x08010ae4                LPUART1_IRQHandler
                0x08010ae4                DMA2_Channel6_IRQHandler
                0x08010ae4                TIM2_IRQHandler
                0x08010ae4                COMP1_2_3_IRQHandler
                0x08010ae4                EXTI1_IRQHandler
                0x08010ae4                USART2_IRQHandler
                0x08010ae4                I2C2_ER_IRQHandler
                0x08010ae4                DMA1_Channel2_IRQHandler
                0x08010ae4                TIM8_BRK_IRQHandler
                0x08010ae4                FLASH_IRQHandler
                0x08010ae4                USART1_IRQHandler
                0x08010ae4                SPI3_IRQHandler
                0x08010ae4                I2C1_ER_IRQHandler
                0x08010ae4                LPTIM1_IRQHandler
                0x08010ae4                DMAMUX_OVR_IRQHandler
                0x08010ae4                USBWakeUp_IRQHandler
                0x08010ae4                SAI1_IRQHandler
                0x08010ae4                DMA2_Channel3_IRQHandler
                0x08010ae4                COMP4_IRQHandler
                0x08010ae4                TIM1_BRK_TIM15_IRQHandler
 *fill*         0x08010ae6        0x2 
 .text.ReviseDirection
                0x08010ae8       0x1c CMakeFiles/Robot_Hand_v2.0.elf.dir/Core/User/Src/my_fdcan.c.obj
 .text.CanFilterInit
                0x08010b04       0x40 CMakeFiles/Robot_Hand_v2.0.elf.dir/Core/User/Src/my_fdcan.c.obj
 .text.ReceiveAnalyse
                0x08010b44       0x7c CMakeFiles/Robot_Hand_v2.0.elf.dir/Core/User/Src/my_fdcan.c.obj
 .text.GetFDcanData
                0x08010bc0       0x60 CMakeFiles/Robot_Hand_v2.0.elf.dir/Core/User/Src/my_fdcan.c.obj
 .text.CanInit  0x08010c20       0x20 CMakeFiles/Robot_Hand_v2.0.elf.dir/Core/User/Src/my_fdcan.c.obj
                0x08010c20                CanInit
 .text.CanSendMsg
                0x08010c40       0x48 CMakeFiles/Robot_Hand_v2.0.elf.dir/Core/User/Src/my_fdcan.c.obj
                0x08010c40                CanSendMsg
 .text.SendHandState
                0x08010c88       0x40 CMakeFiles/Robot_Hand_v2.0.elf.dir/Core/User/Src/my_fdcan.c.obj
                0x08010c88                SendHandState
 .text.HAL_FDCAN_RxFifo0Callback
                0x08010cc8       0x64 CMakeFiles/Robot_Hand_v2.0.elf.dir/Core/User/Src/my_fdcan.c.obj
                0x08010cc8                HAL_FDCAN_RxFifo0Callback
 .text.ReadFlashWord
                0x08010d2c        0x4 CMakeFiles/Robot_Hand_v2.0.elf.dir/Core/User/Src/my_flash.c.obj
 .text.ReadFlashSpecifyLen
                0x08010d30       0x20 CMakeFiles/Robot_Hand_v2.0.elf.dir/Core/User/Src/my_flash.c.obj
                0x08010d30                ReadFlashSpecifyLen
 .text.WriteFlashData
                0x08010d50       0x9c CMakeFiles/Robot_Hand_v2.0.elf.dir/Core/User/Src/my_flash.c.obj
                0x08010d50                WriteFlashData
 .text.WriteFlashDefault
                0x08010dec       0xb0 CMakeFiles/Robot_Hand_v2.0.elf.dir/Core/User/Src/my_flash.c.obj
                0x08010dec                WriteFlashDefault
 .text.InitFlash
                0x08010e9c       0x68 CMakeFiles/Robot_Hand_v2.0.elf.dir/Core/User/Src/my_flash.c.obj
                0x08010e9c                InitFlash
 .text.ReadChipId
                0x08010f04       0x10 CMakeFiles/Robot_Hand_v2.0.elf.dir/Core/User/Src/my_flash.c.obj
                0x08010f04                ReadChipId
 .text.UpgradeFlashExamine
                0x08010f14       0x34 CMakeFiles/Robot_Hand_v2.0.elf.dir/Core/User/Src/my_flash.c.obj
                0x08010f14                UpgradeFlashExamine
 .text.KeyScan  0x08010f48      0x128 CMakeFiles/Robot_Hand_v2.0.elf.dir/Core/User/Src/my_key.c.obj
                0x08010f48                KeyScan
 .text.SoftTimerDec
                0x08011070       0x20 CMakeFiles/Robot_Hand_v2.0.elf.dir/Core/User/Src/my_time.c.obj
 .text.InitTimer
                0x08011090       0x30 CMakeFiles/Robot_Hand_v2.0.elf.dir/Core/User/Src/my_time.c.obj
                0x08011090                InitTimer
 .text.HAL_TIM_PeriodElapsedCallback
                0x080110c0       0x7c CMakeFiles/Robot_Hand_v2.0.elf.dir/Core/User/Src/my_time.c.obj
                0x080110c0                HAL_TIM_PeriodElapsedCallback
 .text.StartAutoTimer
                0x0801113c       0x2c CMakeFiles/Robot_Hand_v2.0.elf.dir/Core/User/Src/my_time.c.obj
                0x0801113c                StartAutoTimer
 .text.CheckTimer
                0x08011168       0x34 CMakeFiles/Robot_Hand_v2.0.elf.dir/Core/User/Src/my_time.c.obj
                0x08011168                CheckTimer
 .text.VL6180X_ReadByte
                0x0801119c       0x34 CMakeFiles/Robot_Hand_v2.0.elf.dir/Core/User/Src/my_vl6180x.c.obj
 .text.VL6180X_WriteByte
                0x080111d0       0x2c CMakeFiles/Robot_Hand_v2.0.elf.dir/Core/User/Src/my_vl6180x.c.obj
 .text.VL6180X_Init
                0x080111fc      0x172 CMakeFiles/Robot_Hand_v2.0.elf.dir/Core/User/Src/my_vl6180x.c.obj
                0x080111fc                VL6180X_Init
 *fill*         0x0801136e        0x2 
 .text.HAL_InitTick
                0x08011370       0x50 CMakeFiles/Robot_Hand_v2.0.elf.dir/Drivers/STM32G4xx_HAL_Driver/Src/stm32g4xx_hal.c.obj
                0x08011370                HAL_InitTick
 .text.HAL_Init
                0x080113c0       0x1e CMakeFiles/Robot_Hand_v2.0.elf.dir/Drivers/STM32G4xx_HAL_Driver/Src/stm32g4xx_hal.c.obj
                0x080113c0                HAL_Init
 *fill*         0x080113de        0x2 
 .text.HAL_IncTick
                0x080113e0       0x18 CMakeFiles/Robot_Hand_v2.0.elf.dir/Drivers/STM32G4xx_HAL_Driver/Src/stm32g4xx_hal.c.obj
                0x080113e0                HAL_IncTick
 .text.HAL_GetTick
                0x080113f8        0xc CMakeFiles/Robot_Hand_v2.0.elf.dir/Drivers/STM32G4xx_HAL_Driver/Src/stm32g4xx_hal.c.obj
                0x080113f8                HAL_GetTick
 .text.HAL_Delay
                0x08011404       0x28 CMakeFiles/Robot_Hand_v2.0.elf.dir/Drivers/STM32G4xx_HAL_Driver/Src/stm32g4xx_hal.c.obj
                0x08011404                HAL_Delay
 .text.HAL_ADC_Init
                0x0801142c      0x234 CMakeFiles/Robot_Hand_v2.0.elf.dir/Drivers/STM32G4xx_HAL_Driver/Src/stm32g4xx_hal_adc.c.obj
                0x0801142c                HAL_ADC_Init
 .text.HAL_ADC_ConvCpltCallback
                0x08011660        0x2 CMakeFiles/Robot_Hand_v2.0.elf.dir/Drivers/STM32G4xx_HAL_Driver/Src/stm32g4xx_hal_adc.c.obj
                0x08011660                HAL_ADC_ConvCpltCallback
 .text.HAL_ADC_ConvHalfCpltCallback
                0x08011662        0x2 CMakeFiles/Robot_Hand_v2.0.elf.dir/Drivers/STM32G4xx_HAL_Driver/Src/stm32g4xx_hal_adc.c.obj
                0x08011662                HAL_ADC_ConvHalfCpltCallback
 .text.ADC_DMAHalfConvCplt
                0x08011664        0xa CMakeFiles/Robot_Hand_v2.0.elf.dir/Drivers/STM32G4xx_HAL_Driver/Src/stm32g4xx_hal_adc.c.obj
                0x08011664                ADC_DMAHalfConvCplt
 .text.HAL_ADC_ErrorCallback
                0x0801166e        0x2 CMakeFiles/Robot_Hand_v2.0.elf.dir/Drivers/STM32G4xx_HAL_Driver/Src/stm32g4xx_hal_adc.c.obj
                0x0801166e                HAL_ADC_ErrorCallback
 .text.ADC_DMAConvCplt
                0x08011670       0x88 CMakeFiles/Robot_Hand_v2.0.elf.dir/Drivers/STM32G4xx_HAL_Driver/Src/stm32g4xx_hal_adc.c.obj
                0x08011670                ADC_DMAConvCplt
 .text.ADC_DMAError
                0x080116f8       0x1a CMakeFiles/Robot_Hand_v2.0.elf.dir/Drivers/STM32G4xx_HAL_Driver/Src/stm32g4xx_hal_adc.c.obj
                0x080116f8                ADC_DMAError
 *fill*         0x08011712        0x2 
 .text.HAL_ADC_ConfigChannel
                0x08011714      0x4e4 CMakeFiles/Robot_Hand_v2.0.elf.dir/Drivers/STM32G4xx_HAL_Driver/Src/stm32g4xx_hal_adc.c.obj
                0x08011714                HAL_ADC_ConfigChannel
 .text.ADC_Enable
                0x08011bf8       0xdc CMakeFiles/Robot_Hand_v2.0.elf.dir/Drivers/STM32G4xx_HAL_Driver/Src/stm32g4xx_hal_adc.c.obj
                0x08011bf8                ADC_Enable
 .text.HAL_ADC_Start_DMA
                0x08011cd4      0x104 CMakeFiles/Robot_Hand_v2.0.elf.dir/Drivers/STM32G4xx_HAL_Driver/Src/stm32g4xx_hal_adc.c.obj
                0x08011cd4                HAL_ADC_Start_DMA
 .text.HAL_NVIC_SetPriorityGrouping
                0x08011dd8       0x24 CMakeFiles/Robot_Hand_v2.0.elf.dir/Drivers/STM32G4xx_HAL_Driver/Src/stm32g4xx_hal_cortex.c.obj
                0x08011dd8                HAL_NVIC_SetPriorityGrouping
 .text.HAL_NVIC_SetPriority
                0x08011dfc       0x70 CMakeFiles/Robot_Hand_v2.0.elf.dir/Drivers/STM32G4xx_HAL_Driver/Src/stm32g4xx_hal_cortex.c.obj
                0x08011dfc                HAL_NVIC_SetPriority
 .text.HAL_NVIC_EnableIRQ
                0x08011e6c       0x1c CMakeFiles/Robot_Hand_v2.0.elf.dir/Drivers/STM32G4xx_HAL_Driver/Src/stm32g4xx_hal_cortex.c.obj
                0x08011e6c                HAL_NVIC_EnableIRQ
 .text.HAL_SYSTICK_Config
                0x08011e88       0x28 CMakeFiles/Robot_Hand_v2.0.elf.dir/Drivers/STM32G4xx_HAL_Driver/Src/stm32g4xx_hal_cortex.c.obj
                0x08011e88                HAL_SYSTICK_Config
 .text.DMA_SetConfig
                0x08011eb0       0x4e CMakeFiles/Robot_Hand_v2.0.elf.dir/Drivers/STM32G4xx_HAL_Driver/Src/stm32g4xx_hal_dma.c.obj
 *fill*         0x08011efe        0x2 
 .text.DMA_CalcDMAMUXChannelBaseAndMask
                0x08011f00       0x48 CMakeFiles/Robot_Hand_v2.0.elf.dir/Drivers/STM32G4xx_HAL_Driver/Src/stm32g4xx_hal_dma.c.obj
 .text.DMA_CalcDMAMUXRequestGenBaseAndMask
                0x08011f48       0x28 CMakeFiles/Robot_Hand_v2.0.elf.dir/Drivers/STM32G4xx_HAL_Driver/Src/stm32g4xx_hal_dma.c.obj
 .text.HAL_DMA_Init
                0x08011f70       0xd8 CMakeFiles/Robot_Hand_v2.0.elf.dir/Drivers/STM32G4xx_HAL_Driver/Src/stm32g4xx_hal_dma.c.obj
                0x08011f70                HAL_DMA_Init
 .text.HAL_DMA_Start_IT
                0x08012048       0x94 CMakeFiles/Robot_Hand_v2.0.elf.dir/Drivers/STM32G4xx_HAL_Driver/Src/stm32g4xx_hal_dma.c.obj
                0x08012048                HAL_DMA_Start_IT
 .text.HAL_DMA_IRQHandler
                0x080120dc       0xc4 CMakeFiles/Robot_Hand_v2.0.elf.dir/Drivers/STM32G4xx_HAL_Driver/Src/stm32g4xx_hal_dma.c.obj
                0x080120dc                HAL_DMA_IRQHandler
 .text.FDCAN_CalcultateRamBlockAddresses
                0x080121a0       0x64 CMakeFiles/Robot_Hand_v2.0.elf.dir/Drivers/STM32G4xx_HAL_Driver/Src/stm32g4xx_hal_fdcan.c.obj
 .text.FDCAN_CopyMessageToRAM
                0x08012204       0x88 CMakeFiles/Robot_Hand_v2.0.elf.dir/Drivers/STM32G4xx_HAL_Driver/Src/stm32g4xx_hal_fdcan.c.obj
 .text.HAL_FDCAN_Init
                0x0801228c      0x1d4 CMakeFiles/Robot_Hand_v2.0.elf.dir/Drivers/STM32G4xx_HAL_Driver/Src/stm32g4xx_hal_fdcan.c.obj
                0x0801228c                HAL_FDCAN_Init
 .text.HAL_FDCAN_ConfigFilter
                0x08012460       0x60 CMakeFiles/Robot_Hand_v2.0.elf.dir/Drivers/STM32G4xx_HAL_Driver/Src/stm32g4xx_hal_fdcan.c.obj
                0x08012460                HAL_FDCAN_ConfigFilter
 .text.HAL_FDCAN_Start
                0x080124c0       0x2e CMakeFiles/Robot_Hand_v2.0.elf.dir/Drivers/STM32G4xx_HAL_Driver/Src/stm32g4xx_hal_fdcan.c.obj
                0x080124c0                HAL_FDCAN_Start
 .text.HAL_FDCAN_AddMessageToTxFifoQ
                0x080124ee       0x52 CMakeFiles/Robot_Hand_v2.0.elf.dir/Drivers/STM32G4xx_HAL_Driver/Src/stm32g4xx_hal_fdcan.c.obj
                0x080124ee                HAL_FDCAN_AddMessageToTxFifoQ
 .text.HAL_FDCAN_GetRxMessage
                0x08012540      0x164 CMakeFiles/Robot_Hand_v2.0.elf.dir/Drivers/STM32G4xx_HAL_Driver/Src/stm32g4xx_hal_fdcan.c.obj
                0x08012540                HAL_FDCAN_GetRxMessage
 .text.HAL_FDCAN_ActivateNotification
                0x080126a4      0x106 CMakeFiles/Robot_Hand_v2.0.elf.dir/Drivers/STM32G4xx_HAL_Driver/Src/stm32g4xx_hal_fdcan.c.obj
                0x080126a4                HAL_FDCAN_ActivateNotification
 .text.HAL_FDCAN_TxEventFifoCallback
                0x080127aa        0x2 CMakeFiles/Robot_Hand_v2.0.elf.dir/Drivers/STM32G4xx_HAL_Driver/Src/stm32g4xx_hal_fdcan.c.obj
                0x080127aa                HAL_FDCAN_TxEventFifoCallback
 .text.HAL_FDCAN_RxFifo1Callback
                0x080127ac        0x2 CMakeFiles/Robot_Hand_v2.0.elf.dir/Drivers/STM32G4xx_HAL_Driver/Src/stm32g4xx_hal_fdcan.c.obj
                0x080127ac                HAL_FDCAN_RxFifo1Callback
 .text.HAL_FDCAN_TxFifoEmptyCallback
                0x080127ae        0x2 CMakeFiles/Robot_Hand_v2.0.elf.dir/Drivers/STM32G4xx_HAL_Driver/Src/stm32g4xx_hal_fdcan.c.obj
                0x080127ae                HAL_FDCAN_TxFifoEmptyCallback
 .text.HAL_FDCAN_TxBufferCompleteCallback
                0x080127b0        0x2 CMakeFiles/Robot_Hand_v2.0.elf.dir/Drivers/STM32G4xx_HAL_Driver/Src/stm32g4xx_hal_fdcan.c.obj
                0x080127b0                HAL_FDCAN_TxBufferCompleteCallback
 .text.HAL_FDCAN_TxBufferAbortCallback
                0x080127b2        0x2 CMakeFiles/Robot_Hand_v2.0.elf.dir/Drivers/STM32G4xx_HAL_Driver/Src/stm32g4xx_hal_fdcan.c.obj
                0x080127b2                HAL_FDCAN_TxBufferAbortCallback
 .text.HAL_FDCAN_TimestampWraparoundCallback
                0x080127b4        0x2 CMakeFiles/Robot_Hand_v2.0.elf.dir/Drivers/STM32G4xx_HAL_Driver/Src/stm32g4xx_hal_fdcan.c.obj
                0x080127b4                HAL_FDCAN_TimestampWraparoundCallback
 .text.HAL_FDCAN_TimeoutOccurredCallback
                0x080127b6        0x2 CMakeFiles/Robot_Hand_v2.0.elf.dir/Drivers/STM32G4xx_HAL_Driver/Src/stm32g4xx_hal_fdcan.c.obj
                0x080127b6                HAL_FDCAN_TimeoutOccurredCallback
 .text.HAL_FDCAN_HighPriorityMessageCallback
                0x080127b8        0x2 CMakeFiles/Robot_Hand_v2.0.elf.dir/Drivers/STM32G4xx_HAL_Driver/Src/stm32g4xx_hal_fdcan.c.obj
                0x080127b8                HAL_FDCAN_HighPriorityMessageCallback
 .text.HAL_FDCAN_ErrorCallback
                0x080127ba        0x2 CMakeFiles/Robot_Hand_v2.0.elf.dir/Drivers/STM32G4xx_HAL_Driver/Src/stm32g4xx_hal_fdcan.c.obj
                0x080127ba                HAL_FDCAN_ErrorCallback
 .text.HAL_FDCAN_ErrorStatusCallback
                0x080127bc        0x2 CMakeFiles/Robot_Hand_v2.0.elf.dir/Drivers/STM32G4xx_HAL_Driver/Src/stm32g4xx_hal_fdcan.c.obj
                0x080127bc                HAL_FDCAN_ErrorStatusCallback
 .text.HAL_FDCAN_IRQHandler
                0x080127be      0x188 CMakeFiles/Robot_Hand_v2.0.elf.dir/Drivers/STM32G4xx_HAL_Driver/Src/stm32g4xx_hal_fdcan.c.obj
                0x080127be                HAL_FDCAN_IRQHandler
 *fill*         0x08012946        0x2 
 .text.FLASH_Program_DoubleWord
                0x08012948       0x1c CMakeFiles/Robot_Hand_v2.0.elf.dir/Drivers/STM32G4xx_HAL_Driver/Src/stm32g4xx_hal_flash.c.obj
 .text.FLASH_Program_Fast
                0x08012964       0x2c CMakeFiles/Robot_Hand_v2.0.elf.dir/Drivers/STM32G4xx_HAL_Driver/Src/stm32g4xx_hal_flash.c.obj
 .text.HAL_FLASH_Unlock
                0x08012990       0x30 CMakeFiles/Robot_Hand_v2.0.elf.dir/Drivers/STM32G4xx_HAL_Driver/Src/stm32g4xx_hal_flash.c.obj
                0x08012990                HAL_FLASH_Unlock
 .text.HAL_FLASH_Lock
                0x080129c0       0x1c CMakeFiles/Robot_Hand_v2.0.elf.dir/Drivers/STM32G4xx_HAL_Driver/Src/stm32g4xx_hal_flash.c.obj
                0x080129c0                HAL_FLASH_Lock
 .text.FLASH_WaitForLastOperation
                0x080129dc       0x60 CMakeFiles/Robot_Hand_v2.0.elf.dir/Drivers/STM32G4xx_HAL_Driver/Src/stm32g4xx_hal_flash.c.obj
                0x080129dc                FLASH_WaitForLastOperation
 .text.HAL_FLASH_Program
                0x08012a3c       0xb0 CMakeFiles/Robot_Hand_v2.0.elf.dir/Drivers/STM32G4xx_HAL_Driver/Src/stm32g4xx_hal_flash.c.obj
                0x08012a3c                HAL_FLASH_Program
 .text.FLASH_MassErase
                0x08012aec       0x20 CMakeFiles/Robot_Hand_v2.0.elf.dir/Drivers/STM32G4xx_HAL_Driver/Src/stm32g4xx_hal_flash_ex.c.obj
 .text.FLASH_PageErase
                0x08012b0c       0x28 CMakeFiles/Robot_Hand_v2.0.elf.dir/Drivers/STM32G4xx_HAL_Driver/Src/stm32g4xx_hal_flash_ex.c.obj
                0x08012b0c                FLASH_PageErase
 .text.FLASH_FlushCaches
                0x08012b34       0x64 CMakeFiles/Robot_Hand_v2.0.elf.dir/Drivers/STM32G4xx_HAL_Driver/Src/stm32g4xx_hal_flash_ex.c.obj
                0x08012b34                FLASH_FlushCaches
 .text.HAL_FLASHEx_Erase
                0x08012b98       0xec CMakeFiles/Robot_Hand_v2.0.elf.dir/Drivers/STM32G4xx_HAL_Driver/Src/stm32g4xx_hal_flash_ex.c.obj
                0x08012b98                HAL_FLASHEx_Erase
 .text.HAL_GPIO_Init
                0x08012c84      0x1dc CMakeFiles/Robot_Hand_v2.0.elf.dir/Drivers/STM32G4xx_HAL_Driver/Src/stm32g4xx_hal_gpio.c.obj
                0x08012c84                HAL_GPIO_Init
 .text.HAL_GPIO_ReadPin
                0x08012e60        0xe CMakeFiles/Robot_Hand_v2.0.elf.dir/Drivers/STM32G4xx_HAL_Driver/Src/stm32g4xx_hal_gpio.c.obj
                0x08012e60                HAL_GPIO_ReadPin
 .text.HAL_GPIO_WritePin
                0x08012e6e        0xa CMakeFiles/Robot_Hand_v2.0.elf.dir/Drivers/STM32G4xx_HAL_Driver/Src/stm32g4xx_hal_gpio.c.obj
                0x08012e6e                HAL_GPIO_WritePin
 .text.HAL_GPIO_TogglePin
                0x08012e78       0x12 CMakeFiles/Robot_Hand_v2.0.elf.dir/Drivers/STM32G4xx_HAL_Driver/Src/stm32g4xx_hal_gpio.c.obj
                0x08012e78                HAL_GPIO_TogglePin
 .text.I2C_Flush_TXDR
                0x08012e8a       0x22 CMakeFiles/Robot_Hand_v2.0.elf.dir/Drivers/STM32G4xx_HAL_Driver/Src/stm32g4xx_hal_i2c.c.obj
 .text.I2C_TransferConfig
                0x08012eac       0x3a CMakeFiles/Robot_Hand_v2.0.elf.dir/Drivers/STM32G4xx_HAL_Driver/Src/stm32g4xx_hal_i2c.c.obj
 .text.I2C_IsErrorOccurred
                0x08012ee6      0x114 CMakeFiles/Robot_Hand_v2.0.elf.dir/Drivers/STM32G4xx_HAL_Driver/Src/stm32g4xx_hal_i2c.c.obj
 .text.I2C_WaitOnTXISFlagUntilTimeout
                0x08012ffa       0x60 CMakeFiles/Robot_Hand_v2.0.elf.dir/Drivers/STM32G4xx_HAL_Driver/Src/stm32g4xx_hal_i2c.c.obj
 .text.I2C_WaitOnFlagUntilTimeout
                0x0801305a       0x7c CMakeFiles/Robot_Hand_v2.0.elf.dir/Drivers/STM32G4xx_HAL_Driver/Src/stm32g4xx_hal_i2c.c.obj
 *fill*         0x080130d6        0x2 
 .text.I2C_RequestMemoryWrite
                0x080130d8       0x7c CMakeFiles/Robot_Hand_v2.0.elf.dir/Drivers/STM32G4xx_HAL_Driver/Src/stm32g4xx_hal_i2c.c.obj
 .text.I2C_RequestMemoryRead
                0x08013154       0x78 CMakeFiles/Robot_Hand_v2.0.elf.dir/Drivers/STM32G4xx_HAL_Driver/Src/stm32g4xx_hal_i2c.c.obj
 .text.I2C_WaitOnSTOPFlagUntilTimeout
                0x080131cc       0x5e CMakeFiles/Robot_Hand_v2.0.elf.dir/Drivers/STM32G4xx_HAL_Driver/Src/stm32g4xx_hal_i2c.c.obj
 .text.HAL_I2C_Init
                0x0801322a       0xc8 CMakeFiles/Robot_Hand_v2.0.elf.dir/Drivers/STM32G4xx_HAL_Driver/Src/stm32g4xx_hal_i2c.c.obj
                0x0801322a                HAL_I2C_Init
 .text.HAL_I2C_Mem_Write
                0x080132f2      0x1a8 CMakeFiles/Robot_Hand_v2.0.elf.dir/Drivers/STM32G4xx_HAL_Driver/Src/stm32g4xx_hal_i2c.c.obj
                0x080132f2                HAL_I2C_Mem_Write
 *fill*         0x0801349a        0x2 
 .text.HAL_I2C_Mem_Read
                0x0801349c      0x1b0 CMakeFiles/Robot_Hand_v2.0.elf.dir/Drivers/STM32G4xx_HAL_Driver/Src/stm32g4xx_hal_i2c.c.obj
                0x0801349c                HAL_I2C_Mem_Read
 .text.HAL_I2CEx_ConfigAnalogFilter
                0x0801364c       0x5c CMakeFiles/Robot_Hand_v2.0.elf.dir/Drivers/STM32G4xx_HAL_Driver/Src/stm32g4xx_hal_i2c_ex.c.obj
                0x0801364c                HAL_I2CEx_ConfigAnalogFilter
 .text.HAL_I2CEx_ConfigDigitalFilter
                0x080136a8       0x58 CMakeFiles/Robot_Hand_v2.0.elf.dir/Drivers/STM32G4xx_HAL_Driver/Src/stm32g4xx_hal_i2c_ex.c.obj
                0x080136a8                HAL_I2CEx_ConfigDigitalFilter
 .text.HAL_IWDG_Init
                0x08013700       0x68 CMakeFiles/Robot_Hand_v2.0.elf.dir/Drivers/STM32G4xx_HAL_Driver/Src/stm32g4xx_hal_iwdg.c.obj
                0x08013700                HAL_IWDG_Init
 .text.HAL_IWDG_Refresh
                0x08013768        0xc CMakeFiles/Robot_Hand_v2.0.elf.dir/Drivers/STM32G4xx_HAL_Driver/Src/stm32g4xx_hal_iwdg.c.obj
                0x08013768                HAL_IWDG_Refresh
 .text.HAL_PWREx_ControlVoltageScaling
                0x08013774      0x10c CMakeFiles/Robot_Hand_v2.0.elf.dir/Drivers/STM32G4xx_HAL_Driver/Src/stm32g4xx_hal_pwr_ex.c.obj
                0x08013774                HAL_PWREx_ControlVoltageScaling
 .text.HAL_PWREx_DisableUCPDDeadBattery
                0x08013880       0x10 CMakeFiles/Robot_Hand_v2.0.elf.dir/Drivers/STM32G4xx_HAL_Driver/Src/stm32g4xx_hal_pwr_ex.c.obj
                0x08013880                HAL_PWREx_DisableUCPDDeadBattery
 .text.RCC_GetSysClockFreqFromPLLSource
                0x08013890       0x58 CMakeFiles/Robot_Hand_v2.0.elf.dir/Drivers/STM32G4xx_HAL_Driver/Src/stm32g4xx_hal_rcc.c.obj
 .text.HAL_RCC_OscConfig
                0x080138e8      0x4e4 CMakeFiles/Robot_Hand_v2.0.elf.dir/Drivers/STM32G4xx_HAL_Driver/Src/stm32g4xx_hal_rcc.c.obj
                0x080138e8                HAL_RCC_OscConfig
 .text.HAL_RCC_GetSysClockFreq
                0x08013dcc       0x88 CMakeFiles/Robot_Hand_v2.0.elf.dir/Drivers/STM32G4xx_HAL_Driver/Src/stm32g4xx_hal_rcc.c.obj
                0x08013dcc                HAL_RCC_GetSysClockFreq
 .text.HAL_RCC_ClockConfig
                0x08013e54      0x1f8 CMakeFiles/Robot_Hand_v2.0.elf.dir/Drivers/STM32G4xx_HAL_Driver/Src/stm32g4xx_hal_rcc.c.obj
                0x08013e54                HAL_RCC_ClockConfig
 .text.HAL_RCCEx_PeriphCLKConfig
                0x0801404c      0x2e4 CMakeFiles/Robot_Hand_v2.0.elf.dir/Drivers/STM32G4xx_HAL_Driver/Src/stm32g4xx_hal_rcc_ex.c.obj
                0x0801404c                HAL_RCCEx_PeriphCLKConfig
 .text.HAL_TIM_Base_Start_IT
                0x08014330       0x84 CMakeFiles/Robot_Hand_v2.0.elf.dir/Drivers/STM32G4xx_HAL_Driver/Src/stm32g4xx_hal_tim.c.obj
                0x08014330                HAL_TIM_Base_Start_IT
 .text.HAL_TIM_OC_DelayElapsedCallback
                0x080143b4        0x2 CMakeFiles/Robot_Hand_v2.0.elf.dir/Drivers/STM32G4xx_HAL_Driver/Src/stm32g4xx_hal_tim.c.obj
                0x080143b4                HAL_TIM_OC_DelayElapsedCallback
 .text.HAL_TIM_IC_CaptureCallback
                0x080143b6        0x2 CMakeFiles/Robot_Hand_v2.0.elf.dir/Drivers/STM32G4xx_HAL_Driver/Src/stm32g4xx_hal_tim.c.obj
                0x080143b6                HAL_TIM_IC_CaptureCallback
 .text.HAL_TIM_PWM_PulseFinishedCallback
                0x080143b8        0x2 CMakeFiles/Robot_Hand_v2.0.elf.dir/Drivers/STM32G4xx_HAL_Driver/Src/stm32g4xx_hal_tim.c.obj
                0x080143b8                HAL_TIM_PWM_PulseFinishedCallback
 .text.HAL_TIM_TriggerCallback
                0x080143ba        0x2 CMakeFiles/Robot_Hand_v2.0.elf.dir/Drivers/STM32G4xx_HAL_Driver/Src/stm32g4xx_hal_tim.c.obj
                0x080143ba                HAL_TIM_TriggerCallback
 .text.HAL_TIM_IRQHandler
                0x080143bc      0x1ea CMakeFiles/Robot_Hand_v2.0.elf.dir/Drivers/STM32G4xx_HAL_Driver/Src/stm32g4xx_hal_tim.c.obj
                0x080143bc                HAL_TIM_IRQHandler
 *fill*         0x080145a6        0x2 
 .text.TIM_Base_SetConfig
                0x080145a8       0xc8 CMakeFiles/Robot_Hand_v2.0.elf.dir/Drivers/STM32G4xx_HAL_Driver/Src/stm32g4xx_hal_tim.c.obj
                0x080145a8                TIM_Base_SetConfig
 .text.HAL_TIM_Base_Init
                0x08014670       0x60 CMakeFiles/Robot_Hand_v2.0.elf.dir/Drivers/STM32G4xx_HAL_Driver/Src/stm32g4xx_hal_tim.c.obj
                0x08014670                HAL_TIM_Base_Init
 .text.HAL_TIMEx_MasterConfigSynchronization
                0x080146d0       0x94 CMakeFiles/Robot_Hand_v2.0.elf.dir/Drivers/STM32G4xx_HAL_Driver/Src/stm32g4xx_hal_tim_ex.c.obj
                0x080146d0                HAL_TIMEx_MasterConfigSynchronization
 .text.HAL_TIMEx_CommutCallback
                0x08014764        0x2 CMakeFiles/Robot_Hand_v2.0.elf.dir/Drivers/STM32G4xx_HAL_Driver/Src/stm32g4xx_hal_tim_ex.c.obj
                0x08014764                HAL_TIMEx_CommutCallback
 .text.HAL_TIMEx_BreakCallback
                0x08014766        0x2 CMakeFiles/Robot_Hand_v2.0.elf.dir/Drivers/STM32G4xx_HAL_Driver/Src/stm32g4xx_hal_tim_ex.c.obj
                0x08014766                HAL_TIMEx_BreakCallback
 .text.HAL_TIMEx_Break2Callback
                0x08014768        0x2 CMakeFiles/Robot_Hand_v2.0.elf.dir/Drivers/STM32G4xx_HAL_Driver/Src/stm32g4xx_hal_tim_ex.c.obj
                0x08014768                HAL_TIMEx_Break2Callback
 .text.HAL_TIMEx_EncoderIndexCallback
                0x0801476a        0x2 CMakeFiles/Robot_Hand_v2.0.elf.dir/Drivers/STM32G4xx_HAL_Driver/Src/stm32g4xx_hal_tim_ex.c.obj
                0x0801476a                HAL_TIMEx_EncoderIndexCallback
 .text.HAL_TIMEx_DirectionChangeCallback
                0x0801476c        0x2 CMakeFiles/Robot_Hand_v2.0.elf.dir/Drivers/STM32G4xx_HAL_Driver/Src/stm32g4xx_hal_tim_ex.c.obj
                0x0801476c                HAL_TIMEx_DirectionChangeCallback
 .text.HAL_TIMEx_IndexErrorCallback
                0x0801476e        0x2 CMakeFiles/Robot_Hand_v2.0.elf.dir/Drivers/STM32G4xx_HAL_Driver/Src/stm32g4xx_hal_tim_ex.c.obj
                0x0801476e                HAL_TIMEx_IndexErrorCallback
 .text.HAL_TIMEx_TransitionErrorCallback
                0x08014770        0x2 CMakeFiles/Robot_Hand_v2.0.elf.dir/Drivers/STM32G4xx_HAL_Driver/Src/stm32g4xx_hal_tim_ex.c.obj
                0x08014770                HAL_TIMEx_TransitionErrorCallback
 *fill*         0x08014772        0x2 
 .text.__libc_init_array
                0x08014774       0x48 c:/progra~2/gnuarm~1/102021~1.10/bin/../lib/gcc/arm-none-eabi/10.3.1/../../../../arm-none-eabi/lib/thumb/v7e-m/nofp\libc.a(lib_a-init.o)
                0x08014774                __libc_init_array
 .text.memset   0x080147bc       0xa4 c:/progra~2/gnuarm~1/102021~1.10/bin/../lib/gcc/arm-none-eabi/10.3.1/../../../../arm-none-eabi/lib/thumb/v7e-m/nofp\libc.a(lib_a-memset.o)
                0x080147bc                memset
 .text.startup.register_fini
                0x08014860       0x14 c:/progra~2/gnuarm~1/102021~1.10/bin/../lib/gcc/arm-none-eabi/10.3.1/../../../../arm-none-eabi/lib/thumb/v7e-m/nofp\libc.a(lib_a-__call_atexit.o)
 .text.atexit   0x08014874        0xc c:/progra~2/gnuarm~1/102021~1.10/bin/../lib/gcc/arm-none-eabi/10.3.1/../../../../arm-none-eabi/lib/thumb/v7e-m/nofp\libc.a(lib_a-atexit.o)
                0x08014874                atexit
 .text.__libc_fini_array
                0x08014880       0x2c c:/progra~2/gnuarm~1/102021~1.10/bin/../lib/gcc/arm-none-eabi/10.3.1/../../../../arm-none-eabi/lib/thumb/v7e-m/nofp\libc.a(lib_a-fini.o)
                0x08014880                __libc_fini_array
 .text.__retarget_lock_acquire_recursive
                0x080148ac        0x4 c:/progra~2/gnuarm~1/102021~1.10/bin/../lib/gcc/arm-none-eabi/10.3.1/../../../../arm-none-eabi/lib/thumb/v7e-m/nofp\libc.a(lib_a-lock.o)
                0x080148ac                __retarget_lock_acquire_recursive
 .text.__retarget_lock_release_recursive
                0x080148b0        0x4 c:/progra~2/gnuarm~1/102021~1.10/bin/../lib/gcc/arm-none-eabi/10.3.1/../../../../arm-none-eabi/lib/thumb/v7e-m/nofp\libc.a(lib_a-lock.o)
                0x080148b0                __retarget_lock_release_recursive
 .text.__register_exitproc
                0x080148b4       0x8c c:/progra~2/gnuarm~1/102021~1.10/bin/../lib/gcc/arm-none-eabi/10.3.1/../../../../arm-none-eabi/lib/thumb/v7e-m/nofp\libc.a(lib_a-__atexit.o)
                0x080148b4                __register_exitproc
 *(.glue_7)
 .glue_7        0x08014940        0x0 linker stubs
 *(.glue_7t)
 .glue_7t       0x08014940        0x0 linker stubs
 *(.eh_frame)
 .eh_frame      0x08014940        0x0 c:/progra~2/gnuarm~1/102021~1.10/bin/../lib/gcc/arm-none-eabi/10.3.1/thumb/v7e-m/nofp/crtbegin.o
 *(.init)
 .init          0x08014940        0x4 c:/progra~2/gnuarm~1/102021~1.10/bin/../lib/gcc/arm-none-eabi/10.3.1/thumb/v7e-m/nofp/crti.o
                0x08014940                _init
 .init          0x08014944        0x8 c:/progra~2/gnuarm~1/102021~1.10/bin/../lib/gcc/arm-none-eabi/10.3.1/thumb/v7e-m/nofp/crtn.o
 *(.fini)
 .fini          0x0801494c        0x4 c:/progra~2/gnuarm~1/102021~1.10/bin/../lib/gcc/arm-none-eabi/10.3.1/thumb/v7e-m/nofp/crti.o
                0x0801494c                _fini
 .fini          0x08014950        0x8 c:/progra~2/gnuarm~1/102021~1.10/bin/../lib/gcc/arm-none-eabi/10.3.1/thumb/v7e-m/nofp/crtn.o
                0x08014958                . = ALIGN (0x4)
                0x08014958                _etext = .

.vfp11_veneer   0x08014958        0x0
 .vfp11_veneer  0x08014958        0x0 linker stubs

.v4_bx          0x08014958        0x0
 .v4_bx         0x08014958        0x0 linker stubs

.iplt           0x08014958        0x0
 .iplt          0x08014958        0x0 c:/progra~2/gnuarm~1/102021~1.10/bin/../lib/gcc/arm-none-eabi/10.3.1/thumb/v7e-m/nofp/crtbegin.o

.rodata         0x08014958       0x24
                0x08014958                . = ALIGN (0x4)
 *(.rodata)
 *(.rodata*)
 .rodata.AHBPrescTable
                0x08014958       0x10 CMakeFiles/Robot_Hand_v2.0.elf.dir/Core/Src/system_stm32g4xx.c.obj
                0x08014958                AHBPrescTable
 .rodata.DLCtoBytes
                0x08014968       0x10 CMakeFiles/Robot_Hand_v2.0.elf.dir/Drivers/STM32G4xx_HAL_Driver/Src/stm32g4xx_hal_fdcan.c.obj
 .rodata._global_impure_ptr
                0x08014978        0x4 c:/progra~2/gnuarm~1/102021~1.10/bin/../lib/gcc/arm-none-eabi/10.3.1/../../../../arm-none-eabi/lib/thumb/v7e-m/nofp\libc.a(lib_a-impure.o)
                0x08014978                _global_impure_ptr
                0x0801497c                . = ALIGN (0x4)

.rel.dyn        0x0801497c        0x0
 .rel.iplt      0x0801497c        0x0 c:/progra~2/gnuarm~1/102021~1.10/bin/../lib/gcc/arm-none-eabi/10.3.1/thumb/v7e-m/nofp/crtbegin.o

.ARM.extab      0x0801497c        0x0
                0x0801497c                . = ALIGN (0x4)
 *(.ARM.extab* .gnu.linkonce.armextab.*)
                0x0801497c                . = ALIGN (0x4)

.ARM            0x0801497c        0x0
                0x0801497c                . = ALIGN (0x4)
                0x0801497c                __exidx_start = .
 *(.ARM.exidx*)
                0x0801497c                __exidx_end = .
                0x0801497c                . = ALIGN (0x4)

.preinit_array  0x0801497c        0x0
                0x0801497c                . = ALIGN (0x4)
                0x0801497c                PROVIDE (__preinit_array_start = .)
 *(.preinit_array*)
                0x0801497c                PROVIDE (__preinit_array_end = .)
                0x0801497c                . = ALIGN (0x4)

.init_array     0x0801497c        0x8
                0x0801497c                . = ALIGN (0x4)
                0x0801497c                PROVIDE (__init_array_start = .)
 *(SORT_BY_NAME(.init_array.*))
 .init_array.00000
                0x0801497c        0x4 c:/progra~2/gnuarm~1/102021~1.10/bin/../lib/gcc/arm-none-eabi/10.3.1/../../../../arm-none-eabi/lib/thumb/v7e-m/nofp\libc.a(lib_a-__call_atexit.o)
 *(.init_array*)
 .init_array    0x08014980        0x4 c:/progra~2/gnuarm~1/102021~1.10/bin/../lib/gcc/arm-none-eabi/10.3.1/thumb/v7e-m/nofp/crtbegin.o
                0x08014984                PROVIDE (__init_array_end = .)
                0x08014984                . = ALIGN (0x4)

.fini_array     0x08014984        0x4
                0x08014984                . = ALIGN (0x4)
                0x08014984                PROVIDE (__fini_array_start = .)
 *(SORT_BY_NAME(.fini_array.*))
 *(.fini_array*)
 .fini_array    0x08014984        0x4 c:/progra~2/gnuarm~1/102021~1.10/bin/../lib/gcc/arm-none-eabi/10.3.1/thumb/v7e-m/nofp/crtbegin.o
                0x08014988                PROVIDE (__fini_array_end = .)
                0x08014988                . = ALIGN (0x4)
                0x08014988                _sidata = LOADADDR (.data)

.data           0x20000000      0x49c load address 0x08014988
                0x20000000                . = ALIGN (0x4)
                0x20000000                _sdata = .
 *(.data)
 *(.data*)
 .data.SystemCoreClock
                0x20000000        0x4 CMakeFiles/Robot_Hand_v2.0.elf.dir/Core/Src/system_stm32g4xx.c.obj
                0x20000000                SystemCoreClock
 .data.col_pins
                0x20000004        0x6 CMakeFiles/Robot_Hand_v2.0.elf.dir/Core/User/Src/my_key.c.obj
                0x20000004                col_pins
 *fill*         0x2000000a        0x2 
 .data.col_ports
                0x2000000c        0xc CMakeFiles/Robot_Hand_v2.0.elf.dir/Core/User/Src/my_key.c.obj
                0x2000000c                col_ports
 .data.key_pins
                0x20000018        0x8 CMakeFiles/Robot_Hand_v2.0.elf.dir/Core/User/Src/my_key.c.obj
                0x20000018                key_pins
 .data.key_ports
                0x20000020       0x10 CMakeFiles/Robot_Hand_v2.0.elf.dir/Core/User/Src/my_key.c.obj
                0x20000020                key_ports
 .data.row_pins
                0x20000030        0x6 CMakeFiles/Robot_Hand_v2.0.elf.dir/Core/User/Src/my_key.c.obj
                0x20000030                row_pins
 *fill*         0x20000036        0x2 
 .data.row_ports
                0x20000038        0xc CMakeFiles/Robot_Hand_v2.0.elf.dir/Core/User/Src/my_key.c.obj
                0x20000038                row_ports
 .data.uwTickFreq
                0x20000044        0x4 CMakeFiles/Robot_Hand_v2.0.elf.dir/Drivers/STM32G4xx_HAL_Driver/Src/stm32g4xx_hal.c.obj
                0x20000044                uwTickFreq
 .data.uwTickPrio
                0x20000048        0x4 CMakeFiles/Robot_Hand_v2.0.elf.dir/Drivers/STM32G4xx_HAL_Driver/Src/stm32g4xx_hal.c.obj
                0x20000048                uwTickPrio
 .data.pFlash   0x2000004c       0x20 CMakeFiles/Robot_Hand_v2.0.elf.dir/Drivers/STM32G4xx_HAL_Driver/Src/stm32g4xx_hal_flash.c.obj
                0x2000004c                pFlash
 *fill*         0x2000006c        0x4 
 .data.impure_data
                0x20000070      0x428 c:/progra~2/gnuarm~1/102021~1.10/bin/../lib/gcc/arm-none-eabi/10.3.1/../../../../arm-none-eabi/lib/thumb/v7e-m/nofp\libc.a(lib_a-impure.o)
 .data.__atexit_recursive_mutex
                0x20000498        0x4 c:/progra~2/gnuarm~1/102021~1.10/bin/../lib/gcc/arm-none-eabi/10.3.1/../../../../arm-none-eabi/lib/thumb/v7e-m/nofp\libc.a(lib_a-__call_atexit.o)
                0x20000498                __atexit_recursive_mutex
 *(.RamFunc)
 *(.RamFunc*)
                0x2000049c                . = ALIGN (0x4)
                0x2000049c                _edata = .

.igot.plt       0x2000049c        0x0 load address 0x08014e24
 .igot.plt      0x2000049c        0x0 c:/progra~2/gnuarm~1/102021~1.10/bin/../lib/gcc/arm-none-eabi/10.3.1/thumb/v7e-m/nofp/crtbegin.o
                0x2000049c                . = ALIGN (0x4)

.bss            0x2000049c      0x2f8 load address 0x08014e24
                0x2000049c                _sbss = .
                0x2000049c                __bss_start__ = _sbss
 *(.bss)
 .bss           0x2000049c       0x1c c:/progra~2/gnuarm~1/102021~1.10/bin/../lib/gcc/arm-none-eabi/10.3.1/thumb/v7e-m/nofp/crtbegin.o
 *(.bss*)
 .bss.hadc2     0x200004b8       0x6c CMakeFiles/Robot_Hand_v2.0.elf.dir/Core/Src/adc.c.obj
                0x200004b8                hadc2
 .bss.hdma_adc2
                0x20000524       0x60 CMakeFiles/Robot_Hand_v2.0.elf.dir/Core/Src/adc.c.obj
                0x20000524                hdma_adc2
 .bss.hfdcan1   0x20000584       0x64 CMakeFiles/Robot_Hand_v2.0.elf.dir/Core/Src/fdcan.c.obj
                0x20000584                hfdcan1
 .bss.hi2c1     0x200005e8       0x54 CMakeFiles/Robot_Hand_v2.0.elf.dir/Core/Src/i2c.c.obj
                0x200005e8                hi2c1
 .bss.hiwdg     0x2000063c       0x10 CMakeFiles/Robot_Hand_v2.0.elf.dir/Core/Src/iwdg.c.obj
                0x2000063c                hiwdg
 .bss.g_Adc_Buffer
                0x2000064c        0x4 CMakeFiles/Robot_Hand_v2.0.elf.dir/Core/Src/main.c.obj
                0x2000064c                g_Adc_Buffer
 .bss.g_ChipId  0x20000650        0x4 CMakeFiles/Robot_Hand_v2.0.elf.dir/Core/Src/main.c.obj
                0x20000650                g_ChipId
 .bss.g_SendData
                0x20000654       0x14 CMakeFiles/Robot_Hand_v2.0.elf.dir/Core/Src/main.c.obj
                0x20000654                g_SendData
 .bss.g_VL6180xData
                0x20000668        0x1 CMakeFiles/Robot_Hand_v2.0.elf.dir/Core/Src/main.c.obj
                0x20000668                g_VL6180xData
 *fill*         0x20000669        0x3 
 .bss.htim7     0x2000066c       0x4c CMakeFiles/Robot_Hand_v2.0.elf.dir/Core/Src/tim.c.obj
                0x2000066c                htim7
 .bss.RXHeader  0x200006b8       0x28 CMakeFiles/Robot_Hand_v2.0.elf.dir/Core/User/Src/my_fdcan.c.obj
                0x200006b8                RXHeader
 .bss.TXHeader  0x200006e0       0x24 CMakeFiles/Robot_Hand_v2.0.elf.dir/Core/User/Src/my_fdcan.c.obj
                0x200006e0                TXHeader
 .bss.flash_param
                0x20000704       0x10 CMakeFiles/Robot_Hand_v2.0.elf.dir/Core/User/Src/my_flash.c.obj
                0x20000704                flash_param
 .bss.debounce_time.0
                0x20000714       0x24 CMakeFiles/Robot_Hand_v2.0.elf.dir/Core/User/Src/my_key.c.obj
 .bss.g_Key_Matrix
                0x20000738        0x9 CMakeFiles/Robot_Hand_v2.0.elf.dir/Core/User/Src/my_key.c.obj
                0x20000738                g_Key_Matrix
 *fill*         0x20000741        0x3 
 .bss.g_Key_Matrix2
                0x20000744        0x4 CMakeFiles/Robot_Hand_v2.0.elf.dir/Core/User/Src/my_key.c.obj
                0x20000744                g_Key_Matrix2
 .bss.last_key_state.1
                0x20000748        0x9 CMakeFiles/Robot_Hand_v2.0.elf.dir/Core/User/Src/my_key.c.obj
 *fill*         0x20000751        0x3 
 .bss.g_iRunTime
                0x20000754        0x4 CMakeFiles/Robot_Hand_v2.0.elf.dir/Core/User/Src/my_time.c.obj
                0x20000754                g_iRunTime
 .bss.g_iWdgTime
                0x20000758        0x2 CMakeFiles/Robot_Hand_v2.0.elf.dir/Core/User/Src/my_time.c.obj
                0x20000758                g_iWdgTime
 *fill*         0x2000075a        0x2 
 .bss.s_tTmr    0x2000075c       0x30 CMakeFiles/Robot_Hand_v2.0.elf.dir/Core/User/Src/my_time.c.obj
 .bss.uwTick    0x2000078c        0x4 CMakeFiles/Robot_Hand_v2.0.elf.dir/Drivers/STM32G4xx_HAL_Driver/Src/stm32g4xx_hal.c.obj
                0x2000078c                uwTick
 .bss.__lock___atexit_recursive_mutex
                0x20000790        0x1 c:/progra~2/gnuarm~1/102021~1.10/bin/../lib/gcc/arm-none-eabi/10.3.1/../../../../arm-none-eabi/lib/thumb/v7e-m/nofp\libc.a(lib_a-lock.o)
                0x20000790                __lock___atexit_recursive_mutex
 *(COMMON)
                0x20000794                . = ALIGN (0x4)
 *fill*         0x20000791        0x3 
                0x20000794                _ebss = .
                0x20000794                __bss_end__ = _ebss

._user_heap_stack
                0x20000794      0x604 load address 0x08014e24
                0x20000798                . = ALIGN (0x8)
 *fill*         0x20000794        0x4 
                [!provide]                PROVIDE (end = .)
                0x20000798                PROVIDE (_end = .)
                0x20000998                . = (. + _Min_Heap_Size)
 *fill*         0x20000798      0x200 
                0x20000d98                . = (. + _Min_Stack_Size)
 *fill*         0x20000998      0x400 
                0x20000d98                . = ALIGN (0x8)

/DISCARD/
 libc.a(*)
 libm.a(*)
 libgcc.a(*)

.ARM.attributes
                0x00000000       0x2a
 *(.ARM.attributes)
 .ARM.attributes
                0x00000000       0x1e c:/progra~2/gnuarm~1/102021~1.10/bin/../lib/gcc/arm-none-eabi/10.3.1/thumb/v7e-m/nofp/crti.o
 .ARM.attributes
                0x0000001e       0x2e c:/progra~2/gnuarm~1/102021~1.10/bin/../lib/gcc/arm-none-eabi/10.3.1/thumb/v7e-m/nofp/crtbegin.o
 .ARM.attributes
                0x0000004c       0x2e CMakeFiles/Robot_Hand_v2.0.elf.dir/Core/Src/adc.c.obj
 .ARM.attributes
                0x0000007a       0x2e CMakeFiles/Robot_Hand_v2.0.elf.dir/Core/Src/dma.c.obj
 .ARM.attributes
                0x000000a8       0x2e CMakeFiles/Robot_Hand_v2.0.elf.dir/Core/Src/fdcan.c.obj
 .ARM.attributes
                0x000000d6       0x2e CMakeFiles/Robot_Hand_v2.0.elf.dir/Core/Src/gpio.c.obj
 .ARM.attributes
                0x00000104       0x2e CMakeFiles/Robot_Hand_v2.0.elf.dir/Core/Src/i2c.c.obj
 .ARM.attributes
                0x00000132       0x2e CMakeFiles/Robot_Hand_v2.0.elf.dir/Core/Src/iwdg.c.obj
 .ARM.attributes
                0x00000160       0x2e CMakeFiles/Robot_Hand_v2.0.elf.dir/Core/Src/main.c.obj
 .ARM.attributes
                0x0000018e       0x2e CMakeFiles/Robot_Hand_v2.0.elf.dir/Core/Src/stm32g4xx_hal_msp.c.obj
 .ARM.attributes
                0x000001bc       0x2e CMakeFiles/Robot_Hand_v2.0.elf.dir/Core/Src/stm32g4xx_it.c.obj
 .ARM.attributes
                0x000001ea       0x2e CMakeFiles/Robot_Hand_v2.0.elf.dir/Core/Src/system_stm32g4xx.c.obj
 .ARM.attributes
                0x00000218       0x2e CMakeFiles/Robot_Hand_v2.0.elf.dir/Core/Src/tim.c.obj
 .ARM.attributes
                0x00000246       0x21 CMakeFiles/Robot_Hand_v2.0.elf.dir/Core/Startup/startup_stm32g431kbux.s.obj
 .ARM.attributes
                0x00000267       0x2e CMakeFiles/Robot_Hand_v2.0.elf.dir/Core/User/Src/my_fdcan.c.obj
 .ARM.attributes
                0x00000295       0x2e CMakeFiles/Robot_Hand_v2.0.elf.dir/Core/User/Src/my_flash.c.obj
 .ARM.attributes
                0x000002c3       0x2e CMakeFiles/Robot_Hand_v2.0.elf.dir/Core/User/Src/my_key.c.obj
 .ARM.attributes
                0x000002f1       0x2e CMakeFiles/Robot_Hand_v2.0.elf.dir/Core/User/Src/my_time.c.obj
 .ARM.attributes
                0x0000031f       0x2e CMakeFiles/Robot_Hand_v2.0.elf.dir/Core/User/Src/my_vl6180x.c.obj
 .ARM.attributes
                0x0000034d       0x2e CMakeFiles/Robot_Hand_v2.0.elf.dir/Drivers/STM32G4xx_HAL_Driver/Src/stm32g4xx_hal.c.obj
 .ARM.attributes
                0x0000037b       0x2e CMakeFiles/Robot_Hand_v2.0.elf.dir/Drivers/STM32G4xx_HAL_Driver/Src/stm32g4xx_hal_adc.c.obj
 .ARM.attributes
                0x000003a9       0x2e CMakeFiles/Robot_Hand_v2.0.elf.dir/Drivers/STM32G4xx_HAL_Driver/Src/stm32g4xx_hal_cortex.c.obj
 .ARM.attributes
                0x000003d7       0x2e CMakeFiles/Robot_Hand_v2.0.elf.dir/Drivers/STM32G4xx_HAL_Driver/Src/stm32g4xx_hal_dma.c.obj
 .ARM.attributes
                0x00000405       0x2e CMakeFiles/Robot_Hand_v2.0.elf.dir/Drivers/STM32G4xx_HAL_Driver/Src/stm32g4xx_hal_fdcan.c.obj
 .ARM.attributes
                0x00000433       0x2e CMakeFiles/Robot_Hand_v2.0.elf.dir/Drivers/STM32G4xx_HAL_Driver/Src/stm32g4xx_hal_flash.c.obj
 .ARM.attributes
                0x00000461       0x2e CMakeFiles/Robot_Hand_v2.0.elf.dir/Drivers/STM32G4xx_HAL_Driver/Src/stm32g4xx_hal_flash_ex.c.obj
 .ARM.attributes
                0x0000048f       0x2e CMakeFiles/Robot_Hand_v2.0.elf.dir/Drivers/STM32G4xx_HAL_Driver/Src/stm32g4xx_hal_gpio.c.obj
 .ARM.attributes
                0x000004bd       0x2e CMakeFiles/Robot_Hand_v2.0.elf.dir/Drivers/STM32G4xx_HAL_Driver/Src/stm32g4xx_hal_i2c.c.obj
 .ARM.attributes
                0x000004eb       0x2e CMakeFiles/Robot_Hand_v2.0.elf.dir/Drivers/STM32G4xx_HAL_Driver/Src/stm32g4xx_hal_i2c_ex.c.obj
 .ARM.attributes
                0x00000519       0x2e CMakeFiles/Robot_Hand_v2.0.elf.dir/Drivers/STM32G4xx_HAL_Driver/Src/stm32g4xx_hal_iwdg.c.obj
 .ARM.attributes
                0x00000547       0x2e CMakeFiles/Robot_Hand_v2.0.elf.dir/Drivers/STM32G4xx_HAL_Driver/Src/stm32g4xx_hal_pwr_ex.c.obj
 .ARM.attributes
                0x00000575       0x2e CMakeFiles/Robot_Hand_v2.0.elf.dir/Drivers/STM32G4xx_HAL_Driver/Src/stm32g4xx_hal_rcc.c.obj
 .ARM.attributes
                0x000005a3       0x2e CMakeFiles/Robot_Hand_v2.0.elf.dir/Drivers/STM32G4xx_HAL_Driver/Src/stm32g4xx_hal_rcc_ex.c.obj
 .ARM.attributes
                0x000005d1       0x2e CMakeFiles/Robot_Hand_v2.0.elf.dir/Drivers/STM32G4xx_HAL_Driver/Src/stm32g4xx_hal_tim.c.obj
 .ARM.attributes
                0x000005ff       0x2e CMakeFiles/Robot_Hand_v2.0.elf.dir/Drivers/STM32G4xx_HAL_Driver/Src/stm32g4xx_hal_tim_ex.c.obj
 .ARM.attributes
                0x0000062d       0x2e c:/progra~2/gnuarm~1/102021~1.10/bin/../lib/gcc/arm-none-eabi/10.3.1/../../../../arm-none-eabi/lib/thumb/v7e-m/nofp\libc.a(lib_a-impure.o)
 .ARM.attributes
                0x0000065b       0x2e c:/progra~2/gnuarm~1/102021~1.10/bin/../lib/gcc/arm-none-eabi/10.3.1/../../../../arm-none-eabi/lib/thumb/v7e-m/nofp\libc.a(lib_a-init.o)
 .ARM.attributes
                0x00000689       0x2e c:/progra~2/gnuarm~1/102021~1.10/bin/../lib/gcc/arm-none-eabi/10.3.1/../../../../arm-none-eabi/lib/thumb/v7e-m/nofp\libc.a(lib_a-memset.o)
 .ARM.attributes
                0x000006b7       0x2e c:/progra~2/gnuarm~1/102021~1.10/bin/../lib/gcc/arm-none-eabi/10.3.1/../../../../arm-none-eabi/lib/thumb/v7e-m/nofp\libc.a(lib_a-__call_atexit.o)
 .ARM.attributes
                0x000006e5       0x2e c:/progra~2/gnuarm~1/102021~1.10/bin/../lib/gcc/arm-none-eabi/10.3.1/../../../../arm-none-eabi/lib/thumb/v7e-m/nofp\libc.a(lib_a-atexit.o)
 .ARM.attributes
                0x00000713       0x2e c:/progra~2/gnuarm~1/102021~1.10/bin/../lib/gcc/arm-none-eabi/10.3.1/../../../../arm-none-eabi/lib/thumb/v7e-m/nofp\libc.a(lib_a-fini.o)
 .ARM.attributes
                0x00000741       0x2e c:/progra~2/gnuarm~1/102021~1.10/bin/../lib/gcc/arm-none-eabi/10.3.1/../../../../arm-none-eabi/lib/thumb/v7e-m/nofp\libc.a(lib_a-lock.o)
 .ARM.attributes
                0x0000076f       0x2e c:/progra~2/gnuarm~1/102021~1.10/bin/../lib/gcc/arm-none-eabi/10.3.1/../../../../arm-none-eabi/lib/thumb/v7e-m/nofp\libc.a(lib_a-__atexit.o)
 .ARM.attributes
                0x0000079d       0x1e c:/progra~2/gnuarm~1/102021~1.10/bin/../lib/gcc/arm-none-eabi/10.3.1/thumb/v7e-m/nofp/crtn.o
OUTPUT(Robot_Hand_v2.0.elf elf32-littlearm)
LOAD linker stubs
LOAD c:/progra~2/gnuarm~1/102021~1.10/bin/../lib/gcc/arm-none-eabi/10.3.1/../../../../arm-none-eabi/lib/thumb/v7e-m/nofp\libc.a
LOAD c:/progra~2/gnuarm~1/102021~1.10/bin/../lib/gcc/arm-none-eabi/10.3.1/../../../../arm-none-eabi/lib/thumb/v7e-m/nofp\libm.a
LOAD c:/progra~2/gnuarm~1/102021~1.10/bin/../lib/gcc/arm-none-eabi/10.3.1/thumb/v7e-m/nofp\libgcc.a

.debug_info     0x00000000    0x22218
 .debug_info    0x00000000      0xffb CMakeFiles/Robot_Hand_v2.0.elf.dir/Core/Src/adc.c.obj
 .debug_info    0x00000ffb      0x55e CMakeFiles/Robot_Hand_v2.0.elf.dir/Core/Src/dma.c.obj
 .debug_info    0x00001559      0xe59 CMakeFiles/Robot_Hand_v2.0.elf.dir/Core/Src/fdcan.c.obj
 .debug_info    0x000023b2      0x57b CMakeFiles/Robot_Hand_v2.0.elf.dir/Core/Src/gpio.c.obj
 .debug_info    0x0000292d      0xe09 CMakeFiles/Robot_Hand_v2.0.elf.dir/Core/Src/i2c.c.obj
 .debug_info    0x00003736      0x1f5 CMakeFiles/Robot_Hand_v2.0.elf.dir/Core/Src/iwdg.c.obj
 .debug_info    0x0000392b     0x1761 CMakeFiles/Robot_Hand_v2.0.elf.dir/Core/Src/main.c.obj
 .debug_info    0x0000508c      0x345 CMakeFiles/Robot_Hand_v2.0.elf.dir/Core/Src/stm32g4xx_hal_msp.c.obj
 .debug_info    0x000053d1      0xf45 CMakeFiles/Robot_Hand_v2.0.elf.dir/Core/Src/stm32g4xx_it.c.obj
 .debug_info    0x00006316      0x3f9 CMakeFiles/Robot_Hand_v2.0.elf.dir/Core/Src/system_stm32g4xx.c.obj
 .debug_info    0x0000670f      0xe08 CMakeFiles/Robot_Hand_v2.0.elf.dir/Core/Src/tim.c.obj
 .debug_info    0x00007517       0x22 CMakeFiles/Robot_Hand_v2.0.elf.dir/Core/Startup/startup_stm32g431kbux.s.obj
 .debug_info    0x00007539      0xf0e CMakeFiles/Robot_Hand_v2.0.elf.dir/Core/User/Src/my_fdcan.c.obj
 .debug_info    0x00008447      0x693 CMakeFiles/Robot_Hand_v2.0.elf.dir/Core/User/Src/my_flash.c.obj
 .debug_info    0x00008ada      0x3ee CMakeFiles/Robot_Hand_v2.0.elf.dir/Core/User/Src/my_key.c.obj
 .debug_info    0x00008ec8      0xc91 CMakeFiles/Robot_Hand_v2.0.elf.dir/Core/User/Src/my_time.c.obj
 .debug_info    0x00009b59      0xd47 CMakeFiles/Robot_Hand_v2.0.elf.dir/Core/User/Src/my_vl6180x.c.obj
 .debug_info    0x0000a8a0      0xbb8 CMakeFiles/Robot_Hand_v2.0.elf.dir/Drivers/STM32G4xx_HAL_Driver/Src/stm32g4xx_hal.c.obj
 .debug_info    0x0000b458     0x3749 CMakeFiles/Robot_Hand_v2.0.elf.dir/Drivers/STM32G4xx_HAL_Driver/Src/stm32g4xx_hal_adc.c.obj
 .debug_info    0x0000eba1     0x108f CMakeFiles/Robot_Hand_v2.0.elf.dir/Drivers/STM32G4xx_HAL_Driver/Src/stm32g4xx_hal_cortex.c.obj
 .debug_info    0x0000fc30      0xa56 CMakeFiles/Robot_Hand_v2.0.elf.dir/Drivers/STM32G4xx_HAL_Driver/Src/stm32g4xx_hal_dma.c.obj
 .debug_info    0x00010686     0x1d4f CMakeFiles/Robot_Hand_v2.0.elf.dir/Drivers/STM32G4xx_HAL_Driver/Src/stm32g4xx_hal_fdcan.c.obj
 .debug_info    0x000123d5      0x8e8 CMakeFiles/Robot_Hand_v2.0.elf.dir/Drivers/STM32G4xx_HAL_Driver/Src/stm32g4xx_hal_flash.c.obj
 .debug_info    0x00012cbd      0xbe9 CMakeFiles/Robot_Hand_v2.0.elf.dir/Drivers/STM32G4xx_HAL_Driver/Src/stm32g4xx_hal_flash_ex.c.obj
 .debug_info    0x000138a6      0x865 CMakeFiles/Robot_Hand_v2.0.elf.dir/Drivers/STM32G4xx_HAL_Driver/Src/stm32g4xx_hal_gpio.c.obj
 .debug_info    0x0001410b     0x45a4 CMakeFiles/Robot_Hand_v2.0.elf.dir/Drivers/STM32G4xx_HAL_Driver/Src/stm32g4xx_hal_i2c.c.obj
 .debug_info    0x000186af      0xb8c CMakeFiles/Robot_Hand_v2.0.elf.dir/Drivers/STM32G4xx_HAL_Driver/Src/stm32g4xx_hal_i2c_ex.c.obj
 .debug_info    0x0001923b      0x22a CMakeFiles/Robot_Hand_v2.0.elf.dir/Drivers/STM32G4xx_HAL_Driver/Src/stm32g4xx_hal_iwdg.c.obj
 .debug_info    0x00019465      0xa07 CMakeFiles/Robot_Hand_v2.0.elf.dir/Drivers/STM32G4xx_HAL_Driver/Src/stm32g4xx_hal_pwr_ex.c.obj
 .debug_info    0x00019e6c      0xe96 CMakeFiles/Robot_Hand_v2.0.elf.dir/Drivers/STM32G4xx_HAL_Driver/Src/stm32g4xx_hal_rcc.c.obj
 .debug_info    0x0001ad02      0xecf CMakeFiles/Robot_Hand_v2.0.elf.dir/Drivers/STM32G4xx_HAL_Driver/Src/stm32g4xx_hal_rcc_ex.c.obj
 .debug_info    0x0001bbd1     0x410f CMakeFiles/Robot_Hand_v2.0.elf.dir/Drivers/STM32G4xx_HAL_Driver/Src/stm32g4xx_hal_tim.c.obj
 .debug_info    0x0001fce0     0x2538 CMakeFiles/Robot_Hand_v2.0.elf.dir/Drivers/STM32G4xx_HAL_Driver/Src/stm32g4xx_hal_tim_ex.c.obj

.debug_abbrev   0x00000000     0x426d
 .debug_abbrev  0x00000000      0x1ec CMakeFiles/Robot_Hand_v2.0.elf.dir/Core/Src/adc.c.obj
 .debug_abbrev  0x000001ec      0x114 CMakeFiles/Robot_Hand_v2.0.elf.dir/Core/Src/dma.c.obj
 .debug_abbrev  0x00000300      0x1c5 CMakeFiles/Robot_Hand_v2.0.elf.dir/Core/Src/fdcan.c.obj
 .debug_abbrev  0x000004c5      0x14e CMakeFiles/Robot_Hand_v2.0.elf.dir/Core/Src/gpio.c.obj
 .debug_abbrev  0x00000613      0x1ef CMakeFiles/Robot_Hand_v2.0.elf.dir/Core/Src/i2c.c.obj
 .debug_abbrev  0x00000802      0x13a CMakeFiles/Robot_Hand_v2.0.elf.dir/Core/Src/iwdg.c.obj
 .debug_abbrev  0x0000093c      0x2e7 CMakeFiles/Robot_Hand_v2.0.elf.dir/Core/Src/main.c.obj
 .debug_abbrev  0x00000c23       0xd6 CMakeFiles/Robot_Hand_v2.0.elf.dir/Core/Src/stm32g4xx_hal_msp.c.obj
 .debug_abbrev  0x00000cf9      0x20c CMakeFiles/Robot_Hand_v2.0.elf.dir/Core/Src/stm32g4xx_it.c.obj
 .debug_abbrev  0x00000f05      0x119 CMakeFiles/Robot_Hand_v2.0.elf.dir/Core/Src/system_stm32g4xx.c.obj
 .debug_abbrev  0x0000101e      0x20f CMakeFiles/Robot_Hand_v2.0.elf.dir/Core/Src/tim.c.obj
 .debug_abbrev  0x0000122d       0x12 CMakeFiles/Robot_Hand_v2.0.elf.dir/Core/Startup/startup_stm32g431kbux.s.obj
 .debug_abbrev  0x0000123f      0x326 CMakeFiles/Robot_Hand_v2.0.elf.dir/Core/User/Src/my_fdcan.c.obj
 .debug_abbrev  0x00001565      0x20e CMakeFiles/Robot_Hand_v2.0.elf.dir/Core/User/Src/my_flash.c.obj
 .debug_abbrev  0x00001773      0x17e CMakeFiles/Robot_Hand_v2.0.elf.dir/Core/User/Src/my_key.c.obj
 .debug_abbrev  0x000018f1      0x2a9 CMakeFiles/Robot_Hand_v2.0.elf.dir/Core/User/Src/my_time.c.obj
 .debug_abbrev  0x00001b9a      0x1e9 CMakeFiles/Robot_Hand_v2.0.elf.dir/Core/User/Src/my_vl6180x.c.obj
 .debug_abbrev  0x00001d83      0x23e CMakeFiles/Robot_Hand_v2.0.elf.dir/Drivers/STM32G4xx_HAL_Driver/Src/stm32g4xx_hal.c.obj
 .debug_abbrev  0x00001fc1      0x2cb CMakeFiles/Robot_Hand_v2.0.elf.dir/Drivers/STM32G4xx_HAL_Driver/Src/stm32g4xx_hal_adc.c.obj
 .debug_abbrev  0x0000228c      0x361 CMakeFiles/Robot_Hand_v2.0.elf.dir/Drivers/STM32G4xx_HAL_Driver/Src/stm32g4xx_hal_cortex.c.obj
 .debug_abbrev  0x000025ed      0x216 CMakeFiles/Robot_Hand_v2.0.elf.dir/Drivers/STM32G4xx_HAL_Driver/Src/stm32g4xx_hal_dma.c.obj
 .debug_abbrev  0x00002803      0x1d8 CMakeFiles/Robot_Hand_v2.0.elf.dir/Drivers/STM32G4xx_HAL_Driver/Src/stm32g4xx_hal_fdcan.c.obj
 .debug_abbrev  0x000029db      0x301 CMakeFiles/Robot_Hand_v2.0.elf.dir/Drivers/STM32G4xx_HAL_Driver/Src/stm32g4xx_hal_flash.c.obj
 .debug_abbrev  0x00002cdc      0x271 CMakeFiles/Robot_Hand_v2.0.elf.dir/Drivers/STM32G4xx_HAL_Driver/Src/stm32g4xx_hal_flash_ex.c.obj
 .debug_abbrev  0x00002f4d      0x1e6 CMakeFiles/Robot_Hand_v2.0.elf.dir/Drivers/STM32G4xx_HAL_Driver/Src/stm32g4xx_hal_gpio.c.obj
 .debug_abbrev  0x00003133      0x259 CMakeFiles/Robot_Hand_v2.0.elf.dir/Drivers/STM32G4xx_HAL_Driver/Src/stm32g4xx_hal_i2c.c.obj
 .debug_abbrev  0x0000338c      0x1b3 CMakeFiles/Robot_Hand_v2.0.elf.dir/Drivers/STM32G4xx_HAL_Driver/Src/stm32g4xx_hal_i2c_ex.c.obj
 .debug_abbrev  0x0000353f      0x15b CMakeFiles/Robot_Hand_v2.0.elf.dir/Drivers/STM32G4xx_HAL_Driver/Src/stm32g4xx_hal_iwdg.c.obj
 .debug_abbrev  0x0000369a      0x245 CMakeFiles/Robot_Hand_v2.0.elf.dir/Drivers/STM32G4xx_HAL_Driver/Src/stm32g4xx_hal_pwr_ex.c.obj
 .debug_abbrev  0x000038df      0x26f CMakeFiles/Robot_Hand_v2.0.elf.dir/Drivers/STM32G4xx_HAL_Driver/Src/stm32g4xx_hal_rcc.c.obj
 .debug_abbrev  0x00003b4e      0x243 CMakeFiles/Robot_Hand_v2.0.elf.dir/Drivers/STM32G4xx_HAL_Driver/Src/stm32g4xx_hal_rcc_ex.c.obj
 .debug_abbrev  0x00003d91      0x263 CMakeFiles/Robot_Hand_v2.0.elf.dir/Drivers/STM32G4xx_HAL_Driver/Src/stm32g4xx_hal_tim.c.obj
 .debug_abbrev  0x00003ff4      0x279 CMakeFiles/Robot_Hand_v2.0.elf.dir/Drivers/STM32G4xx_HAL_Driver/Src/stm32g4xx_hal_tim_ex.c.obj

.debug_loc      0x00000000    0x16d80
 .debug_loc     0x00000000       0x54 CMakeFiles/Robot_Hand_v2.0.elf.dir/Core/Src/adc.c.obj
 .debug_loc     0x00000054       0x9e CMakeFiles/Robot_Hand_v2.0.elf.dir/Core/Src/fdcan.c.obj
 .debug_loc     0x000000f2       0x9e CMakeFiles/Robot_Hand_v2.0.elf.dir/Core/Src/i2c.c.obj
 .debug_loc     0x00000190       0xf7 CMakeFiles/Robot_Hand_v2.0.elf.dir/Core/Src/main.c.obj
 .debug_loc     0x00000287       0x9d CMakeFiles/Robot_Hand_v2.0.elf.dir/Core/Src/system_stm32g4xx.c.obj
 .debug_loc     0x00000324       0x67 CMakeFiles/Robot_Hand_v2.0.elf.dir/Core/Src/tim.c.obj
 .debug_loc     0x0000038b      0x416 CMakeFiles/Robot_Hand_v2.0.elf.dir/Core/User/Src/my_fdcan.c.obj
 .debug_loc     0x000007a1      0x357 CMakeFiles/Robot_Hand_v2.0.elf.dir/Core/User/Src/my_flash.c.obj
 .debug_loc     0x00000af8       0x7d CMakeFiles/Robot_Hand_v2.0.elf.dir/Core/User/Src/my_key.c.obj
 .debug_loc     0x00000b75      0x1a4 CMakeFiles/Robot_Hand_v2.0.elf.dir/Core/User/Src/my_time.c.obj
 .debug_loc     0x00000d19       0xc0 CMakeFiles/Robot_Hand_v2.0.elf.dir/Core/User/Src/my_vl6180x.c.obj
 .debug_loc     0x00000dd9      0x1ef CMakeFiles/Robot_Hand_v2.0.elf.dir/Drivers/STM32G4xx_HAL_Driver/Src/stm32g4xx_hal.c.obj
 .debug_loc     0x00000fc8     0x2812 CMakeFiles/Robot_Hand_v2.0.elf.dir/Drivers/STM32G4xx_HAL_Driver/Src/stm32g4xx_hal_adc.c.obj
 .debug_loc     0x000037da      0x736 CMakeFiles/Robot_Hand_v2.0.elf.dir/Drivers/STM32G4xx_HAL_Driver/Src/stm32g4xx_hal_cortex.c.obj
 .debug_loc     0x00003f10      0x8a0 CMakeFiles/Robot_Hand_v2.0.elf.dir/Drivers/STM32G4xx_HAL_Driver/Src/stm32g4xx_hal_dma.c.obj
 .debug_loc     0x000047b0     0x165f CMakeFiles/Robot_Hand_v2.0.elf.dir/Drivers/STM32G4xx_HAL_Driver/Src/stm32g4xx_hal_fdcan.c.obj
 .debug_loc     0x00005e0f      0x5fb CMakeFiles/Robot_Hand_v2.0.elf.dir/Drivers/STM32G4xx_HAL_Driver/Src/stm32g4xx_hal_flash.c.obj
 .debug_loc     0x0000640a      0x78d CMakeFiles/Robot_Hand_v2.0.elf.dir/Drivers/STM32G4xx_HAL_Driver/Src/stm32g4xx_hal_flash_ex.c.obj
 .debug_loc     0x00006b97      0x3b3 CMakeFiles/Robot_Hand_v2.0.elf.dir/Drivers/STM32G4xx_HAL_Driver/Src/stm32g4xx_hal_gpio.c.obj
 .debug_loc     0x00006f4a     0x51ea CMakeFiles/Robot_Hand_v2.0.elf.dir/Drivers/STM32G4xx_HAL_Driver/Src/stm32g4xx_hal_i2c.c.obj
 .debug_loc     0x0000c134      0x202 CMakeFiles/Robot_Hand_v2.0.elf.dir/Drivers/STM32G4xx_HAL_Driver/Src/stm32g4xx_hal_i2c_ex.c.obj
 .debug_loc     0x0000c336       0x86 CMakeFiles/Robot_Hand_v2.0.elf.dir/Drivers/STM32G4xx_HAL_Driver/Src/stm32g4xx_hal_iwdg.c.obj
 .debug_loc     0x0000c3bc      0xa06 CMakeFiles/Robot_Hand_v2.0.elf.dir/Drivers/STM32G4xx_HAL_Driver/Src/stm32g4xx_hal_pwr_ex.c.obj
 .debug_loc     0x0000cdc2      0x84d CMakeFiles/Robot_Hand_v2.0.elf.dir/Drivers/STM32G4xx_HAL_Driver/Src/stm32g4xx_hal_rcc.c.obj
 .debug_loc     0x0000d60f     0x11a5 CMakeFiles/Robot_Hand_v2.0.elf.dir/Drivers/STM32G4xx_HAL_Driver/Src/stm32g4xx_hal_rcc_ex.c.obj
 .debug_loc     0x0000e7b4     0x57f1 CMakeFiles/Robot_Hand_v2.0.elf.dir/Drivers/STM32G4xx_HAL_Driver/Src/stm32g4xx_hal_tim.c.obj
 .debug_loc     0x00013fa5     0x2ddb CMakeFiles/Robot_Hand_v2.0.elf.dir/Drivers/STM32G4xx_HAL_Driver/Src/stm32g4xx_hal_tim_ex.c.obj

.debug_aranges  0x00000000     0x16b0
 .debug_aranges
                0x00000000       0x30 CMakeFiles/Robot_Hand_v2.0.elf.dir/Core/Src/adc.c.obj
 .debug_aranges
                0x00000030       0x20 CMakeFiles/Robot_Hand_v2.0.elf.dir/Core/Src/dma.c.obj
 .debug_aranges
                0x00000050       0x30 CMakeFiles/Robot_Hand_v2.0.elf.dir/Core/Src/fdcan.c.obj
 .debug_aranges
                0x00000080       0x20 CMakeFiles/Robot_Hand_v2.0.elf.dir/Core/Src/gpio.c.obj
 .debug_aranges
                0x000000a0       0x30 CMakeFiles/Robot_Hand_v2.0.elf.dir/Core/Src/i2c.c.obj
 .debug_aranges
                0x000000d0       0x20 CMakeFiles/Robot_Hand_v2.0.elf.dir/Core/Src/iwdg.c.obj
 .debug_aranges
                0x000000f0       0x40 CMakeFiles/Robot_Hand_v2.0.elf.dir/Core/Src/main.c.obj
 .debug_aranges
                0x00000130       0x20 CMakeFiles/Robot_Hand_v2.0.elf.dir/Core/Src/stm32g4xx_hal_msp.c.obj
 .debug_aranges
                0x00000150       0x80 CMakeFiles/Robot_Hand_v2.0.elf.dir/Core/Src/stm32g4xx_it.c.obj
 .debug_aranges
                0x000001d0       0x28 CMakeFiles/Robot_Hand_v2.0.elf.dir/Core/Src/system_stm32g4xx.c.obj
 .debug_aranges
                0x000001f8       0x30 CMakeFiles/Robot_Hand_v2.0.elf.dir/Core/Src/tim.c.obj
 .debug_aranges
                0x00000228       0x28 CMakeFiles/Robot_Hand_v2.0.elf.dir/Core/Startup/startup_stm32g431kbux.s.obj
 .debug_aranges
                0x00000250       0x58 CMakeFiles/Robot_Hand_v2.0.elf.dir/Core/User/Src/my_fdcan.c.obj
 .debug_aranges
                0x000002a8       0x50 CMakeFiles/Robot_Hand_v2.0.elf.dir/Core/User/Src/my_flash.c.obj
 .debug_aranges
                0x000002f8       0x20 CMakeFiles/Robot_Hand_v2.0.elf.dir/Core/User/Src/my_key.c.obj
 .debug_aranges
                0x00000318       0x58 CMakeFiles/Robot_Hand_v2.0.elf.dir/Core/User/Src/my_time.c.obj
 .debug_aranges
                0x00000370       0x40 CMakeFiles/Robot_Hand_v2.0.elf.dir/Core/User/Src/my_vl6180x.c.obj
 .debug_aranges
                0x000003b0      0x148 CMakeFiles/Robot_Hand_v2.0.elf.dir/Drivers/STM32G4xx_HAL_Driver/Src/stm32g4xx_hal.c.obj
 .debug_aranges
                0x000004f8      0x108 CMakeFiles/Robot_Hand_v2.0.elf.dir/Drivers/STM32G4xx_HAL_Driver/Src/stm32g4xx_hal_adc.c.obj
 .debug_aranges
                0x00000600       0xb8 CMakeFiles/Robot_Hand_v2.0.elf.dir/Drivers/STM32G4xx_HAL_Driver/Src/stm32g4xx_hal_cortex.c.obj
 .debug_aranges
                0x000006b8       0x90 CMakeFiles/Robot_Hand_v2.0.elf.dir/Drivers/STM32G4xx_HAL_Driver/Src/stm32g4xx_hal_dma.c.obj
 .debug_aranges
                0x00000748      0x208 CMakeFiles/Robot_Hand_v2.0.elf.dir/Drivers/STM32G4xx_HAL_Driver/Src/stm32g4xx_hal_fdcan.c.obj
 .debug_aranges
                0x00000950       0x88 CMakeFiles/Robot_Hand_v2.0.elf.dir/Drivers/STM32G4xx_HAL_Driver/Src/stm32g4xx_hal_flash.c.obj
 .debug_aranges
                0x000009d8       0xc8 CMakeFiles/Robot_Hand_v2.0.elf.dir/Drivers/STM32G4xx_HAL_Driver/Src/stm32g4xx_hal_flash_ex.c.obj
 .debug_aranges
                0x00000aa0       0x58 CMakeFiles/Robot_Hand_v2.0.elf.dir/Drivers/STM32G4xx_HAL_Driver/Src/stm32g4xx_hal_gpio.c.obj
 .debug_aranges
                0x00000af8      0x2a0 CMakeFiles/Robot_Hand_v2.0.elf.dir/Drivers/STM32G4xx_HAL_Driver/Src/stm32g4xx_hal_i2c.c.obj
 .debug_aranges
                0x00000d98       0x48 CMakeFiles/Robot_Hand_v2.0.elf.dir/Drivers/STM32G4xx_HAL_Driver/Src/stm32g4xx_hal_i2c_ex.c.obj
 .debug_aranges
                0x00000de0       0x28 CMakeFiles/Robot_Hand_v2.0.elf.dir/Drivers/STM32G4xx_HAL_Driver/Src/stm32g4xx_hal_iwdg.c.obj
 .debug_aranges
                0x00000e08      0x140 CMakeFiles/Robot_Hand_v2.0.elf.dir/Drivers/STM32G4xx_HAL_Driver/Src/stm32g4xx_hal_pwr_ex.c.obj
 .debug_aranges
                0x00000f48       0x98 CMakeFiles/Robot_Hand_v2.0.elf.dir/Drivers/STM32G4xx_HAL_Driver/Src/stm32g4xx_hal_rcc.c.obj
 .debug_aranges
                0x00000fe0       0xb0 CMakeFiles/Robot_Hand_v2.0.elf.dir/Drivers/STM32G4xx_HAL_Driver/Src/stm32g4xx_hal_rcc_ex.c.obj
 .debug_aranges
                0x00001090      0x3e0 CMakeFiles/Robot_Hand_v2.0.elf.dir/Drivers/STM32G4xx_HAL_Driver/Src/stm32g4xx_hal_tim.c.obj
 .debug_aranges
                0x00001470      0x240 CMakeFiles/Robot_Hand_v2.0.elf.dir/Drivers/STM32G4xx_HAL_Driver/Src/stm32g4xx_hal_tim_ex.c.obj

.debug_ranges   0x00000000     0x16d0
 .debug_ranges  0x00000000       0x20 CMakeFiles/Robot_Hand_v2.0.elf.dir/Core/Src/adc.c.obj
 .debug_ranges  0x00000020       0x10 CMakeFiles/Robot_Hand_v2.0.elf.dir/Core/Src/dma.c.obj
 .debug_ranges  0x00000030       0x20 CMakeFiles/Robot_Hand_v2.0.elf.dir/Core/Src/fdcan.c.obj
 .debug_ranges  0x00000050       0x10 CMakeFiles/Robot_Hand_v2.0.elf.dir/Core/Src/gpio.c.obj
 .debug_ranges  0x00000060       0x20 CMakeFiles/Robot_Hand_v2.0.elf.dir/Core/Src/i2c.c.obj
 .debug_ranges  0x00000080       0x10 CMakeFiles/Robot_Hand_v2.0.elf.dir/Core/Src/iwdg.c.obj
 .debug_ranges  0x00000090       0x48 CMakeFiles/Robot_Hand_v2.0.elf.dir/Core/Src/main.c.obj
 .debug_ranges  0x000000d8       0x10 CMakeFiles/Robot_Hand_v2.0.elf.dir/Core/Src/stm32g4xx_hal_msp.c.obj
 .debug_ranges  0x000000e8       0x70 CMakeFiles/Robot_Hand_v2.0.elf.dir/Core/Src/stm32g4xx_it.c.obj
 .debug_ranges  0x00000158       0x18 CMakeFiles/Robot_Hand_v2.0.elf.dir/Core/Src/system_stm32g4xx.c.obj
 .debug_ranges  0x00000170       0x20 CMakeFiles/Robot_Hand_v2.0.elf.dir/Core/Src/tim.c.obj
 .debug_ranges  0x00000190       0x20 CMakeFiles/Robot_Hand_v2.0.elf.dir/Core/Startup/startup_stm32g431kbux.s.obj
 .debug_ranges  0x000001b0       0x60 CMakeFiles/Robot_Hand_v2.0.elf.dir/Core/User/Src/my_fdcan.c.obj
 .debug_ranges  0x00000210       0x58 CMakeFiles/Robot_Hand_v2.0.elf.dir/Core/User/Src/my_flash.c.obj
 .debug_ranges  0x00000268       0x28 CMakeFiles/Robot_Hand_v2.0.elf.dir/Core/User/Src/my_key.c.obj
 .debug_ranges  0x00000290       0x48 CMakeFiles/Robot_Hand_v2.0.elf.dir/Core/User/Src/my_time.c.obj
 .debug_ranges  0x000002d8       0x30 CMakeFiles/Robot_Hand_v2.0.elf.dir/Core/User/Src/my_vl6180x.c.obj
 .debug_ranges  0x00000308      0x138 CMakeFiles/Robot_Hand_v2.0.elf.dir/Drivers/STM32G4xx_HAL_Driver/Src/stm32g4xx_hal.c.obj
 .debug_ranges  0x00000440      0x230 CMakeFiles/Robot_Hand_v2.0.elf.dir/Drivers/STM32G4xx_HAL_Driver/Src/stm32g4xx_hal_adc.c.obj
 .debug_ranges  0x00000670      0x108 CMakeFiles/Robot_Hand_v2.0.elf.dir/Drivers/STM32G4xx_HAL_Driver/Src/stm32g4xx_hal_cortex.c.obj
 .debug_ranges  0x00000778       0x80 CMakeFiles/Robot_Hand_v2.0.elf.dir/Drivers/STM32G4xx_HAL_Driver/Src/stm32g4xx_hal_dma.c.obj
 .debug_ranges  0x000007f8      0x1f8 CMakeFiles/Robot_Hand_v2.0.elf.dir/Drivers/STM32G4xx_HAL_Driver/Src/stm32g4xx_hal_fdcan.c.obj
 .debug_ranges  0x000009f0       0x78 CMakeFiles/Robot_Hand_v2.0.elf.dir/Drivers/STM32G4xx_HAL_Driver/Src/stm32g4xx_hal_flash.c.obj
 .debug_ranges  0x00000a68       0xb8 CMakeFiles/Robot_Hand_v2.0.elf.dir/Drivers/STM32G4xx_HAL_Driver/Src/stm32g4xx_hal_flash_ex.c.obj
 .debug_ranges  0x00000b20       0x48 CMakeFiles/Robot_Hand_v2.0.elf.dir/Drivers/STM32G4xx_HAL_Driver/Src/stm32g4xx_hal_gpio.c.obj
 .debug_ranges  0x00000b68      0x290 CMakeFiles/Robot_Hand_v2.0.elf.dir/Drivers/STM32G4xx_HAL_Driver/Src/stm32g4xx_hal_i2c.c.obj
 .debug_ranges  0x00000df8       0x38 CMakeFiles/Robot_Hand_v2.0.elf.dir/Drivers/STM32G4xx_HAL_Driver/Src/stm32g4xx_hal_i2c_ex.c.obj
 .debug_ranges  0x00000e30       0x18 CMakeFiles/Robot_Hand_v2.0.elf.dir/Drivers/STM32G4xx_HAL_Driver/Src/stm32g4xx_hal_iwdg.c.obj
 .debug_ranges  0x00000e48      0x130 CMakeFiles/Robot_Hand_v2.0.elf.dir/Drivers/STM32G4xx_HAL_Driver/Src/stm32g4xx_hal_pwr_ex.c.obj
 .debug_ranges  0x00000f78       0xa0 CMakeFiles/Robot_Hand_v2.0.elf.dir/Drivers/STM32G4xx_HAL_Driver/Src/stm32g4xx_hal_rcc.c.obj
 .debug_ranges  0x00001018       0xb8 CMakeFiles/Robot_Hand_v2.0.elf.dir/Drivers/STM32G4xx_HAL_Driver/Src/stm32g4xx_hal_rcc_ex.c.obj
 .debug_ranges  0x000010d0      0x3d0 CMakeFiles/Robot_Hand_v2.0.elf.dir/Drivers/STM32G4xx_HAL_Driver/Src/stm32g4xx_hal_tim.c.obj
 .debug_ranges  0x000014a0      0x230 CMakeFiles/Robot_Hand_v2.0.elf.dir/Drivers/STM32G4xx_HAL_Driver/Src/stm32g4xx_hal_tim_ex.c.obj

.debug_line     0x00000000    0x1b5ac
 .debug_line    0x00000000      0x4b1 CMakeFiles/Robot_Hand_v2.0.elf.dir/Core/Src/adc.c.obj
 .debug_line    0x000004b1      0x1f8 CMakeFiles/Robot_Hand_v2.0.elf.dir/Core/Src/dma.c.obj
 .debug_line    0x000006a9      0x42a CMakeFiles/Robot_Hand_v2.0.elf.dir/Core/Src/fdcan.c.obj
 .debug_line    0x00000ad3      0x28d CMakeFiles/Robot_Hand_v2.0.elf.dir/Core/Src/gpio.c.obj
 .debug_line    0x00000d60      0x421 CMakeFiles/Robot_Hand_v2.0.elf.dir/Core/Src/i2c.c.obj
 .debug_line    0x00001181      0x281 CMakeFiles/Robot_Hand_v2.0.elf.dir/Core/Src/iwdg.c.obj
 .debug_line    0x00001402      0x6f1 CMakeFiles/Robot_Hand_v2.0.elf.dir/Core/Src/main.c.obj
 .debug_line    0x00001af3      0x205 CMakeFiles/Robot_Hand_v2.0.elf.dir/Core/Src/stm32g4xx_hal_msp.c.obj
 .debug_line    0x00001cf8      0x406 CMakeFiles/Robot_Hand_v2.0.elf.dir/Core/Src/stm32g4xx_it.c.obj
 .debug_line    0x000020fe      0x250 CMakeFiles/Robot_Hand_v2.0.elf.dir/Core/Src/system_stm32g4xx.c.obj
 .debug_line    0x0000234e      0x353 CMakeFiles/Robot_Hand_v2.0.elf.dir/Core/Src/tim.c.obj
 .debug_line    0x000026a1       0xb7 CMakeFiles/Robot_Hand_v2.0.elf.dir/Core/Startup/startup_stm32g431kbux.s.obj
 .debug_line    0x00002758      0x66f CMakeFiles/Robot_Hand_v2.0.elf.dir/Core/User/Src/my_fdcan.c.obj
 .debug_line    0x00002dc7      0x5f9 CMakeFiles/Robot_Hand_v2.0.elf.dir/Core/User/Src/my_flash.c.obj
 .debug_line    0x000033c0      0x32e CMakeFiles/Robot_Hand_v2.0.elf.dir/Core/User/Src/my_key.c.obj
 .debug_line    0x000036ee      0x66e CMakeFiles/Robot_Hand_v2.0.elf.dir/Core/User/Src/my_time.c.obj
 .debug_line    0x00003d5c      0x32f CMakeFiles/Robot_Hand_v2.0.elf.dir/Core/User/Src/my_vl6180x.c.obj
 .debug_line    0x0000408b      0x769 CMakeFiles/Robot_Hand_v2.0.elf.dir/Drivers/STM32G4xx_HAL_Driver/Src/stm32g4xx_hal.c.obj
 .debug_line    0x000047f4     0x24dc CMakeFiles/Robot_Hand_v2.0.elf.dir/Drivers/STM32G4xx_HAL_Driver/Src/stm32g4xx_hal_adc.c.obj
 .debug_line    0x00006cd0      0x828 CMakeFiles/Robot_Hand_v2.0.elf.dir/Drivers/STM32G4xx_HAL_Driver/Src/stm32g4xx_hal_cortex.c.obj
 .debug_line    0x000074f8      0xcaf CMakeFiles/Robot_Hand_v2.0.elf.dir/Drivers/STM32G4xx_HAL_Driver/Src/stm32g4xx_hal_dma.c.obj
 .debug_line    0x000081a7     0x1a39 CMakeFiles/Robot_Hand_v2.0.elf.dir/Drivers/STM32G4xx_HAL_Driver/Src/stm32g4xx_hal_fdcan.c.obj
 .debug_line    0x00009be0      0x878 CMakeFiles/Robot_Hand_v2.0.elf.dir/Drivers/STM32G4xx_HAL_Driver/Src/stm32g4xx_hal_flash.c.obj
 .debug_line    0x0000a458      0xbee CMakeFiles/Robot_Hand_v2.0.elf.dir/Drivers/STM32G4xx_HAL_Driver/Src/stm32g4xx_hal_flash_ex.c.obj
 .debug_line    0x0000b046      0x6ed CMakeFiles/Robot_Hand_v2.0.elf.dir/Drivers/STM32G4xx_HAL_Driver/Src/stm32g4xx_hal_gpio.c.obj
 .debug_line    0x0000b733     0x5250 CMakeFiles/Robot_Hand_v2.0.elf.dir/Drivers/STM32G4xx_HAL_Driver/Src/stm32g4xx_hal_i2c.c.obj
 .debug_line    0x00010983      0x524 CMakeFiles/Robot_Hand_v2.0.elf.dir/Drivers/STM32G4xx_HAL_Driver/Src/stm32g4xx_hal_i2c_ex.c.obj
 .debug_line    0x00010ea7      0x2e7 CMakeFiles/Robot_Hand_v2.0.elf.dir/Drivers/STM32G4xx_HAL_Driver/Src/stm32g4xx_hal_iwdg.c.obj
 .debug_line    0x0001118e      0xb08 CMakeFiles/Robot_Hand_v2.0.elf.dir/Drivers/STM32G4xx_HAL_Driver/Src/stm32g4xx_hal_pwr_ex.c.obj
 .debug_line    0x00011c96      0xe55 CMakeFiles/Robot_Hand_v2.0.elf.dir/Drivers/STM32G4xx_HAL_Driver/Src/stm32g4xx_hal_rcc.c.obj
 .debug_line    0x00012aeb     0x10c7 CMakeFiles/Robot_Hand_v2.0.elf.dir/Drivers/STM32G4xx_HAL_Driver/Src/stm32g4xx_hal_rcc_ex.c.obj
 .debug_line    0x00013bb2     0x53d8 CMakeFiles/Robot_Hand_v2.0.elf.dir/Drivers/STM32G4xx_HAL_Driver/Src/stm32g4xx_hal_tim.c.obj
 .debug_line    0x00018f8a     0x2622 CMakeFiles/Robot_Hand_v2.0.elf.dir/Drivers/STM32G4xx_HAL_Driver/Src/stm32g4xx_hal_tim_ex.c.obj

.debug_str      0x00000000     0x7fc4
 .debug_str     0x00000000      0xb3d CMakeFiles/Robot_Hand_v2.0.elf.dir/Core/Src/adc.c.obj
                                0xc1e (size before relaxing)
 .debug_str     0x00000b3d      0x4c9 CMakeFiles/Robot_Hand_v2.0.elf.dir/Core/Src/dma.c.obj
                                0x7d1 (size before relaxing)
 .debug_str     0x00001006      0x380 CMakeFiles/Robot_Hand_v2.0.elf.dir/Core/Src/fdcan.c.obj
                                0xdf2 (size before relaxing)
 .debug_str     0x00001386       0x7c CMakeFiles/Robot_Hand_v2.0.elf.dir/Core/Src/gpio.c.obj
                                0x413 (size before relaxing)
 .debug_str     0x00001402      0x333 CMakeFiles/Robot_Hand_v2.0.elf.dir/Core/Src/i2c.c.obj
                                0xbca (size before relaxing)
 .debug_str     0x00001735       0xa6 CMakeFiles/Robot_Hand_v2.0.elf.dir/Core/Src/iwdg.c.obj
                                0x2a1 (size before relaxing)
 .debug_str     0x000017db      0x712 CMakeFiles/Robot_Hand_v2.0.elf.dir/Core/Src/main.c.obj
                               0x1023 (size before relaxing)
 .debug_str     0x00001eed       0x7b CMakeFiles/Robot_Hand_v2.0.elf.dir/Core/Src/stm32g4xx_hal_msp.c.obj
                                0x383 (size before relaxing)
 .debug_str     0x00001f68      0x188 CMakeFiles/Robot_Hand_v2.0.elf.dir/Core/Src/stm32g4xx_it.c.obj
                                0xcd4 (size before relaxing)
 .debug_str     0x000020f0       0xb5 CMakeFiles/Robot_Hand_v2.0.elf.dir/Core/Src/system_stm32g4xx.c.obj
                                0x3c2 (size before relaxing)
 .debug_str     0x000021a5      0x112 CMakeFiles/Robot_Hand_v2.0.elf.dir/Core/Src/tim.c.obj
                                0xef6 (size before relaxing)
 .debug_str     0x000022b7       0x64 CMakeFiles/Robot_Hand_v2.0.elf.dir/Core/Startup/startup_stm32g431kbux.s.obj
                                 0xa7 (size before relaxing)
 .debug_str     0x0000231b      0x2f9 CMakeFiles/Robot_Hand_v2.0.elf.dir/Core/User/Src/my_fdcan.c.obj
                                0x9aa (size before relaxing)
 .debug_str     0x00002614      0x1b8 CMakeFiles/Robot_Hand_v2.0.elf.dir/Core/User/Src/my_flash.c.obj
                                0x494 (size before relaxing)
 .debug_str     0x000027cc       0xb8 CMakeFiles/Robot_Hand_v2.0.elf.dir/Core/User/Src/my_key.c.obj
                                0x32b (size before relaxing)
 .debug_str     0x00002884      0x131 CMakeFiles/Robot_Hand_v2.0.elf.dir/Core/User/Src/my_time.c.obj
                                0x9b9 (size before relaxing)
 .debug_str     0x000029b5       0xcc CMakeFiles/Robot_Hand_v2.0.elf.dir/Core/User/Src/my_vl6180x.c.obj
                                0x858 (size before relaxing)
 .debug_str     0x00002a81      0x49c CMakeFiles/Robot_Hand_v2.0.elf.dir/Drivers/STM32G4xx_HAL_Driver/Src/stm32g4xx_hal.c.obj
                                0xcb1 (size before relaxing)
 .debug_str     0x00002f1d      0xa24 CMakeFiles/Robot_Hand_v2.0.elf.dir/Drivers/STM32G4xx_HAL_Driver/Src/stm32g4xx_hal_adc.c.obj
                               0x1338 (size before relaxing)
 .debug_str     0x00003941      0x46a CMakeFiles/Robot_Hand_v2.0.elf.dir/Drivers/STM32G4xx_HAL_Driver/Src/stm32g4xx_hal_cortex.c.obj
                                0xc11 (size before relaxing)
 .debug_str     0x00003dab      0x2aa CMakeFiles/Robot_Hand_v2.0.elf.dir/Drivers/STM32G4xx_HAL_Driver/Src/stm32g4xx_hal_dma.c.obj
                                0x7f0 (size before relaxing)
 .debug_str     0x00004055      0xa43 CMakeFiles/Robot_Hand_v2.0.elf.dir/Drivers/STM32G4xx_HAL_Driver/Src/stm32g4xx_hal_fdcan.c.obj
                               0x127c (size before relaxing)
 .debug_str     0x00004a98      0x37f CMakeFiles/Robot_Hand_v2.0.elf.dir/Drivers/STM32G4xx_HAL_Driver/Src/stm32g4xx_hal_flash.c.obj
                                0x696 (size before relaxing)
 .debug_str     0x00004e17      0x323 CMakeFiles/Robot_Hand_v2.0.elf.dir/Drivers/STM32G4xx_HAL_Driver/Src/stm32g4xx_hal_flash_ex.c.obj
                                0x7b4 (size before relaxing)
 .debug_str     0x0000513a      0x129 CMakeFiles/Robot_Hand_v2.0.elf.dir/Drivers/STM32G4xx_HAL_Driver/Src/stm32g4xx_hal_gpio.c.obj
                                0x58f (size before relaxing)
 .debug_str     0x00005263      0x8be CMakeFiles/Robot_Hand_v2.0.elf.dir/Drivers/STM32G4xx_HAL_Driver/Src/stm32g4xx_hal_i2c.c.obj
                               0x111f (size before relaxing)
 .debug_str     0x00005b21       0xe6 CMakeFiles/Robot_Hand_v2.0.elf.dir/Drivers/STM32G4xx_HAL_Driver/Src/stm32g4xx_hal_i2c_ex.c.obj
                                0xa35 (size before relaxing)
 .debug_str     0x00005c07       0x67 CMakeFiles/Robot_Hand_v2.0.elf.dir/Drivers/STM32G4xx_HAL_Driver/Src/stm32g4xx_hal_iwdg.c.obj
                                0x2df (size before relaxing)
 .debug_str     0x00005c6e      0x509 CMakeFiles/Robot_Hand_v2.0.elf.dir/Drivers/STM32G4xx_HAL_Driver/Src/stm32g4xx_hal_pwr_ex.c.obj
                                0x831 (size before relaxing)
 .debug_str     0x00006177      0x239 CMakeFiles/Robot_Hand_v2.0.elf.dir/Drivers/STM32G4xx_HAL_Driver/Src/stm32g4xx_hal_rcc.c.obj
                                0x87e (size before relaxing)
 .debug_str     0x000063b0      0x391 CMakeFiles/Robot_Hand_v2.0.elf.dir/Drivers/STM32G4xx_HAL_Driver/Src/stm32g4xx_hal_rcc_ex.c.obj
                                0xa65 (size before relaxing)
 .debug_str     0x00006741      0xf49 CMakeFiles/Robot_Hand_v2.0.elf.dir/Drivers/STM32G4xx_HAL_Driver/Src/stm32g4xx_hal_tim.c.obj
                               0x18be (size before relaxing)
 .debug_str     0x0000768a      0x93a CMakeFiles/Robot_Hand_v2.0.elf.dir/Drivers/STM32G4xx_HAL_Driver/Src/stm32g4xx_hal_tim_ex.c.obj
                               0x1516 (size before relaxing)

.comment        0x00000000       0x49
 .comment       0x00000000       0x49 CMakeFiles/Robot_Hand_v2.0.elf.dir/Core/Src/adc.c.obj
                                 0x4a (size before relaxing)
 .comment       0x00000049       0x4a CMakeFiles/Robot_Hand_v2.0.elf.dir/Core/Src/dma.c.obj
 .comment       0x00000049       0x4a CMakeFiles/Robot_Hand_v2.0.elf.dir/Core/Src/fdcan.c.obj
 .comment       0x00000049       0x4a CMakeFiles/Robot_Hand_v2.0.elf.dir/Core/Src/gpio.c.obj
 .comment       0x00000049       0x4a CMakeFiles/Robot_Hand_v2.0.elf.dir/Core/Src/i2c.c.obj
 .comment       0x00000049       0x4a CMakeFiles/Robot_Hand_v2.0.elf.dir/Core/Src/iwdg.c.obj
 .comment       0x00000049       0x4a CMakeFiles/Robot_Hand_v2.0.elf.dir/Core/Src/main.c.obj
 .comment       0x00000049       0x4a CMakeFiles/Robot_Hand_v2.0.elf.dir/Core/Src/stm32g4xx_hal_msp.c.obj
 .comment       0x00000049       0x4a CMakeFiles/Robot_Hand_v2.0.elf.dir/Core/Src/stm32g4xx_it.c.obj
 .comment       0x00000049       0x4a CMakeFiles/Robot_Hand_v2.0.elf.dir/Core/Src/system_stm32g4xx.c.obj
 .comment       0x00000049       0x4a CMakeFiles/Robot_Hand_v2.0.elf.dir/Core/Src/tim.c.obj
 .comment       0x00000049       0x4a CMakeFiles/Robot_Hand_v2.0.elf.dir/Core/User/Src/my_fdcan.c.obj
 .comment       0x00000049       0x4a CMakeFiles/Robot_Hand_v2.0.elf.dir/Core/User/Src/my_flash.c.obj
 .comment       0x00000049       0x4a CMakeFiles/Robot_Hand_v2.0.elf.dir/Core/User/Src/my_key.c.obj
 .comment       0x00000049       0x4a CMakeFiles/Robot_Hand_v2.0.elf.dir/Core/User/Src/my_time.c.obj
 .comment       0x00000049       0x4a CMakeFiles/Robot_Hand_v2.0.elf.dir/Core/User/Src/my_vl6180x.c.obj
 .comment       0x00000049       0x4a CMakeFiles/Robot_Hand_v2.0.elf.dir/Drivers/STM32G4xx_HAL_Driver/Src/stm32g4xx_hal.c.obj
 .comment       0x00000049       0x4a CMakeFiles/Robot_Hand_v2.0.elf.dir/Drivers/STM32G4xx_HAL_Driver/Src/stm32g4xx_hal_adc.c.obj
 .comment       0x00000049       0x4a CMakeFiles/Robot_Hand_v2.0.elf.dir/Drivers/STM32G4xx_HAL_Driver/Src/stm32g4xx_hal_cortex.c.obj
 .comment       0x00000049       0x4a CMakeFiles/Robot_Hand_v2.0.elf.dir/Drivers/STM32G4xx_HAL_Driver/Src/stm32g4xx_hal_dma.c.obj
 .comment       0x00000049       0x4a CMakeFiles/Robot_Hand_v2.0.elf.dir/Drivers/STM32G4xx_HAL_Driver/Src/stm32g4xx_hal_fdcan.c.obj
 .comment       0x00000049       0x4a CMakeFiles/Robot_Hand_v2.0.elf.dir/Drivers/STM32G4xx_HAL_Driver/Src/stm32g4xx_hal_flash.c.obj
 .comment       0x00000049       0x4a CMakeFiles/Robot_Hand_v2.0.elf.dir/Drivers/STM32G4xx_HAL_Driver/Src/stm32g4xx_hal_flash_ex.c.obj
 .comment       0x00000049       0x4a CMakeFiles/Robot_Hand_v2.0.elf.dir/Drivers/STM32G4xx_HAL_Driver/Src/stm32g4xx_hal_gpio.c.obj
 .comment       0x00000049       0x4a CMakeFiles/Robot_Hand_v2.0.elf.dir/Drivers/STM32G4xx_HAL_Driver/Src/stm32g4xx_hal_i2c.c.obj
 .comment       0x00000049       0x4a CMakeFiles/Robot_Hand_v2.0.elf.dir/Drivers/STM32G4xx_HAL_Driver/Src/stm32g4xx_hal_i2c_ex.c.obj
 .comment       0x00000049       0x4a CMakeFiles/Robot_Hand_v2.0.elf.dir/Drivers/STM32G4xx_HAL_Driver/Src/stm32g4xx_hal_iwdg.c.obj
 .comment       0x00000049       0x4a CMakeFiles/Robot_Hand_v2.0.elf.dir/Drivers/STM32G4xx_HAL_Driver/Src/stm32g4xx_hal_pwr_ex.c.obj
 .comment       0x00000049       0x4a CMakeFiles/Robot_Hand_v2.0.elf.dir/Drivers/STM32G4xx_HAL_Driver/Src/stm32g4xx_hal_rcc.c.obj
 .comment       0x00000049       0x4a CMakeFiles/Robot_Hand_v2.0.elf.dir/Drivers/STM32G4xx_HAL_Driver/Src/stm32g4xx_hal_rcc_ex.c.obj
 .comment       0x00000049       0x4a CMakeFiles/Robot_Hand_v2.0.elf.dir/Drivers/STM32G4xx_HAL_Driver/Src/stm32g4xx_hal_tim.c.obj
 .comment       0x00000049       0x4a CMakeFiles/Robot_Hand_v2.0.elf.dir/Drivers/STM32G4xx_HAL_Driver/Src/stm32g4xx_hal_tim_ex.c.obj

.debug_frame    0x00000000     0x3b50
 .debug_frame   0x00000000       0x6c CMakeFiles/Robot_Hand_v2.0.elf.dir/Core/Src/adc.c.obj
 .debug_frame   0x0000006c       0x2c CMakeFiles/Robot_Hand_v2.0.elf.dir/Core/Src/dma.c.obj
 .debug_frame   0x00000098       0x60 CMakeFiles/Robot_Hand_v2.0.elf.dir/Core/Src/fdcan.c.obj
 .debug_frame   0x000000f8       0x34 CMakeFiles/Robot_Hand_v2.0.elf.dir/Core/Src/gpio.c.obj
 .debug_frame   0x0000012c       0x68 CMakeFiles/Robot_Hand_v2.0.elf.dir/Core/Src/i2c.c.obj
 .debug_frame   0x00000194       0x28 CMakeFiles/Robot_Hand_v2.0.elf.dir/Core/Src/iwdg.c.obj
 .debug_frame   0x000001bc       0x80 CMakeFiles/Robot_Hand_v2.0.elf.dir/Core/Src/main.c.obj
 .debug_frame   0x0000023c       0x2c CMakeFiles/Robot_Hand_v2.0.elf.dir/Core/Src/stm32g4xx_hal_msp.c.obj
 .debug_frame   0x00000268      0x110 CMakeFiles/Robot_Hand_v2.0.elf.dir/Core/Src/stm32g4xx_it.c.obj
 .debug_frame   0x00000378       0x30 CMakeFiles/Robot_Hand_v2.0.elf.dir/Core/Src/system_stm32g4xx.c.obj
 .debug_frame   0x000003a8       0x64 CMakeFiles/Robot_Hand_v2.0.elf.dir/Core/Src/tim.c.obj
 .debug_frame   0x0000040c       0xec CMakeFiles/Robot_Hand_v2.0.elf.dir/Core/User/Src/my_fdcan.c.obj
 .debug_frame   0x000004f8       0xd8 CMakeFiles/Robot_Hand_v2.0.elf.dir/Core/User/Src/my_flash.c.obj
 .debug_frame   0x000005d0       0x2c CMakeFiles/Robot_Hand_v2.0.elf.dir/Core/User/Src/my_key.c.obj