Archive member included to satisfy reference by file (symbol)

c:/progra~2/gnuarm~1/102021~1.10/bin/../lib/gcc/arm-none-eabi/10.3.1/../../../../arm-none-eabi/lib/thumb/v7e-m/nofp\libc.a(lib_a-errno.o)
                              CMakeFiles/Robot_Hand_v2.0.elf.dir/Core/Src/syscalls.c.obj (__errno)
c:/progra~2/gnuarm~1/102021~1.10/bin/../lib/gcc/arm-none-eabi/10.3.1/../../../../arm-none-eabi/lib/thumb/v7e-m/nofp\libc.a(lib_a-exit.o)
                              c:/progra~2/gnuarm~1/102021~1.10/bin/../lib/gcc/arm-none-eabi/10.3.1/../../../../arm-none-eabi/lib/thumb/v7e-m/nofp/crt0.o (exit)
c:/progra~2/gnuarm~1/102021~1.10/bin/../lib/gcc/arm-none-eabi/10.3.1/../../../../arm-none-eabi/lib/thumb/v7e-m/nofp\libc.a(lib_a-impure.o)
                              c:/progra~2/gnuarm~1/102021~1.10/bin/../lib/gcc/arm-none-eabi/10.3.1/../../../../arm-none-eabi/lib/thumb/v7e-m/nofp\libc.a(lib_a-exit.o) (_global_impure_ptr)
c:/progra~2/gnuarm~1/102021~1.10/bin/../lib/gcc/arm-none-eabi/10.3.1/../../../../arm-none-eabi/lib/thumb/v7e-m/nofp\libc.a(lib_a-init.o)
                              c:/progra~2/gnuarm~1/102021~1.10/bin/../lib/gcc/arm-none-eabi/10.3.1/../../../../arm-none-eabi/lib/thumb/v7e-m/nofp/crt0.o (__libc_init_array)
c:/progra~2/gnuarm~1/102021~1.10/bin/../lib/gcc/arm-none-eabi/10.3.1/../../../../arm-none-eabi/lib/thumb/v7e-m/nofp\libc.a(lib_a-memset.o)
                              c:/progra~2/gnuarm~1/102021~1.10/bin/../lib/gcc/arm-none-eabi/10.3.1/../../../../arm-none-eabi/lib/thumb/v7e-m/nofp/crt0.o (memset)
c:/progra~2/gnuarm~1/102021~1.10/bin/../lib/gcc/arm-none-eabi/10.3.1/../../../../arm-none-eabi/lib/thumb/v7e-m/nofp\libc.a(lib_a-__call_atexit.o)
                              c:/progra~2/gnuarm~1/102021~1.10/bin/../lib/gcc/arm-none-eabi/10.3.1/../../../../arm-none-eabi/lib/thumb/v7e-m/nofp\libc.a(lib_a-exit.o) (__call_exitprocs)
c:/progra~2/gnuarm~1/102021~1.10/bin/../lib/gcc/arm-none-eabi/10.3.1/../../../../arm-none-eabi/lib/thumb/v7e-m/nofp\libc.a(lib_a-atexit.o)
                              c:/progra~2/gnuarm~1/102021~1.10/bin/../lib/gcc/arm-none-eabi/10.3.1/../../../../arm-none-eabi/lib/thumb/v7e-m/nofp\libc.a(lib_a-__call_atexit.o) (atexit)
c:/progra~2/gnuarm~1/102021~1.10/bin/../lib/gcc/arm-none-eabi/10.3.1/../../../../arm-none-eabi/lib/thumb/v7e-m/nofp\libc.a(lib_a-fini.o)
                              c:/progra~2/gnuarm~1/102021~1.10/bin/../lib/gcc/arm-none-eabi/10.3.1/../../../../arm-none-eabi/lib/thumb/v7e-m/nofp\libc.a(lib_a-__call_atexit.o) (__libc_fini_array)
c:/progra~2/gnuarm~1/102021~1.10/bin/../lib/gcc/arm-none-eabi/10.3.1/../../../../arm-none-eabi/lib/thumb/v7e-m/nofp\libc.a(lib_a-lock.o)
                              c:/progra~2/gnuarm~1/102021~1.10/bin/../lib/gcc/arm-none-eabi/10.3.1/../../../../arm-none-eabi/lib/thumb/v7e-m/nofp\libc.a(lib_a-__call_atexit.o) (__retarget_lock_acquire_recursive)
c:/progra~2/gnuarm~1/102021~1.10/bin/../lib/gcc/arm-none-eabi/10.3.1/../../../../arm-none-eabi/lib/thumb/v7e-m/nofp\libc.a(lib_a-__atexit.o)
                              c:/progra~2/gnuarm~1/102021~1.10/bin/../lib/gcc/arm-none-eabi/10.3.1/../../../../arm-none-eabi/lib/thumb/v7e-m/nofp\libc.a(lib_a-atexit.o) (__register_exitproc)

Discarded input sections

 .text          0x00000000        0x0 c:/progra~2/gnuarm~1/102021~1.10/bin/../lib/gcc/arm-none-eabi/10.3.1/thumb/v7e-m/nofp/crti.o
 .data          0x00000000        0x0 c:/progra~2/gnuarm~1/102021~1.10/bin/../lib/gcc/arm-none-eabi/10.3.1/thumb/v7e-m/nofp/crti.o
 .bss           0x00000000        0x0 c:/progra~2/gnuarm~1/102021~1.10/bin/../lib/gcc/arm-none-eabi/10.3.1/thumb/v7e-m/nofp/crti.o
 .data          0x00000000        0x4 c:/progra~2/gnuarm~1/102021~1.10/bin/../lib/gcc/arm-none-eabi/10.3.1/thumb/v7e-m/nofp/crtbegin.o
 .rodata        0x00000000       0x24 c:/progra~2/gnuarm~1/102021~1.10/bin/../lib/gcc/arm-none-eabi/10.3.1/thumb/v7e-m/nofp/crtbegin.o
 .text          0x00000000       0x7c c:/progra~2/gnuarm~1/102021~1.10/bin/../lib/gcc/arm-none-eabi/10.3.1/../../../../arm-none-eabi/lib/thumb/v7e-m/nofp/crt0.o
 .data          0x00000000        0x0 c:/progra~2/gnuarm~1/102021~1.10/bin/../lib/gcc/arm-none-eabi/10.3.1/../../../../arm-none-eabi/lib/thumb/v7e-m/nofp/crt0.o
 .bss           0x00000000        0x0 c:/progra~2/gnuarm~1/102021~1.10/bin/../lib/gcc/arm-none-eabi/10.3.1/../../../../arm-none-eabi/lib/thumb/v7e-m/nofp/crt0.o
 .ARM.extab     0x00000000        0x0 c:/progra~2/gnuarm~1/102021~1.10/bin/../lib/gcc/arm-none-eabi/10.3.1/../../../../arm-none-eabi/lib/thumb/v7e-m/nofp/crt0.o
 .ARM.exidx     0x00000000       0x10 c:/progra~2/gnuarm~1/102021~1.10/bin/../lib/gcc/arm-none-eabi/10.3.1/../../../../arm-none-eabi/lib/thumb/v7e-m/nofp/crt0.o
 .ARM.attributes
                0x00000000       0x1c c:/progra~2/gnuarm~1/102021~1.10/bin/../lib/gcc/arm-none-eabi/10.3.1/../../../../arm-none-eabi/lib/thumb/v7e-m/nofp/crt0.o
 .text          0x00000000        0x0 CMakeFiles/Robot_Hand_v2.0.elf.dir/Core/Src/adc.c.obj
[...]
Memory Configuration

Name             Origin             Length             Attributes
RAM              0x20000000         0x00008000         xrw
FLASH            0x08010000         0x00008000         xr
*default*        0x00000000         0xffffffff

Linker script and memory map

LOAD c:/progra~2/gnuarm~1/102021~1.10/bin/../lib/gcc/arm-none-eabi/10.3.1/thumb/v7e-m/nofp/crti.o
LOAD c:/progra~2/gnuarm~1/102021~1.10/bin/../lib/gcc/arm-none-eabi/10.3.1/thumb/v7e-m/nofp/crtbegin.o
LOAD c:/progra~2/gnuarm~1/102021~1.10/bin/../lib/gcc/arm-none-eabi/10.3.1/../../../../arm-none-eabi/lib/thumb/v7e-m/nofp/crt0.o
LOAD CMakeFiles/Robot_Hand_v2.0.elf.dir/Core/Src/adc.c.obj
LOAD CMakeFiles/Robot_Hand_v2.0.elf.dir/Core/Src/dma.c.obj
LOAD CMakeFiles/Robot_Hand_v2.0.elf.dir/Core/Src/fdcan.c.obj
LOAD CMakeFiles/Robot_Hand_v2.0.elf.dir/Core/Src/gpio.c.obj
LOAD CMakeFiles/Robot_Hand_v2.0.elf.dir/Core/Src/i2c.c.obj
LOAD CMakeFiles/Robot_Hand_v2.0.elf.dir/Core/Src/iwdg.c.obj
LOAD CMakeFiles/Robot_Hand_v2.0.elf.dir/Core/Src/main.c.obj
LOAD CMakeFiles/Robot_Hand_v2.0.elf.dir/Core/Src/stm32g4xx_hal_msp.c.obj
LOAD CMakeFiles/Robot_Hand_v2.0.elf.dir/Core/Src/stm32g4xx_it.c.obj
LOAD CMakeFiles/Robot_Hand_v2.0.elf.dir/Core/Src/syscalls.c.obj
LOAD CMakeFiles/Robot_Hand_v2.0.elf.dir/Core/Src/sysmem.c.obj
LOAD CMakeFiles/Robot_Hand_v2.0.elf.dir/Core/Src/system_stm32g4xx.c.obj
LOAD CMakeFiles/Robot_Hand_v2.0.elf.dir/Core/Src/tim.c.obj
LOAD CMakeFiles/Robot_Hand_v2.0.elf.dir/Core/Startup/startup_stm32g431kbux.s.obj
LOAD CMakeFiles/Robot_Hand_v2.0.elf.dir/Core/User/Src/my_fdcan.c.obj
LOAD CMakeFiles/Robot_Hand_v2.0.elf.dir/Core/User/Src/my_flash.c.obj
LOAD CMakeFiles/Robot_Hand_v2.0.elf.dir/Core/User/Src/my_key.c.obj
LOAD CMakeFiles/Robot_Hand_v2.0.elf.dir/Core/User/Src/my_time.c.obj
LOAD CMakeFiles/Robot_Hand_v2.0.elf.dir/Core/User/Src/my_vl6180x.c.obj
LOAD CMakeFiles/Robot_Hand_v2.0.elf.dir/Drivers/STM32G4xx_HAL_Driver/Src/stm32g4xx_hal.c.obj
LOAD CMakeFiles/Robot_Hand_v2.0.elf.dir/Drivers/STM32G4xx_HAL_Driver/Src/stm32g4xx_hal_adc.c.obj
LOAD CMakeFiles/Robot_Hand_v2.0.elf.dir/Drivers/STM32G4xx_HAL_Driver/Src/stm32g4xx_hal_adc_ex.c.obj
LOAD CMakeFiles/Robot_Hand_v2.0.elf.dir/Drivers/STM32G4xx_HAL_Driver/Src/stm32g4xx_hal_cortex.c.obj
LOAD CMakeFiles/Robot_Hand_v2.0.elf.dir/Drivers/STM32G4xx_HAL_Driver/Src/stm32g4xx_hal_dma.c.obj
LOAD CMakeFiles/Robot_Hand_v2.0.elf.dir/Drivers/STM32G4xx_HAL_Driver/Src/stm32g4xx_hal_dma_ex.c.obj
LOAD CMakeFiles/Robot_Hand_v2.0.elf.dir/Drivers/STM32G4xx_HAL_Driver/Src/stm32g4xx_hal_exti.c.obj
LOAD CMakeFiles/Robot_Hand_v2.0.elf.dir/Drivers/STM32G4xx_HAL_Driver/Src/stm32g4xx_hal_fdcan.c.obj
LOAD CMakeFiles/Robot_Hand_v2.0.elf.dir/Drivers/STM32G4xx_HAL_Driver/Src/stm32g4xx_hal_flash.c.obj
LOAD CMakeFiles/Robot_Hand_v2.0.elf.dir/Drivers/STM32G4xx_HAL_Driver/Src/stm32g4xx_hal_flash_ex.c.obj
LOAD CMakeFiles/Robot_Hand_v2.0.elf.dir/Drivers/STM32G4xx_HAL_Driver/Src/stm32g4xx_hal_flash_ramfunc.c.obj
LOAD CMakeFiles/Robot_Hand_v2.0.elf.dir/Drivers/STM32G4xx_HAL_Driver/Src/stm32g4xx_hal_gpio.c.obj
LOAD CMakeFiles/Robot_Hand_v2.0.elf.dir/Drivers/STM32G4xx_HAL_Driver/Src/stm32g4xx_hal_i2c.c.obj
LOAD CMakeFiles/Robot_Hand_v2.0.elf.dir/Drivers/STM32G4xx_HAL_Driver/Src/stm32g4xx_hal_i2c_ex.c.obj
LOAD CMakeFiles/Robot_Hand_v2.0.elf.dir/Drivers/STM32G4xx_HAL_Driver/Src/stm32g4xx_hal_iwdg.c.obj
LOAD CMakeFiles/Robot_Hand_v2.0.elf.dir/Drivers/STM32G4xx_HAL_Driver/Src/stm32g4xx_hal_pwr.c.obj
LOAD CMakeFiles/Robot_Hand_v2.0.elf.dir/Drivers/STM32G4xx_HAL_Driver/Src/stm32g4xx_hal_pwr_ex.c.obj
LOAD CMakeFiles/Robot_Hand_v2.0.elf.dir/Drivers/STM32G4xx_HAL_Driver/Src/stm32g4xx_hal_rcc.c.obj
LOAD CMakeFiles/Robot_Hand_v2.0.elf.dir/Drivers/STM32G4xx_HAL_Driver/Src/stm32g4xx_hal_rcc_ex.c.obj
LOAD CMakeFiles/Robot_Hand_v2.0.elf.dir/Drivers/STM32G4xx_HAL_Driver/Src/stm32g4xx_hal_tim.c.obj
LOAD CMakeFiles/Robot_Hand_v2.0.elf.dir/Drivers/STM32G4xx_HAL_Driver/Src/stm32g4xx_hal_tim_ex.c.obj
LOAD CMakeFiles/Robot_Hand_v2.0.elf.dir/Drivers/STM32G4xx_HAL_Driver/Src/stm32g4xx_ll_adc.c.obj
START GROUP
LOAD c:/progra~2/gnuarm~1/102021~1.10/bin/../lib/gcc/arm-none-eabi/10.3.1/thumb/v7e-m/nofp\libgcc.a
LOAD c:/progra~2/gnuarm~1/102021~1.10/bin/../lib/gcc/arm-none-eabi/10.3.1/../../../../arm-none-eabi/lib/thumb/v7e-m/nofp\libc.a
END GROUP
LOAD c:/progra~2/gnuarm~1/102021~1.10/bin/../lib/gcc/arm-none-eabi/10.3.1/thumb/v7e-m/nofp/crtend.o
LOAD c:/progra~2/gnuarm~1/102021~1.10/bin/../lib/gcc/arm-none-eabi/10.3.1/thumb/v7e-m/nofp/crtn.o
                0x20008000                _estack = (ORIGIN (RAM) + LENGTH (RAM))
                0x00000200                _Min_Heap_Size = 0x200
                0x00000400                _Min_Stack_Size = 0x400

.isr_vector     0x08010000      0x1d8
                0x08010000                . = ALIGN (0x4)
 *(.isr_vector)
 .isr_vector    0x08010000      0x1d8 CMakeFiles/Robot_Hand_v2.0.elf.dir/Core/Startup/startup_stm32g431kbux.s.obj
                0x08010000                g_pfnVectors
                0x080101d8                . = ALIGN (0x4)

.text           0x080101d8     0x4580
                0x080101d8                . = ALIGN (0x4)
 *(.text)
 .text          0x080101d8       0x40 c:/progra~2/gnuarm~1/102021~1.10/bin/../lib/gcc/arm-none-eabi/10.3.1/thumb/v7e-m/nofp/crtbegin.o
 *(.text*)
 .text.MX_ADC2_Init
                0x08010218       0xa8 CMakeFiles/Robot_Hand_v2.0.elf.dir/Core/Src/adc.c.obj
                0x08010218                MX_ADC2_Init
 .text.HAL_ADC_MspInit
                0x080102c0       0xcc CMakeFiles/Robot_Hand_v2.0.elf.dir/Core/Src/adc.c.obj
                0x080102c0                HAL_ADC_MspInit
 .text.MX_DMA_Init
                0x0801038c       0x44 CMakeFiles/Robot_Hand_v2.0.elf.dir/Core/Src/dma.c.obj
                0x0801038c                MX_DMA_Init
 .text.MX_FDCAN1_Init
                0x080103d0       0x54 CMakeFiles/Robot_Hand_v2.0.elf.dir/Core/Src/fdcan.c.obj
                0x080103d0                MX_FDCAN1_Init
 .text.HAL_FDCAN_MspInit
                0x08010424       0xb0 CMakeFiles/Robot_Hand_v2.0.elf.dir/Core/Src/fdcan.c.obj
                0x08010424                HAL_FDCAN_MspInit
 .text.MX_GPIO_Init
                0x080104d4       0xc4 CMakeFiles/Robot_Hand_v2.0.elf.dir/Core/Src/gpio.c.obj
                0x080104d4                MX_GPIO_Init
 .text.MX_I2C1_Init
                0x08010598       0x58 CMakeFiles/Robot_Hand_v2.0.elf.dir/Core/Src/i2c.c.obj
                0x08010598                MX_I2C1_Init
 .text.HAL_I2C_MspInit
                0x080105f0       0xb4 CMakeFiles/Robot_Hand_v2.0.elf.dir/Core/Src/i2c.c.obj
                0x080105f0                HAL_I2C_MspInit
 .text.MX_IWDG_Init
                0x080106a4       0x2c CMakeFiles/Robot_Hand_v2.0.elf.dir/Core/Src/iwdg.c.obj
                0x080106a4                MX_IWDG_Init
 .text.SendDataIntegration
                0x080106d0       0x74 CMakeFiles/Robot_Hand_v2.0.elf.dir/Core/Src/main.c.obj
                0x080106d0                SendDataIntegration
 .text.StatusLightSwitch
                0x08010744       0x4c CMakeFiles/Robot_Hand_v2.0.elf.dir/Core/Src/main.c.obj
                0x08010744                StatusLightSwitch
 .text.Error_Handler
                0x08010790        0x4 CMakeFiles/Robot_Hand_v2.0.elf.dir/Core/Src/main.c.obj
                0x08010790                Error_Handler
 .text.SystemClock_Config
                0x08010794       0x74 CMakeFiles/Robot_Hand_v2.0.elf.dir/Core/Src/main.c.obj
                0x08010794                SystemClock_Config
 .text.main     0x08010808       0xec CMakeFiles/Robot_Hand_v2.0.elf.dir/Core/Src/main.c.obj
                0x08010808                main
 .text.HAL_MspInit
                0x080108f4       0x38 CMakeFiles/Robot_Hand_v2.0.elf.dir/Core/Src/stm32g4xx_hal_msp.c.obj
                0x080108f4                HAL_MspInit
 .text.NMI_Handler
                0x0801092c        0x2 CMakeFiles/Robot_Hand_v2.0.elf.dir/Core/Src/stm32g4xx_it.c.obj
                0x0801092c                NMI_Handler
 *fill*         0x0801092e        0x2 
 .text.HardFault_Handler
                0x08010930       0x48 CMakeFiles/Robot_Hand_v2.0.elf.dir/Core/Src/stm32g4xx_it.c.obj
                0x08010930                HardFault_Handler
 .text.MemManage_Handler
                0x08010978        0x2 CMakeFiles/Robot_Hand_v2.0.elf.dir/Core/Src/stm32g4xx_it.c.obj
                0x08010978                MemManage_Handler
 .text.BusFault_Handler
                0x0801097a        0x2 CMakeFiles/Robot_Hand_v2.0.elf.dir/Core/Src/stm32g4xx_it.c.obj
                0x0801097a                BusFault_Handler
 .text.UsageFault_Handler
                0x0801097c        0x2 CMakeFiles/Robot_Hand_v2.0.elf.dir/Core/Src/stm32g4xx_it.c.obj
                0x0801097c                UsageFault_Handler
 .text.SVC_Handler
                0x0801097e        0x2 CMakeFiles/Robot_Hand_v2.0.elf.dir/Core/Src/stm32g4xx_it.c.obj
                0x0801097e                SVC_Handler
 .text.DebugMon_Handler
                0x08010980        0x2 CMakeFiles/Robot_Hand_v2.0.elf.dir/Core/Src/stm32g4xx_it.c.obj
                0x08010980                DebugMon_Handler
 .text.PendSV_Handler
                0x08010982        0x2 CMakeFiles/Robot_Hand_v2.0.elf.dir/Core/Src/stm32g4xx_it.c.obj
                0x08010982                PendSV_Handler
 .text.SysTick_Handler
                0x08010984        0x8 CMakeFiles/Robot_Hand_v2.0.elf.dir/Core/Src/stm32g4xx_it.c.obj
                0x08010984                SysTick_Handler
 .text.DMA1_Channel1_IRQHandler
                0x0801098c       0x10 CMakeFiles/Robot_Hand_v2.0.elf.dir/Core/Src/stm32g4xx_it.c.obj
                0x0801098c                DMA1_Channel1_IRQHandler
 .text.FDCAN1_IT0_IRQHandler
                0x0801099c       0x10 CMakeFiles/Robot_Hand_v2.0.elf.dir/Core/Src/stm32g4xx_it.c.obj
                0x0801099c                FDCAN1_IT0_IRQHandler
 .text.FDCAN1_IT1_IRQHandler
                0x080109ac       0x10 CMakeFiles/Robot_Hand_v2.0.elf.dir/Core/Src/stm32g4xx_it.c.obj
                0x080109ac                FDCAN1_IT1_IRQHandler
 .text.TIM7_IRQHandler
                0x080109bc       0x10 CMakeFiles/Robot_Hand_v2.0.elf.dir/Core/Src/stm32g4xx_it.c.obj
                0x080109bc                TIM7_IRQHandler
 .text.SystemInit
                0x080109cc        0x2 CMakeFiles/Robot_Hand_v2.0.elf.dir/Core/Src/system_stm32g4xx.c.obj
                0x080109cc                SystemInit
 *fill*         0x080109ce        0x2 
 .text.MX_TIM7_Init
                0x080109d0       0x50 CMakeFiles/Robot_Hand_v2.0.elf.dir/Core/Src/tim.c.obj
                0x080109d0                MX_TIM7_Init
 .text.HAL_TIM_Base_MspInit
                0x08010a20       0x40 CMakeFiles/Robot_Hand_v2.0.elf.dir/Core/Src/tim.c.obj
                0x08010a20                HAL_TIM_Base_MspInit
 .text.Reset_Handler
                0x08010a60       0x50 CMakeFiles/Robot_Hand_v2.0.elf.dir/Core/Startup/startup_stm32g431kbux.s.obj
                0x08010a60                Reset_Handler
 .text.Default_Handler
                0x08010ab0        0x2 CMakeFiles/Robot_Hand_v2.0.elf.dir/Core/Startup/startup_stm32g431kbux.s.obj
                0x08010ab0                RTC_Alarm_IRQHandler
                0x08010ab0                EXTI2_IRQHandler
                0x08010ab0                TIM8_TRG_COM_IRQHandler
                0x08010ab0                TIM8_CC_IRQHandler
                0x08010ab0                TIM1_CC_IRQHandler
                0x08010ab0                USB_HP_IRQHandler
                0x08010ab0                CORDIC_IRQHandler
                0x08010ab0                EXTI3_IRQHandler
                0x08010ab0                I2C3_ER_IRQHandler
                0x08010ab0                EXTI0_IRQHandler
                0x08010ab0                I2C2_EV_IRQHandler
                0x08010ab0                FPU_IRQHandler
                0x08010ab0                TIM1_UP_TIM16_IRQHandler
                0x08010ab0                ADC1_2_IRQHandler
                0x08010ab0                SPI1_IRQHandler
                0x08010ab0                TIM6_DAC_IRQHandler
                0x08010ab0                TIM8_UP_IRQHandler
                0x08010ab0                DMA2_Channel2_IRQHandler
                0x08010ab0                DMA1_Channel4_IRQHandler
                0x08010ab0                USART3_IRQHandler
                0x08010ab0                TIM4_IRQHandler
                0x08010ab0                DMA2_Channel1_IRQHandler
                0x08010ab0                I2C1_EV_IRQHandler
                0x08010ab0                DMA1_Channel6_IRQHandler
                0x08010ab0                UART4_IRQHandler
                0x08010ab0                DMA2_Channel4_IRQHandler
                0x08010ab0                TIM3_IRQHandler
                0x08010ab0                RCC_IRQHandler
                0x08010ab0                Default_Handler
                0x08010ab0                RTC_TAMP_LSECSS_IRQHandler
                0x08010ab0                FMAC_IRQHandler
                0x08010ab0                EXTI15_10_IRQHandler
                0x08010ab0                UCPD1_IRQHandler
                0x08010ab0                I2C3_EV_IRQHandler
                0x08010ab0                EXTI9_5_IRQHandler
                0x08010ab0                RTC_WKUP_IRQHandler
                0x08010ab0                PVD_PVM_IRQHandler
                0x08010ab0                SPI2_IRQHandler
                0x08010ab0                DMA2_Channel5_IRQHandler
                0x08010ab0                CRS_IRQHandler
                0x08010ab0                DMA1_Channel5_IRQHandler
                0x08010ab0                USB_LP_IRQHandler
                0x08010ab0                EXTI4_IRQHandler
                0x08010ab0                RNG_IRQHandler
                0x08010ab0                TIM1_TRG_COM_TIM17_IRQHandler
                0x08010ab0                DMA1_Channel3_IRQHandler
                0x08010ab0                WWDG_IRQHandler
                0x08010ab0                LPUART1_IRQHandler
                0x08010ab0                DMA2_Channel6_IRQHandler
                0x08010ab0                TIM2_IRQHandler
                0x08010ab0                COMP1_2_3_IRQHandler
                0x08010ab0                EXTI1_IRQHandler
                0x08010ab0                USART2_IRQHandler
                0x08010ab0                I2C2_ER_IRQHandler
                0x08010ab0                DMA1_Channel2_IRQHandler
                0x08010ab0                TIM8_BRK_IRQHandler
                0x08010ab0                FLASH_IRQHandler
                0x08010ab0                USART1_IRQHandler
                0x08010ab0                SPI3_IRQHandler
                0x08010ab0                I2C1_ER_IRQHandler
                0x08010ab0                LPTIM1_IRQHandler
                0x08010ab0                DMAMUX_OVR_IRQHandler
                0x08010ab0                USBWakeUp_IRQHandler
                0x08010ab0                SAI1_IRQHandler
                0x08010ab0                DMA2_Channel3_IRQHandler
                0x08010ab0                COMP4_IRQHandler
                0x08010ab0                TIM1_BRK_TIM15_IRQHandler
 *fill*         0x08010ab2        0x2 
 .text.GetFDcanData
                0x08010ab4       0x70 CMakeFiles/Robot_Hand_v2.0.elf.dir/Core/User/Src/my_fdcan.c.obj
 .text.CanSendMsg
                0x08010b24       0x4c CMakeFiles/Robot_Hand_v2.0.elf.dir/Core/User/Src/my_fdcan.c.obj
                0x08010b24                CanSendMsg
 .text.HAL_FDCAN_RxFifo0Callback
                0x08010b70       0x64 CMakeFiles/Robot_Hand_v2.0.elf.dir/Core/User/Src/my_fdcan.c.obj
                0x08010b70                HAL_FDCAN_RxFifo0Callback
 .text.ReadFlashWord
                0x08010bd4        0x4 CMakeFiles/Robot_Hand_v2.0.elf.dir/Core/User/Src/my_flash.c.obj
 .text.ReadFlashSpecifyLen
                0x08010bd8       0x20 CMakeFiles/Robot_Hand_v2.0.elf.dir/Core/User/Src/my_flash.c.obj
                0x08010bd8                ReadFlashSpecifyLen
 .text.WriteFlashData
                0x08010bf8       0x90 CMakeFiles/Robot_Hand_v2.0.elf.dir/Core/User/Src/my_flash.c.obj
                0x08010bf8                WriteFlashData
 .text.WriteFlashDefault
                0x08010c88       0xb0 CMakeFiles/Robot_Hand_v2.0.elf.dir/Core/User/Src/my_flash.c.obj
                0x08010c88                WriteFlashDefault
 .text.InitFlash
                0x08010d38       0x68 CMakeFiles/Robot_Hand_v2.0.elf.dir/Core/User/Src/my_flash.c.obj
                0x08010d38                InitFlash
 .text.ReadChipId
                0x08010da0        0xc CMakeFiles/Robot_Hand_v2.0.elf.dir/Core/User/Src/my_flash.c.obj
                0x08010da0                ReadChipId
 .text.UpgradeFlashExamine
                0x08010dac       0x34 CMakeFiles/Robot_Hand_v2.0.elf.dir/Core/User/Src/my_flash.c.obj
                0x08010dac                UpgradeFlashExamine
 .text.KeyScan  0x08010de0       0xe8 CMakeFiles/Robot_Hand_v2.0.elf.dir/Core/User/Src/my_key.c.obj
                0x08010de0                KeyScan
 .text.SoftTimerDec
                0x08010ec8       0x20 CMakeFiles/Robot_Hand_v2.0.elf.dir/Core/User/Src/my_time.c.obj
 .text.InitTimer
                0x08010ee8       0x30 CMakeFiles/Robot_Hand_v2.0.elf.dir/Core/User/Src/my_time.c.obj
                0x08010ee8                InitTimer
 .text.HAL_TIM_PeriodElapsedCallback
                0x08010f18       0x7c CMakeFiles/Robot_Hand_v2.0.elf.dir/Core/User/Src/my_time.c.obj
                0x08010f18                HAL_TIM_PeriodElapsedCallback
 .text.StartAutoTimer
                0x08010f94       0x2c CMakeFiles/Robot_Hand_v2.0.elf.dir/Core/User/Src/my_time.c.obj
                0x08010f94                StartAutoTimer
 .text.CheckTimer
                0x08010fc0       0x34 CMakeFiles/Robot_Hand_v2.0.elf.dir/Core/User/Src/my_time.c.obj
                0x08010fc0                CheckTimer
 .text.VL6180X_ReadByte
                0x08010ff4       0x34 CMakeFiles/Robot_Hand_v2.0.elf.dir/Core/User/Src/my_vl6180x.c.obj
 .text.VL6180X_WriteByte
                0x08011028       0x2c CMakeFiles/Robot_Hand_v2.0.elf.dir/Core/User/Src/my_vl6180x.c.obj
 .text.VL6180X_Init
                0x08011054      0x172 CMakeFiles/Robot_Hand_v2.0.elf.dir/Core/User/Src/my_vl6180x.c.obj
                0x08011054                VL6180X_Init
 .text.VL6180X_Read_Range
                0x080111c6       0x36 CMakeFiles/Robot_Hand_v2.0.elf.dir/Core/User/Src/my_vl6180x.c.obj
                0x080111c6                VL6180X_Read_Range
 .text.HAL_InitTick
                0x080111fc       0x50 CMakeFiles/Robot_Hand_v2.0.elf.dir/Drivers/STM32G4xx_HAL_Driver/Src/stm32g4xx_hal.c.obj
                0x080111fc                HAL_InitTick
 .text.HAL_Init
                0x0801124c       0x1e CMakeFiles/Robot_Hand_v2.0.elf.dir/Drivers/STM32G4xx_HAL_Driver/Src/stm32g4xx_hal.c.obj
                0x0801124c                HAL_Init
 *fill*         0x0801126a        0x2 
 .text.HAL_IncTick
                0x0801126c       0x18 CMakeFiles/Robot_Hand_v2.0.elf.dir/Drivers/STM32G4xx_HAL_Driver/Src/stm32g4xx_hal.c.obj
                0x0801126c                HAL_IncTick
 .text.HAL_GetTick
                0x08011284        0xc CMakeFiles/Robot_Hand_v2.0.elf.dir/Drivers/STM32G4xx_HAL_Driver/Src/stm32g4xx_hal.c.obj
                0x08011284                HAL_GetTick
 .text.HAL_Delay
                0x08011290       0x28 CMakeFiles/Robot_Hand_v2.0.elf.dir/Drivers/STM32G4xx_HAL_Driver/Src/stm32g4xx_hal.c.obj
                0x08011290                HAL_Delay
 .text.HAL_ADC_Init
                0x080112b8      0x234 CMakeFiles/Robot_Hand_v2.0.elf.dir/Drivers/STM32G4xx_HAL_Driver/Src/stm32g4xx_hal_adc.c.obj
                0x080112b8                HAL_ADC_Init
 .text.HAL_ADC_ConvCpltCallback
                0x080114ec        0x2 CMakeFiles/Robot_Hand_v2.0.elf.dir/Drivers/STM32G4xx_HAL_Driver/Src/stm32g4xx_hal_adc.c.obj
                0x080114ec                HAL_ADC_ConvCpltCallback
 .text.HAL_ADC_ConvHalfCpltCallback
                0x080114ee        0x2 CMakeFiles/Robot_Hand_v2.0.elf.dir/Drivers/STM32G4xx_HAL_Driver/Src/stm32g4xx_hal_adc.c.obj
                0x080114ee                HAL_ADC_ConvHalfCpltCallback
 .text.ADC_DMAHalfConvCplt
                0x080114f0        0xa CMakeFiles/Robot_Hand_v2.0.elf.dir/Drivers/STM32G4xx_HAL_Driver/Src/stm32g4xx_hal_adc.c.obj
                0x080114f0                ADC_DMAHalfConvCplt
 .text.HAL_ADC_ErrorCallback
                0x080114fa        0x2 CMakeFiles/Robot_Hand_v2.0.elf.dir/Drivers/STM32G4xx_HAL_Driver/Src/stm32g4xx_hal_adc.c.obj
                0x080114fa                HAL_ADC_ErrorCallback
 .text.ADC_DMAConvCplt
                0x080114fc       0x88 CMakeFiles/Robot_Hand_v2.0.elf.dir/Drivers/STM32G4xx_HAL_Driver/Src/stm32g4xx_hal_adc.c.obj
                0x080114fc                ADC_DMAConvCplt
 .text.ADC_DMAError
                0x08011584       0x1a CMakeFiles/Robot_Hand_v2.0.elf.dir/Drivers/STM32G4xx_HAL_Driver/Src/stm32g4xx_hal_adc.c.obj
                0x08011584                ADC_DMAError
 *fill*         0x0801159e        0x2 
 .text.HAL_ADC_ConfigChannel
                0x080115a0      0x4e4 CMakeFiles/Robot_Hand_v2.0.elf.dir/Drivers/STM32G4xx_HAL_Driver/Src/stm32g4xx_hal_adc.c.obj
                0x080115a0                HAL_ADC_ConfigChannel
 .text.ADC_Enable
                0x08011a84       0xdc CMakeFiles/Robot_Hand_v2.0.elf.dir/Drivers/STM32G4xx_HAL_Driver/Src/stm32g4xx_hal_adc.c.obj
                0x08011a84                ADC_Enable
 .text.HAL_ADC_Start_DMA
                0x08011b60      0x104 CMakeFiles/Robot_Hand_v2.0.elf.dir/Drivers/STM32G4xx_HAL_Driver/Src/stm32g4xx_hal_adc.c.obj
                0x08011b60                HAL_ADC_Start_DMA
 .text.HAL_NVIC_SetPriorityGrouping
                0x08011c64       0x24 CMakeFiles/Robot_Hand_v2.0.elf.dir/Drivers/STM32G4xx_HAL_Driver/Src/stm32g4xx_hal_cortex.c.obj
                0x08011c64                HAL_NVIC_SetPriorityGrouping
 .text.HAL_NVIC_SetPriority
                0x08011c88       0x70 CMakeFiles/Robot_Hand_v2.0.elf.dir/Drivers/STM32G4xx_HAL_Driver/Src/stm32g4xx_hal_cortex.c.obj
                0x08011c88                HAL_NVIC_SetPriority
 .text.HAL_NVIC_EnableIRQ
                0x08011cf8       0x1c CMakeFiles/Robot_Hand_v2.0.elf.dir/Drivers/STM32G4xx_HAL_Driver/Src/stm32g4xx_hal_cortex.c.obj
                0x08011cf8                HAL_NVIC_EnableIRQ
 .text.HAL_SYSTICK_Config
                0x08011d14       0x28 CMakeFiles/Robot_Hand_v2.0.elf.dir/Drivers/STM32G4xx_HAL_Driver/Src/stm32g4xx_hal_cortex.c.obj
                0x08011d14                HAL_SYSTICK_Config
 .text.DMA_SetConfig
                0x08011d3c       0x4e CMakeFiles/Robot_Hand_v2.0.elf.dir/Drivers/STM32G4xx_HAL_Driver/Src/stm32g4xx_hal_dma.c.obj
 *fill*         0x08011d8a        0x2 
 .text.DMA_CalcDMAMUXChannelBaseAndMask
                0x08011d8c       0x48 CMakeFiles/Robot_Hand_v2.0.elf.dir/Drivers/STM32G4xx_HAL_Driver/Src/stm32g4xx_hal_dma.c.obj
 .text.DMA_CalcDMAMUXRequestGenBaseAndMask
                0x08011dd4       0x28 CMakeFiles/Robot_Hand_v2.0.elf.dir/Drivers/STM32G4xx_HAL_Driver/Src/stm32g4xx_hal_dma.c.obj
 .text.HAL_DMA_Init
                0x08011dfc       0xd8 CMakeFiles/Robot_Hand_v2.0.elf.dir/Drivers/STM32G4xx_HAL_Driver/Src/stm32g4xx_hal_dma.c.obj
                0x08011dfc                HAL_DMA_Init
 .text.HAL_DMA_Start_IT
                0x08011ed4       0x94 CMakeFiles/Robot_Hand_v2.0.elf.dir/Drivers/STM32G4xx_HAL_Driver/Src/stm32g4xx_hal_dma.c.obj
                0x08011ed4                HAL_DMA_Start_IT
 .text.HAL_DMA_IRQHandler
                0x08011f68       0xc4 CMakeFiles/Robot_Hand_v2.0.elf.dir/Drivers/STM32G4xx_HAL_Driver/Src/stm32g4xx_hal_dma.c.obj
                0x08011f68                HAL_DMA_IRQHandler
 .text.FDCAN_CalcultateRamBlockAddresses
                0x0801202c       0x64 CMakeFiles/Robot_Hand_v2.0.elf.dir/Drivers/STM32G4xx_HAL_Driver/Src/stm32g4xx_hal_fdcan.c.obj
 .text.FDCAN_CopyMessageToRAM
                0x08012090       0x88 CMakeFiles/Robot_Hand_v2.0.elf.dir/Drivers/STM32G4xx_HAL_Driver/Src/stm32g4xx_hal_fdcan.c.obj
 .text.HAL_FDCAN_Init
                0x08012118      0x1d4 CMakeFiles/Robot_Hand_v2.0.elf.dir/Drivers/STM32G4xx_HAL_Driver/Src/stm32g4xx_hal_fdcan.c.obj
                0x08012118                HAL_FDCAN_Init
 .text.HAL_FDCAN_AddMessageToTxFifoQ
                0x080122ec       0x52 CMakeFiles/Robot_Hand_v2.0.elf.dir/Drivers/STM32G4xx_HAL_Driver/Src/stm32g4xx_hal_fdcan.c.obj
                0x080122ec                HAL_FDCAN_AddMessageToTxFifoQ
 *fill*         0x0801233e        0x2 
 .text.HAL_FDCAN_GetRxMessage
                0x08012340      0x164 CMakeFiles/Robot_Hand_v2.0.elf.dir/Drivers/STM32G4xx_HAL_Driver/Src/stm32g4xx_hal_fdcan.c.obj
                0x08012340                HAL_FDCAN_GetRxMessage
 .text.HAL_FDCAN_ActivateNotification
                0x080124a4      0x106 CMakeFiles/Robot_Hand_v2.0.elf.dir/Drivers/STM32G4xx_HAL_Driver/Src/stm32g4xx_hal_fdcan.c.obj
                0x080124a4                HAL_FDCAN_ActivateNotification
 .text.HAL_FDCAN_TxEventFifoCallback
                0x080125aa        0x2 CMakeFiles/Robot_Hand_v2.0.elf.dir/Drivers/STM32G4xx_HAL_Driver/Src/stm32g4xx_hal_fdcan.c.obj
                0x080125aa                HAL_FDCAN_TxEventFifoCallback
 .text.HAL_FDCAN_RxFifo1Callback
                0x080125ac        0x2 CMakeFiles/Robot_Hand_v2.0.elf.dir/Drivers/STM32G4xx_HAL_Driver/Src/stm32g4xx_hal_fdcan.c.obj
                0x080125ac                HAL_FDCAN_RxFifo1Callback
 .text.HAL_FDCAN_TxFifoEmptyCallback
                0x080125ae        0x2 CMakeFiles/Robot_Hand_v2.0.elf.dir/Drivers/STM32G4xx_HAL_Driver/Src/stm32g4xx_hal_fdcan.c.obj
                0x080125ae                HAL_FDCAN_TxFifoEmptyCallback
 .text.HAL_FDCAN_TxBufferCompleteCallback
                0x080125b0        0x2 CMakeFiles/Robot_Hand_v2.0.elf.dir/Drivers/STM32G4xx_HAL_Driver/Src/stm32g4xx_hal_fdcan.c.obj
                0x080125b0                HAL_FDCAN_TxBufferCompleteCallback
 .text.HAL_FDCAN_TxBufferAbortCallback
                0x080125b2        0x2 CMakeFiles/Robot_Hand_v2.0.elf.dir/Drivers/STM32G4xx_HAL_Driver/Src/stm32g4xx_hal_fdcan.c.obj
                0x080125b2                HAL_FDCAN_TxBufferAbortCallback
 .text.HAL_FDCAN_TimestampWraparoundCallback
                0x080125b4        0x2 CMakeFiles/Robot_Hand_v2.0.elf.dir/Drivers/STM32G4xx_HAL_Driver/Src/stm32g4xx_hal_fdcan.c.obj
                0x080125b4                HAL_FDCAN_TimestampWraparoundCallback
 .text.HAL_FDCAN_TimeoutOccurredCallback
                0x080125b6        0x2 CMakeFiles/Robot_Hand_v2.0.elf.dir/Drivers/STM32G4xx_HAL_Driver/Src/stm32g4xx_hal_fdcan.c.obj
                0x080125b6                HAL_FDCAN_TimeoutOccurredCallback
 .text.HAL_FDCAN_HighPriorityMessageCallback
                0x080125b8        0x2 CMakeFiles/Robot_Hand_v2.0.elf.dir/Drivers/STM32G4xx_HAL_Driver/Src/stm32g4xx_hal_fdcan.c.obj
                0x080125b8                HAL_FDCAN_HighPriorityMessageCallback
 .text.HAL_FDCAN_ErrorCallback
                0x080125ba        0x2 CMakeFiles/Robot_Hand_v2.0.elf.dir/Drivers/STM32G4xx_HAL_Driver/Src/stm32g4xx_hal_fdcan.c.obj
                0x080125ba                HAL_FDCAN_ErrorCallback
 .text.HAL_FDCAN_ErrorStatusCallback
                0x080125bc        0x2 CMakeFiles/Robot_Hand_v2.0.elf.dir/Drivers/STM32G4xx_HAL_Driver/Src/stm32g4xx_hal_fdcan.c.obj
                0x080125bc                HAL_FDCAN_ErrorStatusCallback
 .text.HAL_FDCAN_IRQHandler
                0x080125be      0x188 CMakeFiles/Robot_Hand_v2.0.elf.dir/Drivers/STM32G4xx_HAL_Driver/Src/stm32g4xx_hal_fdcan.c.obj
                0x080125be                HAL_FDCAN_IRQHandler
 *fill*         0x08012746        0x2 
 .text.FLASH_Program_DoubleWord
                0x08012748       0x1c CMakeFiles/Robot_Hand_v2.0.elf.dir/Drivers/STM32G4xx_HAL_Driver/Src/stm32g4xx_hal_flash.c.obj
 .text.FLASH_Program_Fast
                0x08012764       0x2c CMakeFiles/Robot_Hand_v2.0.elf.dir/Drivers/STM32G4xx_HAL_Driver/Src/stm32g4xx_hal_flash.c.obj
 .text.HAL_FLASH_Unlock
                0x08012790       0x30 CMakeFiles/Robot_Hand_v2.0.elf.dir/Drivers/STM32G4xx_HAL_Driver/Src/stm32g4xx_hal_flash.c.obj
                0x08012790                HAL_FLASH_Unlock
 .text.HAL_FLASH_Lock
                0x080127c0       0x1c CMakeFiles/Robot_Hand_v2.0.elf.dir/Drivers/STM32G4xx_HAL_Driver/Src/stm32g4xx_hal_flash.c.obj
                0x080127c0                HAL_FLASH_Lock
 .text.FLASH_WaitForLastOperation
                0x080127dc       0x60 CMakeFiles/Robot_Hand_v2.0.elf.dir/Drivers/STM32G4xx_HAL_Driver/Src/stm32g4xx_hal_flash.c.obj
                0x080127dc                FLASH_WaitForLastOperation
 .text.HAL_FLASH_Program
                0x0801283c       0xb0 CMakeFiles/Robot_Hand_v2.0.elf.dir/Drivers/STM32G4xx_HAL_Driver/Src/stm32g4xx_hal_flash.c.obj
                0x0801283c                HAL_FLASH_Program
 .text.FLASH_MassErase
                0x080128ec       0x20 CMakeFiles/Robot_Hand_v2.0.elf.dir/Drivers/STM32G4xx_HAL_Driver/Src/stm32g4xx_hal_flash_ex.c.obj
 .text.FLASH_PageErase
                0x0801290c       0x28 CMakeFiles/Robot_Hand_v2.0.elf.dir/Drivers/STM32G4xx_HAL_Driver/Src/stm32g4xx_hal_flash_ex.c.obj
                0x0801290c                FLASH_PageErase
 .text.FLASH_FlushCaches
                0x08012934       0x64 CMakeFiles/Robot_Hand_v2.0.elf.dir/Drivers/STM32G4xx_HAL_Driver/Src/stm32g4xx_hal_flash_ex.c.obj
                0x08012934                FLASH_FlushCaches
 .text.HAL_FLASHEx_Erase
                0x08012998       0xec CMakeFiles/Robot_Hand_v2.0.elf.dir/Drivers/STM32G4xx_HAL_Driver/Src/stm32g4xx_hal_flash_ex.c.obj
                0x08012998                HAL_FLASHEx_Erase
 .text.HAL_GPIO_Init
                0x08012a84      0x1dc CMakeFiles/Robot_Hand_v2.0.elf.dir/Drivers/STM32G4xx_HAL_Driver/Src/stm32g4xx_hal_gpio.c.obj
                0x08012a84                HAL_GPIO_Init
 .text.HAL_GPIO_ReadPin
                0x08012c60        0xe CMakeFiles/Robot_Hand_v2.0.elf.dir/Drivers/STM32G4xx_HAL_Driver/Src/stm32g4xx_hal_gpio.c.obj
                0x08012c60                HAL_GPIO_ReadPin
 .text.HAL_GPIO_WritePin
                0x08012c6e        0xa CMakeFiles/Robot_Hand_v2.0.elf.dir/Drivers/STM32G4xx_HAL_Driver/Src/stm32g4xx_hal_gpio.c.obj
                0x08012c6e                HAL_GPIO_WritePin
 .text.HAL_GPIO_TogglePin
                0x08012c78       0x12 CMakeFiles/Robot_Hand_v2.0.elf.dir/Drivers/STM32G4xx_HAL_Driver/Src/stm32g4xx_hal_gpio.c.obj
                0x08012c78                HAL_GPIO_TogglePin
 .text.I2C_Flush_TXDR
                0x08012c8a       0x22 CMakeFiles/Robot_Hand_v2.0.elf.dir/Drivers/STM32G4xx_HAL_Driver/Src/stm32g4xx_hal_i2c.c.obj
 .text.I2C_TransferConfig
                0x08012cac       0x3a CMakeFiles/Robot_Hand_v2.0.elf.dir/Drivers/STM32G4xx_HAL_Driver/Src/stm32g4xx_hal_i2c.c.obj
 .text.I2C_IsErrorOccurred
                0x08012ce6      0x114 CMakeFiles/Robot_Hand_v2.0.elf.dir/Drivers/STM32G4xx_HAL_Driver/Src/stm32g4xx_hal_i2c.c.obj
 .text.I2C_WaitOnTXISFlagUntilTimeout
                0x08012dfa       0x60 CMakeFiles/Robot_Hand_v2.0.elf.dir/Drivers/STM32G4xx_HAL_Driver/Src/stm32g4xx_hal_i2c.c.obj
 .text.I2C_WaitOnFlagUntilTimeout
                0x08012e5a       0x7c CMakeFiles/Robot_Hand_v2.0.elf.dir/Drivers/STM32G4xx_HAL_Driver/Src/stm32g4xx_hal_i2c.c.obj
 *fill*         0x08012ed6        0x2 
 .text.I2C_RequestMemoryWrite
                0x08012ed8       0x7c CMakeFiles/Robot_Hand_v2.0.elf.dir/Drivers/STM32G4xx_HAL_Driver/Src/stm32g4xx_hal_i2c.c.obj
 .text.I2C_RequestMemoryRead
                0x08012f54       0x78 CMakeFiles/Robot_Hand_v2.0.elf.dir/Drivers/STM32G4xx_HAL_Driver/Src/stm32g4xx_hal_i2c.c.obj
 .text.I2C_WaitOnSTOPFlagUntilTimeout
                0x08012fcc       0x5e CMakeFiles/Robot_Hand_v2.0.elf.dir/Drivers/STM32G4xx_HAL_Driver/Src/stm32g4xx_hal_i2c.c.obj
 .text.HAL_I2C_Init
                0x0801302a       0xc8 CMakeFiles/Robot_Hand_v2.0.elf.dir/Drivers/STM32G4xx_HAL_Driver/Src/stm32g4xx_hal_i2c.c.obj
                0x0801302a                HAL_I2C_Init
 .text.HAL_I2C_Mem_Write
                0x080130f2      0x1a8 CMakeFiles/Robot_Hand_v2.0.elf.dir/Drivers/STM32G4xx_HAL_Driver/Src/stm32g4xx_hal_i2c.c.obj
                0x080130f2                HAL_I2C_Mem_Write
 *fill*         0x0801329a        0x2 
 .text.HAL_I2C_Mem_Read
                0x0801329c      0x1b0 CMakeFiles/Robot_Hand_v2.0.elf.dir/Drivers/STM32G4xx_HAL_Driver/Src/stm32g4xx_hal_i2c.c.obj
                0x0801329c                HAL_I2C_Mem_Read
 .text.HAL_I2CEx_ConfigAnalogFilter
                0x0801344c       0x5c CMakeFiles/Robot_Hand_v2.0.elf.dir/Drivers/STM32G4xx_HAL_Driver/Src/stm32g4xx_hal_i2c_ex.c.obj
                0x0801344c                HAL_I2CEx_ConfigAnalogFilter
 .text.HAL_I2CEx_ConfigDigitalFilter
                0x080134a8       0x58 CMakeFiles/Robot_Hand_v2.0.elf.dir/Drivers/STM32G4xx_HAL_Driver/Src/stm32g4xx_hal_i2c_ex.c.obj
                0x080134a8                HAL_I2CEx_ConfigDigitalFilter
 .text.HAL_IWDG_Init
                0x08013500       0x68 CMakeFiles/Robot_Hand_v2.0.elf.dir/Drivers/STM32G4xx_HAL_Driver/Src/stm32g4xx_hal_iwdg.c.obj
                0x08013500                HAL_IWDG_Init
 .text.HAL_IWDG_Refresh
                0x08013568        0xc CMakeFiles/Robot_Hand_v2.0.elf.dir/Drivers/STM32G4xx_HAL_Driver/Src/stm32g4xx_hal_iwdg.c.obj
                0x08013568                HAL_IWDG_Refresh
 .text.HAL_PWREx_ControlVoltageScaling
                0x08013574      0x10c CMakeFiles/Robot_Hand_v2.0.elf.dir/Drivers/STM32G4xx_HAL_Driver/Src/stm32g4xx_hal_pwr_ex.c.obj
                0x08013574                HAL_PWREx_ControlVoltageScaling
 .text.HAL_PWREx_DisableUCPDDeadBattery
                0x08013680       0x10 CMakeFiles/Robot_Hand_v2.0.elf.dir/Drivers/STM32G4xx_HAL_Driver/Src/stm32g4xx_hal_pwr_ex.c.obj
                0x08013680                HAL_PWREx_DisableUCPDDeadBattery
 .text.RCC_GetSysClockFreqFromPLLSource
                0x08013690       0x58 CMakeFiles/Robot_Hand_v2.0.elf.dir/Drivers/STM32G4xx_HAL_Driver/Src/stm32g4xx_hal_rcc.c.obj
 .text.HAL_RCC_OscConfig
                0x080136e8      0x4e4 CMakeFiles/Robot_Hand_v2.0.elf.dir/Drivers/STM32G4xx_HAL_Driver/Src/stm32g4xx_hal_rcc.c.obj
                0x080136e8                HAL_RCC_OscConfig
 .text.HAL_RCC_GetSysClockFreq
                0x08013bcc       0x88 CMakeFiles/Robot_Hand_v2.0.elf.dir/Drivers/STM32G4xx_HAL_Driver/Src/stm32g4xx_hal_rcc.c.obj
                0x08013bcc                HAL_RCC_GetSysClockFreq
 .text.HAL_RCC_ClockConfig
                0x08013c54      0x1f8 CMakeFiles/Robot_Hand_v2.0.elf.dir/Drivers/STM32G4xx_HAL_Driver/Src/stm32g4xx_hal_rcc.c.obj
                0x08013c54                HAL_RCC_ClockConfig
 .text.HAL_RCCEx_PeriphCLKConfig
                0x08013e4c      0x2e4 CMakeFiles/Robot_Hand_v2.0.elf.dir/Drivers/STM32G4xx_HAL_Driver/Src/stm32g4xx_hal_rcc_ex.c.obj
                0x08013e4c                HAL_RCCEx_PeriphCLKConfig
 .text.HAL_TIM_Base_Start_IT
                0x08014130       0x84 CMakeFiles/Robot_Hand_v2.0.elf.dir/Drivers/STM32G4xx_HAL_Driver/Src/stm32g4xx_hal_tim.c.obj
                0x08014130                HAL_TIM_Base_Start_IT
 .text.HAL_TIM_OC_DelayElapsedCallback
                0x080141b4        0x2 CMakeFiles/Robot_Hand_v2.0.elf.dir/Drivers/STM32G4xx_HAL_Driver/Src/stm32g4xx_hal_tim.c.obj
                0x080141b4                HAL_TIM_OC_DelayElapsedCallback
 .text.HAL_TIM_IC_CaptureCallback
                0x080141b6        0x2 CMakeFiles/Robot_Hand_v2.0.elf.dir/Drivers/STM32G4xx_HAL_Driver/Src/stm32g4xx_hal_tim.c.obj
                0x080141b6                HAL_TIM_IC_CaptureCallback
 .text.HAL_TIM_PWM_PulseFinishedCallback
                0x080141b8        0x2 CMakeFiles/Robot_Hand_v2.0.elf.dir/Drivers/STM32G4xx_HAL_Driver/Src/stm32g4xx_hal_tim.c.obj
                0x080141b8                HAL_TIM_PWM_PulseFinishedCallback
 .text.HAL_TIM_TriggerCallback
                0x080141ba        0x2 CMakeFiles/Robot_Hand_v2.0.elf.dir/Drivers/STM32G4xx_HAL_Driver/Src/stm32g4xx_hal_tim.c.obj
                0x080141ba                HAL_TIM_TriggerCallback
 .text.HAL_TIM_IRQHandler
                0x080141bc      0x1ea CMakeFiles/Robot_Hand_v2.0.elf.dir/Drivers/STM32G4xx_HAL_Driver/Src/stm32g4xx_hal_tim.c.obj
                0x080141bc                HAL_TIM_IRQHandler
 *fill*         0x080143a6        0x2 
 .text.TIM_Base_SetConfig
                0x080143a8       0xc8 CMakeFiles/Robot_Hand_v2.0.elf.dir/Drivers/STM32G4xx_HAL_Driver/Src/stm32g4xx_hal_tim.c.obj
                0x080143a8                TIM_Base_SetConfig
 .text.HAL_TIM_Base_Init
                0x08014470       0x60 CMakeFiles/Robot_Hand_v2.0.elf.dir/Drivers/STM32G4xx_HAL_Driver/Src/stm32g4xx_hal_tim.c.obj
                0x08014470                HAL_TIM_Base_Init
 .text.HAL_TIMEx_MasterConfigSynchronization
                0x080144d0       0x94 CMakeFiles/Robot_Hand_v2.0.elf.dir/Drivers/STM32G4xx_HAL_Driver/Src/stm32g4xx_hal_tim_ex.c.obj
                0x080144d0                HAL_TIMEx_MasterConfigSynchronization
 .text.HAL_TIMEx_CommutCallback
                0x08014564        0x2 CMakeFiles/Robot_Hand_v2.0.elf.dir/Drivers/STM32G4xx_HAL_Driver/Src/stm32g4xx_hal_tim_ex.c.obj
                0x08014564                HAL_TIMEx_CommutCallback
 .text.HAL_TIMEx_BreakCallback
                0x08014566        0x2 CMakeFiles/Robot_Hand_v2.0.elf.dir/Drivers/STM32G4xx_HAL_Driver/Src/stm32g4xx_hal_tim_ex.c.obj
                0x08014566                HAL_TIMEx_BreakCallback
 .text.HAL_TIMEx_Break2Callback
                0x08014568        0x2 CMakeFiles/Robot_Hand_v2.0.elf.dir/Drivers/STM32G4xx_HAL_Driver/Src/stm32g4xx_hal_tim_ex.c.obj
                0x08014568                HAL_TIMEx_Break2Callback
 .text.HAL_TIMEx_EncoderIndexCallback
                0x0801456a        0x2 CMakeFiles/Robot_Hand_v2.0.elf.dir/Drivers/STM32G4xx_HAL_Driver/Src/stm32g4xx_hal_tim_ex.c.obj
                0x0801456a                HAL_TIMEx_EncoderIndexCallback
 .text.HAL_TIMEx_DirectionChangeCallback
                0x0801456c        0x2 CMakeFiles/Robot_Hand_v2.0.elf.dir/Drivers/STM32G4xx_HAL_Driver/Src/stm32g4xx_hal_tim_ex.c.obj
                0x0801456c                HAL_TIMEx_DirectionChangeCallback
 .text.HAL_TIMEx_IndexErrorCallback
                0x0801456e        0x2 CMakeFiles/Robot_Hand_v2.0.elf.dir/Drivers/STM32G4xx_HAL_Driver/Src/stm32g4xx_hal_tim_ex.c.obj
                0x0801456e                HAL_TIMEx_IndexErrorCallback
 .text.HAL_TIMEx_TransitionErrorCallback
                0x08014570        0x2 CMakeFiles/Robot_Hand_v2.0.elf.dir/Drivers/STM32G4xx_HAL_Driver/Src/stm32g4xx_hal_tim_ex.c.obj
                0x08014570                HAL_TIMEx_TransitionErrorCallback
 *fill*         0x08014572        0x2 
 .text.__libc_init_array
                0x08014574       0x48 c:/progra~2/gnuarm~1/102021~1.10/bin/../lib/gcc/arm-none-eabi/10.3.1/../../../../arm-none-eabi/lib/thumb/v7e-m/nofp\libc.a(lib_a-init.o)
                0x08014574                __libc_init_array
 .text.memset   0x080145bc       0xa4 c:/progra~2/gnuarm~1/102021~1.10/bin/../lib/gcc/arm-none-eabi/10.3.1/../../../../arm-none-eabi/lib/thumb/v7e-m/nofp\libc.a(lib_a-memset.o)
                0x080145bc                memset
 .text.startup.register_fini
                0x08014660       0x14 c:/progra~2/gnuarm~1/102021~1.10/bin/../lib/gcc/arm-none-eabi/10.3.1/../../../../arm-none-eabi/lib/thumb/v7e-m/nofp\libc.a(lib_a-__call_atexit.o)
 .text.atexit   0x08014674        0xc c:/progra~2/gnuarm~1/102021~1.10/bin/../lib/gcc/arm-none-eabi/10.3.1/../../../../arm-none-eabi/lib/thumb/v7e-m/nofp\libc.a(lib_a-atexit.o)
                0x08014674                atexit
 .text.__libc_fini_array
                0x08014680       0x2c c:/progra~2/gnuarm~1/102021~1.10/bin/../lib/gcc/arm-none-eabi/10.3.1/../../../../arm-none-eabi/lib/thumb/v7e-m/nofp\libc.a(lib_a-fini.o)
                0x08014680                __libc_fini_array
 .text.__retarget_lock_acquire_recursive
                0x080146ac        0x4 c:/progra~2/gnuarm~1/102021~1.10/bin/../lib/gcc/arm-none-eabi/10.3.1/../../../../arm-none-eabi/lib/thumb/v7e-m/nofp\libc.a(lib_a-lock.o)
                0x080146ac                __retarget_lock_acquire_recursive
 .text.__retarget_lock_release_recursive
                0x080146b0        0x4 c:/progra~2/gnuarm~1/102021~1.10/bin/../lib/gcc/arm-none-eabi/10.3.1/../../../../arm-none-eabi/lib/thumb/v7e-m/nofp\libc.a(lib_a-lock.o)
                0x080146b0                __retarget_lock_release_recursive
 .text.__register_exitproc
                0x080146b4       0x8c c:/progra~2/gnuarm~1/102021~1.10/bin/../lib/gcc/arm-none-eabi/10.3.1/../../../../arm-none-eabi/lib/thumb/v7e-m/nofp\libc.a(lib_a-__atexit.o)
                0x080146b4                __register_exitproc
 *(.glue_7)
 .glue_7        0x08014740        0x0 linker stubs
 *(.glue_7t)
 .glue_7t       0x08014740        0x0 linker stubs
 *(.eh_frame)
 .eh_frame      0x08014740        0x0 c:/progra~2/gnuarm~1/102021~1.10/bin/../lib/gcc/arm-none-eabi/10.3.1/thumb/v7e-m/nofp/crtbegin.o
 *(.init)
 .init          0x08014740        0x4 c:/progra~2/gnuarm~1/102021~1.10/bin/../lib/gcc/arm-none-eabi/10.3.1/thumb/v7e-m/nofp/crti.o
                0x08014740                _init
 .init          0x08014744        0x8 c:/progra~2/gnuarm~1/102021~1.10/bin/../lib/gcc/arm-none-eabi/10.3.1/thumb/v7e-m/nofp/crtn.o
 *(.fini)
 .fini          0x0801474c        0x4 c:/progra~2/gnuarm~1/102021~1.10/bin/../lib/gcc/arm-none-eabi/10.3.1/thumb/v7e-m/nofp/crti.o
                0x0801474c                _fini
 .fini          0x08014750        0x8 c:/progra~2/gnuarm~1/102021~1.10/bin/../lib/gcc/arm-none-eabi/10.3.1/thumb/v7e-m/nofp/crtn.o
                0x08014758                . = ALIGN (0x4)
                0x08014758                _etext = .

.vfp11_veneer   0x08014758        0x0
 .vfp11_veneer  0x08014758        0x0 linker stubs

.v4_bx          0x08014758        0x0
 .v4_bx         0x08014758        0x0 linker stubs

.iplt           0x08014758        0x0
 .iplt          0x08014758        0x0 c:/progra~2/gnuarm~1/102021~1.10/bin/../lib/gcc/arm-none-eabi/10.3.1/thumb/v7e-m/nofp/crtbegin.o

.rodata         0x08014758       0x24
                0x08014758                . = ALIGN (0x4)
 *(.rodata)
 *(.rodata*)
 .rodata.AHBPrescTable
                0x08014758       0x10 CMakeFiles/Robot_Hand_v2.0.elf.dir/Core/Src/system_stm32g4xx.c.obj
                0x08014758                AHBPrescTable
 .rodata.DLCtoBytes
                0x08014768       0x10 CMakeFiles/Robot_Hand_v2.0.elf.dir/Drivers/STM32G4xx_HAL_Driver/Src/stm32g4xx_hal_fdcan.c.obj
 .rodata._global_impure_ptr
                0x08014778        0x4 c:/progra~2/gnuarm~1/102021~1.10/bin/../lib/gcc/arm-none-eabi/10.3.1/../../../../arm-none-eabi/lib/thumb/v7e-m/nofp\libc.a(lib_a-impure.o)
                0x08014778                _global_impure_ptr
                0x0801477c                . = ALIGN (0x4)

.rel.dyn        0x0801477c        0x0
 .rel.iplt      0x0801477c        0x0 c:/progra~2/gnuarm~1/102021~1.10/bin/../lib/gcc/arm-none-eabi/10.3.1/thumb/v7e-m/nofp/crtbegin.o

.ARM.extab      0x0801477c        0x0
                0x0801477c                . = ALIGN (0x4)
 *(.ARM.extab* .gnu.linkonce.armextab.*)
                0x0801477c                . = ALIGN (0x4)

.ARM            0x0801477c        0x0
                0x0801477c                . = ALIGN (0x4)
                0x0801477c                __exidx_start = .
 *(.ARM.exidx*)
                0x0801477c                __exidx_end = .
                0x0801477c                . = ALIGN (0x4)

.preinit_array  0x0801477c        0x0
                0x0801477c                . = ALIGN (0x4)
                0x0801477c                PROVIDE (__preinit_array_start = .)
 *(.preinit_array*)
                0x0801477c                PROVIDE (__preinit_array_end = .)
                0x0801477c                . = ALIGN (0x4)

.init_array     0x0801477c        0x8
                0x0801477c                . = ALIGN (0x4)
                0x0801477c                PROVIDE (__init_array_start = .)
 *(SORT_BY_NAME(.init_array.*))
 .init_array.00000
                0x0801477c        0x4 c:/progra~2/gnuarm~1/102021~1.10/bin/../lib/gcc/arm-none-eabi/10.3.1/../../../../arm-none-eabi/lib/thumb/v7e-m/nofp\libc.a(lib_a-__call_atexit.o)
 *(.init_array*)
 .init_array    0x08014780        0x4 c:/progra~2/gnuarm~1/102021~1.10/bin/../lib/gcc/arm-none-eabi/10.3.1/thumb/v7e-m/nofp/crtbegin.o
                0x08014784                PROVIDE (__init_array_end = .)
                0x08014784                . = ALIGN (0x4)

.fini_array     0x08014784        0x4
                0x08014784                . = ALIGN (0x4)
                0x08014784                PROVIDE (__fini_array_start = .)
 *(SORT_BY_NAME(.fini_array.*))
 *(.fini_array*)
 .fini_array    0x08014784        0x4 c:/progra~2/gnuarm~1/102021~1.10/bin/../lib/gcc/arm-none-eabi/10.3.1/thumb/v7e-m/nofp/crtbegin.o
                0x08014788                PROVIDE (__fini_array_end = .)
                0x08014788                . = ALIGN (0x4)
                0x08014788                _sidata = LOADADDR (.data)

.data           0x20000000      0x49c load address 0x08014788
                0x20000000                . = ALIGN (0x4)
                0x20000000                _sdata = .
 *(.data)
 *(.data*)
 .data.SystemCoreClock
                0x20000000        0x4 CMakeFiles/Robot_Hand_v2.0.elf.dir/Core/Src/system_stm32g4xx.c.obj
                0x20000000                SystemCoreClock
 .data.col_pins
                0x20000004        0x6 CMakeFiles/Robot_Hand_v2.0.elf.dir/Core/User/Src/my_key.c.obj
                0x20000004                col_pins
 *fill*         0x2000000a        0x2 
 .data.col_ports
                0x2000000c        0xc CMakeFiles/Robot_Hand_v2.0.elf.dir/Core/User/Src/my_key.c.obj
                0x2000000c                col_ports
 .data.key_pins
                0x20000018        0x8 CMakeFiles/Robot_Hand_v2.0.elf.dir/Core/User/Src/my_key.c.obj
                0x20000018                key_pins
 .data.key_ports
                0x20000020       0x10 CMakeFiles/Robot_Hand_v2.0.elf.dir/Core/User/Src/my_key.c.obj
                0x20000020                key_ports
 .data.row_pins
                0x20000030        0x6 CMakeFiles/Robot_Hand_v2.0.elf.dir/Core/User/Src/my_key.c.obj
                0x20000030                row_pins
 *fill*         0x20000036        0x2 
 .data.row_ports
                0x20000038        0xc CMakeFiles/Robot_Hand_v2.0.elf.dir/Core/User/Src/my_key.c.obj
                0x20000038                row_ports
 .data.uwTickFreq
                0x20000044        0x4 CMakeFiles/Robot_Hand_v2.0.elf.dir/Drivers/STM32G4xx_HAL_Driver/Src/stm32g4xx_hal.c.obj
                0x20000044                uwTickFreq
 .data.uwTickPrio
                0x20000048        0x4 CMakeFiles/Robot_Hand_v2.0.elf.dir/Drivers/STM32G4xx_HAL_Driver/Src/stm32g4xx_hal.c.obj
                0x20000048                uwTickPrio
 .data.pFlash   0x2000004c       0x20 CMakeFiles/Robot_Hand_v2.0.elf.dir/Drivers/STM32G4xx_HAL_Driver/Src/stm32g4xx_hal_flash.c.obj
                0x2000004c                pFlash
 *fill*         0x2000006c        0x4 
 .data.impure_data
                0x20000070      0x428 c:/progra~2/gnuarm~1/102021~1.10/bin/../lib/gcc/arm-none-eabi/10.3.1/../../../../arm-none-eabi/lib/thumb/v7e-m/nofp\libc.a(lib_a-impure.o)
 .data.__atexit_recursive_mutex
                0x20000498        0x4 c:/progra~2/gnuarm~1/102021~1.10/bin/../lib/gcc/arm-none-eabi/10.3.1/../../../../arm-none-eabi/lib/thumb/v7e-m/nofp\libc.a(lib_a-__call_atexit.o)
                0x20000498                __atexit_recursive_mutex
 *(.RamFunc)
 *(.RamFunc*)
                0x2000049c                . = ALIGN (0x4)
                0x2000049c                _edata = .

.igot.plt       0x2000049c        0x0 load address 0x08014c24
 .igot.plt      0x2000049c        0x0 c:/progra~2/gnuarm~1/102021~1.10/bin/../lib/gcc/arm-none-eabi/10.3.1/thumb/v7e-m/nofp/crtbegin.o
                0x2000049c                . = ALIGN (0x4)

.bss            0x2000049c      0x2f4 load address 0x08014c24
                0x2000049c                _sbss = .
                0x2000049c                __bss_start__ = _sbss
 *(.bss)
 .bss           0x2000049c       0x1c c:/progra~2/gnuarm~1/102021~1.10/bin/../lib/gcc/arm-none-eabi/10.3.1/thumb/v7e-m/nofp/crtbegin.o
 *(.bss*)
 .bss.hadc2     0x200004b8       0x6c CMakeFiles/Robot_Hand_v2.0.elf.dir/Core/Src/adc.c.obj
                0x200004b8                hadc2
 .bss.hdma_adc2
                0x20000524       0x60 CMakeFiles/Robot_Hand_v2.0.elf.dir/Core/Src/adc.c.obj
                0x20000524                hdma_adc2
 .bss.hfdcan1   0x20000584       0x64 CMakeFiles/Robot_Hand_v2.0.elf.dir/Core/Src/fdcan.c.obj
                0x20000584                hfdcan1
 .bss.hi2c1     0x200005e8       0x54 CMakeFiles/Robot_Hand_v2.0.elf.dir/Core/Src/i2c.c.obj
                0x200005e8                hi2c1
 .bss.hiwdg     0x2000063c       0x10 CMakeFiles/Robot_Hand_v2.0.elf.dir/Core/Src/iwdg.c.obj
                0x2000063c                hiwdg
 .bss.g_Adc_Buffer
                0x2000064c        0x4 CMakeFiles/Robot_Hand_v2.0.elf.dir/Core/Src/main.c.obj
                0x2000064c                g_Adc_Buffer
 .bss.g_ChipId  0x20000650        0x4 CMakeFiles/Robot_Hand_v2.0.elf.dir/Core/Src/main.c.obj
                0x20000650                g_ChipId
 .bss.g_SendData
                0x20000654       0x10 CMakeFiles/Robot_Hand_v2.0.elf.dir/Core/Src/main.c.obj
                0x20000654                g_SendData
 .bss.g_VL6180xData
                0x20000664        0x1 CMakeFiles/Robot_Hand_v2.0.elf.dir/Core/Src/main.c.obj
                0x20000664                g_VL6180xData
 *fill*         0x20000665        0x3 
 .bss.htim7     0x20000668       0x4c CMakeFiles/Robot_Hand_v2.0.elf.dir/Core/Src/tim.c.obj
                0x20000668                htim7
 .bss.RXHeader  0x200006b4       0x28 CMakeFiles/Robot_Hand_v2.0.elf.dir/Core/User/Src/my_fdcan.c.obj
                0x200006b4                RXHeader
 .bss.TXHeader  0x200006dc       0x24 CMakeFiles/Robot_Hand_v2.0.elf.dir/Core/User/Src/my_fdcan.c.obj
                0x200006dc                TXHeader
 .bss.flash_param
                0x20000700       0x10 CMakeFiles/Robot_Hand_v2.0.elf.dir/Core/User/Src/my_flash.c.obj
                0x20000700                flash_param
 .bss.debounce_time.0
                0x20000710       0x24 CMakeFiles/Robot_Hand_v2.0.elf.dir/Core/User/Src/my_key.c.obj
 .bss.g_Key_Matrix
                0x20000734        0x9 CMakeFiles/Robot_Hand_v2.0.elf.dir/Core/User/Src/my_key.c.obj
                0x20000734                g_Key_Matrix
 *fill*         0x2000073d        0x3 
 .bss.g_Key_Matrix2
                0x20000740        0x4 CMakeFiles/Robot_Hand_v2.0.elf.dir/Core/User/Src/my_key.c.obj
                0x20000740                g_Key_Matrix2
 .bss.last_key_state.1
                0x20000744        0x9 CMakeFiles/Robot_Hand_v2.0.elf.dir/Core/User/Src/my_key.c.obj
 *fill*         0x2000074d        0x3 
 .bss.g_iRunTime
                0x20000750        0x4 CMakeFiles/Robot_Hand_v2.0.elf.dir/Core/User/Src/my_time.c.obj
                0x20000750                g_iRunTime
 .bss.g_iWdgTime
                0x20000754        0x2 CMakeFiles/Robot_Hand_v2.0.elf.dir/Core/User/Src/my_time.c.obj
                0x20000754                g_iWdgTime
 *fill*         0x20000756        0x2 
 .bss.s_tTmr    0x20000758       0x30 CMakeFiles/Robot_Hand_v2.0.elf.dir/Core/User/Src/my_time.c.obj
 .bss.uwTick    0x20000788        0x4 CMakeFiles/Robot_Hand_v2.0.elf.dir/Drivers/STM32G4xx_HAL_Driver/Src/stm32g4xx_hal.c.obj
                0x20000788                uwTick
 .bss.__lock___atexit_recursive_mutex
                0x2000078c        0x1 c:/progra~2/gnuarm~1/102021~1.10/bin/../lib/gcc/arm-none-eabi/10.3.1/../../../../arm-none-eabi/lib/thumb/v7e-m/nofp\libc.a(lib_a-lock.o)
                0x2000078c                __lock___atexit_recursive_mutex
 *(COMMON)
                0x20000790                . = ALIGN (0x4)
 *fill*         0x2000078d        0x3 
                0x20000790                _ebss = .
                0x20000790                __bss_end__ = _ebss

._user_heap_stack
                0x20000790      0x600 load address 0x08014c24
                0x20000790                . = ALIGN (0x8)
                [!provide]                PROVIDE (end = .)
                0x20000790                PROVIDE (_end = .)
                0x20000990                . = (. + _Min_Heap_Size)
 *fill*         0x20000790      0x200 
                0x20000d90                . = (. + _Min_Stack_Size)
 *fill*         0x20000990      0x400 
                0x20000d90                . = ALIGN (0x8)

/DISCARD/
 libc.a(*)
 libm.a(*)
 libgcc.a(*)

.ARM.attributes
                0x00000000       0x2a
 *(.ARM.attributes)
 .ARM.attributes
                0x00000000       0x1e c:/progra~2/gnuarm~1/102021~1.10/bin/../lib/gcc/arm-none-eabi/10.3.1/thumb/v7e-m/nofp/crti.o
 .ARM.attributes
                0x0000001e       0x2e c:/progra~2/gnuarm~1/102021~1.10/bin/../lib/gcc/arm-none-eabi/10.3.1/thumb/v7e-m/nofp/crtbegin.o
 .ARM.attributes
                0x0000004c       0x2e CMakeFiles/Robot_Hand_v2.0.elf.dir/Core/Src/adc.c.obj
 .ARM.attributes
                0x0000007a       0x2e CMakeFiles/Robot_Hand_v2.0.elf.dir/Core/Src/dma.c.obj
 .ARM.attributes
                0x000000a8       0x2e CMakeFiles/Robot_Hand_v2.0.elf.dir/Core/Src/fdcan.c.obj
 .ARM.attributes
                0x000000d6       0x2e CMakeFiles/Robot_Hand_v2.0.elf.dir/Core/Src/gpio.c.obj
 .ARM.attributes
                0x00000104       0x2e CMakeFiles/Robot_Hand_v2.0.elf.dir/Core/Src/i2c.c.obj
 .ARM.attributes
                0x00000132       0x2e CMakeFiles/Robot_Hand_v2.0.elf.dir/Core/Src/iwdg.c.obj
 .ARM.attributes
                0x00000160       0x2e CMakeFiles/Robot_Hand_v2.0.elf.dir/Core/Src/main.c.obj
 .ARM.attributes
                0x0000018e       0x2e CMakeFiles/Robot_Hand_v2.0.elf.dir/Core/Src/stm32g4xx_hal_msp.c.obj
 .ARM.attributes
                0x000001bc       0x2e CMakeFiles/Robot_Hand_v2.0.elf.dir/Core/Src/stm32g4xx_it.c.obj
 .ARM.attributes
                0x000001ea       0x2e CMakeFiles/Robot_Hand_v2.0.elf.dir/Core/Src/system_stm32g4xx.c.obj
 .ARM.attributes
                0x00000218       0x2e CMakeFiles/Robot_Hand_v2.0.elf.dir/Core/Src/tim.c.obj
 .ARM.attributes
                0x00000246       0x21 CMakeFiles/Robot_Hand_v2.0.elf.dir/Core/Startup/startup_stm32g431kbux.s.obj
 .ARM.attributes
                0x00000267       0x2e CMakeFiles/Robot_Hand_v2.0.elf.dir/Core/User/Src/my_fdcan.c.obj
 .ARM.attributes
                0x00000295       0x2e CMakeFiles/Robot_Hand_v2.0.elf.dir/Core/User/Src/my_flash.c.obj
 .ARM.attributes
                0x000002c3       0x2e CMakeFiles/Robot_Hand_v2.0.elf.dir/Core/User/Src/my_key.c.obj
 .ARM.attributes
                0x000002f1       0x2e CMakeFiles/Robot_Hand_v2.0.elf.dir/Core/User/Src/my_time.c.obj
 .ARM.attributes
                0x0000031f       0x2e CMakeFiles/Robot_Hand_v2.0.elf.dir/Core/User/Src/my_vl6180x.c.obj
 .ARM.attributes
                0x0000034d       0x2e CMakeFiles/Robot_Hand_v2.0.elf.dir/Drivers/STM32G4xx_HAL_Driver/Src/stm32g4xx_hal.c.obj
 .ARM.attributes
                0x0000037b       0x2e CMakeFiles/Robot_Hand_v2.0.elf.dir/Drivers/STM32G4xx_HAL_Driver/Src/stm32g4xx_hal_adc.c.obj
 .ARM.attributes
                0x000003a9       0x2e CMakeFiles/Robot_Hand_v2.0.elf.dir/Drivers/STM32G4xx_HAL_Driver/Src/stm32g4xx_hal_cortex.c.obj
 .ARM.attributes
                0x000003d7       0x2e CMakeFiles/Robot_Hand_v2.0.elf.dir/Drivers/STM32G4xx_HAL_Driver/Src/stm32g4xx_hal_dma.c.obj
 .ARM.attributes
                0x00000405       0x2e CMakeFiles/Robot_Hand_v2.0.elf.dir/Drivers/STM32G4xx_HAL_Driver/Src/stm32g4xx_hal_fdcan.c.obj
 .ARM.attributes
                0x00000433       0x2e CMakeFiles/Robot_Hand_v2.0.elf.dir/Drivers/STM32G4xx_HAL_Driver/Src/stm32g4xx_hal_flash.c.obj
 .ARM.attributes
                0x00000461       0x2e CMakeFiles/Robot_Hand_v2.0.elf.dir/Drivers/STM32G4xx_HAL_Driver/Src/stm32g4xx_hal_flash_ex.c.obj
 .ARM.attributes
                0x0000048f       0x2e CMakeFiles/Robot_Hand_v2.0.elf.dir/Drivers/STM32G4xx_HAL_Driver/Src/stm32g4xx_hal_gpio.c.obj
 .ARM.attributes
                0x000004bd       0x2e CMakeFiles/Robot_Hand_v2.0.elf.dir/Drivers/STM32G4xx_HAL_Driver/Src/stm32g4xx_hal_i2c.c.obj
 .ARM.attributes
                0x000004eb       0x2e CMakeFiles/Robot_Hand_v2.0.elf.dir/Drivers/STM32G4xx_HAL_Driver/Src/stm32g4xx_hal_i2c_ex.c.obj
 .ARM.attributes
                0x00000519       0x2e CMakeFiles/Robot_Hand_v2.0.elf.dir/Drivers/STM32G4xx_HAL_Driver/Src/stm32g4xx_hal_iwdg.c.obj
 .ARM.attributes
                0x00000547       0x2e CMakeFiles/Robot_Hand_v2.0.elf.dir/Drivers/STM32G4xx_HAL_Driver/Src/stm32g4xx_hal_pwr_ex.c.obj
 .ARM.attributes
                0x00000575       0x2e CMakeFiles/Robot_Hand_v2.0.elf.dir/Drivers/STM32G4xx_HAL_Driver/Src/stm32g4xx_hal_rcc.c.obj
 .ARM.attributes
                0x000005a3       0x2e CMakeFiles/Robot_Hand_v2.0.elf.dir/Drivers/STM32G4xx_HAL_Driver/Src/stm32g4xx_hal_rcc_ex.c.obj
 .ARM.attributes
                0x000005d1       0x2e CMakeFiles/Robot_Hand_v2.0.elf.dir/Drivers/STM32G4xx_HAL_Driver/Src/stm32g4xx_hal_tim.c.obj
 .ARM.attributes
                0x000005ff       0x2e CMakeFiles/Robot_Hand_v2.0.elf.dir/Drivers/STM32G4xx_HAL_Driver/Src/stm32g4xx_hal_tim_ex.c.obj
 .ARM.attributes
                0x0000062d       0x2e c:/progra~2/gnuarm~1/102021~1.10/bin/../lib/gcc/arm-none-eabi/10.3.1/../../../../arm-none-eabi/lib/thumb/v7e-m/nofp\libc.a(lib_a-impure.o)
 .ARM.attributes
                0x0000065b       0x2e c:/progra~2/gnuarm~1/102021~1.10/bin/../lib/gcc/arm-none-eabi/10.3.1/../../../../arm-none-eabi/lib/thumb/v7e-m/nofp\libc.a(lib_a-init.o)
 .ARM.attributes
                0x00000689       0x2e c:/progra~2/gnuarm~1/102021~1.10/bin/../lib/gcc/arm-none-eabi/10.3.1/../../../../arm-none-eabi/lib/thumb/v7e-m/nofp\libc.a(lib_a-memset.o)
 .ARM.attributes
                0x000006b7       0x2e c:/progra~2/gnuarm~1/102021~1.10/bin/../lib/gcc/arm-none-eabi/10.3.1/../../../../arm-none-eabi/lib/thumb/v7e-m/nofp\libc.a(lib_a-__call_atexit.o)
 .ARM.attributes
                0x000006e5       0x2e c:/progra~2/gnuarm~1/102021~1.10/bin/../lib/gcc/arm-none-eabi/10.3.1/../../../../arm-none-eabi/lib/thumb/v7e-m/nofp\libc.a(lib_a-atexit.o)
 .ARM.attributes
                0x00000713       0x2e c:/progra~2/gnuarm~1/102021~1.10/bin/../lib/gcc/arm-none-eabi/10.3.1/../../../../arm-none-eabi/lib/thumb/v7e-m/nofp\libc.a(lib_a-fini.o)
 .ARM.attributes
                0x00000741       0x2e c:/progra~2/gnuarm~1/102021~1.10/bin/../lib/gcc/arm-none-eabi/10.3.1/../../../../arm-none-eabi/lib/thumb/v7e-m/nofp\libc.a(lib_a-lock.o)
 .ARM.attributes
                0x0000076f       0x2e c:/progra~2/gnuarm~1/102021~1.10/bin/../lib/gcc/arm-none-eabi/10.3.1/../../../../arm-none-eabi/lib/thumb/v7e-m/nofp\libc.a(lib_a-__atexit.o)
 .ARM.attributes
                0x0000079d       0x1e c:/progra~2/gnuarm~1/102021~1.10/bin/../lib/gcc/arm-none-eabi/10.3.1/thumb/v7e-m/nofp/crtn.o
OUTPUT(Robot_Hand_v2.0.elf elf32-littlearm)
LOAD linker stubs
LOAD c:/progra~2/gnuarm~1/102021~1.10/bin/../lib/gcc/arm-none-eabi/10.3.1/../../../../arm-none-eabi/lib/thumb/v7e-m/nofp\libc.a
LOAD c:/progra~2/gnuarm~1/102021~1.10/bin/../lib/gcc/arm-none-eabi/10.3.1/../../../../arm-none-eabi/lib/thumb/v7e-m/nofp\libm.a
LOAD c:/progra~2/gnuarm~1/102021~1.10/bin/../lib/gcc/arm-none-eabi/10.3.1/thumb/v7e-m/nofp\libgcc.a

.debug_info     0x00000000    0x21dce
 .debug_info    0x00000000      0xffb CMakeFiles/Robot_Hand_v2.0.elf.dir/Core/Src/adc.c.obj
 .debug_info    0x00000ffb      0x55e CMakeFiles/Robot_Hand_v2.0.elf.dir/Core/Src/dma.c.obj
 .debug_info    0x00001559      0xe59 CMakeFiles/Robot_Hand_v2.0.elf.dir/Core/Src/fdcan.c.obj
 .debug_info    0x000023b2      0x57a CMakeFiles/Robot_Hand_v2.0.elf.dir/Core/Src/gpio.c.obj
 .debug_info    0x0000292c      0xe09 CMakeFiles/Robot_Hand_v2.0.elf.dir/Core/Src/i2c.c.obj
 .debug_info    0x00003735      0x1f5 CMakeFiles/Robot_Hand_v2.0.elf.dir/Core/Src/iwdg.c.obj
 .debug_info    0x0000392a     0x16c8 CMakeFiles/Robot_Hand_v2.0.elf.dir/Core/Src/main.c.obj
 .debug_info    0x00004ff2      0x345 CMakeFiles/Robot_Hand_v2.0.elf.dir/Core/Src/stm32g4xx_hal_msp.c.obj
 .debug_info    0x00005337      0xf45 CMakeFiles/Robot_Hand_v2.0.elf.dir/Core/Src/stm32g4xx_it.c.obj
 .debug_info    0x0000627c      0x3f9 CMakeFiles/Robot_Hand_v2.0.elf.dir/Core/Src/system_stm32g4xx.c.obj
 .debug_info    0x00006675      0xe08 CMakeFiles/Robot_Hand_v2.0.elf.dir/Core/Src/tim.c.obj
 .debug_info    0x0000747d       0x22 CMakeFiles/Robot_Hand_v2.0.elf.dir/Core/Startup/startup_stm32g431kbux.s.obj
 .debug_info    0x0000749f      0xbcb CMakeFiles/Robot_Hand_v2.0.elf.dir/Core/User/Src/my_fdcan.c.obj
 .debug_info    0x0000806a      0x62f CMakeFiles/Robot_Hand_v2.0.elf.dir/Core/User/Src/my_flash.c.obj
 .debug_info    0x00008699      0x3e5 CMakeFiles/Robot_Hand_v2.0.elf.dir/Core/User/Src/my_key.c.obj
 .debug_info    0x00008a7e      0xc91 CMakeFiles/Robot_Hand_v2.0.elf.dir/Core/User/Src/my_time.c.obj
 .debug_info    0x0000970f      0xd47 CMakeFiles/Robot_Hand_v2.0.elf.dir/Core/User/Src/my_vl6180x.c.obj
 .debug_info    0x0000a456      0xbb8 CMakeFiles/Robot_Hand_v2.0.elf.dir/Drivers/STM32G4xx_HAL_Driver/Src/stm32g4xx_hal.c.obj
 .debug_info    0x0000b00e     0x3749 CMakeFiles/Robot_Hand_v2.0.elf.dir/Drivers/STM32G4xx_HAL_Driver/Src/stm32g4xx_hal_adc.c.obj
 .debug_info    0x0000e757     0x108f CMakeFiles/Robot_Hand_v2.0.elf.dir/Drivers/STM32G4xx_HAL_Driver/Src/stm32g4xx_hal_cortex.c.obj
 .debug_info    0x0000f7e6      0xa56 CMakeFiles/Robot_Hand_v2.0.elf.dir/Drivers/STM32G4xx_HAL_Driver/Src/stm32g4xx_hal_dma.c.obj
 .debug_info    0x0001023c     0x1d4f CMakeFiles/Robot_Hand_v2.0.elf.dir/Drivers/STM32G4xx_HAL_Driver/Src/stm32g4xx_hal_fdcan.c.obj
 .debug_info    0x00011f8b      0x8e8 CMakeFiles/Robot_Hand_v2.0.elf.dir/Drivers/STM32G4xx_HAL_Driver/Src/stm32g4xx_hal_flash.c.obj
 .debug_info    0x00012873      0xbe9 CMakeFiles/Robot_Hand_v2.0.elf.dir/Drivers/STM32G4xx_HAL_Driver/Src/stm32g4xx_hal_flash_ex.c.obj
 .debug_info    0x0001345c      0x865 CMakeFiles/Robot_Hand_v2.0.elf.dir/Drivers/STM32G4xx_HAL_Driver/Src/stm32g4xx_hal_gpio.c.obj
 .debug_info    0x00013cc1     0x45a4 CMakeFiles/Robot_Hand_v2.0.elf.dir/Drivers/STM32G4xx_HAL_Driver/Src/stm32g4xx_hal_i2c.c.obj
 .debug_info    0x00018265      0xb8c CMakeFiles/Robot_Hand_v2.0.elf.dir/Drivers/STM32G4xx_HAL_Driver/Src/stm32g4xx_hal_i2c_ex.c.obj
 .debug_info    0x00018df1      0x22a CMakeFiles/Robot_Hand_v2.0.elf.dir/Drivers/STM32G4xx_HAL_Driver/Src/stm32g4xx_hal_iwdg.c.obj
 .debug_info    0x0001901b      0xa07 CMakeFiles/Robot_Hand_v2.0.elf.dir/Drivers/STM32G4xx_HAL_Driver/Src/stm32g4xx_hal_pwr_ex.c.obj
 .debug_info    0x00019a22      0xe96 CMakeFiles/Robot_Hand_v2.0.elf.dir/Drivers/STM32G4xx_HAL_Driver/Src/stm32g4xx_hal_rcc.c.obj
 .debug_info    0x0001a8b8      0xecf CMakeFiles/Robot_Hand_v2.0.elf.dir/Drivers/STM32G4xx_HAL_Driver/Src/stm32g4xx_hal_rcc_ex.c.obj
 .debug_info    0x0001b787     0x410f CMakeFiles/Robot_Hand_v2.0.elf.dir/Drivers/STM32G4xx_HAL_Driver/Src/stm32g4xx_hal_tim.c.obj
 .debug_info    0x0001f896     0x2538 CMakeFiles/Robot_Hand_v2.0.elf.dir/Drivers/STM32G4xx_HAL_Driver/Src/stm32g4xx_hal_tim_ex.c.obj

.debug_abbrev   0x00000000     0x4111
 .debug_abbrev  0x00000000      0x1ec CMakeFiles/Robot_Hand_v2.0.elf.dir/Core/Src/adc.c.obj
 .debug_abbrev  0x000001ec      0x114 CMakeFiles/Robot_Hand_v2.0.elf.dir/Core/Src/dma.c.obj
 .debug_abbrev  0x00000300      0x1c5 CMakeFiles/Robot_Hand_v2.0.elf.dir/Core/Src/fdcan.c.obj
 .debug_abbrev  0x000004c5      0x14e CMakeFiles/Robot_Hand_v2.0.elf.dir/Core/Src/gpio.c.obj
 .debug_abbrev  0x00000613      0x1ef CMakeFiles/Robot_Hand_v2.0.elf.dir/Core/Src/i2c.c.obj
 .debug_abbrev  0x00000802      0x13a CMakeFiles/Robot_Hand_v2.0.elf.dir/Core/Src/iwdg.c.obj
 .debug_abbrev  0x0000093c      0x288 CMakeFiles/Robot_Hand_v2.0.elf.dir/Core/Src/main.c.obj
 .debug_abbrev  0x00000bc4       0xd6 CMakeFiles/Robot_Hand_v2.0.elf.dir/Core/Src/stm32g4xx_hal_msp.c.obj
 .debug_abbrev  0x00000c9a      0x20c CMakeFiles/Robot_Hand_v2.0.elf.dir/Core/Src/stm32g4xx_it.c.obj
 .debug_abbrev  0x00000ea6      0x119 CMakeFiles/Robot_Hand_v2.0.elf.dir/Core/Src/system_stm32g4xx.c.obj
 .debug_abbrev  0x00000fbf      0x20f CMakeFiles/Robot_Hand_v2.0.elf.dir/Core/Src/tim.c.obj
 .debug_abbrev  0x000011ce       0x12 CMakeFiles/Robot_Hand_v2.0.elf.dir/Core/Startup/startup_stm32g431kbux.s.obj
 .debug_abbrev  0x000011e0      0x280 CMakeFiles/Robot_Hand_v2.0.elf.dir/Core/User/Src/my_fdcan.c.obj
 .debug_abbrev  0x00001460      0x1b7 CMakeFiles/Robot_Hand_v2.0.elf.dir/Core/User/Src/my_flash.c.obj
 .debug_abbrev  0x00001617      0x17e CMakeFiles/Robot_Hand_v2.0.elf.dir/Core/User/Src/my_key.c.obj
 .debug_abbrev  0x00001795      0x2a9 CMakeFiles/Robot_Hand_v2.0.elf.dir/Core/User/Src/my_time.c.obj
 .debug_abbrev  0x00001a3e      0x1e9 CMakeFiles/Robot_Hand_v2.0.elf.dir/Core/User/Src/my_vl6180x.c.obj
 .debug_abbrev  0x00001c27      0x23e CMakeFiles/Robot_Hand_v2.0.elf.dir/Drivers/STM32G4xx_HAL_Driver/Src/stm32g4xx_hal.c.obj
 .debug_abbrev  0x00001e65      0x2cb CMakeFiles/Robot_Hand_v2.0.elf.dir/Drivers/STM32G4xx_HAL_Driver/Src/stm32g4xx_hal_adc.c.obj
 .debug_abbrev  0x00002130      0x361 CMakeFiles/Robot_Hand_v2.0.elf.dir/Drivers/STM32G4xx_HAL_Driver/Src/stm32g4xx_hal_cortex.c.obj
 .debug_abbrev  0x00002491      0x216 CMakeFiles/Robot_Hand_v2.0.elf.dir/Drivers/STM32G4xx_HAL_Driver/Src/stm32g4xx_hal_dma.c.obj
 .debug_abbrev  0x000026a7      0x1d8 CMakeFiles/Robot_Hand_v2.0.elf.dir/Drivers/STM32G4xx_HAL_Driver/Src/stm32g4xx_hal_fdcan.c.obj
 .debug_abbrev  0x0000287f      0x301 CMakeFiles/Robot_Hand_v2.0.elf.dir/Drivers/STM32G4xx_HAL_Driver/Src/stm32g4xx_hal_flash.c.obj
 .debug_abbrev  0x00002b80      0x271 CMakeFiles/Robot_Hand_v2.0.elf.dir/Drivers/STM32G4xx_HAL_Driver/Src/stm32g4xx_hal_flash_ex.c.obj
 .debug_abbrev  0x00002df1      0x1e6 CMakeFiles/Robot_Hand_v2.0.elf.dir/Drivers/STM32G4xx_HAL_Driver/Src/stm32g4xx_hal_gpio.c.obj
 .debug_abbrev  0x00002fd7      0x259 CMakeFiles/Robot_Hand_v2.0.elf.dir/Drivers/STM32G4xx_HAL_Driver/Src/stm32g4xx_hal_i2c.c.obj
 .debug_abbrev  0x00003230      0x1b3 CMakeFiles/Robot_Hand_v2.0.elf.dir/Drivers/STM32G4xx_HAL_Driver/Src/stm32g4xx_hal_i2c_ex.c.obj
 .debug_abbrev  0x000033e3      0x15b CMakeFiles/Robot_Hand_v2.0.elf.dir/Drivers/STM32G4xx_HAL_Driver/Src/stm32g4xx_hal_iwdg.c.obj
 .debug_abbrev  0x0000353e      0x245 CMakeFiles/Robot_Hand_v2.0.elf.dir/Drivers/STM32G4xx_HAL_Driver/Src/stm32g4xx_hal_pwr_ex.c.obj
 .debug_abbrev  0x00003783      0x26f CMakeFiles/Robot_Hand_v2.0.elf.dir/Drivers/STM32G4xx_HAL_Driver/Src/stm32g4xx_hal_rcc.c.obj
 .debug_abbrev  0x000039f2      0x243 CMakeFiles/Robot_Hand_v2.0.elf.dir/Drivers/STM32G4xx_HAL_Driver/Src/stm32g4xx_hal_rcc_ex.c.obj
 .debug_abbrev  0x00003c35      0x263 CMakeFiles/Robot_Hand_v2.0.elf.dir/Drivers/STM32G4xx_HAL_Driver/Src/stm32g4xx_hal_tim.c.obj
 .debug_abbrev  0x00003e98      0x279 CMakeFiles/Robot_Hand_v2.0.elf.dir/Drivers/STM32G4xx_HAL_Driver/Src/stm32g4xx_hal_tim_ex.c.obj

.debug_loc      0x00000000    0x16b75
 .debug_loc     0x00000000       0x54 CMakeFiles/Robot_Hand_v2.0.elf.dir/Core/Src/adc.c.obj
 .debug_loc     0x00000054       0x9e CMakeFiles/Robot_Hand_v2.0.elf.dir/Core/Src/fdcan.c.obj
 .debug_loc     0x000000f2       0x9e CMakeFiles/Robot_Hand_v2.0.elf.dir/Core/Src/i2c.c.obj
 .debug_loc     0x00000190       0x62 CMakeFiles/Robot_Hand_v2.0.elf.dir/Core/Src/main.c.obj
 .debug_loc     0x000001f2       0x9d CMakeFiles/Robot_Hand_v2.0.elf.dir/Core/Src/system_stm32g4xx.c.obj
 .debug_loc     0x0000028f       0x67 CMakeFiles/Robot_Hand_v2.0.elf.dir/Core/Src/tim.c.obj
 .debug_loc     0x000002f6      0x2b7 CMakeFiles/Robot_Hand_v2.0.elf.dir/Core/User/Src/my_fdcan.c.obj
 .debug_loc     0x000005ad      0x340 CMakeFiles/Robot_Hand_v2.0.elf.dir/Core/User/Src/my_flash.c.obj
 .debug_loc     0x000008ed       0x7d CMakeFiles/Robot_Hand_v2.0.elf.dir/Core/User/Src/my_key.c.obj
 .debug_loc     0x0000096a      0x1a4 CMakeFiles/Robot_Hand_v2.0.elf.dir/Core/User/Src/my_time.c.obj
 .debug_loc     0x00000b0e       0xc0 CMakeFiles/Robot_Hand_v2.0.elf.dir/Core/User/Src/my_vl6180x.c.obj
 .debug_loc     0x00000bce      0x1ef CMakeFiles/Robot_Hand_v2.0.elf.dir/Drivers/STM32G4xx_HAL_Driver/Src/stm32g4xx_hal.c.obj
 .debug_loc     0x00000dbd     0x2812 CMakeFiles/Robot_Hand_v2.0.elf.dir/Drivers/STM32G4xx_HAL_Driver/Src/stm32g4xx_hal_adc.c.obj
 .debug_loc     0x000035cf      0x736 CMakeFiles/Robot_Hand_v2.0.elf.dir/Drivers/STM32G4xx_HAL_Driver/Src/stm32g4xx_hal_cortex.c.obj
 .debug_loc     0x00003d05      0x8a0 CMakeFiles/Robot_Hand_v2.0.elf.dir/Drivers/STM32G4xx_HAL_Driver/Src/stm32g4xx_hal_dma.c.obj
 .debug_loc     0x000045a5     0x165f CMakeFiles/Robot_Hand_v2.0.elf.dir/Drivers/STM32G4xx_HAL_Driver/Src/stm32g4xx_hal_fdcan.c.obj
 .debug_loc     0x00005c04      0x5fb CMakeFiles/Robot_Hand_v2.0.elf.dir/Drivers/STM32G4xx_HAL_Driver/Src/stm32g4xx_hal_flash.c.obj
 .debug_loc     0x000061ff      0x78d CMakeFiles/Robot_Hand_v2.0.elf.dir/Drivers/STM32G4xx_HAL_Driver/Src/stm32g4xx_hal_flash_ex.c.obj
 .debug_loc     0x0000698c      0x3b3 CMakeFiles/Robot_Hand_v2.0.elf.dir/Drivers/STM32G4xx_HAL_Driver/Src/stm32g4xx_hal_gpio.c.obj
 .debug_loc     0x00006d3f     0x51ea CMakeFiles/Robot_Hand_v2.0.elf.dir/Drivers/STM32G4xx_HAL_Driver/Src/stm32g4xx_hal_i2c.c.obj
 .debug_loc     0x0000bf29      0x202 CMakeFiles/Robot_Hand_v2.0.elf.dir/Drivers/STM32G4xx_HAL_Driver/Src/stm32g4xx_hal_i2c_ex.c.obj
 .debug_loc     0x0000c12b       0x86 CMakeFiles/Robot_Hand_v2.0.elf.dir/Drivers/STM32G4xx_HAL_Driver/Src/stm32g4xx_hal_iwdg.c.obj
 .debug_loc     0x0000c1b1      0xa06 CMakeFiles/Robot_Hand_v2.0.elf.dir/Drivers/STM32G4xx_HAL_Driver/Src/stm32g4xx_hal_pwr_ex.c.obj
 .debug_loc     0x0000cbb7      0x84d CMakeFiles/Robot_Hand_v2.0.elf.dir/Drivers/STM32G4xx_HAL_Driver/Src/stm32g4xx_hal_rcc.c.obj
 .debug_loc     0x0000d404     0x11a5 CMakeFiles/Robot_Hand_v2.0.elf.dir/Drivers/STM32G4xx_HAL_Driver/Src/stm32g4xx_hal_rcc_ex.c.obj
 .debug_loc     0x0000e5a9     0x57f1 CMakeFiles/Robot_Hand_v2.0.elf.dir/Drivers/STM32G4xx_HAL_Driver/Src/stm32g4xx_hal_tim.c.obj
 .debug_loc     0x00013d9a     0x2ddb CMakeFiles/Robot_Hand_v2.0.elf.dir/Drivers/STM32G4xx_HAL_Driver/Src/stm32g4xx_hal_tim_ex.c.obj

.debug_aranges  0x00000000     0x1698
 .debug_aranges
                0x00000000       0x30 CMakeFiles/Robot_Hand_v2.0.elf.dir/Core/Src/adc.c.obj
 .debug_aranges
                0x00000030       0x20 CMakeFiles/Robot_Hand_v2.0.elf.dir/Core/Src/dma.c.obj
 .debug_aranges
                0x00000050       0x30 CMakeFiles/Robot_Hand_v2.0.elf.dir/Core/Src/fdcan.c.obj
 .debug_aranges
                0x00000080       0x20 CMakeFiles/Robot_Hand_v2.0.elf.dir/Core/Src/gpio.c.obj
 .debug_aranges
                0x000000a0       0x30 CMakeFiles/Robot_Hand_v2.0.elf.dir/Core/Src/i2c.c.obj
 .debug_aranges
                0x000000d0       0x20 CMakeFiles/Robot_Hand_v2.0.elf.dir/Core/Src/iwdg.c.obj
 .debug_aranges
                0x000000f0       0x40 CMakeFiles/Robot_Hand_v2.0.elf.dir/Core/Src/main.c.obj
 .debug_aranges
                0x00000130       0x20 CMakeFiles/Robot_Hand_v2.0.elf.dir/Core/Src/stm32g4xx_hal_msp.c.obj
 .debug_aranges
                0x00000150       0x80 CMakeFiles/Robot_Hand_v2.0.elf.dir/Core/Src/stm32g4xx_it.c.obj
 .debug_aranges
                0x000001d0       0x28 CMakeFiles/Robot_Hand_v2.0.elf.dir/Core/Src/system_stm32g4xx.c.obj
 .debug_aranges
                0x000001f8       0x30 CMakeFiles/Robot_Hand_v2.0.elf.dir/Core/Src/tim.c.obj
 .debug_aranges
                0x00000228       0x28 CMakeFiles/Robot_Hand_v2.0.elf.dir/Core/Startup/startup_stm32g431kbux.s.obj
 .debug_aranges
                0x00000250       0x40 CMakeFiles/Robot_Hand_v2.0.elf.dir/Core/User/Src/my_fdcan.c.obj
 .debug_aranges
                0x00000290       0x50 CMakeFiles/Robot_Hand_v2.0.elf.dir/Core/User/Src/my_flash.c.obj
 .debug_aranges
                0x000002e0       0x20 CMakeFiles/Robot_Hand_v2.0.elf.dir/Core/User/Src/my_key.c.obj
 .debug_aranges
                0x00000300       0x58 CMakeFiles/Robot_Hand_v2.0.elf.dir/Core/User/Src/my_time.c.obj
 .debug_aranges
                0x00000358       0x40 CMakeFiles/Robot_Hand_v2.0.elf.dir/Core/User/Src/my_vl6180x.c.obj
 .debug_aranges
                0x00000398      0x148 CMakeFiles/Robot_Hand_v2.0.elf.dir/Drivers/STM32G4xx_HAL_Driver/Src/stm32g4xx_hal.c.obj
 .debug_aranges
                0x000004e0      0x108 CMakeFiles/Robot_Hand_v2.0.elf.dir/Drivers/STM32G4xx_HAL_Driver/Src/stm32g4xx_hal_adc.c.obj
 .debug_aranges
                0x000005e8       0xb8 CMakeFiles/Robot_Hand_v2.0.elf.dir/Drivers/STM32G4xx_HAL_Driver/Src/stm32g4xx_hal_cortex.c.obj
 .debug_aranges
                0x000006a0       0x90 CMakeFiles/Robot_Hand_v2.0.elf.dir/Drivers/STM32G4xx_HAL_Driver/Src/stm32g4xx_hal_dma.c.obj
 .debug_aranges
                0x00000730      0x208 CMakeFiles/Robot_Hand_v2.0.elf.dir/Drivers/STM32G4xx_HAL_Driver/Src/stm32g4xx_hal_fdcan.c.obj
 .debug_aranges
                0x00000938       0x88 CMakeFiles/Robot_Hand_v2.0.elf.dir/Drivers/STM32G4xx_HAL_Driver/Src/stm32g4xx_hal_flash.c.obj
 .debug_aranges
                0x000009c0       0xc8 CMakeFiles/Robot_Hand_v2.0.elf.dir/Drivers/STM32G4xx_HAL_Driver/Src/stm32g4xx_hal_flash_ex.c.obj
 .debug_aranges
                0x00000a88       0x58 CMakeFiles/Robot_Hand_v2.0.elf.dir/Drivers/STM32G4xx_HAL_Driver/Src/stm32g4xx_hal_gpio.c.obj
 .debug_aranges
                0x00000ae0      0x2a0 CMakeFiles/Robot_Hand_v2.0.elf.dir/Drivers/STM32G4xx_HAL_Driver/Src/stm32g4xx_hal_i2c.c.obj
 .debug_aranges
                0x00000d80       0x48 CMakeFiles/Robot_Hand_v2.0.elf.dir/Drivers/STM32G4xx_HAL_Driver/Src/stm32g4xx_hal_i2c_ex.c.obj
 .debug_aranges
                0x00000dc8       0x28 CMakeFiles/Robot_Hand_v2.0.elf.dir/Drivers/STM32G4xx_HAL_Driver/Src/stm32g4xx_hal_iwdg.c.obj
 .debug_aranges
                0x00000df0      0x140 CMakeFiles/Robot_Hand_v2.0.elf.dir/Drivers/STM32G4xx_HAL_Driver/Src/stm32g4xx_hal_pwr_ex.c.obj
 .debug_aranges
                0x00000f30       0x98 CMakeFiles/Robot_Hand_v2.0.elf.dir/Drivers/STM32G4xx_HAL_Driver/Src/stm32g4xx_hal_rcc.c.obj
 .debug_aranges
                0x00000fc8       0xb0 CMakeFiles/Robot_Hand_v2.0.elf.dir/Drivers/STM32G4xx_HAL_Driver/Src/stm32g4xx_hal_rcc_ex.c.obj
 .debug_aranges
                0x00001078      0x3e0 CMakeFiles/Robot_Hand_v2.0.elf.dir/Drivers/STM32G4xx_HAL_Driver/Src/stm32g4xx_hal_tim.c.obj
 .debug_aranges
                0x00001458      0x240 CMakeFiles/Robot_Hand_v2.0.elf.dir/Drivers/STM32G4xx_HAL_Driver/Src/stm32g4xx_hal_tim_ex.c.obj

.debug_ranges   0x00000000     0x16b8
 .debug_ranges  0x00000000       0x20 CMakeFiles/Robot_Hand_v2.0.elf.dir/Core/Src/adc.c.obj
 .debug_ranges  0x00000020       0x10 CMakeFiles/Robot_Hand_v2.0.elf.dir/Core/Src/dma.c.obj
 .debug_ranges  0x00000030       0x20 CMakeFiles/Robot_Hand_v2.0.elf.dir/Core/Src/fdcan.c.obj
 .debug_ranges  0x00000050       0x10 CMakeFiles/Robot_Hand_v2.0.elf.dir/Core/Src/gpio.c.obj
 .debug_ranges  0x00000060       0x20 CMakeFiles/Robot_Hand_v2.0.elf.dir/Core/Src/i2c.c.obj
 .debug_ranges  0x00000080       0x10 CMakeFiles/Robot_Hand_v2.0.elf.dir/Core/Src/iwdg.c.obj
 .debug_ranges  0x00000090       0x48 CMakeFiles/Robot_Hand_v2.0.elf.dir/Core/Src/main.c.obj
 .debug_ranges  0x000000d8       0x10 CMakeFiles/Robot_Hand_v2.0.elf.dir/Core/Src/stm32g4xx_hal_msp.c.obj
 .debug_ranges  0x000000e8       0x70 CMakeFiles/Robot_Hand_v2.0.elf.dir/Core/Src/stm32g4xx_it.c.obj
 .debug_ranges  0x00000158       0x18 CMakeFiles/Robot_Hand_v2.0.elf.dir/Core/Src/system_stm32g4xx.c.obj
 .debug_ranges  0x00000170       0x20 CMakeFiles/Robot_Hand_v2.0.elf.dir/Core/Src/tim.c.obj
 .debug_ranges  0x00000190       0x20 CMakeFiles/Robot_Hand_v2.0.elf.dir/Core/Startup/startup_stm32g431kbux.s.obj
 .debug_ranges  0x000001b0       0x48 CMakeFiles/Robot_Hand_v2.0.elf.dir/Core/User/Src/my_fdcan.c.obj
 .debug_ranges  0x000001f8       0x58 CMakeFiles/Robot_Hand_v2.0.elf.dir/Core/User/Src/my_flash.c.obj
 .debug_ranges  0x00000250       0x28 CMakeFiles/Robot_Hand_v2.0.elf.dir/Core/User/Src/my_key.c.obj
 .debug_ranges  0x00000278       0x48 CMakeFiles/Robot_Hand_v2.0.elf.dir/Core/User/Src/my_time.c.obj
 .debug_ranges  0x000002c0       0x30 CMakeFiles/Robot_Hand_v2.0.elf.dir/Core/User/Src/my_vl6180x.c.obj
 .debug_ranges  0x000002f0      0x138 CMakeFiles/Robot_Hand_v2.0.elf.dir/Drivers/STM32G4xx_HAL_Driver/Src/stm32g4xx_hal.c.obj
 .debug_ranges  0x00000428      0x230 CMakeFiles/Robot_Hand_v2.0.elf.dir/Drivers/STM32G4xx_HAL_Driver/Src/stm32g4xx_hal_adc.c.obj
 .debug_ranges  0x00000658      0x108 CMakeFiles/Robot_Hand_v2.0.elf.dir/Drivers/STM32G4xx_HAL_Driver/Src/stm32g4xx_hal_cortex.c.obj
 .debug_ranges  0x00000760       0x80 CMakeFiles/Robot_Hand_v2.0.elf.dir/Drivers/STM32G4xx_HAL_Driver/Src/stm32g4xx_hal_dma.c.obj
 .debug_ranges  0x000007e0      0x1f8 CMakeFiles/Robot_Hand_v2.0.elf.dir/Drivers/STM32G4xx_HAL_Driver/Src/stm32g4xx_hal_fdcan.c.obj
 .debug_ranges  0x000009d8       0x78 CMakeFiles/Robot_Hand_v2.0.elf.dir/Drivers/STM32G4xx_HAL_Driver/Src/stm32g4xx_hal_flash.c.obj
 .debug_ranges  0x00000a50       0xb8 CMakeFiles/Robot_Hand_v2.0.elf.dir/Drivers/STM32G4xx_HAL_Driver/Src/stm32g4xx_hal_flash_ex.c.obj
 .debug_ranges  0x00000b08       0x48 CMakeFiles/Robot_Hand_v2.0.elf.dir/Drivers/STM32G4xx_HAL_Driver/Src/stm32g4xx_hal_gpio.c.obj
 .debug_ranges  0x00000b50      0x290 CMakeFiles/Robot_Hand_v2.0.elf.dir/Drivers/STM32G4xx_HAL_Driver/Src/stm32g4xx_hal_i2c.c.obj
 .debug_ranges  0x00000de0       0x38 CMakeFiles/Robot_Hand_v2.0.elf.dir/Drivers/STM32G4xx_HAL_Driver/Src/stm32g4xx_hal_i2c_ex.c.obj
 .debug_ranges  0x00000e18       0x18 CMakeFiles/Robot_Hand_v2.0.elf.dir/Drivers/STM32G4xx_HAL_Driver/Src/stm32g4xx_hal_iwdg.c.obj
 .debug_ranges  0x00000e30      0x130 CMakeFiles/Robot_Hand_v2.0.elf.dir/Drivers/STM32G4xx_HAL_Driver/Src/stm32g4xx_hal_pwr_ex.c.obj
 .debug_ranges  0x00000f60       0xa0 CMakeFiles/Robot_Hand_v2.0.elf.dir/Drivers/STM32G4xx_HAL_Driver/Src/stm32g4xx_hal_rcc.c.obj
 .debug_ranges  0x00001000       0xb8 CMakeFiles/Robot_Hand_v2.0.elf.dir/Drivers/STM32G4xx_HAL_Driver/Src/stm32g4xx_hal_rcc_ex.c.obj
 .debug_ranges  0x000010b8      0x3d0 CMakeFiles/Robot_Hand_v2.0.elf.dir/Drivers/STM32G4xx_HAL_Driver/Src/stm32g4xx_hal_tim.c.obj
 .debug_ranges  0x00001488      0x230 CMakeFiles/Robot_Hand_v2.0.elf.dir/Drivers/STM32G4xx_HAL_Driver/Src/stm32g4xx_hal_tim_ex.c.obj

.debug_line     0x00000000    0x1b355
 .debug_line    0x00000000      0x4b1 CMakeFiles/Robot_Hand_v2.0.elf.dir/Core/Src/adc.c.obj
 .debug_line    0x000004b1      0x1f8 CMakeFiles/Robot_Hand_v2.0.elf.dir/Core/Src/dma.c.obj
 .debug_line    0x000006a9      0x42a CMakeFiles/Robot_Hand_v2.0.elf.dir/Core/Src/fdcan.c.obj
 .debug_line    0x00000ad3      0x28d CMakeFiles/Robot_Hand_v2.0.elf.dir/Core/Src/gpio.c.obj
 .debug_line    0x00000d60      0x421 CMakeFiles/Robot_Hand_v2.0.elf.dir/Core/Src/i2c.c.obj
 .debug_line    0x00001181      0x281 CMakeFiles/Robot_Hand_v2.0.elf.dir/Core/Src/iwdg.c.obj
 .debug_line    0x00001402      0x6c3 CMakeFiles/Robot_Hand_v2.0.elf.dir/Core/Src/main.c.obj
 .debug_line    0x00001ac5      0x205 CMakeFiles/Robot_Hand_v2.0.elf.dir/Core/Src/stm32g4xx_hal_msp.c.obj
 .debug_line    0x00001cca      0x406 CMakeFiles/Robot_Hand_v2.0.elf.dir/Core/Src/stm32g4xx_it.c.obj
 .debug_line    0x000020d0      0x250 CMakeFiles/Robot_Hand_v2.0.elf.dir/Core/Src/system_stm32g4xx.c.obj
 .debug_line    0x00002320      0x353 CMakeFiles/Robot_Hand_v2.0.elf.dir/Core/Src/tim.c.obj
 .debug_line    0x00002673       0xb7 CMakeFiles/Robot_Hand_v2.0.elf.dir/Core/Startup/startup_stm32g431kbux.s.obj
 .debug_line    0x0000272a      0x507 CMakeFiles/Robot_Hand_v2.0.elf.dir/Core/User/Src/my_fdcan.c.obj
 .debug_line    0x00002c31      0x578 CMakeFiles/Robot_Hand_v2.0.elf.dir/Core/User/Src/my_flash.c.obj
 .debug_line    0x000031a9      0x2ee CMakeFiles/Robot_Hand_v2.0.elf.dir/Core/User/Src/my_key.c.obj
 .debug_line    0x00003497      0x66e CMakeFiles/Robot_Hand_v2.0.elf.dir/Core/User/Src/my_time.c.obj
 .debug_line    0x00003b05      0x32f CMakeFiles/Robot_Hand_v2.0.elf.dir/Core/User/Src/my_vl6180x.c.obj
 .debug_line    0x00003e34      0x769 CMakeFiles/Robot_Hand_v2.0.elf.dir/Drivers/STM32G4xx_HAL_Driver/Src/stm32g4xx_hal.c.obj
 .debug_line    0x0000459d     0x24dc CMakeFiles/Robot_Hand_v2.0.elf.dir/Drivers/STM32G4xx_HAL_Driver/Src/stm32g4xx_hal_adc.c.obj
 .debug_line    0x00006a79      0x828 CMakeFiles/Robot_Hand_v2.0.elf.dir/Drivers/STM32G4xx_HAL_Driver/Src/stm32g4xx_hal_cortex.c.obj
 .debug_line    0x000072a1      0xcaf CMakeFiles/Robot_Hand_v2.0.elf.dir/Drivers/STM32G4xx_HAL_Driver/Src/stm32g4xx_hal_dma.c.obj
 .debug_line    0x00007f50     0x1a39 CMakeFiles/Robot_Hand_v2.0.elf.dir/Drivers/STM32G4xx_HAL_Driver/Src/stm32g4xx_hal_fdcan.c.obj
 .debug_line    0x00009989      0x878 CMakeFiles/Robot_Hand_v2.0.elf.dir/Drivers/STM32G4xx_HAL_Driver/Src/stm32g4xx_hal_flash.c.obj
 .debug_line    0x0000a201      0xbee CMakeFiles/Robot_Hand_v2.0.elf.dir/Drivers/STM32G4xx_HAL_Driver/Src/stm32g4xx_hal_flash_ex.c.obj
 .debug_line    0x0000adef      0x6ed CMakeFiles/Robot_Hand_v2.0.elf.dir/Drivers/STM32G4xx_HAL_Driver/Src/stm32g4xx_hal_gpio.c.obj
 .debug_line    0x0000b4dc     0x5250 CMakeFiles/Robot_Hand_v2.0.elf.dir/Drivers/STM32G4xx_HAL_Driver/Src/stm32g4xx_hal_i2c.c.obj
 .debug_line    0x0001072c      0x524 CMakeFiles/Robot_Hand_v2.0.elf.dir/Drivers/STM32G4xx_HAL_Driver/Src/stm32g4xx_hal_i2c_ex.c.obj
 .debug_line    0x00010c50      0x2e7 CMakeFiles/Robot_Hand_v2.0.elf.dir/Drivers/STM32G4xx_HAL_Driver/Src/stm32g4xx_hal_iwdg.c.obj
 .debug_line    0x00010f37      0xb08 CMakeFiles/Robot_Hand_v2.0.elf.dir/Drivers/STM32G4xx_HAL_Driver/Src/stm32g4xx_hal_pwr_ex.c.obj
 .debug_line    0x00011a3f      0xe55 CMakeFiles/Robot_Hand_v2.0.elf.dir/Drivers/STM32G4xx_HAL_Driver/Src/stm32g4xx_hal_rcc.c.obj
 .debug_line    0x00012894     0x10c7 CMakeFiles/Robot_Hand_v2.0.elf.dir/Drivers/STM32G4xx_HAL_Driver/Src/stm32g4xx_hal_rcc_ex.c.obj
 .debug_line    0x0001395b     0x53d8 CMakeFiles/Robot_Hand_v2.0.elf.dir/Drivers/STM32G4xx_HAL_Driver/Src/stm32g4xx_hal_tim.c.obj
 .debug_line    0x00018d33     0x2622 CMakeFiles/Robot_Hand_v2.0.elf.dir/Drivers/STM32G4xx_HAL_Driver/Src/stm32g4xx_hal_tim_ex.c.obj

.debug_str      0x00000000     0x7f58
 .debug_str     0x00000000      0xb3d CMakeFiles/Robot_Hand_v2.0.elf.dir/Core/Src/adc.c.obj
                                0xc1e (size before relaxing)
 .debug_str     0x00000b3d      0x4c9 CMakeFiles/Robot_Hand_v2.0.elf.dir/Core/Src/dma.c.obj
                                0x7d1 (size before relaxing)
 .debug_str     0x00001006      0x380 CMakeFiles/Robot_Hand_v2.0.elf.dir/Core/Src/fdcan.c.obj
                                0xdf2 (size before relaxing)
 .debug_str     0x00001386       0x7c CMakeFiles/Robot_Hand_v2.0.elf.dir/Core/Src/gpio.c.obj
                                0x413 (size before relaxing)
 .debug_str     0x00001402      0x333 CMakeFiles/Robot_Hand_v2.0.elf.dir/Core/Src/i2c.c.obj
                                0xbca (size before relaxing)
 .debug_str     0x00001735       0xa6 CMakeFiles/Robot_Hand_v2.0.elf.dir/Core/Src/iwdg.c.obj
                                0x2a1 (size before relaxing)
 .debug_str     0x000017db      0x6c3 CMakeFiles/Robot_Hand_v2.0.elf.dir/Core/Src/main.c.obj
                                0xfc4 (size before relaxing)
 .debug_str     0x00001e9e       0x7b CMakeFiles/Robot_Hand_v2.0.elf.dir/Core/Src/stm32g4xx_hal_msp.c.obj
                                0x383 (size before relaxing)
 .debug_str     0x00001f19      0x188 CMakeFiles/Robot_Hand_v2.0.elf.dir/Core/Src/stm32g4xx_it.c.obj
                                0xcd4 (size before relaxing)
 .debug_str     0x000020a1       0xb5 CMakeFiles/Robot_Hand_v2.0.elf.dir/Core/Src/system_stm32g4xx.c.obj
                                0x3c2 (size before relaxing)
 .debug_str     0x00002156      0x112 CMakeFiles/Robot_Hand_v2.0.elf.dir/Core/Src/tim.c.obj
                                0xef6 (size before relaxing)
 .debug_str     0x00002268       0x64 CMakeFiles/Robot_Hand_v2.0.elf.dir/Core/Startup/startup_stm32g431kbux.s.obj
                                 0xa7 (size before relaxing)
 .debug_str     0x000022cc      0x2b8 CMakeFiles/Robot_Hand_v2.0.elf.dir/Core/User/Src/my_fdcan.c.obj
                                0x8e2 (size before relaxing)
 .debug_str     0x00002584      0x1a2 CMakeFiles/Robot_Hand_v2.0.elf.dir/Core/User/Src/my_flash.c.obj
                                0x47e (size before relaxing)
 .debug_str     0x00002726       0xc2 CMakeFiles/Robot_Hand_v2.0.elf.dir/Core/User/Src/my_key.c.obj
                                0x32b (size before relaxing)
 .debug_str     0x000027e8      0x145 CMakeFiles/Robot_Hand_v2.0.elf.dir/Core/User/Src/my_time.c.obj
                                0x9b9 (size before relaxing)
 .debug_str     0x0000292d       0xb9 CMakeFiles/Robot_Hand_v2.0.elf.dir/Core/User/Src/my_vl6180x.c.obj
                                0x858 (size before relaxing)
 .debug_str     0x000029e6      0x49c CMakeFiles/Robot_Hand_v2.0.elf.dir/Drivers/STM32G4xx_HAL_Driver/Src/stm32g4xx_hal.c.obj
                                0xcb1 (size before relaxing)
 .debug_str     0x00002e82      0xa24 CMakeFiles/Robot_Hand_v2.0.elf.dir/Drivers/STM32G4xx_HAL_Driver/Src/stm32g4xx_hal_adc.c.obj
                               0x1338 (size before relaxing)
 .debug_str     0x000038a6      0x483 CMakeFiles/Robot_Hand_v2.0.elf.dir/Drivers/STM32G4xx_HAL_Driver/Src/stm32g4xx_hal_cortex.c.obj
                                0xc11 (size before relaxing)
 .debug_str     0x00003d29      0x2aa CMakeFiles/Robot_Hand_v2.0.elf.dir/Drivers/STM32G4xx_HAL_Driver/Src/stm32g4xx_hal_dma.c.obj
                                0x7f0 (size before relaxing)
 .debug_str     0x00003fd3      0xa43 CMakeFiles/Robot_Hand_v2.0.elf.dir/Drivers/STM32G4xx_HAL_Driver/Src/stm32g4xx_hal_fdcan.c.obj
                               0x127c (size before relaxing)
 .debug_str     0x00004a16      0x395 CMakeFiles/Robot_Hand_v2.0.elf.dir/Drivers/STM32G4xx_HAL_Driver/Src/stm32g4xx_hal_flash.c.obj
                                0x696 (size before relaxing)
 .debug_str     0x00004dab      0x323 CMakeFiles/Robot_Hand_v2.0.elf.dir/Drivers/STM32G4xx_HAL_Driver/Src/stm32g4xx_hal_flash_ex.c.obj
                                0x7b4 (size before relaxing)
 .debug_str     0x000050ce      0x129 CMakeFiles/Robot_Hand_v2.0.elf.dir/Drivers/STM32G4xx_HAL_Driver/Src/stm32g4xx_hal_gpio.c.obj
                                0x58f (size before relaxing)
 .debug_str     0x000051f7      0x8be CMakeFiles/Robot_Hand_v2.0.elf.dir/Drivers/STM32G4xx_HAL_Driver/Src/stm32g4xx_hal_i2c.c.obj
                               0x111f (size before relaxing)
 .debug_str     0x00005ab5       0xe6 CMakeFiles/Robot_Hand_v2.0.elf.dir/Drivers/STM32G4xx_HAL_Driver/Src/stm32g4xx_hal_i2c_ex.c.obj
                                0xa35 (size before relaxing)
 .debug_str     0x00005b9b       0x67 CMakeFiles/Robot_Hand_v2.0.elf.dir/Drivers/STM32G4xx_HAL_Driver/Src/stm32g4xx_hal_iwdg.c.obj
                                0x2df (size before relaxing)
 .debug_str     0x00005c02      0x509 CMakeFiles/Robot_Hand_v2.0.elf.dir/Drivers/STM32G4xx_HAL_Driver/Src/stm32g4xx_hal_pwr_ex.c.obj
                                0x831 (size before relaxing)
 .debug_str     0x0000610b      0x239 CMakeFiles/Robot_Hand_v2.0.elf.dir/Drivers/STM32G4xx_HAL_Driver/Src/stm32g4xx_hal_rcc.c.obj
                                0x87e (size before relaxing)
 .debug_str     0x00006344      0x391 CMakeFiles/Robot_Hand_v2.0.elf.dir/Drivers/STM32G4xx_HAL_Driver/Src/stm32g4xx_hal_rcc_ex.c.obj
                                0xa65 (size before relaxing)
 .debug_str     0x000066d5      0xf49 CMakeFiles/Robot_Hand_v2.0.elf.dir/Drivers/STM32G4xx_HAL_Driver/Src/stm32g4xx_hal_tim.c.obj
                               0x18be (size before relaxing)
 .debug_str     0x0000761e      0x93a CMakeFiles/Robot_Hand_v2.0.elf.dir/Drivers/STM32G4xx_HAL_Driver/Src/stm32g4xx_hal_tim_ex.c.obj
                               0x1516 (size before relaxing)

.comment        0x00000000       0x49
 .comment       0x00000000       0x49 CMakeFiles/Robot_Hand_v2.0.elf.dir/Core/Src/adc.c.obj
                                 0x4a (size before relaxing)
 .comment       0x00000049       0x4a CMakeFiles/Robot_Hand_v2.0.elf.dir/Core/Src/dma.c.obj
 .comment       0x00000049       0x4a CMakeFiles/Robot_Hand_v2.0.elf.dir/Core/Src/fdcan.c.obj
 .comment       0x00000049       0x4a CMakeFiles/Robot_Hand_v2.0.elf.dir/Core/Src/gpio.c.obj
 .comment       0x00000049       0x4a CMakeFiles/Robot_Hand_v2.0.elf.dir/Core/Src/i2c.c.obj
 .comment       0x00000049       0x4a CMakeFiles/Robot_Hand_v2.0.elf.dir/Core/Src/iwdg.c.obj
 .comment       0x00000049       0x4a CMakeFiles/Robot_Hand_v2.0.elf.dir/Core/Src/main.c.obj
 .comment       0x00000049       0x4a CMakeFiles/Robot_Hand_v2.0.elf.dir/Core/Src/stm32g4xx_hal_msp.c.obj
 .comment       0x00000049       0x4a CMakeFiles/Robot_Hand_v2.0.elf.dir/Core/Src/stm32g4xx_it.c.obj
 .comment       0x00000049       0x4a CMakeFiles/Robot_Hand_v2.0.elf.dir/Core/Src/system_stm32g4xx.c.obj
 .comment       0x00000049       0x4a CMakeFiles/Robot_Hand_v2.0.elf.dir/Core/Src/tim.c.obj
 .comment       0x00000049       0x4a CMakeFiles/Robot_Hand_v2.0.elf.dir/Core/User/Src/my_fdcan.c.obj
 .comment       0x00000049       0x4a CMakeFiles/Robot_Hand_v2.0.elf.dir/Core/User/Src/my_flash.c.obj
 .comment       0x00000049       0x4a CMakeFiles/Robot_Hand_v2.0.elf.dir/Core/User/Src/my_key.c.obj
 .comment       0x00000049       0x4a CMakeFiles/Robot_Hand_v2.0.elf.dir/Core/User/Src/my_time.c.obj
 .comment       0x00000049       0x4a CMakeFiles/Robot_Hand_v2.0.elf.dir/Core/User/Src/my_vl6180x.c.obj
 .comment       0x00000049       0x4a CMakeFiles/Robot_Hand_v2.0.elf.dir/Drivers/STM32G4xx_HAL_Driver/Src/stm32g4xx_hal.c.obj
 .comment       0x00000049       0x4a CMakeFiles/Robot_Hand_v2.0.elf.dir/Drivers/STM32G4xx_HAL_Driver/Src/stm32g4xx_hal_adc.c.obj
 .comment       0x00000049       0x4a CMakeFiles/Robot_Hand_v2.0.elf.dir/Drivers/STM32G4xx_HAL_Driver/Src/stm32g4xx_hal_cortex.c.obj
 .comment       0x00000049       0x4a CMakeFiles/Robot_Hand_v2.0.elf.dir/Drivers/STM32G4xx_HAL_Driver/Src/stm32g4xx_hal_dma.c.obj
 .comment       0x00000049       0x4a CMakeFiles/Robot_Hand_v2.0.elf.dir/Drivers/STM32G4xx_HAL_Driver/Src/stm32g4xx_hal_fdcan.c.obj
 .comment       0x00000049       0x4a CMakeFiles/Robot_Hand_v2.0.elf.dir/Drivers/STM32G4xx_HAL_Driver/Src/stm32g4xx_hal_flash.c.obj
 .comment       0x00000049       0x4a CMakeFiles/Robot_Hand_v2.0.elf.dir/Drivers/STM32G4xx_HAL_Driver/Src/stm32g4xx_hal_flash_ex.c.obj
 .comment       0x00000049       0x4a CMakeFiles/Robot_Hand_v2.0.elf.dir/Drivers/STM32G4xx_HAL_Driver/Src/stm32g4xx_hal_gpio.c.obj
 .comment       0x00000049       0x4a CMakeFiles/Robot_Hand_v2.0.elf.dir/Drivers/STM32G4xx_HAL_Driver/Src/stm32g4xx_hal_i2c.c.obj
 .comment       0x00000049       0x4a CMakeFiles/Robot_Hand_v2.0.elf.dir/Drivers/STM32G4xx_HAL_Driver/Src/stm32g4xx_hal_i2c_ex.c.obj
 .comment       0x00000049       0x4a CMakeFiles/Robot_Hand_v2.0.elf.dir/Drivers/STM32G4xx_HAL_Driver/Src/stm32g4xx_hal_iwdg.c.obj
 .comment       0x00000049       0x4a CMakeFiles/Robot_Hand_v2.0.elf.dir/Drivers/STM32G4xx_HAL_Driver/Src/stm32g4xx_hal_pwr_ex.c.obj
 .comment       0x00000049       0x4a CMakeFiles/Robot_Hand_v2.0.elf.dir/Drivers/STM32G4xx_HAL_Driver/Src/stm32g4xx_hal_rcc.c.obj
 .comment       0x00000049       0x4a CMakeFiles/Robot_Hand_v2.0.elf.dir/Drivers/STM32G4xx_HAL_Driver/Src/stm32g4xx_hal_rcc_ex.c.obj
 .comment       0x00000049       0x4a CMakeFiles/Robot_Hand_v2.0.elf.dir/Drivers/STM32G4xx_HAL_Driver/Src/stm32g4xx_hal_tim.c.obj
 .comment       0x00000049       0x4a CMakeFiles/Robot_Hand_v2.0.elf.dir/Drivers/STM32G4xx_HAL_Driver/Src/stm32g4xx_hal_tim_ex.c.obj

.debug_frame    0x00000000     0x3b08
 .debug_frame   0x00000000       0x6c CMakeFiles/Robot_Hand_v2.0.elf.dir/Core/Src/adc.c.obj
 .debug_frame   0x0000006c       0x2c CMakeFiles/Robot_Hand_v2.0.elf.dir/Core/Src/dma.c.obj
 .debug_frame   0x00000098       0x60 CMakeFiles/Robot_Hand_v2.0.elf.dir/Core/Src/fdcan.c.obj
 .debug_frame   0x000000f8       0x34 CMakeFiles/Robot_Hand_v2.0.elf.dir/Core/Src/gpio.c.obj
 .debug_frame   0x0000012c       0x68 CMakeFiles/Robot_Hand_v2.0.elf.dir/Core/Src/i2c.c.obj
 .debug_frame   0x00000194       0x28 CMakeFiles/Robot_Hand_v2.0.elf.dir/Core/Src/iwdg.c.obj
 .debug_frame   0x000001bc       0x80 CMakeFiles/Robot_Hand_v2.0.elf.dir/Core/Src/main.c.obj
 .debug_frame   0x0000023c       0x2c CMakeFiles/Robot_Hand_v2.0.elf.dir/Core/Src/stm32g4xx_hal_msp.c.obj
 .debug_frame   0x00000268      0x110 CMakeFiles/Robot_Hand_v2.0.elf.dir/Core/Src/stm32g4xx_it.c.obj
 .debug_frame   0x00000378       0x30 CMakeFiles/Robot_Hand_v2.0.elf.dir/Core/Src/system_stm32g4xx.c.obj
 .debug_frame   0x000003a8       0x64 CMakeFiles/Robot_Hand_v2.0.elf.dir/Core/Src/tim.c.obj
 .debug_frame   0x0000040c       0xa4 CMakeFiles/Robot_Hand_v2.0.elf.dir/Core/User/Src/my_fdcan.c.obj
 .debug_frame   0x000004b0       0xd8 CMakeFiles/Robot_Hand_v2.0.elf.dir/Core/User/Src/my_flash.c.obj
 .debug_frame   0x00000588       0x2c CMakeFiles/Robot_Hand_v2.0.elf.dir/Core/User/Src/my_key.c.obj
 .debug_frame   0x000005b4       0x98 CMakeFiles/Robot_Hand_v2.0.elf.dir/Core/User/Src/my_time.c.obj
 .debug_frame   0x0000064c       0x90 CMakeFiles/Robot_Hand_v2.0.elf.dir/Core/User/Src/my_vl6180x.c.obj
 .debug_frame   0x000006dc      0x2a4 CMakeFiles/Robot_Hand_v2.0.elf.dir/Drivers/STM32G4xx_HAL_Driver/Src/stm32g4xx_hal.c.obj
 .debug_frame   0x00000980      0x2f8 CMakeFiles/Robot_Hand_v2.0.elf.dir/Drivers/STM32G4xx_HAL_Driver/Src/stm32g4xx_hal_adc.c.obj
 .debug_frame   0x00000c78      0x168 CMakeFiles/Robot_Hand_v2.0.elf.dir/Drivers/STM32G4xx_HAL_Driver/Src/stm32g4xx_hal_cortex.c.obj
 .debug_frame   0x00000de0      0x16c CMakeFiles/Robot_Hand_v2.0.elf.dir/Drivers/STM32G4xx_HAL_Driver/Src/stm32g4xx_hal_dma.c.obj
 .debug_frame   0x00000f4c      0x4a4 CMakeFiles/Robot_Hand_v2.0.elf.dir/Drivers/STM32G4xx_HAL_Driver/Src/stm32g4xx_hal_fdcan.c.obj
 .debug_frame   0x000013f0      0x138 CMakeFiles/Robot_Hand_v2.0.elf.dir/Drivers/STM32G4xx_HAL_Driver/Src/stm32g4xx_hal_flash.c.obj